2021-02-04 17:21:28 INFO  UserLoginApiObject:27 - 用户登录ApiObject，接口请求主体：{
    "username":"xiaohong",
    "password":"123123"
}
2021-02-04 17:21:31 INFO  CreateUserInfoThreadTest:58 - 获取接口token：eyJ0eXAiOiJKV1QiLCJhbGciOiJIUzI1NiJ9.eyJpZCI6IjEiLCJ1c2VyTmFtZSI6InhpYW9ob25nIiwiZXhwIjoxNjEzMDM1MjkwfQ.Lm_VuAvaO33rUqJSEnTnUb6tLzgyd_RJEDtCbeWhMFU
2021-02-04 17:21:41 INFO  CreateUserInfoThreadTest:76 - 创建用户信息请求body：{"userName":"小红","userId":1,"friends":[{"userName":"小红喵","userId":11,"phone":"18623456555","email":"xiaohongmiao@qq.com"},{"userName":"小红旺","userId":12,"phone":"18623456566","email":"xiaohongwang@qq.com"}],"phone":"18623456543","email":"xiaohong@qq.com"}
2021-02-04 17:21:41 INFO  UserInfoApiObject:27 - 创建用户信息ApiObject，请求主体：{
    "userId":1,
    "userName":"小红",
    "email":"xiaohong@qq.com",
    "phone":"18623456543",
    "friends":[
        {
            "userId":11,
            "userName":"小红喵",
            "email":"xiaohongmiao@qq.com",
            "phone":"18623456555"
        },
        {
            "userId":12,
            "userName":"小红旺",
            "email":"xiaohongwang@qq.com",
            "phone":"18623456566"
        }
    ]
},请求携带token：eyJ0eXAiOiJKV1QiLCJhbGciOiJIUzI1NiJ9.eyJpZCI6IjEiLCJ1c2VyTmFtZSI6InhpYW9ob25nIiwiZXhwIjoxNjEzMDM1MjkwfQ.Lm_VuAvaO33rUqJSEnTnUb6tLzgyd_RJEDtCbeWhMFU
2021-02-04 17:21:41 INFO  CreateUserInfoThreadTest:79 - 创建用户信息接口返回信息：{
    "code": "00000",
    "message": "成功",
    "data": {
        "userId": 1,
        "userName": "小红",
        "email": "xiaohong@qq.com",
        "phone": "18623456543",
        "friends": [
            {
                "userId": 11,
                "userName": "小红喵",
                "email": "xiaohongmiao@qq.com",
                "phone": "18623456555",
                "friends": null
            },
            {
                "userId": 12,
                "userName": "小红旺",
                "email": "xiaohongwang@qq.com",
                "phone": "18623456566",
                "friends": null
            }
        ]
    },
    "success": true
}
2021-02-04 17:21:41 INFO  CreateUserInfoThreadTest:80 - 创建用户信息测试结果断言
2021-02-04 17:21:46 INFO  CreateUserInfoThreadTest:76 - 创建用户信息请求body：{"userName":"小红","userId":1,"friends":[{"userName":"小红喵","userId":11,"phone":"18623456555","email":"xiaohongmiao@qq.com"},{"userName":"小红旺","userId":12,"phone":"18623456566","email":"xiaohongwang@qq.com"}],"phone":"18623456543","email":"xiaohong@qq.com"}
2021-02-04 17:21:46 INFO  UserInfoApiObject:27 - 创建用户信息ApiObject，请求主体：{
    "userId":1,
    "userName":"小红",
    "email":"xiaohong@qq.com",
    "phone":"18623456543",
    "friends":[
        {
            "userId":11,
            "userName":"小红喵",
            "email":"xiaohongmiao@qq.com",
            "phone":"18623456555"
        },
        {
            "userId":12,
            "userName":"小红旺",
            "email":"xiaohongwang@qq.com",
            "phone":"18623456566"
        }
    ]
},请求携带token：eyJ0eXAiOiJKV1QiLCJhbGciOiJIUzI1NiJ9.eyJpZCI6IjEiLCJ1c2VyTmFtZSI6InhpYW9ob25nIiwiZXhwIjoxNjEzMDM1MjkwfQ.Lm_VuAvaO33rUqJSEnTnUb6tLzgyd_RJEDtCbeWhMFU
2021-02-04 17:21:46 INFO  CreateUserInfoThreadTest:79 - 创建用户信息接口返回信息：{
    "code": "00001",
    "message": "失败",
    "data": "用户已存在",
    "success": false
}
2021-02-04 17:21:46 INFO  CreateUserInfoThreadTest:80 - 创建用户信息测试结果断言
2021-02-04 17:21:51 INFO  CreateUserInfoThreadTest:76 - 创建用户信息请求body：{"userName":"小红","userId":1,"friends":[{"userName":"小红喵","userId":11,"phone":"18623456555","email":"xiaohongmiao@qq.com"},{"userName":"小红旺","userId":12,"phone":"18623456566","email":"xiaohongwang@qq.com"}],"phone":"18623456543","email":"xiaohong@qq.com"}
2021-02-04 17:21:51 INFO  UserInfoApiObject:27 - 创建用户信息ApiObject，请求主体：{
    "userId":1,
    "userName":"小红",
    "email":"xiaohong@qq.com",
    "phone":"18623456543",
    "friends":[
        {
            "userId":11,
            "userName":"小红喵",
            "email":"xiaohongmiao@qq.com",
            "phone":"18623456555"
        },
        {
            "userId":12,
            "userName":"小红旺",
            "email":"xiaohongwang@qq.com",
            "phone":"18623456566"
        }
    ]
},请求携带token：eyJ0eXAiOiJKV1QiLCJhbGciOiJIUzI1NiJ9.eyJpZCI6IjEiLCJ1c2VyTmFtZSI6InhpYW9ob25nIiwiZXhwIjoxNjEzMDM1MjkwfQ.Lm_VuAvaO33rUqJSEnTnUb6tLzgyd_RJEDtCbeWhMFU
2021-02-04 17:21:51 INFO  CreateUserInfoThreadTest:79 - 创建用户信息接口返回信息：{
    "code": "00001",
    "message": "失败",
    "data": "用户已存在",
    "success": false
}
2021-02-04 17:21:51 INFO  CreateUserInfoThreadTest:80 - 创建用户信息测试结果断言
2021-02-04 17:21:51 INFO  UserLoginApiObject:27 - 用户登录ApiObject，接口请求主体：{
    "username":"xiaohong",
    "password":"123123"
}
2021-02-04 17:21:52 INFO  UserInfoApiObjectTest:37 - 获取接口token：eyJ0eXAiOiJKV1QiLCJhbGciOiJIUzI1NiJ9.eyJpZCI6IjEiLCJ1c2VyTmFtZSI6InhpYW9ob25nIiwiZXhwIjoxNjEzMDM1MzEyfQ.0Z-KV1OFEKUwJJ5DadliVhXQ_rUSkQCHLwO3HUlIIG8
2021-02-04 17:21:57 INFO  UserInfoApiObject:48 - 查询所有用户信息ApiObject，请求携带token：eyJ0eXAiOiJKV1QiLCJhbGciOiJIUzI1NiJ9.eyJpZCI6IjEiLCJ1c2VyTmFtZSI6InhpYW9ob25nIiwiZXhwIjoxNjEzMDM1MzEyfQ.0Z-KV1OFEKUwJJ5DadliVhXQ_rUSkQCHLwO3HUlIIG8
2021-02-04 17:21:57 INFO  UserInfoApiObject:113 - 通过userId删除用户信息ApiObject，请求UserId：1，请求携带token：eyJ0eXAiOiJKV1QiLCJhbGciOiJIUzI1NiJ9.eyJpZCI6IjEiLCJ1c2VyTmFtZSI6InhpYW9ob25nIiwiZXhwIjoxNjEzMDM1MzEyfQ.0Z-KV1OFEKUwJJ5DadliVhXQ_rUSkQCHLwO3HUlIIG8
2021-02-04 17:21:58 INFO  MustacheUtils:43 - 读取模板文件:mustache/userInfo.mustache，替换的内容:{"userName":"万玉梅","userId":53,"phoneNumber":"13628083661","email":"15752919552@qq.com"}
2021-02-04 17:21:58 INFO  UserInfoApiObject:27 - 创建用户信息ApiObject，请求主体：{
"userId":53,
"userName":"万玉梅",
"email":"15752919552@qq.com",
"phone":"13628083661",
"friends":[
{
"userId":11,
"userName":"小红喵",
"email":"xiaohongmiao@qq.com",
"phone":"18623456555"
},
{
"userId":12,
"userName":"小红旺",
"email":"xiaohongwang@qq.com",
"phone":"18623456566"
}
]
},请求携带token：eyJ0eXAiOiJKV1QiLCJhbGciOiJIUzI1NiJ9.eyJpZCI6IjEiLCJ1c2VyTmFtZSI6InhpYW9ob25nIiwiZXhwIjoxNjEzMDM1MzEyfQ.0Z-KV1OFEKUwJJ5DadliVhXQ_rUSkQCHLwO3HUlIIG8
2021-02-04 17:21:58 INFO  UserInfoApiObject:48 - 查询所有用户信息ApiObject，请求携带token：eyJ0eXAiOiJKV1QiLCJhbGciOiJIUzI1NiJ9.eyJpZCI6IjEiLCJ1c2VyTmFtZSI6InhpYW9ob25nIiwiZXhwIjoxNjEzMDM1MzEyfQ.0Z-KV1OFEKUwJJ5DadliVhXQ_rUSkQCHLwO3HUlIIG8
2021-02-04 17:21:58 INFO  UserInfoApiObjectTest:155 - 获取到的UserId：53
2021-02-04 17:21:58 INFO  UserInfoApiObjectTest:156 - 通过UserId删除用户信息
2021-02-04 17:21:58 INFO  UserInfoApiObject:113 - 通过userId删除用户信息ApiObject，请求UserId：53，请求携带token：eyJ0eXAiOiJKV1QiLCJhbGciOiJIUzI1NiJ9.eyJpZCI6IjEiLCJ1c2VyTmFtZSI6InhpYW9ob25nIiwiZXhwIjoxNjEzMDM1MzEyfQ.0Z-KV1OFEKUwJJ5DadliVhXQ_rUSkQCHLwO3HUlIIG8
2021-02-04 17:21:58 INFO  UserInfoApiObjectTest:159 - 通过UserId删除用户信息：{
    "code": "00000",
    "message": "成功",
    "data": {
        "userId": 53,
        "userName": "万玉梅",
        "email": "15752919552@qq.com",
        "phone": "13628083661",
        "friends": [
            {
                "userId": 11,
                "userName": "小红喵",
                "email": "xiaohongmiao@qq.com",
                "phone": "18623456555",
                "friends": null
            },
            {
                "userId": 12,
                "userName": "小红旺",
                "email": "xiaohongwang@qq.com",
                "phone": "18623456566",
                "friends": null
            }
        ]
    },
    "success": true
}
2021-02-04 17:21:58 INFO  UserInfoApiObject:48 - 查询所有用户信息ApiObject，请求携带token：eyJ0eXAiOiJKV1QiLCJhbGciOiJIUzI1NiJ9.eyJpZCI6IjEiLCJ1c2VyTmFtZSI6InhpYW9ob25nIiwiZXhwIjoxNjEzMDM1MzEyfQ.0Z-KV1OFEKUwJJ5DadliVhXQ_rUSkQCHLwO3HUlIIG8
2021-02-04 17:22:03 INFO  UserInfoApiObject:48 - 查询所有用户信息ApiObject，请求携带token：eyJ0eXAiOiJKV1QiLCJhbGciOiJIUzI1NiJ9.eyJpZCI6IjEiLCJ1c2VyTmFtZSI6InhpYW9ob25nIiwiZXhwIjoxNjEzMDM1MzEyfQ.0Z-KV1OFEKUwJJ5DadliVhXQ_rUSkQCHLwO3HUlIIG8
2021-02-04 17:22:05 INFO  MustacheUtils:43 - 读取模板文件:mustache/userInfo.mustache，替换的内容:{"userName":"周楠","userId":28,"phoneNumber":"13298555777","email":"18032893617@qq.com"}
2021-02-04 17:22:05 INFO  UserInfoApiObject:27 - 创建用户信息ApiObject，请求主体：{
"userId":28,
"userName":"周楠",
"email":"18032893617@qq.com",
"phone":"13298555777",
"friends":[
{
"userId":11,
"userName":"小红喵",
"email":"xiaohongmiao@qq.com",
"phone":"18623456555"
},
{
"userId":12,
"userName":"小红旺",
"email":"xiaohongwang@qq.com",
"phone":"18623456566"
}
]
},请求携带token：eyJ0eXAiOiJKV1QiLCJhbGciOiJIUzI1NiJ9.eyJpZCI6IjEiLCJ1c2VyTmFtZSI6InhpYW9ob25nIiwiZXhwIjoxNjEzMDM1MzEyfQ.0Z-KV1OFEKUwJJ5DadliVhXQ_rUSkQCHLwO3HUlIIG8
2021-02-04 17:22:05 INFO  UserInfoApiObject:48 - 查询所有用户信息ApiObject，请求携带token：eyJ0eXAiOiJKV1QiLCJhbGciOiJIUzI1NiJ9.eyJpZCI6IjEiLCJ1c2VyTmFtZSI6InhpYW9ob25nIiwiZXhwIjoxNjEzMDM1MzEyfQ.0Z-KV1OFEKUwJJ5DadliVhXQ_rUSkQCHLwO3HUlIIG8
2021-02-04 17:22:05 INFO  UserInfoApiObjectTest:125 - 获取到的UserId：28
2021-02-04 17:22:05 INFO  UserInfoApiObjectTest:132 - 更新用户信息请求body：{"userName":"小红红","userId":28,"phone":"18623456543","email":"xiaohong红@qq.com"}
2021-02-04 17:22:05 INFO  UserInfoApiObjectTest:133 - 通过UserId更新用户信息
2021-02-04 17:22:05 INFO  UserInfoApiObject:91 - 通过userId更新用户信息ApiObject，请求UserId：28，请求更新用户信息主体：{
    "userId":28,
    "userName":"小红红",
    "email":"xiaohong红@qq.com",
    "phone":"18623456543"
}，请求携带token：eyJ0eXAiOiJKV1QiLCJhbGciOiJIUzI1NiJ9.eyJpZCI6IjEiLCJ1c2VyTmFtZSI6InhpYW9ob25nIiwiZXhwIjoxNjEzMDM1MzEyfQ.0Z-KV1OFEKUwJJ5DadliVhXQ_rUSkQCHLwO3HUlIIG8
2021-02-04 17:22:06 INFO  UserInfoApiObjectTest:136 - 通过UserId更新用户信息接口返回信息：{
    "code": "00000",
    "message": "成功",
    "data": {
        "userId": 28,
        "userName": "小红红",
        "email": "xiaohong红@qq.com",
        "phone": "18623456543",
        "friends": null
    },
    "success": true
}
2021-02-04 17:22:06 INFO  UserInfoApiObject:48 - 查询所有用户信息ApiObject，请求携带token：eyJ0eXAiOiJKV1QiLCJhbGciOiJIUzI1NiJ9.eyJpZCI6IjEiLCJ1c2VyTmFtZSI6InhpYW9ob25nIiwiZXhwIjoxNjEzMDM1MzEyfQ.0Z-KV1OFEKUwJJ5DadliVhXQ_rUSkQCHLwO3HUlIIG8
2021-02-04 17:22:06 INFO  UserInfoApiObject:113 - 通过userId删除用户信息ApiObject，请求UserId：28，请求携带token：eyJ0eXAiOiJKV1QiLCJhbGciOiJIUzI1NiJ9.eyJpZCI6IjEiLCJ1c2VyTmFtZSI6InhpYW9ob25nIiwiZXhwIjoxNjEzMDM1MzEyfQ.0Z-KV1OFEKUwJJ5DadliVhXQ_rUSkQCHLwO3HUlIIG8
2021-02-04 17:22:11 INFO  UserInfoApiObject:48 - 查询所有用户信息ApiObject，请求携带token：eyJ0eXAiOiJKV1QiLCJhbGciOiJIUzI1NiJ9.eyJpZCI6IjEiLCJ1c2VyTmFtZSI6InhpYW9ob25nIiwiZXhwIjoxNjEzMDM1MzEyfQ.0Z-KV1OFEKUwJJ5DadliVhXQ_rUSkQCHLwO3HUlIIG8
2021-02-04 17:22:11 INFO  MustacheUtils:43 - 读取模板文件:mustache/userInfo.mustache，替换的内容:{"userName":"邓林","userId":68,"phoneNumber":"13273898640","email":"15989936501@qq.com"}
2021-02-04 17:22:11 INFO  UserInfoApiObjectTest:58 - 创建用户信息请求body：{"userName":"邓林","userId":68,"friends":[{"userName":"小红喵","userId":11,"phone":"18623456555","email":"xiaohongmiao@qq.com"},{"userName":"小红旺","userId":12,"phone":"18623456566","email":"xiaohongwang@qq.com"}],"phone":"13273898640","email":"15989936501@qq.com"}
2021-02-04 17:22:12 INFO  MustacheUtils:43 - 读取模板文件:mustache/userInfo.mustache，替换的内容:{"userName":"郑文","userId":23,"phoneNumber":"18147542891","email":"13530496113@qq.com"}
2021-02-04 17:22:12 INFO  UserInfoApiObject:27 - 创建用户信息ApiObject，请求主体：{
"userId":23,
"userName":"郑文",
"email":"13530496113@qq.com",
"phone":"18147542891",
"friends":[
{
"userId":11,
"userName":"小红喵",
"email":"xiaohongmiao@qq.com",
"phone":"18623456555"
},
{
"userId":12,
"userName":"小红旺",
"email":"xiaohongwang@qq.com",
"phone":"18623456566"
}
]
},请求携带token：eyJ0eXAiOiJKV1QiLCJhbGciOiJIUzI1NiJ9.eyJpZCI6IjEiLCJ1c2VyTmFtZSI6InhpYW9ob25nIiwiZXhwIjoxNjEzMDM1MzEyfQ.0Z-KV1OFEKUwJJ5DadliVhXQ_rUSkQCHLwO3HUlIIG8
2021-02-04 17:22:12 INFO  UserInfoApiObjectTest:60 - 创建用户信息接口返回信息：{
    "code": "00000",
    "message": "成功",
    "data": {
        "userId": 23,
        "userName": "郑文",
        "email": "13530496113@qq.com",
        "phone": "18147542891",
        "friends": [
            {
                "userId": 11,
                "userName": "小红喵",
                "email": "xiaohongmiao@qq.com",
                "phone": "18623456555",
                "friends": null
            },
            {
                "userId": 12,
                "userName": "小红旺",
                "email": "xiaohongwang@qq.com",
                "phone": "18623456566",
                "friends": null
            }
        ]
    },
    "success": true
}
2021-02-04 17:22:12 INFO  UserInfoApiObjectTest:61 - 创建用户信息测试结果断言
2021-02-04 17:22:12 INFO  UserInfoApiObject:48 - 查询所有用户信息ApiObject，请求携带token：eyJ0eXAiOiJKV1QiLCJhbGciOiJIUzI1NiJ9.eyJpZCI6IjEiLCJ1c2VyTmFtZSI6InhpYW9ob25nIiwiZXhwIjoxNjEzMDM1MzEyfQ.0Z-KV1OFEKUwJJ5DadliVhXQ_rUSkQCHLwO3HUlIIG8
2021-02-04 17:22:12 INFO  UserInfoApiObject:113 - 通过userId删除用户信息ApiObject，请求UserId：23，请求携带token：eyJ0eXAiOiJKV1QiLCJhbGciOiJIUzI1NiJ9.eyJpZCI6IjEiLCJ1c2VyTmFtZSI6InhpYW9ob25nIiwiZXhwIjoxNjEzMDM1MzEyfQ.0Z-KV1OFEKUwJJ5DadliVhXQ_rUSkQCHLwO3HUlIIG8
2021-02-04 17:22:17 INFO  UserInfoApiObject:48 - 查询所有用户信息ApiObject，请求携带token：eyJ0eXAiOiJKV1QiLCJhbGciOiJIUzI1NiJ9.eyJpZCI6IjEiLCJ1c2VyTmFtZSI6InhpYW9ob25nIiwiZXhwIjoxNjEzMDM1MzEyfQ.0Z-KV1OFEKUwJJ5DadliVhXQ_rUSkQCHLwO3HUlIIG8
2021-02-04 17:22:18 INFO  MustacheUtils:43 - 读取模板文件:mustache/userInfo.mustache，替换的内容:{"userName":"林娟","userId":85,"phoneNumber":"13289368836","email":"15691664944@qq.com"}
2021-02-04 17:22:18 INFO  UserInfoApiObject:27 - 创建用户信息ApiObject，请求主体：{
"userId":85,
"userName":"林娟",
"email":"15691664944@qq.com",
"phone":"13289368836",
"friends":[
{
"userId":11,
"userName":"小红喵",
"email":"xiaohongmiao@qq.com",
"phone":"18623456555"
},
{
"userId":12,
"userName":"小红旺",
"email":"xiaohongwang@qq.com",
"phone":"18623456566"
}
]
},请求携带token：eyJ0eXAiOiJKV1QiLCJhbGciOiJIUzI1NiJ9.eyJpZCI6IjEiLCJ1c2VyTmFtZSI6InhpYW9ob25nIiwiZXhwIjoxNjEzMDM1MzEyfQ.0Z-KV1OFEKUwJJ5DadliVhXQ_rUSkQCHLwO3HUlIIG8
2021-02-04 17:22:18 INFO  UserInfoApiObjectTest:81 - 查询所有用户信息
2021-02-04 17:22:18 INFO  UserInfoApiObject:48 - 查询所有用户信息ApiObject，请求携带token：eyJ0eXAiOiJKV1QiLCJhbGciOiJIUzI1NiJ9.eyJpZCI6IjEiLCJ1c2VyTmFtZSI6InhpYW9ob25nIiwiZXhwIjoxNjEzMDM1MzEyfQ.0Z-KV1OFEKUwJJ5DadliVhXQ_rUSkQCHLwO3HUlIIG8
2021-02-04 17:22:18 INFO  UserInfoApiObjectTest:84 - 查询所有用户信息接口返回信息：{
    "code": "00000",
    "message": "成功",
    "data": [
        {
            "userId": 85,
            "userName": "林娟",
            "email": "15691664944@qq.com",
            "phone": "13289368836",
            "friends": [
                {
                    "userId": 11,
                    "userName": "小红喵",
                    "email": "xiaohongmiao@qq.com",
                    "phone": "18623456555",
                    "friends": null
                },
                {
                    "userId": 12,
                    "userName": "小红旺",
                    "email": "xiaohongwang@qq.com",
                    "phone": "18623456566",
                    "friends": null
                }
            ]
        }
    ],
    "success": true
}
2021-02-04 17:22:18 INFO  UserInfoApiObject:48 - 查询所有用户信息ApiObject，请求携带token：eyJ0eXAiOiJKV1QiLCJhbGciOiJIUzI1NiJ9.eyJpZCI6IjEiLCJ1c2VyTmFtZSI6InhpYW9ob25nIiwiZXhwIjoxNjEzMDM1MzEyfQ.0Z-KV1OFEKUwJJ5DadliVhXQ_rUSkQCHLwO3HUlIIG8
2021-02-04 17:22:18 INFO  UserInfoApiObject:113 - 通过userId删除用户信息ApiObject，请求UserId：85，请求携带token：eyJ0eXAiOiJKV1QiLCJhbGciOiJIUzI1NiJ9.eyJpZCI6IjEiLCJ1c2VyTmFtZSI6InhpYW9ob25nIiwiZXhwIjoxNjEzMDM1MzEyfQ.0Z-KV1OFEKUwJJ5DadliVhXQ_rUSkQCHLwO3HUlIIG8
2021-02-04 17:22:23 INFO  UserInfoApiObject:48 - 查询所有用户信息ApiObject，请求携带token：eyJ0eXAiOiJKV1QiLCJhbGciOiJIUzI1NiJ9.eyJpZCI6IjEiLCJ1c2VyTmFtZSI6InhpYW9ob25nIiwiZXhwIjoxNjEzMDM1MzEyfQ.0Z-KV1OFEKUwJJ5DadliVhXQ_rUSkQCHLwO3HUlIIG8
2021-02-04 17:22:24 INFO  MustacheUtils:43 - 读取模板文件:mustache/userInfo.mustache，替换的内容:{"userName":"郑旭","userId":41,"phoneNumber":"13604289065","email":"18634555420@qq.com"}
2021-02-04 17:22:24 INFO  UserInfoApiObject:27 - 创建用户信息ApiObject，请求主体：{
"userId":41,
"userName":"郑旭",
"email":"18634555420@qq.com",
"phone":"13604289065",
"friends":[
{
"userId":11,
"userName":"小红喵",
"email":"xiaohongmiao@qq.com",
"phone":"18623456555"
},
{
"userId":12,
"userName":"小红旺",
"email":"xiaohongwang@qq.com",
"phone":"18623456566"
}
]
},请求携带token：eyJ0eXAiOiJKV1QiLCJhbGciOiJIUzI1NiJ9.eyJpZCI6IjEiLCJ1c2VyTmFtZSI6InhpYW9ob25nIiwiZXhwIjoxNjEzMDM1MzEyfQ.0Z-KV1OFEKUwJJ5DadliVhXQ_rUSkQCHLwO3HUlIIG8
2021-02-04 17:22:24 INFO  UserInfoApiObject:48 - 查询所有用户信息ApiObject，请求携带token：eyJ0eXAiOiJKV1QiLCJhbGciOiJIUzI1NiJ9.eyJpZCI6IjEiLCJ1c2VyTmFtZSI6InhpYW9ob25nIiwiZXhwIjoxNjEzMDM1MzEyfQ.0Z-KV1OFEKUwJJ5DadliVhXQ_rUSkQCHLwO3HUlIIG8
2021-02-04 17:22:24 INFO  UserInfoApiObjectTest:101 - 通过UserId查询用户信息
2021-02-04 17:22:24 INFO  UserInfoApiObjectTest:104 - 获取到的UserId：41
2021-02-04 17:22:24 INFO  UserInfoApiObject:69 - 通过userId查询用户信息ApiObject，请求UserId：41，请求携带token：eyJ0eXAiOiJKV1QiLCJhbGciOiJIUzI1NiJ9.eyJpZCI6IjEiLCJ1c2VyTmFtZSI6InhpYW9ob25nIiwiZXhwIjoxNjEzMDM1MzEyfQ.0Z-KV1OFEKUwJJ5DadliVhXQ_rUSkQCHLwO3HUlIIG8
2021-02-04 17:22:24 INFO  UserInfoApiObjectTest:106 - 通过UserId查询用户信息接口返回信息：{
    "code": "00000",
    "message": "成功",
    "data": {
        "userId": 41,
        "userName": "郑旭",
        "email": "18634555420@qq.com",
        "phone": "13604289065",
        "friends": [
            {
                "userId": 11,
                "userName": "小红喵",
                "email": "xiaohongmiao@qq.com",
                "phone": "18623456555",
                "friends": null
            },
            {
                "userId": 12,
                "userName": "小红旺",
                "email": "xiaohongwang@qq.com",
                "phone": "18623456566",
                "friends": null
            }
        ]
    },
    "success": true
}
2021-02-04 17:22:24 INFO  UserInfoApiObject:48 - 查询所有用户信息ApiObject，请求携带token：eyJ0eXAiOiJKV1QiLCJhbGciOiJIUzI1NiJ9.eyJpZCI6IjEiLCJ1c2VyTmFtZSI6InhpYW9ob25nIiwiZXhwIjoxNjEzMDM1MzEyfQ.0Z-KV1OFEKUwJJ5DadliVhXQ_rUSkQCHLwO3HUlIIG8
2021-02-04 17:22:24 INFO  UserInfoApiObject:113 - 通过userId删除用户信息ApiObject，请求UserId：41，请求携带token：eyJ0eXAiOiJKV1QiLCJhbGciOiJIUzI1NiJ9.eyJpZCI6IjEiLCJ1c2VyTmFtZSI6InhpYW9ob25nIiwiZXhwIjoxNjEzMDM1MzEyfQ.0Z-KV1OFEKUwJJ5DadliVhXQ_rUSkQCHLwO3HUlIIG8
2021-02-04 17:22:29 INFO  JsonPathUtils:54 - 读取JSON文件:/json/book.json，替换的内容:{"$.store.book[*].author":"测试作者"}
2021-02-04 17:22:34 INFO  JsonPathUtils:54 - 读取JSON文件:/json/book.json，替换的内容:{"$.store.*":"all change"}
2021-02-04 17:22:39 INFO  JsonPathUtils:54 - 读取JSON文件:/json/book.json，替换的内容:{"$..book[0,1]":"first two change"}
2021-02-04 17:22:44 INFO  MustacheUtils:43 - 读取模板文件:mustache/book.mustache，替换的内容:{"author":"mustacheAuthor","price":56.8}
2021-02-27 19:52:46 INFO  UserLoginApiObject:27 - 用户登录ApiObject，接口请求主体：{
    "username":"xiaohong",
    "password":"123123"
}
2021-02-27 19:52:49 INFO  CreateUserInfoThreadTest:58 - 获取接口token：eyJ0eXAiOiJKV1QiLCJhbGciOiJIUzI1NiJ9.eyJpZCI6IjEiLCJ1c2VyTmFtZSI6InhpYW9ob25nIiwiZXhwIjoxNjE1MDMxNTY4fQ.l-VVuVI6HwzP5XDsKLuzhJbBhPAdKkrVTJ1GkDn6ZrI
2021-02-27 19:52:49 INFO  CreateUserInfoThreadTest:76 - 创建用户信息请求body：{"userName":"小红","userId":1,"friends":[{"userName":"小红喵","userId":11,"phone":"18623456555","email":"xiaohongmiao@qq.com"},{"userName":"小红旺","userId":12,"phone":"18623456566","email":"xiaohongwang@qq.com"}],"phone":"18623456543","email":"xiaohong@qq.com"}
2021-02-27 19:52:49 INFO  UserInfoApiObject:27 - 创建用户信息ApiObject，请求主体：{
    "userId":1,
    "userName":"小红",
    "email":"xiaohong@qq.com",
    "phone":"18623456543",
    "friends":[
        {
            "userId":11,
            "userName":"小红喵",
            "email":"xiaohongmiao@qq.com",
            "phone":"18623456555"
        },
        {
            "userId":12,
            "userName":"小红旺",
            "email":"xiaohongwang@qq.com",
            "phone":"18623456566"
        }
    ]
},请求携带token：eyJ0eXAiOiJKV1QiLCJhbGciOiJIUzI1NiJ9.eyJpZCI6IjEiLCJ1c2VyTmFtZSI6InhpYW9ob25nIiwiZXhwIjoxNjE1MDMxNTY4fQ.l-VVuVI6HwzP5XDsKLuzhJbBhPAdKkrVTJ1GkDn6ZrI
2021-02-27 19:52:49 INFO  CreateUserInfoThreadTest:79 - 创建用户信息接口返回信息：{
    "code": "00000",
    "message": "成功",
    "data": {
        "userId": 1,
        "userName": "小红",
        "email": "xiaohong@qq.com",
        "phone": "18623456543",
        "friends": [
            {
                "userId": 11,
                "userName": "小红喵",
                "email": "xiaohongmiao@qq.com",
                "phone": "18623456555",
                "friends": null
            },
            {
                "userId": 12,
                "userName": "小红旺",
                "email": "xiaohongwang@qq.com",
                "phone": "18623456566",
                "friends": null
            }
        ]
    },
    "success": true
}
2021-02-27 19:52:49 INFO  CreateUserInfoThreadTest:80 - 创建用户信息测试结果断言
2021-02-27 19:52:49 INFO  CreateUserInfoThreadTest:76 - 创建用户信息请求body：{"userName":"小红","userId":1,"friends":[{"userName":"小红喵","userId":11,"phone":"18623456555","email":"xiaohongmiao@qq.com"},{"userName":"小红旺","userId":12,"phone":"18623456566","email":"xiaohongwang@qq.com"}],"phone":"18623456543","email":"xiaohong@qq.com"}
2021-02-27 19:52:49 INFO  UserInfoApiObject:27 - 创建用户信息ApiObject，请求主体：{
    "userId":1,
    "userName":"小红",
    "email":"xiaohong@qq.com",
    "phone":"18623456543",
    "friends":[
        {
            "userId":11,
            "userName":"小红喵",
            "email":"xiaohongmiao@qq.com",
            "phone":"18623456555"
        },
        {
            "userId":12,
            "userName":"小红旺",
            "email":"xiaohongwang@qq.com",
            "phone":"18623456566"
        }
    ]
},请求携带token：eyJ0eXAiOiJKV1QiLCJhbGciOiJIUzI1NiJ9.eyJpZCI6IjEiLCJ1c2VyTmFtZSI6InhpYW9ob25nIiwiZXhwIjoxNjE1MDMxNTY4fQ.l-VVuVI6HwzP5XDsKLuzhJbBhPAdKkrVTJ1GkDn6ZrI
2021-02-27 19:52:50 INFO  CreateUserInfoThreadTest:79 - 创建用户信息接口返回信息：{
    "code": "00001",
    "message": "失败",
    "data": "用户已存在",
    "success": false
}
2021-02-27 19:52:50 INFO  CreateUserInfoThreadTest:80 - 创建用户信息测试结果断言
2021-02-27 19:52:50 INFO  CreateUserInfoThreadTest:76 - 创建用户信息请求body：{"userName":"小红","userId":1,"friends":[{"userName":"小红喵","userId":11,"phone":"18623456555","email":"xiaohongmiao@qq.com"},{"userName":"小红旺","userId":12,"phone":"18623456566","email":"xiaohongwang@qq.com"}],"phone":"18623456543","email":"xiaohong@qq.com"}
2021-02-27 19:52:50 INFO  UserInfoApiObject:27 - 创建用户信息ApiObject，请求主体：{
    "userId":1,
    "userName":"小红",
    "email":"xiaohong@qq.com",
    "phone":"18623456543",
    "friends":[
        {
            "userId":11,
            "userName":"小红喵",
            "email":"xiaohongmiao@qq.com",
            "phone":"18623456555"
        },
        {
            "userId":12,
            "userName":"小红旺",
            "email":"xiaohongwang@qq.com",
            "phone":"18623456566"
        }
    ]
},请求携带token：eyJ0eXAiOiJKV1QiLCJhbGciOiJIUzI1NiJ9.eyJpZCI6IjEiLCJ1c2VyTmFtZSI6InhpYW9ob25nIiwiZXhwIjoxNjE1MDMxNTY4fQ.l-VVuVI6HwzP5XDsKLuzhJbBhPAdKkrVTJ1GkDn6ZrI
2021-02-27 19:52:50 INFO  CreateUserInfoThreadTest:79 - 创建用户信息接口返回信息：{
    "code": "00001",
    "message": "失败",
    "data": "用户已存在",
    "success": false
}
2021-02-27 19:52:50 INFO  CreateUserInfoThreadTest:80 - 创建用户信息测试结果断言
2021-02-27 19:52:50 INFO  UserLoginApiObject:27 - 用户登录ApiObject，接口请求主体：{
    "username":"xiaohong",
    "password":"123123"
}
2021-02-27 19:52:50 INFO  UserInfoApiObjectTest:37 - 获取接口token：eyJ0eXAiOiJKV1QiLCJhbGciOiJIUzI1NiJ9.eyJpZCI6IjEiLCJ1c2VyTmFtZSI6InhpYW9ob25nIiwiZXhwIjoxNjE1MDMxNTcwfQ.E5i8Dt8boat-heqVe0zQpXRaBnXhMKO9evqFxEhme0I
2021-02-27 19:52:50 INFO  UserInfoApiObject:48 - 查询所有用户信息ApiObject，请求携带token：eyJ0eXAiOiJKV1QiLCJhbGciOiJIUzI1NiJ9.eyJpZCI6IjEiLCJ1c2VyTmFtZSI6InhpYW9ob25nIiwiZXhwIjoxNjE1MDMxNTcwfQ.E5i8Dt8boat-heqVe0zQpXRaBnXhMKO9evqFxEhme0I
2021-02-27 19:52:50 INFO  UserInfoApiObject:113 - 通过userId删除用户信息ApiObject，请求UserId：1，请求携带token：eyJ0eXAiOiJKV1QiLCJhbGciOiJIUzI1NiJ9.eyJpZCI6IjEiLCJ1c2VyTmFtZSI6InhpYW9ob25nIiwiZXhwIjoxNjE1MDMxNTcwfQ.E5i8Dt8boat-heqVe0zQpXRaBnXhMKO9evqFxEhme0I
2021-02-27 19:52:51 INFO  MustacheUtils:43 - 读取模板文件:mustache/userInfo.mustache，替换的内容:{"userName":"刘艳","userId":40,"phoneNumber":"13194191391","email":"15948210165@qq.com"}
2021-02-27 19:52:51 INFO  UserInfoApiObject:27 - 创建用户信息ApiObject，请求主体：{
"userId":40,
"userName":"刘艳",
"email":"15948210165@qq.com",
"phone":"13194191391",
"friends":[
{
"userId":11,
"userName":"小红喵",
"email":"xiaohongmiao@qq.com",
"phone":"18623456555"
},
{
"userId":12,
"userName":"小红旺",
"email":"xiaohongwang@qq.com",
"phone":"18623456566"
}
]
},请求携带token：eyJ0eXAiOiJKV1QiLCJhbGciOiJIUzI1NiJ9.eyJpZCI6IjEiLCJ1c2VyTmFtZSI6InhpYW9ob25nIiwiZXhwIjoxNjE1MDMxNTcwfQ.E5i8Dt8boat-heqVe0zQpXRaBnXhMKO9evqFxEhme0I
2021-02-27 19:52:51 INFO  UserInfoApiObject:48 - 查询所有用户信息ApiObject，请求携带token：eyJ0eXAiOiJKV1QiLCJhbGciOiJIUzI1NiJ9.eyJpZCI6IjEiLCJ1c2VyTmFtZSI6InhpYW9ob25nIiwiZXhwIjoxNjE1MDMxNTcwfQ.E5i8Dt8boat-heqVe0zQpXRaBnXhMKO9evqFxEhme0I
2021-02-27 19:52:51 INFO  UserInfoApiObjectTest:155 - 获取到的UserId：40
2021-02-27 19:52:51 INFO  UserInfoApiObjectTest:156 - 通过UserId删除用户信息
2021-02-27 19:52:51 INFO  UserInfoApiObject:113 - 通过userId删除用户信息ApiObject，请求UserId：40，请求携带token：eyJ0eXAiOiJKV1QiLCJhbGciOiJIUzI1NiJ9.eyJpZCI6IjEiLCJ1c2VyTmFtZSI6InhpYW9ob25nIiwiZXhwIjoxNjE1MDMxNTcwfQ.E5i8Dt8boat-heqVe0zQpXRaBnXhMKO9evqFxEhme0I
2021-02-27 19:52:51 INFO  UserInfoApiObjectTest:159 - 通过UserId删除用户信息：{
    "code": "00000",
    "message": "成功",
    "data": {
        "userId": 40,
        "userName": "刘艳",
        "email": "15948210165@qq.com",
        "phone": "13194191391",
        "friends": [
            {
                "userId": 11,
                "userName": "小红喵",
                "email": "xiaohongmiao@qq.com",
                "phone": "18623456555",
                "friends": null
            },
            {
                "userId": 12,
                "userName": "小红旺",
                "email": "xiaohongwang@qq.com",
                "phone": "18623456566",
                "friends": null
            }
        ]
    },
    "success": true
}
2021-02-27 19:52:52 INFO  UserInfoApiObject:48 - 查询所有用户信息ApiObject，请求携带token：eyJ0eXAiOiJKV1QiLCJhbGciOiJIUzI1NiJ9.eyJpZCI6IjEiLCJ1c2VyTmFtZSI6InhpYW9ob25nIiwiZXhwIjoxNjE1MDMxNTcwfQ.E5i8Dt8boat-heqVe0zQpXRaBnXhMKO9evqFxEhme0I
2021-02-27 19:52:52 INFO  UserInfoApiObject:48 - 查询所有用户信息ApiObject，请求携带token：eyJ0eXAiOiJKV1QiLCJhbGciOiJIUzI1NiJ9.eyJpZCI6IjEiLCJ1c2VyTmFtZSI6InhpYW9ob25nIiwiZXhwIjoxNjE1MDMxNTcwfQ.E5i8Dt8boat-heqVe0zQpXRaBnXhMKO9evqFxEhme0I
2021-02-27 19:52:52 INFO  MustacheUtils:43 - 读取模板文件:mustache/userInfo.mustache，替换的内容:{"userName":"侯霞","userId":89,"phoneNumber":"18537356682","email":"13782216134@qq.com"}
2021-02-27 19:52:52 INFO  UserInfoApiObject:27 - 创建用户信息ApiObject，请求主体：{
"userId":89,
"userName":"侯霞",
"email":"13782216134@qq.com",
"phone":"18537356682",
"friends":[
{
"userId":11,
"userName":"小红喵",
"email":"xiaohongmiao@qq.com",
"phone":"18623456555"
},
{
"userId":12,
"userName":"小红旺",
"email":"xiaohongwang@qq.com",
"phone":"18623456566"
}
]
},请求携带token：eyJ0eXAiOiJKV1QiLCJhbGciOiJIUzI1NiJ9.eyJpZCI6IjEiLCJ1c2VyTmFtZSI6InhpYW9ob25nIiwiZXhwIjoxNjE1MDMxNTcwfQ.E5i8Dt8boat-heqVe0zQpXRaBnXhMKO9evqFxEhme0I
2021-02-27 19:52:52 INFO  UserInfoApiObject:48 - 查询所有用户信息ApiObject，请求携带token：eyJ0eXAiOiJKV1QiLCJhbGciOiJIUzI1NiJ9.eyJpZCI6IjEiLCJ1c2VyTmFtZSI6InhpYW9ob25nIiwiZXhwIjoxNjE1MDMxNTcwfQ.E5i8Dt8boat-heqVe0zQpXRaBnXhMKO9evqFxEhme0I
2021-02-27 19:52:52 INFO  UserInfoApiObjectTest:125 - 获取到的UserId：89
2021-02-27 19:52:52 INFO  UserInfoApiObjectTest:132 - 更新用户信息请求body：{"userName":"小红红","userId":89,"phone":"18623456543","email":"xiaohong红@qq.com"}
2021-02-27 19:52:52 INFO  UserInfoApiObjectTest:133 - 通过UserId更新用户信息
2021-02-27 19:52:52 INFO  UserInfoApiObject:91 - 通过userId更新用户信息ApiObject，请求UserId：89，请求更新用户信息主体：{
    "userId":89,
    "userName":"小红红",
    "email":"xiaohong红@qq.com",
    "phone":"18623456543"
}，请求携带token：eyJ0eXAiOiJKV1QiLCJhbGciOiJIUzI1NiJ9.eyJpZCI6IjEiLCJ1c2VyTmFtZSI6InhpYW9ob25nIiwiZXhwIjoxNjE1MDMxNTcwfQ.E5i8Dt8boat-heqVe0zQpXRaBnXhMKO9evqFxEhme0I
2021-02-27 19:52:52 INFO  UserInfoApiObjectTest:136 - 通过UserId更新用户信息接口返回信息：{
    "code": "00000",
    "message": "成功",
    "data": {
        "userId": 89,
        "userName": "小红红",
        "email": "xiaohong红@qq.com",
        "phone": "18623456543",
        "friends": null
    },
    "success": true
}
2021-02-27 19:52:52 INFO  UserInfoApiObject:48 - 查询所有用户信息ApiObject，请求携带token：eyJ0eXAiOiJKV1QiLCJhbGciOiJIUzI1NiJ9.eyJpZCI6IjEiLCJ1c2VyTmFtZSI6InhpYW9ob25nIiwiZXhwIjoxNjE1MDMxNTcwfQ.E5i8Dt8boat-heqVe0zQpXRaBnXhMKO9evqFxEhme0I
2021-02-27 19:52:52 INFO  UserInfoApiObject:113 - 通过userId删除用户信息ApiObject，请求UserId：89，请求携带token：eyJ0eXAiOiJKV1QiLCJhbGciOiJIUzI1NiJ9.eyJpZCI6IjEiLCJ1c2VyTmFtZSI6InhpYW9ob25nIiwiZXhwIjoxNjE1MDMxNTcwfQ.E5i8Dt8boat-heqVe0zQpXRaBnXhMKO9evqFxEhme0I
2021-02-27 19:52:52 INFO  UserInfoApiObject:48 - 查询所有用户信息ApiObject，请求携带token：eyJ0eXAiOiJKV1QiLCJhbGciOiJIUzI1NiJ9.eyJpZCI6IjEiLCJ1c2VyTmFtZSI6InhpYW9ob25nIiwiZXhwIjoxNjE1MDMxNTcwfQ.E5i8Dt8boat-heqVe0zQpXRaBnXhMKO9evqFxEhme0I
2021-02-27 19:52:53 INFO  MustacheUtils:43 - 读取模板文件:mustache/userInfo.mustache，替换的内容:{"userName":"谷洋","userId":22,"phoneNumber":"15371460511","email":"14797434505@qq.com"}
2021-02-27 19:52:53 INFO  UserInfoApiObjectTest:58 - 创建用户信息请求body：{"userName":"谷洋","userId":22,"friends":[{"userName":"小红喵","userId":11,"phone":"18623456555","email":"xiaohongmiao@qq.com"},{"userName":"小红旺","userId":12,"phone":"18623456566","email":"xiaohongwang@qq.com"}],"phone":"15371460511","email":"14797434505@qq.com"}
2021-02-27 19:52:53 INFO  MustacheUtils:43 - 读取模板文件:mustache/userInfo.mustache，替换的内容:{"userName":"梁健","userId":61,"phoneNumber":"14710136116","email":"13278662643@qq.com"}
2021-02-27 19:52:53 INFO  UserInfoApiObject:27 - 创建用户信息ApiObject，请求主体：{
"userId":61,
"userName":"梁健",
"email":"13278662643@qq.com",
"phone":"14710136116",
"friends":[
{
"userId":11,
"userName":"小红喵",
"email":"xiaohongmiao@qq.com",
"phone":"18623456555"
},
{
"userId":12,
"userName":"小红旺",
"email":"xiaohongwang@qq.com",
"phone":"18623456566"
}
]
},请求携带token：eyJ0eXAiOiJKV1QiLCJhbGciOiJIUzI1NiJ9.eyJpZCI6IjEiLCJ1c2VyTmFtZSI6InhpYW9ob25nIiwiZXhwIjoxNjE1MDMxNTcwfQ.E5i8Dt8boat-heqVe0zQpXRaBnXhMKO9evqFxEhme0I
2021-02-27 19:52:54 INFO  UserInfoApiObjectTest:60 - 创建用户信息接口返回信息：{
    "code": "00000",
    "message": "成功",
    "data": {
        "userId": 61,
        "userName": "梁健",
        "email": "13278662643@qq.com",
        "phone": "14710136116",
        "friends": [
            {
                "userId": 11,
                "userName": "小红喵",
                "email": "xiaohongmiao@qq.com",
                "phone": "18623456555",
                "friends": null
            },
            {
                "userId": 12,
                "userName": "小红旺",
                "email": "xiaohongwang@qq.com",
                "phone": "18623456566",
                "friends": null
            }
        ]
    },
    "success": true
}
2021-02-27 19:52:54 INFO  UserInfoApiObjectTest:61 - 创建用户信息测试结果断言
2021-02-27 19:52:54 INFO  UserInfoApiObject:48 - 查询所有用户信息ApiObject，请求携带token：eyJ0eXAiOiJKV1QiLCJhbGciOiJIUzI1NiJ9.eyJpZCI6IjEiLCJ1c2VyTmFtZSI6InhpYW9ob25nIiwiZXhwIjoxNjE1MDMxNTcwfQ.E5i8Dt8boat-heqVe0zQpXRaBnXhMKO9evqFxEhme0I
2021-02-27 19:52:54 INFO  UserInfoApiObject:113 - 通过userId删除用户信息ApiObject，请求UserId：61，请求携带token：eyJ0eXAiOiJKV1QiLCJhbGciOiJIUzI1NiJ9.eyJpZCI6IjEiLCJ1c2VyTmFtZSI6InhpYW9ob25nIiwiZXhwIjoxNjE1MDMxNTcwfQ.E5i8Dt8boat-heqVe0zQpXRaBnXhMKO9evqFxEhme0I
2021-02-27 19:52:54 INFO  UserInfoApiObject:48 - 查询所有用户信息ApiObject，请求携带token：eyJ0eXAiOiJKV1QiLCJhbGciOiJIUzI1NiJ9.eyJpZCI6IjEiLCJ1c2VyTmFtZSI6InhpYW9ob25nIiwiZXhwIjoxNjE1MDMxNTcwfQ.E5i8Dt8boat-heqVe0zQpXRaBnXhMKO9evqFxEhme0I
2021-02-27 19:52:54 INFO  MustacheUtils:43 - 读取模板文件:mustache/userInfo.mustache，替换的内容:{"userName":"孙勇","userId":49,"phoneNumber":"13614752400","email":"15569003009@qq.com"}
2021-02-27 19:52:54 INFO  UserInfoApiObject:27 - 创建用户信息ApiObject，请求主体：{
"userId":49,
"userName":"孙勇",
"email":"15569003009@qq.com",
"phone":"13614752400",
"friends":[
{
"userId":11,
"userName":"小红喵",
"email":"xiaohongmiao@qq.com",
"phone":"18623456555"
},
{
"userId":12,
"userName":"小红旺",
"email":"xiaohongwang@qq.com",
"phone":"18623456566"
}
]
},请求携带token：eyJ0eXAiOiJKV1QiLCJhbGciOiJIUzI1NiJ9.eyJpZCI6IjEiLCJ1c2VyTmFtZSI6InhpYW9ob25nIiwiZXhwIjoxNjE1MDMxNTcwfQ.E5i8Dt8boat-heqVe0zQpXRaBnXhMKO9evqFxEhme0I
2021-02-27 19:52:54 INFO  UserInfoApiObjectTest:81 - 查询所有用户信息
2021-02-27 19:52:54 INFO  UserInfoApiObject:48 - 查询所有用户信息ApiObject，请求携带token：eyJ0eXAiOiJKV1QiLCJhbGciOiJIUzI1NiJ9.eyJpZCI6IjEiLCJ1c2VyTmFtZSI6InhpYW9ob25nIiwiZXhwIjoxNjE1MDMxNTcwfQ.E5i8Dt8boat-heqVe0zQpXRaBnXhMKO9evqFxEhme0I
2021-02-27 19:52:54 INFO  UserInfoApiObjectTest:84 - 查询所有用户信息接口返回信息：{
    "code": "00000",
    "message": "成功",
    "data": [
        {
            "userId": 49,
            "userName": "孙勇",
            "email": "15569003009@qq.com",
            "phone": "13614752400",
            "friends": [
                {
                    "userId": 11,
                    "userName": "小红喵",
                    "email": "xiaohongmiao@qq.com",
                    "phone": "18623456555",
                    "friends": null
                },
                {
                    "userId": 12,
                    "userName": "小红旺",
                    "email": "xiaohongwang@qq.com",
                    "phone": "18623456566",
                    "friends": null
                }
            ]
        }
    ],
    "success": true
}
2021-02-27 19:52:54 INFO  UserInfoApiObject:48 - 查询所有用户信息ApiObject，请求携带token：eyJ0eXAiOiJKV1QiLCJhbGciOiJIUzI1NiJ9.eyJpZCI6IjEiLCJ1c2VyTmFtZSI6InhpYW9ob25nIiwiZXhwIjoxNjE1MDMxNTcwfQ.E5i8Dt8boat-heqVe0zQpXRaBnXhMKO9evqFxEhme0I
2021-02-27 19:52:54 INFO  UserInfoApiObject:113 - 通过userId删除用户信息ApiObject，请求UserId：49，请求携带token：eyJ0eXAiOiJKV1QiLCJhbGciOiJIUzI1NiJ9.eyJpZCI6IjEiLCJ1c2VyTmFtZSI6InhpYW9ob25nIiwiZXhwIjoxNjE1MDMxNTcwfQ.E5i8Dt8boat-heqVe0zQpXRaBnXhMKO9evqFxEhme0I
2021-02-27 19:52:54 INFO  UserInfoApiObject:48 - 查询所有用户信息ApiObject，请求携带token：eyJ0eXAiOiJKV1QiLCJhbGciOiJIUzI1NiJ9.eyJpZCI6IjEiLCJ1c2VyTmFtZSI6InhpYW9ob25nIiwiZXhwIjoxNjE1MDMxNTcwfQ.E5i8Dt8boat-heqVe0zQpXRaBnXhMKO9evqFxEhme0I
2021-02-27 19:52:55 INFO  MustacheUtils:43 - 读取模板文件:mustache/userInfo.mustache，替换的内容:{"userName":"段秀荣","userId":31,"phoneNumber":"15267149311","email":"18558097855@qq.com"}
2021-02-27 19:52:55 INFO  UserInfoApiObject:27 - 创建用户信息ApiObject，请求主体：{
"userId":31,
"userName":"段秀荣",
"email":"18558097855@qq.com",
"phone":"15267149311",
"friends":[
{
"userId":11,
"userName":"小红喵",
"email":"xiaohongmiao@qq.com",
"phone":"18623456555"
},
{
"userId":12,
"userName":"小红旺",
"email":"xiaohongwang@qq.com",
"phone":"18623456566"
}
]
},请求携带token：eyJ0eXAiOiJKV1QiLCJhbGciOiJIUzI1NiJ9.eyJpZCI6IjEiLCJ1c2VyTmFtZSI6InhpYW9ob25nIiwiZXhwIjoxNjE1MDMxNTcwfQ.E5i8Dt8boat-heqVe0zQpXRaBnXhMKO9evqFxEhme0I
2021-02-27 19:52:55 INFO  UserInfoApiObject:48 - 查询所有用户信息ApiObject，请求携带token：eyJ0eXAiOiJKV1QiLCJhbGciOiJIUzI1NiJ9.eyJpZCI6IjEiLCJ1c2VyTmFtZSI6InhpYW9ob25nIiwiZXhwIjoxNjE1MDMxNTcwfQ.E5i8Dt8boat-heqVe0zQpXRaBnXhMKO9evqFxEhme0I
2021-02-27 19:52:55 INFO  UserInfoApiObjectTest:101 - 通过UserId查询用户信息
2021-02-27 19:52:55 INFO  UserInfoApiObjectTest:104 - 获取到的UserId：31
2021-02-27 19:52:55 INFO  UserInfoApiObject:69 - 通过userId查询用户信息ApiObject，请求UserId：31，请求携带token：eyJ0eXAiOiJKV1QiLCJhbGciOiJIUzI1NiJ9.eyJpZCI6IjEiLCJ1c2VyTmFtZSI6InhpYW9ob25nIiwiZXhwIjoxNjE1MDMxNTcwfQ.E5i8Dt8boat-heqVe0zQpXRaBnXhMKO9evqFxEhme0I
2021-02-27 19:52:55 INFO  UserInfoApiObjectTest:106 - 通过UserId查询用户信息接口返回信息：{
    "code": "00000",
    "message": "成功",
    "data": {
        "userId": 31,
        "userName": "段秀荣",
        "email": "18558097855@qq.com",
        "phone": "15267149311",
        "friends": [
            {
                "userId": 11,
                "userName": "小红喵",
                "email": "xiaohongmiao@qq.com",
                "phone": "18623456555",
                "friends": null
            },
            {
                "userId": 12,
                "userName": "小红旺",
                "email": "xiaohongwang@qq.com",
                "phone": "18623456566",
                "friends": null
            }
        ]
    },
    "success": true
}
2021-02-27 19:52:55 INFO  UserInfoApiObject:48 - 查询所有用户信息ApiObject，请求携带token：eyJ0eXAiOiJKV1QiLCJhbGciOiJIUzI1NiJ9.eyJpZCI6IjEiLCJ1c2VyTmFtZSI6InhpYW9ob25nIiwiZXhwIjoxNjE1MDMxNTcwfQ.E5i8Dt8boat-heqVe0zQpXRaBnXhMKO9evqFxEhme0I
2021-02-27 19:52:55 INFO  UserInfoApiObject:113 - 通过userId删除用户信息ApiObject，请求UserId：31，请求携带token：eyJ0eXAiOiJKV1QiLCJhbGciOiJIUzI1NiJ9.eyJpZCI6IjEiLCJ1c2VyTmFtZSI6InhpYW9ob25nIiwiZXhwIjoxNjE1MDMxNTcwfQ.E5i8Dt8boat-heqVe0zQpXRaBnXhMKO9evqFxEhme0I
2021-02-27 19:52:55 INFO  JsonPathUtils:54 - 读取JSON文件:/json/book.json，替换的内容:{"$.store.book[*].author":"测试作者"}
2021-02-27 19:52:55 INFO  JsonPathUtils:54 - 读取JSON文件:/json/book.json，替换的内容:{"$.store.*":"all change"}
2021-02-27 19:52:55 INFO  JsonPathUtils:54 - 读取JSON文件:/json/book.json，替换的内容:{"$..book[0,1]":"first two change"}
2021-02-27 19:52:55 INFO  MustacheUtils:43 - 读取模板文件:mustache/book.mustache，替换的内容:{"author":"mustacheAuthor","price":56.8}
2021-03-03 14:24:28 INFO  UserLoginApiObject:27 - 用户登录ApiObject，接口请求主体：{
    "username":"xiaohong",
    "password":"123123"
}
2021-03-03 14:24:31 INFO  CreateUserInfoThreadTest:58 - 获取接口token：eyJ0eXAiOiJKV1QiLCJhbGciOiJIUzI1NiJ9.eyJpZCI6IjEiLCJ1c2VyTmFtZSI6InhpYW9ob25nIiwiZXhwIjoxNjE1MzU3NDcwfQ.5YQHmegfrcFk4hugH99beAXRkLoth5BKzBR53CEg4nY
2021-03-03 14:24:41 INFO  CreateUserInfoThreadTest:76 - 创建用户信息请求body：{"userName":"小红","userId":1,"friends":[{"userName":"小红喵","userId":11,"phone":"18623456555","email":"xiaohongmiao@qq.com"},{"userName":"小红旺","userId":12,"phone":"18623456566","email":"xiaohongwang@qq.com"}],"phone":"18623456543","email":"xiaohong@qq.com"}
2021-03-03 14:24:41 INFO  UserInfoApiObject:27 - 创建用户信息ApiObject，请求主体：{
    "userId":1,
    "userName":"小红",
    "email":"xiaohong@qq.com",
    "phone":"18623456543",
    "friends":[
        {
            "userId":11,
            "userName":"小红喵",
            "email":"xiaohongmiao@qq.com",
            "phone":"18623456555"
        },
        {
            "userId":12,
            "userName":"小红旺",
            "email":"xiaohongwang@qq.com",
            "phone":"18623456566"
        }
    ]
},请求携带token：eyJ0eXAiOiJKV1QiLCJhbGciOiJIUzI1NiJ9.eyJpZCI6IjEiLCJ1c2VyTmFtZSI6InhpYW9ob25nIiwiZXhwIjoxNjE1MzU3NDcwfQ.5YQHmegfrcFk4hugH99beAXRkLoth5BKzBR53CEg4nY
2021-03-03 14:24:41 INFO  CreateUserInfoThreadTest:79 - 创建用户信息接口返回信息：{
    "code": "00000",
    "message": "成功",
    "data": {
        "userId": 1,
        "userName": "小红",
        "email": "xiaohong@qq.com",
        "phone": "18623456543",
        "friends": [
            {
                "userId": 11,
                "userName": "小红喵",
                "email": "xiaohongmiao@qq.com",
                "phone": "18623456555",
                "friends": null
            },
            {
                "userId": 12,
                "userName": "小红旺",
                "email": "xiaohongwang@qq.com",
                "phone": "18623456566",
                "friends": null
            }
        ]
    },
    "success": true
}
2021-03-03 14:24:41 INFO  CreateUserInfoThreadTest:80 - 创建用户信息测试结果断言
2021-03-03 14:24:46 INFO  CreateUserInfoThreadTest:76 - 创建用户信息请求body：{"userName":"小红","userId":1,"friends":[{"userName":"小红喵","userId":11,"phone":"18623456555","email":"xiaohongmiao@qq.com"},{"userName":"小红旺","userId":12,"phone":"18623456566","email":"xiaohongwang@qq.com"}],"phone":"18623456543","email":"xiaohong@qq.com"}
2021-03-03 14:24:46 INFO  UserInfoApiObject:27 - 创建用户信息ApiObject，请求主体：{
    "userId":1,
    "userName":"小红",
    "email":"xiaohong@qq.com",
    "phone":"18623456543",
    "friends":[
        {
            "userId":11,
            "userName":"小红喵",
            "email":"xiaohongmiao@qq.com",
            "phone":"18623456555"
        },
        {
            "userId":12,
            "userName":"小红旺",
            "email":"xiaohongwang@qq.com",
            "phone":"18623456566"
        }
    ]
},请求携带token：eyJ0eXAiOiJKV1QiLCJhbGciOiJIUzI1NiJ9.eyJpZCI6IjEiLCJ1c2VyTmFtZSI6InhpYW9ob25nIiwiZXhwIjoxNjE1MzU3NDcwfQ.5YQHmegfrcFk4hugH99beAXRkLoth5BKzBR53CEg4nY
2021-03-03 14:24:46 INFO  CreateUserInfoThreadTest:79 - 创建用户信息接口返回信息：{
    "code": "00001",
    "message": "失败",
    "data": "用户已存在",
    "success": false
}
2021-03-03 14:24:46 INFO  CreateUserInfoThreadTest:80 - 创建用户信息测试结果断言
2021-03-03 14:24:51 INFO  CreateUserInfoThreadTest:76 - 创建用户信息请求body：{"userName":"小红","userId":1,"friends":[{"userName":"小红喵","userId":11,"phone":"18623456555","email":"xiaohongmiao@qq.com"},{"userName":"小红旺","userId":12,"phone":"18623456566","email":"xiaohongwang@qq.com"}],"phone":"18623456543","email":"xiaohong@qq.com"}
2021-03-03 14:24:51 INFO  UserInfoApiObject:27 - 创建用户信息ApiObject，请求主体：{
    "userId":1,
    "userName":"小红",
    "email":"xiaohong@qq.com",
    "phone":"18623456543",
    "friends":[
        {
            "userId":11,
            "userName":"小红喵",
            "email":"xiaohongmiao@qq.com",
            "phone":"18623456555"
        },
        {
            "userId":12,
            "userName":"小红旺",
            "email":"xiaohongwang@qq.com",
            "phone":"18623456566"
        }
    ]
},请求携带token：eyJ0eXAiOiJKV1QiLCJhbGciOiJIUzI1NiJ9.eyJpZCI6IjEiLCJ1c2VyTmFtZSI6InhpYW9ob25nIiwiZXhwIjoxNjE1MzU3NDcwfQ.5YQHmegfrcFk4hugH99beAXRkLoth5BKzBR53CEg4nY
2021-03-03 14:24:51 INFO  CreateUserInfoThreadTest:79 - 创建用户信息接口返回信息：{
    "code": "00001",
    "message": "失败",
    "data": "用户已存在",
    "success": false
}
2021-03-03 14:24:51 INFO  CreateUserInfoThreadTest:80 - 创建用户信息测试结果断言
2021-03-03 14:24:51 INFO  UserLoginApiObject:27 - 用户登录ApiObject，接口请求主体：{
    "username":"xiaohong",
    "password":"123123"
}
2021-03-03 14:24:51 INFO  UserInfoApiObjectTest:37 - 获取接口token：eyJ0eXAiOiJKV1QiLCJhbGciOiJIUzI1NiJ9.eyJpZCI6IjEiLCJ1c2VyTmFtZSI6InhpYW9ob25nIiwiZXhwIjoxNjE1MzU3NDkxfQ.hQ0JATp_IVQ506shLL2KJxeA5OWwteqlmVJ2U2cLhs0
2021-03-03 14:24:57 INFO  UserInfoApiObject:48 - 查询所有用户信息ApiObject，请求携带token：eyJ0eXAiOiJKV1QiLCJhbGciOiJIUzI1NiJ9.eyJpZCI6IjEiLCJ1c2VyTmFtZSI6InhpYW9ob25nIiwiZXhwIjoxNjE1MzU3NDkxfQ.hQ0JATp_IVQ506shLL2KJxeA5OWwteqlmVJ2U2cLhs0
2021-03-03 14:24:57 INFO  UserInfoApiObject:113 - 通过userId删除用户信息ApiObject，请求UserId：1，请求携带token：eyJ0eXAiOiJKV1QiLCJhbGciOiJIUzI1NiJ9.eyJpZCI6IjEiLCJ1c2VyTmFtZSI6InhpYW9ob25nIiwiZXhwIjoxNjE1MzU3NDkxfQ.hQ0JATp_IVQ506shLL2KJxeA5OWwteqlmVJ2U2cLhs0
2021-03-03 14:24:58 INFO  MustacheUtils:43 - 读取模板文件:mustache/userInfo.mustache，替换的内容:{"userName":"李萍","userId":73,"phoneNumber":"13252752498","email":"18623169544@qq.com"}
2021-03-03 14:24:58 INFO  UserInfoApiObject:27 - 创建用户信息ApiObject，请求主体：{
"userId":73,
"userName":"李萍",
"email":"18623169544@qq.com",
"phone":"13252752498",
"friends":[
{
"userId":11,
"userName":"小红喵",
"email":"xiaohongmiao@qq.com",
"phone":"18623456555"
},
{
"userId":12,
"userName":"小红旺",
"email":"xiaohongwang@qq.com",
"phone":"18623456566"
}
]
},请求携带token：eyJ0eXAiOiJKV1QiLCJhbGciOiJIUzI1NiJ9.eyJpZCI6IjEiLCJ1c2VyTmFtZSI6InhpYW9ob25nIiwiZXhwIjoxNjE1MzU3NDkxfQ.hQ0JATp_IVQ506shLL2KJxeA5OWwteqlmVJ2U2cLhs0
2021-03-03 14:24:58 INFO  UserInfoApiObject:48 - 查询所有用户信息ApiObject，请求携带token：eyJ0eXAiOiJKV1QiLCJhbGciOiJIUzI1NiJ9.eyJpZCI6IjEiLCJ1c2VyTmFtZSI6InhpYW9ob25nIiwiZXhwIjoxNjE1MzU3NDkxfQ.hQ0JATp_IVQ506shLL2KJxeA5OWwteqlmVJ2U2cLhs0
2021-03-03 14:24:58 INFO  UserInfoApiObjectTest:155 - 获取到的UserId：73
2021-03-03 14:24:58 INFO  UserInfoApiObjectTest:156 - 通过UserId删除用户信息
2021-03-03 14:24:58 INFO  UserInfoApiObject:113 - 通过userId删除用户信息ApiObject，请求UserId：73，请求携带token：eyJ0eXAiOiJKV1QiLCJhbGciOiJIUzI1NiJ9.eyJpZCI6IjEiLCJ1c2VyTmFtZSI6InhpYW9ob25nIiwiZXhwIjoxNjE1MzU3NDkxfQ.hQ0JATp_IVQ506shLL2KJxeA5OWwteqlmVJ2U2cLhs0
2021-03-03 14:24:58 INFO  UserInfoApiObjectTest:159 - 通过UserId删除用户信息：{
    "code": "00000",
    "message": "成功",
    "data": {
        "userId": 73,
        "userName": "李萍",
        "email": "18623169544@qq.com",
        "phone": "13252752498",
        "friends": [
            {
                "userId": 11,
                "userName": "小红喵",
                "email": "xiaohongmiao@qq.com",
                "phone": "18623456555",
                "friends": null
            },
            {
                "userId": 12,
                "userName": "小红旺",
                "email": "xiaohongwang@qq.com",
                "phone": "18623456566",
                "friends": null
            }
        ]
    },
    "success": true
}
2021-03-03 14:24:58 INFO  UserInfoApiObject:48 - 查询所有用户信息ApiObject，请求携带token：eyJ0eXAiOiJKV1QiLCJhbGciOiJIUzI1NiJ9.eyJpZCI6IjEiLCJ1c2VyTmFtZSI6InhpYW9ob25nIiwiZXhwIjoxNjE1MzU3NDkxfQ.hQ0JATp_IVQ506shLL2KJxeA5OWwteqlmVJ2U2cLhs0
2021-03-03 14:25:03 INFO  UserInfoApiObject:48 - 查询所有用户信息ApiObject，请求携带token：eyJ0eXAiOiJKV1QiLCJhbGciOiJIUzI1NiJ9.eyJpZCI6IjEiLCJ1c2VyTmFtZSI6InhpYW9ob25nIiwiZXhwIjoxNjE1MzU3NDkxfQ.hQ0JATp_IVQ506shLL2KJxeA5OWwteqlmVJ2U2cLhs0
2021-03-03 14:25:04 INFO  MustacheUtils:43 - 读取模板文件:mustache/userInfo.mustache，替换的内容:{"userName":"常桂花","userId":30,"phoneNumber":"13319649310","email":"14502556226@qq.com"}
2021-03-03 14:25:04 INFO  UserInfoApiObject:27 - 创建用户信息ApiObject，请求主体：{
"userId":30,
"userName":"常桂花",
"email":"14502556226@qq.com",
"phone":"13319649310",
"friends":[
{
"userId":11,
"userName":"小红喵",
"email":"xiaohongmiao@qq.com",
"phone":"18623456555"
},
{
"userId":12,
"userName":"小红旺",
"email":"xiaohongwang@qq.com",
"phone":"18623456566"
}
]
},请求携带token：eyJ0eXAiOiJKV1QiLCJhbGciOiJIUzI1NiJ9.eyJpZCI6IjEiLCJ1c2VyTmFtZSI6InhpYW9ob25nIiwiZXhwIjoxNjE1MzU3NDkxfQ.hQ0JATp_IVQ506shLL2KJxeA5OWwteqlmVJ2U2cLhs0
2021-03-03 14:25:04 INFO  UserInfoApiObject:48 - 查询所有用户信息ApiObject，请求携带token：eyJ0eXAiOiJKV1QiLCJhbGciOiJIUzI1NiJ9.eyJpZCI6IjEiLCJ1c2VyTmFtZSI6InhpYW9ob25nIiwiZXhwIjoxNjE1MzU3NDkxfQ.hQ0JATp_IVQ506shLL2KJxeA5OWwteqlmVJ2U2cLhs0
2021-03-03 14:25:04 INFO  UserInfoApiObjectTest:125 - 获取到的UserId：30
2021-03-03 14:25:04 INFO  UserInfoApiObjectTest:132 - 更新用户信息请求body：{"userName":"小红红","userId":30,"phone":"18623456543","email":"xiaohong红@qq.com"}
2021-03-03 14:25:04 INFO  UserInfoApiObjectTest:133 - 通过UserId更新用户信息
2021-03-03 14:25:04 INFO  UserInfoApiObject:91 - 通过userId更新用户信息ApiObject，请求UserId：30，请求更新用户信息主体：{
    "userId":30,
    "userName":"小红红",
    "email":"xiaohong红@qq.com",
    "phone":"18623456543"
}，请求携带token：eyJ0eXAiOiJKV1QiLCJhbGciOiJIUzI1NiJ9.eyJpZCI6IjEiLCJ1c2VyTmFtZSI6InhpYW9ob25nIiwiZXhwIjoxNjE1MzU3NDkxfQ.hQ0JATp_IVQ506shLL2KJxeA5OWwteqlmVJ2U2cLhs0
2021-03-03 14:25:04 INFO  UserInfoApiObjectTest:136 - 通过UserId更新用户信息接口返回信息：{
    "code": "00000",
    "message": "成功",
    "data": {
        "userId": 30,
        "userName": "小红红",
        "email": "xiaohong红@qq.com",
        "phone": "18623456543",
        "friends": null
    },
    "success": true
}
2021-03-03 14:25:04 INFO  UserInfoApiObject:48 - 查询所有用户信息ApiObject，请求携带token：eyJ0eXAiOiJKV1QiLCJhbGciOiJIUzI1NiJ9.eyJpZCI6IjEiLCJ1c2VyTmFtZSI6InhpYW9ob25nIiwiZXhwIjoxNjE1MzU3NDkxfQ.hQ0JATp_IVQ506shLL2KJxeA5OWwteqlmVJ2U2cLhs0
2021-03-03 14:25:04 INFO  UserInfoApiObject:113 - 通过userId删除用户信息ApiObject，请求UserId：30，请求携带token：eyJ0eXAiOiJKV1QiLCJhbGciOiJIUzI1NiJ9.eyJpZCI6IjEiLCJ1c2VyTmFtZSI6InhpYW9ob25nIiwiZXhwIjoxNjE1MzU3NDkxfQ.hQ0JATp_IVQ506shLL2KJxeA5OWwteqlmVJ2U2cLhs0
2021-03-03 14:25:09 INFO  UserInfoApiObject:48 - 查询所有用户信息ApiObject，请求携带token：eyJ0eXAiOiJKV1QiLCJhbGciOiJIUzI1NiJ9.eyJpZCI6IjEiLCJ1c2VyTmFtZSI6InhpYW9ob25nIiwiZXhwIjoxNjE1MzU3NDkxfQ.hQ0JATp_IVQ506shLL2KJxeA5OWwteqlmVJ2U2cLhs0
2021-03-03 14:25:09 INFO  MustacheUtils:43 - 读取模板文件:mustache/userInfo.mustache，替换的内容:{"userName":"张桂英","userId":86,"phoneNumber":"13212611683","email":"15253539741@qq.com"}
2021-03-03 14:25:09 INFO  UserInfoApiObjectTest:58 - 创建用户信息请求body：{"userName":"张桂英","userId":86,"friends":[{"userName":"小红喵","userId":11,"phone":"18623456555","email":"xiaohongmiao@qq.com"},{"userName":"小红旺","userId":12,"phone":"18623456566","email":"xiaohongwang@qq.com"}],"phone":"13212611683","email":"15253539741@qq.com"}
2021-03-03 14:25:10 INFO  MustacheUtils:43 - 读取模板文件:mustache/userInfo.mustache，替换的内容:{"userName":"高建平","userId":66,"phoneNumber":"18295159734","email":"13291854970@qq.com"}
2021-03-03 14:25:10 INFO  UserInfoApiObject:27 - 创建用户信息ApiObject，请求主体：{
"userId":66,
"userName":"高建平",
"email":"13291854970@qq.com",
"phone":"18295159734",
"friends":[
{
"userId":11,
"userName":"小红喵",
"email":"xiaohongmiao@qq.com",
"phone":"18623456555"
},
{
"userId":12,
"userName":"小红旺",
"email":"xiaohongwang@qq.com",
"phone":"18623456566"
}
]
},请求携带token：eyJ0eXAiOiJKV1QiLCJhbGciOiJIUzI1NiJ9.eyJpZCI6IjEiLCJ1c2VyTmFtZSI6InhpYW9ob25nIiwiZXhwIjoxNjE1MzU3NDkxfQ.hQ0JATp_IVQ506shLL2KJxeA5OWwteqlmVJ2U2cLhs0
2021-03-03 14:25:10 INFO  UserInfoApiObjectTest:60 - 创建用户信息接口返回信息：{
    "code": "00000",
    "message": "成功",
    "data": {
        "userId": 66,
        "userName": "高建平",
        "email": "13291854970@qq.com",
        "phone": "18295159734",
        "friends": [
            {
                "userId": 11,
                "userName": "小红喵",
                "email": "xiaohongmiao@qq.com",
                "phone": "18623456555",
                "friends": null
            },
            {
                "userId": 12,
                "userName": "小红旺",
                "email": "xiaohongwang@qq.com",
                "phone": "18623456566",
                "friends": null
            }
        ]
    },
    "success": true
}
2021-03-03 14:25:10 INFO  UserInfoApiObjectTest:61 - 创建用户信息测试结果断言
2021-03-03 14:25:10 INFO  UserInfoApiObject:48 - 查询所有用户信息ApiObject，请求携带token：eyJ0eXAiOiJKV1QiLCJhbGciOiJIUzI1NiJ9.eyJpZCI6IjEiLCJ1c2VyTmFtZSI6InhpYW9ob25nIiwiZXhwIjoxNjE1MzU3NDkxfQ.hQ0JATp_IVQ506shLL2KJxeA5OWwteqlmVJ2U2cLhs0
2021-03-03 14:25:10 INFO  UserInfoApiObject:113 - 通过userId删除用户信息ApiObject，请求UserId：66，请求携带token：eyJ0eXAiOiJKV1QiLCJhbGciOiJIUzI1NiJ9.eyJpZCI6IjEiLCJ1c2VyTmFtZSI6InhpYW9ob25nIiwiZXhwIjoxNjE1MzU3NDkxfQ.hQ0JATp_IVQ506shLL2KJxeA5OWwteqlmVJ2U2cLhs0
2021-03-03 14:25:15 INFO  UserInfoApiObject:48 - 查询所有用户信息ApiObject，请求携带token：eyJ0eXAiOiJKV1QiLCJhbGciOiJIUzI1NiJ9.eyJpZCI6IjEiLCJ1c2VyTmFtZSI6InhpYW9ob25nIiwiZXhwIjoxNjE1MzU3NDkxfQ.hQ0JATp_IVQ506shLL2KJxeA5OWwteqlmVJ2U2cLhs0
2021-03-03 14:25:16 INFO  MustacheUtils:43 - 读取模板文件:mustache/userInfo.mustache，替换的内容:{"userName":"杨波","userId":44,"phoneNumber":"13997433148","email":"15990961828@qq.com"}
2021-03-03 14:25:16 INFO  UserInfoApiObject:27 - 创建用户信息ApiObject，请求主体：{
"userId":44,
"userName":"杨波",
"email":"15990961828@qq.com",
"phone":"13997433148",
"friends":[
{
"userId":11,
"userName":"小红喵",
"email":"xiaohongmiao@qq.com",
"phone":"18623456555"
},
{
"userId":12,
"userName":"小红旺",
"email":"xiaohongwang@qq.com",
"phone":"18623456566"
}
]
},请求携带token：eyJ0eXAiOiJKV1QiLCJhbGciOiJIUzI1NiJ9.eyJpZCI6IjEiLCJ1c2VyTmFtZSI6InhpYW9ob25nIiwiZXhwIjoxNjE1MzU3NDkxfQ.hQ0JATp_IVQ506shLL2KJxeA5OWwteqlmVJ2U2cLhs0
2021-03-03 14:25:16 INFO  UserInfoApiObjectTest:81 - 查询所有用户信息
2021-03-03 14:25:16 INFO  UserInfoApiObject:48 - 查询所有用户信息ApiObject，请求携带token：eyJ0eXAiOiJKV1QiLCJhbGciOiJIUzI1NiJ9.eyJpZCI6IjEiLCJ1c2VyTmFtZSI6InhpYW9ob25nIiwiZXhwIjoxNjE1MzU3NDkxfQ.hQ0JATp_IVQ506shLL2KJxeA5OWwteqlmVJ2U2cLhs0
2021-03-03 14:25:16 INFO  UserInfoApiObjectTest:84 - 查询所有用户信息接口返回信息：{
    "code": "00000",
    "message": "成功",
    "data": [
        {
            "userId": 44,
            "userName": "杨波",
            "email": "15990961828@qq.com",
            "phone": "13997433148",
            "friends": [
                {
                    "userId": 11,
                    "userName": "小红喵",
                    "email": "xiaohongmiao@qq.com",
                    "phone": "18623456555",
                    "friends": null
                },
                {
                    "userId": 12,
                    "userName": "小红旺",
                    "email": "xiaohongwang@qq.com",
                    "phone": "18623456566",
                    "friends": null
                }
            ]
        }
    ],
    "success": true
}
2021-03-03 14:25:16 INFO  UserInfoApiObject:48 - 查询所有用户信息ApiObject，请求携带token：eyJ0eXAiOiJKV1QiLCJhbGciOiJIUzI1NiJ9.eyJpZCI6IjEiLCJ1c2VyTmFtZSI6InhpYW9ob25nIiwiZXhwIjoxNjE1MzU3NDkxfQ.hQ0JATp_IVQ506shLL2KJxeA5OWwteqlmVJ2U2cLhs0
2021-03-03 14:25:16 INFO  UserInfoApiObject:113 - 通过userId删除用户信息ApiObject，请求UserId：44，请求携带token：eyJ0eXAiOiJKV1QiLCJhbGciOiJIUzI1NiJ9.eyJpZCI6IjEiLCJ1c2VyTmFtZSI6InhpYW9ob25nIiwiZXhwIjoxNjE1MzU3NDkxfQ.hQ0JATp_IVQ506shLL2KJxeA5OWwteqlmVJ2U2cLhs0
2021-03-03 14:25:21 INFO  UserInfoApiObject:48 - 查询所有用户信息ApiObject，请求携带token：eyJ0eXAiOiJKV1QiLCJhbGciOiJIUzI1NiJ9.eyJpZCI6IjEiLCJ1c2VyTmFtZSI6InhpYW9ob25nIiwiZXhwIjoxNjE1MzU3NDkxfQ.hQ0JATp_IVQ506shLL2KJxeA5OWwteqlmVJ2U2cLhs0
2021-03-03 14:25:22 INFO  MustacheUtils:43 - 读取模板文件:mustache/userInfo.mustache，替换的内容:{"userName":"豆璐","userId":66,"phoneNumber":"14566797455","email":"15606026169@qq.com"}
2021-03-03 14:25:22 INFO  UserInfoApiObject:27 - 创建用户信息ApiObject，请求主体：{
"userId":66,
"userName":"豆璐",
"email":"15606026169@qq.com",
"phone":"14566797455",
"friends":[
{
"userId":11,
"userName":"小红喵",
"email":"xiaohongmiao@qq.com",
"phone":"18623456555"
},
{
"userId":12,
"userName":"小红旺",
"email":"xiaohongwang@qq.com",
"phone":"18623456566"
}
]
},请求携带token：eyJ0eXAiOiJKV1QiLCJhbGciOiJIUzI1NiJ9.eyJpZCI6IjEiLCJ1c2VyTmFtZSI6InhpYW9ob25nIiwiZXhwIjoxNjE1MzU3NDkxfQ.hQ0JATp_IVQ506shLL2KJxeA5OWwteqlmVJ2U2cLhs0
2021-03-03 14:25:22 INFO  UserInfoApiObject:48 - 查询所有用户信息ApiObject，请求携带token：eyJ0eXAiOiJKV1QiLCJhbGciOiJIUzI1NiJ9.eyJpZCI6IjEiLCJ1c2VyTmFtZSI6InhpYW9ob25nIiwiZXhwIjoxNjE1MzU3NDkxfQ.hQ0JATp_IVQ506shLL2KJxeA5OWwteqlmVJ2U2cLhs0
2021-03-03 14:25:22 INFO  UserInfoApiObjectTest:101 - 通过UserId查询用户信息
2021-03-03 14:25:22 INFO  UserInfoApiObjectTest:104 - 获取到的UserId：66
2021-03-03 14:25:22 INFO  UserInfoApiObject:69 - 通过userId查询用户信息ApiObject，请求UserId：66，请求携带token：eyJ0eXAiOiJKV1QiLCJhbGciOiJIUzI1NiJ9.eyJpZCI6IjEiLCJ1c2VyTmFtZSI6InhpYW9ob25nIiwiZXhwIjoxNjE1MzU3NDkxfQ.hQ0JATp_IVQ506shLL2KJxeA5OWwteqlmVJ2U2cLhs0
2021-03-03 14:25:22 INFO  UserInfoApiObjectTest:106 - 通过UserId查询用户信息接口返回信息：{
    "code": "00000",
    "message": "成功",
    "data": {
        "userId": 66,
        "userName": "豆璐",
        "email": "15606026169@qq.com",
        "phone": "14566797455",
        "friends": [
            {
                "userId": 11,
                "userName": "小红喵",
                "email": "xiaohongmiao@qq.com",
                "phone": "18623456555",
                "friends": null
            },
            {
                "userId": 12,
                "userName": "小红旺",
                "email": "xiaohongwang@qq.com",
                "phone": "18623456566",
                "friends": null
            }
        ]
    },
    "success": true
}
2021-03-03 14:25:22 INFO  UserInfoApiObject:48 - 查询所有用户信息ApiObject，请求携带token：eyJ0eXAiOiJKV1QiLCJhbGciOiJIUzI1NiJ9.eyJpZCI6IjEiLCJ1c2VyTmFtZSI6InhpYW9ob25nIiwiZXhwIjoxNjE1MzU3NDkxfQ.hQ0JATp_IVQ506shLL2KJxeA5OWwteqlmVJ2U2cLhs0
2021-03-03 14:25:22 INFO  UserInfoApiObject:113 - 通过userId删除用户信息ApiObject，请求UserId：66，请求携带token：eyJ0eXAiOiJKV1QiLCJhbGciOiJIUzI1NiJ9.eyJpZCI6IjEiLCJ1c2VyTmFtZSI6InhpYW9ob25nIiwiZXhwIjoxNjE1MzU3NDkxfQ.hQ0JATp_IVQ506shLL2KJxeA5OWwteqlmVJ2U2cLhs0
2021-03-03 14:25:27 INFO  JsonPathUtils:54 - 读取JSON文件:/json/book.json，替换的内容:{"$.store.book[*].author":"测试作者"}
2021-03-03 14:25:32 INFO  JsonPathUtils:54 - 读取JSON文件:/json/book.json，替换的内容:{"$.store.*":"all change"}
2021-03-03 14:25:37 INFO  JsonPathUtils:54 - 读取JSON文件:/json/book.json，替换的内容:{"$..book[0,1]":"first two change"}
2021-03-03 14:25:42 INFO  MustacheUtils:43 - 读取模板文件:mustache/book.mustache，替换的内容:{"author":"mustacheAuthor","price":56.8}
2021-03-03 14:36:27 INFO  UserLoginApiObject:27 - 用户登录ApiObject，接口请求主体：{
    "username":"xiaohong",
    "password":"123123"
}
2021-03-03 14:36:29 INFO  CreateUserInfoThreadTest:58 - 获取接口token：eyJ0eXAiOiJKV1QiLCJhbGciOiJIUzI1NiJ9.eyJpZCI6IjEiLCJ1c2VyTmFtZSI6InhpYW9ob25nIiwiZXhwIjoxNjE1MzU4MTg4fQ.QfgrF61E9ZjnXEyzxr9VDY8onLNsDkjM0LpFJVnEGtQ
2021-03-03 14:36:40 INFO  CreateUserInfoThreadTest:76 - 创建用户信息请求body：{"userName":"小红","userId":1,"friends":[{"userName":"小红喵","userId":11,"phone":"18623456555","email":"xiaohongmiao@qq.com"},{"userName":"小红旺","userId":12,"phone":"18623456566","email":"xiaohongwang@qq.com"}],"phone":"18623456543","email":"xiaohong@qq.com"}
2021-03-03 14:36:40 INFO  UserInfoApiObject:27 - 创建用户信息ApiObject，请求主体：{
    "userId":1,
    "userName":"小红",
    "email":"xiaohong@qq.com",
    "phone":"18623456543",
    "friends":[
        {
            "userId":11,
            "userName":"小红喵",
            "email":"xiaohongmiao@qq.com",
            "phone":"18623456555"
        },
        {
            "userId":12,
            "userName":"小红旺",
            "email":"xiaohongwang@qq.com",
            "phone":"18623456566"
        }
    ]
},请求携带token：eyJ0eXAiOiJKV1QiLCJhbGciOiJIUzI1NiJ9.eyJpZCI6IjEiLCJ1c2VyTmFtZSI6InhpYW9ob25nIiwiZXhwIjoxNjE1MzU4MTg4fQ.QfgrF61E9ZjnXEyzxr9VDY8onLNsDkjM0LpFJVnEGtQ
2021-03-03 14:36:40 INFO  CreateUserInfoThreadTest:79 - 创建用户信息接口返回信息：{
    "code": "00000",
    "message": "成功",
    "data": {
        "userId": 1,
        "userName": "小红",
        "email": "xiaohong@qq.com",
        "phone": "18623456543",
        "friends": [
            {
                "userId": 11,
                "userName": "小红喵",
                "email": "xiaohongmiao@qq.com",
                "phone": "18623456555",
                "friends": null
            },
            {
                "userId": 12,
                "userName": "小红旺",
                "email": "xiaohongwang@qq.com",
                "phone": "18623456566",
                "friends": null
            }
        ]
    },
    "success": true
}
2021-03-03 14:36:40 INFO  CreateUserInfoThreadTest:80 - 创建用户信息测试结果断言
2021-03-03 14:36:45 INFO  CreateUserInfoThreadTest:76 - 创建用户信息请求body：{"userName":"小红","userId":1,"friends":[{"userName":"小红喵","userId":11,"phone":"18623456555","email":"xiaohongmiao@qq.com"},{"userName":"小红旺","userId":12,"phone":"18623456566","email":"xiaohongwang@qq.com"}],"phone":"18623456543","email":"xiaohong@qq.com"}
2021-03-03 14:36:45 INFO  UserInfoApiObject:27 - 创建用户信息ApiObject，请求主体：{
    "userId":1,
    "userName":"小红",
    "email":"xiaohong@qq.com",
    "phone":"18623456543",
    "friends":[
        {
            "userId":11,
            "userName":"小红喵",
            "email":"xiaohongmiao@qq.com",
            "phone":"18623456555"
        },
        {
            "userId":12,
            "userName":"小红旺",
            "email":"xiaohongwang@qq.com",
            "phone":"18623456566"
        }
    ]
},请求携带token：eyJ0eXAiOiJKV1QiLCJhbGciOiJIUzI1NiJ9.eyJpZCI6IjEiLCJ1c2VyTmFtZSI6InhpYW9ob25nIiwiZXhwIjoxNjE1MzU4MTg4fQ.QfgrF61E9ZjnXEyzxr9VDY8onLNsDkjM0LpFJVnEGtQ
2021-03-03 14:36:45 INFO  CreateUserInfoThreadTest:79 - 创建用户信息接口返回信息：{
    "code": "00001",
    "message": "失败",
    "data": "用户已存在",
    "success": false
}
2021-03-03 14:36:45 INFO  CreateUserInfoThreadTest:80 - 创建用户信息测试结果断言
2021-03-03 14:36:50 INFO  CreateUserInfoThreadTest:76 - 创建用户信息请求body：{"userName":"小红","userId":1,"friends":[{"userName":"小红喵","userId":11,"phone":"18623456555","email":"xiaohongmiao@qq.com"},{"userName":"小红旺","userId":12,"phone":"18623456566","email":"xiaohongwang@qq.com"}],"phone":"18623456543","email":"xiaohong@qq.com"}
2021-03-03 14:36:50 INFO  UserInfoApiObject:27 - 创建用户信息ApiObject，请求主体：{
    "userId":1,
    "userName":"小红",
    "email":"xiaohong@qq.com",
    "phone":"18623456543",
    "friends":[
        {
            "userId":11,
            "userName":"小红喵",
            "email":"xiaohongmiao@qq.com",
            "phone":"18623456555"
        },
        {
            "userId":12,
            "userName":"小红旺",
            "email":"xiaohongwang@qq.com",
            "phone":"18623456566"
        }
    ]
},请求携带token：eyJ0eXAiOiJKV1QiLCJhbGciOiJIUzI1NiJ9.eyJpZCI6IjEiLCJ1c2VyTmFtZSI6InhpYW9ob25nIiwiZXhwIjoxNjE1MzU4MTg4fQ.QfgrF61E9ZjnXEyzxr9VDY8onLNsDkjM0LpFJVnEGtQ
2021-03-03 14:36:50 INFO  CreateUserInfoThreadTest:79 - 创建用户信息接口返回信息：{
    "code": "00001",
    "message": "失败",
    "data": "用户已存在",
    "success": false
}
2021-03-03 14:36:50 INFO  CreateUserInfoThreadTest:80 - 创建用户信息测试结果断言
2021-03-03 14:36:50 INFO  UserLoginApiObject:27 - 用户登录ApiObject，接口请求主体：{
    "username":"xiaohong",
    "password":"123123"
}
2021-03-03 14:36:50 INFO  UserInfoApiObjectTest:37 - 获取接口token：eyJ0eXAiOiJKV1QiLCJhbGciOiJIUzI1NiJ9.eyJpZCI6IjEiLCJ1c2VyTmFtZSI6InhpYW9ob25nIiwiZXhwIjoxNjE1MzU4MjEwfQ.K4qcKNJfmhOK2dXn2AfETvfLCehKQJWnvlUH93bp98c
2021-03-03 14:36:55 INFO  UserInfoApiObject:48 - 查询所有用户信息ApiObject，请求携带token：eyJ0eXAiOiJKV1QiLCJhbGciOiJIUzI1NiJ9.eyJpZCI6IjEiLCJ1c2VyTmFtZSI6InhpYW9ob25nIiwiZXhwIjoxNjE1MzU4MjEwfQ.K4qcKNJfmhOK2dXn2AfETvfLCehKQJWnvlUH93bp98c
2021-03-03 14:36:55 INFO  UserInfoApiObject:113 - 通过userId删除用户信息ApiObject，请求UserId：1，请求携带token：eyJ0eXAiOiJKV1QiLCJhbGciOiJIUzI1NiJ9.eyJpZCI6IjEiLCJ1c2VyTmFtZSI6InhpYW9ob25nIiwiZXhwIjoxNjE1MzU4MjEwfQ.K4qcKNJfmhOK2dXn2AfETvfLCehKQJWnvlUH93bp98c
2021-03-03 14:36:56 INFO  MustacheUtils:43 - 读取模板文件:mustache/userInfo.mustache，替换的内容:{"userName":"刘慧","userId":64,"phoneNumber":"13799644417","email":"18901803755@qq.com"}
2021-03-03 14:36:56 INFO  UserInfoApiObject:27 - 创建用户信息ApiObject，请求主体：{
"userId":64,
"userName":"刘慧",
"email":"18901803755@qq.com",
"phone":"13799644417",
"friends":[
{
"userId":11,
"userName":"小红喵",
"email":"xiaohongmiao@qq.com",
"phone":"18623456555"
},
{
"userId":12,
"userName":"小红旺",
"email":"xiaohongwang@qq.com",
"phone":"18623456566"
}
]
},请求携带token：eyJ0eXAiOiJKV1QiLCJhbGciOiJIUzI1NiJ9.eyJpZCI6IjEiLCJ1c2VyTmFtZSI6InhpYW9ob25nIiwiZXhwIjoxNjE1MzU4MjEwfQ.K4qcKNJfmhOK2dXn2AfETvfLCehKQJWnvlUH93bp98c
2021-03-03 14:36:56 INFO  UserInfoApiObject:48 - 查询所有用户信息ApiObject，请求携带token：eyJ0eXAiOiJKV1QiLCJhbGciOiJIUzI1NiJ9.eyJpZCI6IjEiLCJ1c2VyTmFtZSI6InhpYW9ob25nIiwiZXhwIjoxNjE1MzU4MjEwfQ.K4qcKNJfmhOK2dXn2AfETvfLCehKQJWnvlUH93bp98c
2021-03-03 14:36:56 INFO  UserInfoApiObjectTest:155 - 获取到的UserId：64
2021-03-03 14:36:56 INFO  UserInfoApiObjectTest:156 - 通过UserId删除用户信息
2021-03-03 14:36:56 INFO  UserInfoApiObject:113 - 通过userId删除用户信息ApiObject，请求UserId：64，请求携带token：eyJ0eXAiOiJKV1QiLCJhbGciOiJIUzI1NiJ9.eyJpZCI6IjEiLCJ1c2VyTmFtZSI6InhpYW9ob25nIiwiZXhwIjoxNjE1MzU4MjEwfQ.K4qcKNJfmhOK2dXn2AfETvfLCehKQJWnvlUH93bp98c
2021-03-03 14:36:56 INFO  UserInfoApiObjectTest:159 - 通过UserId删除用户信息：{
    "code": "00000",
    "message": "成功",
    "data": {
        "userId": 64,
        "userName": "刘慧",
        "email": "18901803755@qq.com",
        "phone": "13799644417",
        "friends": [
            {
                "userId": 11,
                "userName": "小红喵",
                "email": "xiaohongmiao@qq.com",
                "phone": "18623456555",
                "friends": null
            },
            {
                "userId": 12,
                "userName": "小红旺",
                "email": "xiaohongwang@qq.com",
                "phone": "18623456566",
                "friends": null
            }
        ]
    },
    "success": true
}
2021-03-03 14:36:56 INFO  UserInfoApiObject:48 - 查询所有用户信息ApiObject，请求携带token：eyJ0eXAiOiJKV1QiLCJhbGciOiJIUzI1NiJ9.eyJpZCI6IjEiLCJ1c2VyTmFtZSI6InhpYW9ob25nIiwiZXhwIjoxNjE1MzU4MjEwfQ.K4qcKNJfmhOK2dXn2AfETvfLCehKQJWnvlUH93bp98c
2021-03-03 14:37:01 INFO  UserInfoApiObject:48 - 查询所有用户信息ApiObject，请求携带token：eyJ0eXAiOiJKV1QiLCJhbGciOiJIUzI1NiJ9.eyJpZCI6IjEiLCJ1c2VyTmFtZSI6InhpYW9ob25nIiwiZXhwIjoxNjE1MzU4MjEwfQ.K4qcKNJfmhOK2dXn2AfETvfLCehKQJWnvlUH93bp98c
2021-03-03 14:37:02 INFO  MustacheUtils:43 - 读取模板文件:mustache/userInfo.mustache，替换的内容:{"userName":"王桂兰","userId":50,"phoneNumber":"14576095076","email":"18612673434@qq.com"}
2021-03-03 14:37:02 INFO  UserInfoApiObject:27 - 创建用户信息ApiObject，请求主体：{
"userId":50,
"userName":"王桂兰",
"email":"18612673434@qq.com",
"phone":"14576095076",
"friends":[
{
"userId":11,
"userName":"小红喵",
"email":"xiaohongmiao@qq.com",
"phone":"18623456555"
},
{
"userId":12,
"userName":"小红旺",
"email":"xiaohongwang@qq.com",
"phone":"18623456566"
}
]
},请求携带token：eyJ0eXAiOiJKV1QiLCJhbGciOiJIUzI1NiJ9.eyJpZCI6IjEiLCJ1c2VyTmFtZSI6InhpYW9ob25nIiwiZXhwIjoxNjE1MzU4MjEwfQ.K4qcKNJfmhOK2dXn2AfETvfLCehKQJWnvlUH93bp98c
2021-03-03 14:37:02 INFO  UserInfoApiObject:48 - 查询所有用户信息ApiObject，请求携带token：eyJ0eXAiOiJKV1QiLCJhbGciOiJIUzI1NiJ9.eyJpZCI6IjEiLCJ1c2VyTmFtZSI6InhpYW9ob25nIiwiZXhwIjoxNjE1MzU4MjEwfQ.K4qcKNJfmhOK2dXn2AfETvfLCehKQJWnvlUH93bp98c
2021-03-03 14:37:02 INFO  UserInfoApiObjectTest:125 - 获取到的UserId：50
2021-03-03 14:37:02 INFO  UserInfoApiObjectTest:132 - 更新用户信息请求body：{"userName":"小红红","userId":50,"phone":"18623456543","email":"xiaohong红@qq.com"}
2021-03-03 14:37:02 INFO  UserInfoApiObjectTest:133 - 通过UserId更新用户信息
2021-03-03 14:37:02 INFO  UserInfoApiObject:91 - 通过userId更新用户信息ApiObject，请求UserId：50，请求更新用户信息主体：{
    "userId":50,
    "userName":"小红红",
    "email":"xiaohong红@qq.com",
    "phone":"18623456543"
}，请求携带token：eyJ0eXAiOiJKV1QiLCJhbGciOiJIUzI1NiJ9.eyJpZCI6IjEiLCJ1c2VyTmFtZSI6InhpYW9ob25nIiwiZXhwIjoxNjE1MzU4MjEwfQ.K4qcKNJfmhOK2dXn2AfETvfLCehKQJWnvlUH93bp98c
2021-03-03 14:37:02 INFO  UserInfoApiObjectTest:136 - 通过UserId更新用户信息接口返回信息：{
    "code": "00000",
    "message": "成功",
    "data": {
        "userId": 50,
        "userName": "小红红",
        "email": "xiaohong红@qq.com",
        "phone": "18623456543",
        "friends": null
    },
    "success": true
}
2021-03-03 14:37:02 INFO  UserInfoApiObject:48 - 查询所有用户信息ApiObject，请求携带token：eyJ0eXAiOiJKV1QiLCJhbGciOiJIUzI1NiJ9.eyJpZCI6IjEiLCJ1c2VyTmFtZSI6InhpYW9ob25nIiwiZXhwIjoxNjE1MzU4MjEwfQ.K4qcKNJfmhOK2dXn2AfETvfLCehKQJWnvlUH93bp98c
2021-03-03 14:37:02 INFO  UserInfoApiObject:113 - 通过userId删除用户信息ApiObject，请求UserId：50，请求携带token：eyJ0eXAiOiJKV1QiLCJhbGciOiJIUzI1NiJ9.eyJpZCI6IjEiLCJ1c2VyTmFtZSI6InhpYW9ob25nIiwiZXhwIjoxNjE1MzU4MjEwfQ.K4qcKNJfmhOK2dXn2AfETvfLCehKQJWnvlUH93bp98c
2021-03-03 14:37:07 INFO  UserInfoApiObject:48 - 查询所有用户信息ApiObject，请求携带token：eyJ0eXAiOiJKV1QiLCJhbGciOiJIUzI1NiJ9.eyJpZCI6IjEiLCJ1c2VyTmFtZSI6InhpYW9ob25nIiwiZXhwIjoxNjE1MzU4MjEwfQ.K4qcKNJfmhOK2dXn2AfETvfLCehKQJWnvlUH93bp98c
2021-03-03 14:37:08 INFO  MustacheUtils:43 - 读取模板文件:mustache/userInfo.mustache，替换的内容:{"userName":"戴俊","userId":97,"phoneNumber":"15889307701","email":"13093487437@qq.com"}
2021-03-03 14:37:08 INFO  UserInfoApiObjectTest:58 - 创建用户信息请求body：{"userName":"戴俊","userId":97,"friends":[{"userName":"小红喵","userId":11,"phone":"18623456555","email":"xiaohongmiao@qq.com"},{"userName":"小红旺","userId":12,"phone":"18623456566","email":"xiaohongwang@qq.com"}],"phone":"15889307701","email":"13093487437@qq.com"}
2021-03-03 14:37:08 INFO  MustacheUtils:43 - 读取模板文件:mustache/userInfo.mustache，替换的内容:{"userName":"申瑜","userId":22,"phoneNumber":"15977649228","email":"13177429612@qq.com"}
2021-03-03 14:37:08 INFO  UserInfoApiObject:27 - 创建用户信息ApiObject，请求主体：{
"userId":22,
"userName":"申瑜",
"email":"13177429612@qq.com",
"phone":"15977649228",
"friends":[
{
"userId":11,
"userName":"小红喵",
"email":"xiaohongmiao@qq.com",
"phone":"18623456555"
},
{
"userId":12,
"userName":"小红旺",
"email":"xiaohongwang@qq.com",
"phone":"18623456566"
}
]
},请求携带token：eyJ0eXAiOiJKV1QiLCJhbGciOiJIUzI1NiJ9.eyJpZCI6IjEiLCJ1c2VyTmFtZSI6InhpYW9ob25nIiwiZXhwIjoxNjE1MzU4MjEwfQ.K4qcKNJfmhOK2dXn2AfETvfLCehKQJWnvlUH93bp98c
2021-03-03 14:37:08 INFO  UserInfoApiObjectTest:60 - 创建用户信息接口返回信息：{
    "code": "00000",
    "message": "成功",
    "data": {
        "userId": 22,
        "userName": "申瑜",
        "email": "13177429612@qq.com",
        "phone": "15977649228",
        "friends": [
            {
                "userId": 11,
                "userName": "小红喵",
                "email": "xiaohongmiao@qq.com",
                "phone": "18623456555",
                "friends": null
            },
            {
                "userId": 12,
                "userName": "小红旺",
                "email": "xiaohongwang@qq.com",
                "phone": "18623456566",
                "friends": null
            }
        ]
    },
    "success": true
}
2021-03-03 14:37:08 INFO  UserInfoApiObjectTest:61 - 创建用户信息测试结果断言
2021-03-03 14:37:08 INFO  UserInfoApiObject:48 - 查询所有用户信息ApiObject，请求携带token：eyJ0eXAiOiJKV1QiLCJhbGciOiJIUzI1NiJ9.eyJpZCI6IjEiLCJ1c2VyTmFtZSI6InhpYW9ob25nIiwiZXhwIjoxNjE1MzU4MjEwfQ.K4qcKNJfmhOK2dXn2AfETvfLCehKQJWnvlUH93bp98c
2021-03-03 14:37:08 INFO  UserInfoApiObject:113 - 通过userId删除用户信息ApiObject，请求UserId：22，请求携带token：eyJ0eXAiOiJKV1QiLCJhbGciOiJIUzI1NiJ9.eyJpZCI6IjEiLCJ1c2VyTmFtZSI6InhpYW9ob25nIiwiZXhwIjoxNjE1MzU4MjEwfQ.K4qcKNJfmhOK2dXn2AfETvfLCehKQJWnvlUH93bp98c
2021-03-03 14:37:14 INFO  UserInfoApiObject:48 - 查询所有用户信息ApiObject，请求携带token：eyJ0eXAiOiJKV1QiLCJhbGciOiJIUzI1NiJ9.eyJpZCI6IjEiLCJ1c2VyTmFtZSI6InhpYW9ob25nIiwiZXhwIjoxNjE1MzU4MjEwfQ.K4qcKNJfmhOK2dXn2AfETvfLCehKQJWnvlUH93bp98c
2021-03-03 14:37:14 INFO  MustacheUtils:43 - 读取模板文件:mustache/userInfo.mustache，替换的内容:{"userName":"王晶","userId":62,"phoneNumber":"13692643068","email":"13760435202@qq.com"}
2021-03-03 14:37:14 INFO  UserInfoApiObject:27 - 创建用户信息ApiObject，请求主体：{
"userId":62,
"userName":"王晶",
"email":"13760435202@qq.com",
"phone":"13692643068",
"friends":[
{
"userId":11,
"userName":"小红喵",
"email":"xiaohongmiao@qq.com",
"phone":"18623456555"
},
{
"userId":12,
"userName":"小红旺",
"email":"xiaohongwang@qq.com",
"phone":"18623456566"
}
]
},请求携带token：eyJ0eXAiOiJKV1QiLCJhbGciOiJIUzI1NiJ9.eyJpZCI6IjEiLCJ1c2VyTmFtZSI6InhpYW9ob25nIiwiZXhwIjoxNjE1MzU4MjEwfQ.K4qcKNJfmhOK2dXn2AfETvfLCehKQJWnvlUH93bp98c
2021-03-03 14:37:14 INFO  UserInfoApiObjectTest:81 - 查询所有用户信息
2021-03-03 14:37:14 INFO  UserInfoApiObject:48 - 查询所有用户信息ApiObject，请求携带token：eyJ0eXAiOiJKV1QiLCJhbGciOiJIUzI1NiJ9.eyJpZCI6IjEiLCJ1c2VyTmFtZSI6InhpYW9ob25nIiwiZXhwIjoxNjE1MzU4MjEwfQ.K4qcKNJfmhOK2dXn2AfETvfLCehKQJWnvlUH93bp98c
2021-03-03 14:37:14 INFO  UserInfoApiObjectTest:84 - 查询所有用户信息接口返回信息：{
    "code": "00000",
    "message": "成功",
    "data": [
        {
            "userId": 62,
            "userName": "王晶",
            "email": "13760435202@qq.com",
            "phone": "13692643068",
            "friends": [
                {
                    "userId": 11,
                    "userName": "小红喵",
                    "email": "xiaohongmiao@qq.com",
                    "phone": "18623456555",
                    "friends": null
                },
                {
                    "userId": 12,
                    "userName": "小红旺",
                    "email": "xiaohongwang@qq.com",
                    "phone": "18623456566",
                    "friends": null
                }
            ]
        }
    ],
    "success": true
}
2021-03-03 14:37:14 INFO  UserInfoApiObject:48 - 查询所有用户信息ApiObject，请求携带token：eyJ0eXAiOiJKV1QiLCJhbGciOiJIUzI1NiJ9.eyJpZCI6IjEiLCJ1c2VyTmFtZSI6InhpYW9ob25nIiwiZXhwIjoxNjE1MzU4MjEwfQ.K4qcKNJfmhOK2dXn2AfETvfLCehKQJWnvlUH93bp98c
2021-03-03 14:37:14 INFO  UserInfoApiObject:113 - 通过userId删除用户信息ApiObject，请求UserId：62，请求携带token：eyJ0eXAiOiJKV1QiLCJhbGciOiJIUzI1NiJ9.eyJpZCI6IjEiLCJ1c2VyTmFtZSI6InhpYW9ob25nIiwiZXhwIjoxNjE1MzU4MjEwfQ.K4qcKNJfmhOK2dXn2AfETvfLCehKQJWnvlUH93bp98c
2021-03-03 14:37:19 INFO  UserInfoApiObject:48 - 查询所有用户信息ApiObject，请求携带token：eyJ0eXAiOiJKV1QiLCJhbGciOiJIUzI1NiJ9.eyJpZCI6IjEiLCJ1c2VyTmFtZSI6InhpYW9ob25nIiwiZXhwIjoxNjE1MzU4MjEwfQ.K4qcKNJfmhOK2dXn2AfETvfLCehKQJWnvlUH93bp98c
2021-03-03 14:37:20 INFO  MustacheUtils:43 - 读取模板文件:mustache/userInfo.mustache，替换的内容:{"userName":"秦军","userId":59,"phoneNumber":"13941717735","email":"13030706624@qq.com"}
2021-03-03 14:37:20 INFO  UserInfoApiObject:27 - 创建用户信息ApiObject，请求主体：{
"userId":59,
"userName":"秦军",
"email":"13030706624@qq.com",
"phone":"13941717735",
"friends":[
{
"userId":11,
"userName":"小红喵",
"email":"xiaohongmiao@qq.com",
"phone":"18623456555"
},
{
"userId":12,
"userName":"小红旺",
"email":"xiaohongwang@qq.com",
"phone":"18623456566"
}
]
},请求携带token：eyJ0eXAiOiJKV1QiLCJhbGciOiJIUzI1NiJ9.eyJpZCI6IjEiLCJ1c2VyTmFtZSI6InhpYW9ob25nIiwiZXhwIjoxNjE1MzU4MjEwfQ.K4qcKNJfmhOK2dXn2AfETvfLCehKQJWnvlUH93bp98c
2021-03-03 14:37:20 INFO  UserInfoApiObject:48 - 查询所有用户信息ApiObject，请求携带token：eyJ0eXAiOiJKV1QiLCJhbGciOiJIUzI1NiJ9.eyJpZCI6IjEiLCJ1c2VyTmFtZSI6InhpYW9ob25nIiwiZXhwIjoxNjE1MzU4MjEwfQ.K4qcKNJfmhOK2dXn2AfETvfLCehKQJWnvlUH93bp98c
2021-03-03 14:37:20 INFO  UserInfoApiObjectTest:101 - 通过UserId查询用户信息
2021-03-03 14:37:20 INFO  UserInfoApiObjectTest:104 - 获取到的UserId：59
2021-03-03 14:37:20 INFO  UserInfoApiObject:69 - 通过userId查询用户信息ApiObject，请求UserId：59，请求携带token：eyJ0eXAiOiJKV1QiLCJhbGciOiJIUzI1NiJ9.eyJpZCI6IjEiLCJ1c2VyTmFtZSI6InhpYW9ob25nIiwiZXhwIjoxNjE1MzU4MjEwfQ.K4qcKNJfmhOK2dXn2AfETvfLCehKQJWnvlUH93bp98c
2021-03-03 14:37:20 INFO  UserInfoApiObjectTest:106 - 通过UserId查询用户信息接口返回信息：{
    "code": "00000",
    "message": "成功",
    "data": {
        "userId": 59,
        "userName": "秦军",
        "email": "13030706624@qq.com",
        "phone": "13941717735",
        "friends": [
            {
                "userId": 11,
                "userName": "小红喵",
                "email": "xiaohongmiao@qq.com",
                "phone": "18623456555",
                "friends": null
            },
            {
                "userId": 12,
                "userName": "小红旺",
                "email": "xiaohongwang@qq.com",
                "phone": "18623456566",
                "friends": null
            }
        ]
    },
    "success": true
}
2021-03-03 14:37:20 INFO  UserInfoApiObject:48 - 查询所有用户信息ApiObject，请求携带token：eyJ0eXAiOiJKV1QiLCJhbGciOiJIUzI1NiJ9.eyJpZCI6IjEiLCJ1c2VyTmFtZSI6InhpYW9ob25nIiwiZXhwIjoxNjE1MzU4MjEwfQ.K4qcKNJfmhOK2dXn2AfETvfLCehKQJWnvlUH93bp98c
2021-03-03 14:37:20 INFO  UserInfoApiObject:113 - 通过userId删除用户信息ApiObject，请求UserId：59，请求携带token：eyJ0eXAiOiJKV1QiLCJhbGciOiJIUzI1NiJ9.eyJpZCI6IjEiLCJ1c2VyTmFtZSI6InhpYW9ob25nIiwiZXhwIjoxNjE1MzU4MjEwfQ.K4qcKNJfmhOK2dXn2AfETvfLCehKQJWnvlUH93bp98c
2021-03-03 14:37:25 INFO  JsonPathUtils:54 - 读取JSON文件:/json/book.json，替换的内容:{"$.store.book[*].author":"测试作者"}
2021-03-03 14:37:30 INFO  JsonPathUtils:54 - 读取JSON文件:/json/book.json，替换的内容:{"$.store.*":"all change"}
2021-03-03 14:37:35 INFO  JsonPathUtils:54 - 读取JSON文件:/json/book.json，替换的内容:{"$..book[0,1]":"first two change"}
2021-03-03 14:37:40 INFO  MustacheUtils:43 - 读取模板文件:mustache/book.mustache，替换的内容:{"author":"mustacheAuthor","price":56.8}
2021-03-03 14:42:21 INFO  UserLoginApiObject:27 - 用户登录ApiObject，接口请求主体：{
    "username":"xiaohong",
    "password":"123123"
}
2021-03-03 14:42:24 INFO  CreateUserInfoThreadTest:58 - 获取接口token：eyJ0eXAiOiJKV1QiLCJhbGciOiJIUzI1NiJ9.eyJpZCI6IjEiLCJ1c2VyTmFtZSI6InhpYW9ob25nIiwiZXhwIjoxNjE1MzU4NTQzfQ.Bc2WDQS04aZeFUeHGizY0Es7cPsDjUIhyRKIy1dLmYc
2021-03-03 14:42:34 INFO  CreateUserInfoThreadTest:76 - 创建用户信息请求body：{"userName":"小红","userId":1,"friends":[{"userName":"小红喵","userId":11,"phone":"18623456555","email":"xiaohongmiao@qq.com"},{"userName":"小红旺","userId":12,"phone":"18623456566","email":"xiaohongwang@qq.com"}],"phone":"18623456543","email":"xiaohong@qq.com"}
2021-03-03 14:42:34 INFO  UserInfoApiObject:27 - 创建用户信息ApiObject，请求主体：{
    "userId":1,
    "userName":"小红",
    "email":"xiaohong@qq.com",
    "phone":"18623456543",
    "friends":[
        {
            "userId":11,
            "userName":"小红喵",
            "email":"xiaohongmiao@qq.com",
            "phone":"18623456555"
        },
        {
            "userId":12,
            "userName":"小红旺",
            "email":"xiaohongwang@qq.com",
            "phone":"18623456566"
        }
    ]
},请求携带token：eyJ0eXAiOiJKV1QiLCJhbGciOiJIUzI1NiJ9.eyJpZCI6IjEiLCJ1c2VyTmFtZSI6InhpYW9ob25nIiwiZXhwIjoxNjE1MzU4NTQzfQ.Bc2WDQS04aZeFUeHGizY0Es7cPsDjUIhyRKIy1dLmYc
2021-03-03 14:42:34 INFO  CreateUserInfoThreadTest:79 - 创建用户信息接口返回信息：{
    "code": "00000",
    "message": "成功",
    "data": {
        "userId": 1,
        "userName": "小红",
        "email": "xiaohong@qq.com",
        "phone": "18623456543",
        "friends": [
            {
                "userId": 11,
                "userName": "小红喵",
                "email": "xiaohongmiao@qq.com",
                "phone": "18623456555",
                "friends": null
            },
            {
                "userId": 12,
                "userName": "小红旺",
                "email": "xiaohongwang@qq.com",
                "phone": "18623456566",
                "friends": null
            }
        ]
    },
    "success": true
}
2021-03-03 14:42:34 INFO  CreateUserInfoThreadTest:80 - 创建用户信息测试结果断言
2021-03-03 14:42:39 INFO  CreateUserInfoThreadTest:76 - 创建用户信息请求body：{"userName":"小红","userId":1,"friends":[{"userName":"小红喵","userId":11,"phone":"18623456555","email":"xiaohongmiao@qq.com"},{"userName":"小红旺","userId":12,"phone":"18623456566","email":"xiaohongwang@qq.com"}],"phone":"18623456543","email":"xiaohong@qq.com"}
2021-03-03 14:42:39 INFO  UserInfoApiObject:27 - 创建用户信息ApiObject，请求主体：{
    "userId":1,
    "userName":"小红",
    "email":"xiaohong@qq.com",
    "phone":"18623456543",
    "friends":[
        {
            "userId":11,
            "userName":"小红喵",
            "email":"xiaohongmiao@qq.com",
            "phone":"18623456555"
        },
        {
            "userId":12,
            "userName":"小红旺",
            "email":"xiaohongwang@qq.com",
            "phone":"18623456566"
        }
    ]
},请求携带token：eyJ0eXAiOiJKV1QiLCJhbGciOiJIUzI1NiJ9.eyJpZCI6IjEiLCJ1c2VyTmFtZSI6InhpYW9ob25nIiwiZXhwIjoxNjE1MzU4NTQzfQ.Bc2WDQS04aZeFUeHGizY0Es7cPsDjUIhyRKIy1dLmYc
2021-03-03 14:42:39 INFO  CreateUserInfoThreadTest:79 - 创建用户信息接口返回信息：{
    "code": "00001",
    "message": "失败",
    "data": "用户已存在",
    "success": false
}
2021-03-03 14:42:39 INFO  CreateUserInfoThreadTest:80 - 创建用户信息测试结果断言
2021-03-03 14:42:44 INFO  CreateUserInfoThreadTest:76 - 创建用户信息请求body：{"userName":"小红","userId":1,"friends":[{"userName":"小红喵","userId":11,"phone":"18623456555","email":"xiaohongmiao@qq.com"},{"userName":"小红旺","userId":12,"phone":"18623456566","email":"xiaohongwang@qq.com"}],"phone":"18623456543","email":"xiaohong@qq.com"}
2021-03-03 14:42:44 INFO  UserInfoApiObject:27 - 创建用户信息ApiObject，请求主体：{
    "userId":1,
    "userName":"小红",
    "email":"xiaohong@qq.com",
    "phone":"18623456543",
    "friends":[
        {
            "userId":11,
            "userName":"小红喵",
            "email":"xiaohongmiao@qq.com",
            "phone":"18623456555"
        },
        {
            "userId":12,
            "userName":"小红旺",
            "email":"xiaohongwang@qq.com",
            "phone":"18623456566"
        }
    ]
},请求携带token：eyJ0eXAiOiJKV1QiLCJhbGciOiJIUzI1NiJ9.eyJpZCI6IjEiLCJ1c2VyTmFtZSI6InhpYW9ob25nIiwiZXhwIjoxNjE1MzU4NTQzfQ.Bc2WDQS04aZeFUeHGizY0Es7cPsDjUIhyRKIy1dLmYc
2021-03-03 14:42:44 INFO  CreateUserInfoThreadTest:79 - 创建用户信息接口返回信息：{
    "code": "00001",
    "message": "失败",
    "data": "用户已存在",
    "success": false
}
2021-03-03 14:42:44 INFO  CreateUserInfoThreadTest:80 - 创建用户信息测试结果断言
2021-03-03 14:42:44 INFO  UserLoginApiObject:27 - 用户登录ApiObject，接口请求主体：{
    "username":"xiaohong",
    "password":"123123"
}
2021-03-03 14:42:44 INFO  UserInfoApiObjectTest:37 - 获取接口token：eyJ0eXAiOiJKV1QiLCJhbGciOiJIUzI1NiJ9.eyJpZCI6IjEiLCJ1c2VyTmFtZSI6InhpYW9ob25nIiwiZXhwIjoxNjE1MzU4NTY0fQ.Vwws2hDH0bdaWtq40RVIWF8zhhv_RqpdSPMMrrEb6Ww
2021-03-03 14:42:49 INFO  UserInfoApiObject:48 - 查询所有用户信息ApiObject，请求携带token：eyJ0eXAiOiJKV1QiLCJhbGciOiJIUzI1NiJ9.eyJpZCI6IjEiLCJ1c2VyTmFtZSI6InhpYW9ob25nIiwiZXhwIjoxNjE1MzU4NTY0fQ.Vwws2hDH0bdaWtq40RVIWF8zhhv_RqpdSPMMrrEb6Ww
2021-03-03 14:42:50 INFO  UserInfoApiObject:113 - 通过userId删除用户信息ApiObject，请求UserId：1，请求携带token：eyJ0eXAiOiJKV1QiLCJhbGciOiJIUzI1NiJ9.eyJpZCI6IjEiLCJ1c2VyTmFtZSI6InhpYW9ob25nIiwiZXhwIjoxNjE1MzU4NTY0fQ.Vwws2hDH0bdaWtq40RVIWF8zhhv_RqpdSPMMrrEb6Ww
2021-03-03 14:42:50 INFO  MustacheUtils:43 - 读取模板文件:mustache/userInfo.mustache，替换的内容:{"userName":"王文","userId":80,"phoneNumber":"15757714967","email":"13128729826@qq.com"}
2021-03-03 14:42:50 INFO  UserInfoApiObject:27 - 创建用户信息ApiObject，请求主体：{
"userId":80,
"userName":"王文",
"email":"13128729826@qq.com",
"phone":"15757714967",
"friends":[
{
"userId":11,
"userName":"小红喵",
"email":"xiaohongmiao@qq.com",
"phone":"18623456555"
},
{
"userId":12,
"userName":"小红旺",
"email":"xiaohongwang@qq.com",
"phone":"18623456566"
}
]
},请求携带token：eyJ0eXAiOiJKV1QiLCJhbGciOiJIUzI1NiJ9.eyJpZCI6IjEiLCJ1c2VyTmFtZSI6InhpYW9ob25nIiwiZXhwIjoxNjE1MzU4NTY0fQ.Vwws2hDH0bdaWtq40RVIWF8zhhv_RqpdSPMMrrEb6Ww
2021-03-03 14:42:50 INFO  UserInfoApiObject:48 - 查询所有用户信息ApiObject，请求携带token：eyJ0eXAiOiJKV1QiLCJhbGciOiJIUzI1NiJ9.eyJpZCI6IjEiLCJ1c2VyTmFtZSI6InhpYW9ob25nIiwiZXhwIjoxNjE1MzU4NTY0fQ.Vwws2hDH0bdaWtq40RVIWF8zhhv_RqpdSPMMrrEb6Ww
2021-03-03 14:42:50 INFO  UserInfoApiObjectTest:155 - 获取到的UserId：80
2021-03-03 14:42:50 INFO  UserInfoApiObjectTest:156 - 通过UserId删除用户信息
2021-03-03 14:42:50 INFO  UserInfoApiObject:113 - 通过userId删除用户信息ApiObject，请求UserId：80，请求携带token：eyJ0eXAiOiJKV1QiLCJhbGciOiJIUzI1NiJ9.eyJpZCI6IjEiLCJ1c2VyTmFtZSI6InhpYW9ob25nIiwiZXhwIjoxNjE1MzU4NTY0fQ.Vwws2hDH0bdaWtq40RVIWF8zhhv_RqpdSPMMrrEb6Ww
2021-03-03 14:42:50 INFO  UserInfoApiObjectTest:159 - 通过UserId删除用户信息：{
    "code": "00000",
    "message": "成功",
    "data": {
        "userId": 80,
        "userName": "王文",
        "email": "13128729826@qq.com",
        "phone": "15757714967",
        "friends": [
            {
                "userId": 11,
                "userName": "小红喵",
                "email": "xiaohongmiao@qq.com",
                "phone": "18623456555",
                "friends": null
            },
            {
                "userId": 12,
                "userName": "小红旺",
                "email": "xiaohongwang@qq.com",
                "phone": "18623456566",
                "friends": null
            }
        ]
    },
    "success": true
}
2021-03-03 14:42:50 INFO  UserInfoApiObject:48 - 查询所有用户信息ApiObject，请求携带token：eyJ0eXAiOiJKV1QiLCJhbGciOiJIUzI1NiJ9.eyJpZCI6IjEiLCJ1c2VyTmFtZSI6InhpYW9ob25nIiwiZXhwIjoxNjE1MzU4NTY0fQ.Vwws2hDH0bdaWtq40RVIWF8zhhv_RqpdSPMMrrEb6Ww
2021-03-03 14:42:55 INFO  UserInfoApiObject:48 - 查询所有用户信息ApiObject，请求携带token：eyJ0eXAiOiJKV1QiLCJhbGciOiJIUzI1NiJ9.eyJpZCI6IjEiLCJ1c2VyTmFtZSI6InhpYW9ob25nIiwiZXhwIjoxNjE1MzU4NTY0fQ.Vwws2hDH0bdaWtq40RVIWF8zhhv_RqpdSPMMrrEb6Ww
2021-03-03 14:42:56 INFO  MustacheUtils:43 - 读取模板文件:mustache/userInfo.mustache，替换的内容:{"userName":"余桂兰","userId":69,"phoneNumber":"13889701721","email":"18805012439@qq.com"}
2021-03-03 14:42:56 INFO  UserInfoApiObject:27 - 创建用户信息ApiObject，请求主体：{
"userId":69,
"userName":"余桂兰",
"email":"18805012439@qq.com",
"phone":"13889701721",
"friends":[
{
"userId":11,
"userName":"小红喵",
"email":"xiaohongmiao@qq.com",
"phone":"18623456555"
},
{
"userId":12,
"userName":"小红旺",
"email":"xiaohongwang@qq.com",
"phone":"18623456566"
}
]
},请求携带token：eyJ0eXAiOiJKV1QiLCJhbGciOiJIUzI1NiJ9.eyJpZCI6IjEiLCJ1c2VyTmFtZSI6InhpYW9ob25nIiwiZXhwIjoxNjE1MzU4NTY0fQ.Vwws2hDH0bdaWtq40RVIWF8zhhv_RqpdSPMMrrEb6Ww
2021-03-03 14:42:56 INFO  UserInfoApiObject:48 - 查询所有用户信息ApiObject，请求携带token：eyJ0eXAiOiJKV1QiLCJhbGciOiJIUzI1NiJ9.eyJpZCI6IjEiLCJ1c2VyTmFtZSI6InhpYW9ob25nIiwiZXhwIjoxNjE1MzU4NTY0fQ.Vwws2hDH0bdaWtq40RVIWF8zhhv_RqpdSPMMrrEb6Ww
2021-03-03 14:42:56 INFO  UserInfoApiObjectTest:125 - 获取到的UserId：69
2021-03-03 14:42:56 INFO  UserInfoApiObjectTest:132 - 更新用户信息请求body：{"userName":"小红红","userId":69,"phone":"18623456543","email":"xiaohong红@qq.com"}
2021-03-03 14:42:56 INFO  UserInfoApiObjectTest:133 - 通过UserId更新用户信息
2021-03-03 14:42:56 INFO  UserInfoApiObject:91 - 通过userId更新用户信息ApiObject，请求UserId：69，请求更新用户信息主体：{
    "userId":69,
    "userName":"小红红",
    "email":"xiaohong红@qq.com",
    "phone":"18623456543"
}，请求携带token：eyJ0eXAiOiJKV1QiLCJhbGciOiJIUzI1NiJ9.eyJpZCI6IjEiLCJ1c2VyTmFtZSI6InhpYW9ob25nIiwiZXhwIjoxNjE1MzU4NTY0fQ.Vwws2hDH0bdaWtq40RVIWF8zhhv_RqpdSPMMrrEb6Ww
2021-03-03 14:42:56 INFO  UserInfoApiObjectTest:136 - 通过UserId更新用户信息接口返回信息：{
    "code": "00000",
    "message": "成功",
    "data": {
        "userId": 69,
        "userName": "小红红",
        "email": "xiaohong红@qq.com",
        "phone": "18623456543",
        "friends": null
    },
    "success": true
}
2021-03-03 14:42:56 INFO  UserInfoApiObject:48 - 查询所有用户信息ApiObject，请求携带token：eyJ0eXAiOiJKV1QiLCJhbGciOiJIUzI1NiJ9.eyJpZCI6IjEiLCJ1c2VyTmFtZSI6InhpYW9ob25nIiwiZXhwIjoxNjE1MzU4NTY0fQ.Vwws2hDH0bdaWtq40RVIWF8zhhv_RqpdSPMMrrEb6Ww
2021-03-03 14:42:56 INFO  UserInfoApiObject:113 - 通过userId删除用户信息ApiObject，请求UserId：69，请求携带token：eyJ0eXAiOiJKV1QiLCJhbGciOiJIUzI1NiJ9.eyJpZCI6IjEiLCJ1c2VyTmFtZSI6InhpYW9ob25nIiwiZXhwIjoxNjE1MzU4NTY0fQ.Vwws2hDH0bdaWtq40RVIWF8zhhv_RqpdSPMMrrEb6Ww
2021-03-03 14:43:01 INFO  UserInfoApiObject:48 - 查询所有用户信息ApiObject，请求携带token：eyJ0eXAiOiJKV1QiLCJhbGciOiJIUzI1NiJ9.eyJpZCI6IjEiLCJ1c2VyTmFtZSI6InhpYW9ob25nIiwiZXhwIjoxNjE1MzU4NTY0fQ.Vwws2hDH0bdaWtq40RVIWF8zhhv_RqpdSPMMrrEb6Ww
2021-03-03 14:43:02 INFO  MustacheUtils:43 - 读取模板文件:mustache/userInfo.mustache，替换的内容:{"userName":"黄瑜","userId":25,"phoneNumber":"15076528172","email":"13495865875@qq.com"}
2021-03-03 14:43:02 INFO  UserInfoApiObjectTest:58 - 创建用户信息请求body：{"userName":"黄瑜","userId":25,"friends":[{"userName":"小红喵","userId":11,"phone":"18623456555","email":"xiaohongmiao@qq.com"},{"userName":"小红旺","userId":12,"phone":"18623456566","email":"xiaohongwang@qq.com"}],"phone":"15076528172","email":"13495865875@qq.com"}
2021-03-03 14:43:02 INFO  MustacheUtils:43 - 读取模板文件:mustache/userInfo.mustache，替换的内容:{"userName":"尹玉","userId":69,"phoneNumber":"15868987771","email":"13576394212@qq.com"}
2021-03-03 14:43:02 INFO  UserInfoApiObject:27 - 创建用户信息ApiObject，请求主体：{
"userId":69,
"userName":"尹玉",
"email":"13576394212@qq.com",
"phone":"15868987771",
"friends":[
{
"userId":11,
"userName":"小红喵",
"email":"xiaohongmiao@qq.com",
"phone":"18623456555"
},
{
"userId":12,
"userName":"小红旺",
"email":"xiaohongwang@qq.com",
"phone":"18623456566"
}
]
},请求携带token：eyJ0eXAiOiJKV1QiLCJhbGciOiJIUzI1NiJ9.eyJpZCI6IjEiLCJ1c2VyTmFtZSI6InhpYW9ob25nIiwiZXhwIjoxNjE1MzU4NTY0fQ.Vwws2hDH0bdaWtq40RVIWF8zhhv_RqpdSPMMrrEb6Ww
2021-03-03 14:43:02 INFO  UserInfoApiObjectTest:60 - 创建用户信息接口返回信息：{
    "code": "00000",
    "message": "成功",
    "data": {
        "userId": 69,
        "userName": "尹玉",
        "email": "13576394212@qq.com",
        "phone": "15868987771",
        "friends": [
            {
                "userId": 11,
                "userName": "小红喵",
                "email": "xiaohongmiao@qq.com",
                "phone": "18623456555",
                "friends": null
            },
            {
                "userId": 12,
                "userName": "小红旺",
                "email": "xiaohongwang@qq.com",
                "phone": "18623456566",
                "friends": null
            }
        ]
    },
    "success": true
}
2021-03-03 14:43:02 INFO  UserInfoApiObjectTest:61 - 创建用户信息测试结果断言
2021-03-03 14:43:02 INFO  UserInfoApiObject:48 - 查询所有用户信息ApiObject，请求携带token：eyJ0eXAiOiJKV1QiLCJhbGciOiJIUzI1NiJ9.eyJpZCI6IjEiLCJ1c2VyTmFtZSI6InhpYW9ob25nIiwiZXhwIjoxNjE1MzU4NTY0fQ.Vwws2hDH0bdaWtq40RVIWF8zhhv_RqpdSPMMrrEb6Ww
2021-03-03 14:43:03 INFO  UserInfoApiObject:113 - 通过userId删除用户信息ApiObject，请求UserId：69，请求携带token：eyJ0eXAiOiJKV1QiLCJhbGciOiJIUzI1NiJ9.eyJpZCI6IjEiLCJ1c2VyTmFtZSI6InhpYW9ob25nIiwiZXhwIjoxNjE1MzU4NTY0fQ.Vwws2hDH0bdaWtq40RVIWF8zhhv_RqpdSPMMrrEb6Ww
2021-03-03 14:43:08 INFO  UserInfoApiObject:48 - 查询所有用户信息ApiObject，请求携带token：eyJ0eXAiOiJKV1QiLCJhbGciOiJIUzI1NiJ9.eyJpZCI6IjEiLCJ1c2VyTmFtZSI6InhpYW9ob25nIiwiZXhwIjoxNjE1MzU4NTY0fQ.Vwws2hDH0bdaWtq40RVIWF8zhhv_RqpdSPMMrrEb6Ww
2021-03-03 14:43:08 INFO  MustacheUtils:43 - 读取模板文件:mustache/userInfo.mustache，替换的内容:{"userName":"陈瑜","userId":91,"phoneNumber":"14526765151","email":"15309473345@qq.com"}
2021-03-03 14:43:08 INFO  UserInfoApiObject:27 - 创建用户信息ApiObject，请求主体：{
"userId":91,
"userName":"陈瑜",
"email":"15309473345@qq.com",
"phone":"14526765151",
"friends":[
{
"userId":11,
"userName":"小红喵",
"email":"xiaohongmiao@qq.com",
"phone":"18623456555"
},
{
"userId":12,
"userName":"小红旺",
"email":"xiaohongwang@qq.com",
"phone":"18623456566"
}
]
},请求携带token：eyJ0eXAiOiJKV1QiLCJhbGciOiJIUzI1NiJ9.eyJpZCI6IjEiLCJ1c2VyTmFtZSI6InhpYW9ob25nIiwiZXhwIjoxNjE1MzU4NTY0fQ.Vwws2hDH0bdaWtq40RVIWF8zhhv_RqpdSPMMrrEb6Ww
2021-03-03 14:43:08 INFO  UserInfoApiObjectTest:81 - 查询所有用户信息
2021-03-03 14:43:08 INFO  UserInfoApiObject:48 - 查询所有用户信息ApiObject，请求携带token：eyJ0eXAiOiJKV1QiLCJhbGciOiJIUzI1NiJ9.eyJpZCI6IjEiLCJ1c2VyTmFtZSI6InhpYW9ob25nIiwiZXhwIjoxNjE1MzU4NTY0fQ.Vwws2hDH0bdaWtq40RVIWF8zhhv_RqpdSPMMrrEb6Ww
2021-03-03 14:43:08 INFO  UserInfoApiObjectTest:84 - 查询所有用户信息接口返回信息：{
    "code": "00000",
    "message": "成功",
    "data": [
        {
            "userId": 91,
            "userName": "陈瑜",
            "email": "15309473345@qq.com",
            "phone": "14526765151",
            "friends": [
                {
                    "userId": 11,
                    "userName": "小红喵",
                    "email": "xiaohongmiao@qq.com",
                    "phone": "18623456555",
                    "friends": null
                },
                {
                    "userId": 12,
                    "userName": "小红旺",
                    "email": "xiaohongwang@qq.com",
                    "phone": "18623456566",
                    "friends": null
                }
            ]
        }
    ],
    "success": true
}
2021-03-03 14:43:08 INFO  UserInfoApiObject:48 - 查询所有用户信息ApiObject，请求携带token：eyJ0eXAiOiJKV1QiLCJhbGciOiJIUzI1NiJ9.eyJpZCI6IjEiLCJ1c2VyTmFtZSI6InhpYW9ob25nIiwiZXhwIjoxNjE1MzU4NTY0fQ.Vwws2hDH0bdaWtq40RVIWF8zhhv_RqpdSPMMrrEb6Ww
2021-03-03 14:43:08 INFO  UserInfoApiObject:113 - 通过userId删除用户信息ApiObject，请求UserId：91，请求携带token：eyJ0eXAiOiJKV1QiLCJhbGciOiJIUzI1NiJ9.eyJpZCI6IjEiLCJ1c2VyTmFtZSI6InhpYW9ob25nIiwiZXhwIjoxNjE1MzU4NTY0fQ.Vwws2hDH0bdaWtq40RVIWF8zhhv_RqpdSPMMrrEb6Ww
2021-03-03 14:43:13 INFO  UserInfoApiObject:48 - 查询所有用户信息ApiObject，请求携带token：eyJ0eXAiOiJKV1QiLCJhbGciOiJIUzI1NiJ9.eyJpZCI6IjEiLCJ1c2VyTmFtZSI6InhpYW9ob25nIiwiZXhwIjoxNjE1MzU4NTY0fQ.Vwws2hDH0bdaWtq40RVIWF8zhhv_RqpdSPMMrrEb6Ww
2021-03-03 14:43:14 INFO  MustacheUtils:43 - 读取模板文件:mustache/userInfo.mustache，替换的内容:{"userName":"薛秀荣","userId":27,"phoneNumber":"18739075119","email":"18084535216@qq.com"}
2021-03-03 14:43:14 INFO  UserInfoApiObject:27 - 创建用户信息ApiObject，请求主体：{
"userId":27,
"userName":"薛秀荣",
"email":"18084535216@qq.com",
"phone":"18739075119",
"friends":[
{
"userId":11,
"userName":"小红喵",
"email":"xiaohongmiao@qq.com",
"phone":"18623456555"
},
{
"userId":12,
"userName":"小红旺",
"email":"xiaohongwang@qq.com",
"phone":"18623456566"
}
]
},请求携带token：eyJ0eXAiOiJKV1QiLCJhbGciOiJIUzI1NiJ9.eyJpZCI6IjEiLCJ1c2VyTmFtZSI6InhpYW9ob25nIiwiZXhwIjoxNjE1MzU4NTY0fQ.Vwws2hDH0bdaWtq40RVIWF8zhhv_RqpdSPMMrrEb6Ww
2021-03-03 14:43:14 INFO  UserInfoApiObject:48 - 查询所有用户信息ApiObject，请求携带token：eyJ0eXAiOiJKV1QiLCJhbGciOiJIUzI1NiJ9.eyJpZCI6IjEiLCJ1c2VyTmFtZSI6InhpYW9ob25nIiwiZXhwIjoxNjE1MzU4NTY0fQ.Vwws2hDH0bdaWtq40RVIWF8zhhv_RqpdSPMMrrEb6Ww
2021-03-03 14:43:14 INFO  UserInfoApiObjectTest:101 - 通过UserId查询用户信息
2021-03-03 14:43:14 INFO  UserInfoApiObjectTest:104 - 获取到的UserId：27
2021-03-03 14:43:14 INFO  UserInfoApiObject:69 - 通过userId查询用户信息ApiObject，请求UserId：27，请求携带token：eyJ0eXAiOiJKV1QiLCJhbGciOiJIUzI1NiJ9.eyJpZCI6IjEiLCJ1c2VyTmFtZSI6InhpYW9ob25nIiwiZXhwIjoxNjE1MzU4NTY0fQ.Vwws2hDH0bdaWtq40RVIWF8zhhv_RqpdSPMMrrEb6Ww
2021-03-03 14:43:14 INFO  UserInfoApiObjectTest:106 - 通过UserId查询用户信息接口返回信息：{
    "code": "00000",
    "message": "成功",
    "data": {
        "userId": 27,
        "userName": "薛秀荣",
        "email": "18084535216@qq.com",
        "phone": "18739075119",
        "friends": [
            {
                "userId": 11,
                "userName": "小红喵",
                "email": "xiaohongmiao@qq.com",
                "phone": "18623456555",
                "friends": null
            },
            {
                "userId": 12,
                "userName": "小红旺",
                "email": "xiaohongwang@qq.com",
                "phone": "18623456566",
                "friends": null
            }
        ]
    },
    "success": true
}
2021-03-03 14:43:14 INFO  UserInfoApiObject:48 - 查询所有用户信息ApiObject，请求携带token：eyJ0eXAiOiJKV1QiLCJhbGciOiJIUzI1NiJ9.eyJpZCI6IjEiLCJ1c2VyTmFtZSI6InhpYW9ob25nIiwiZXhwIjoxNjE1MzU4NTY0fQ.Vwws2hDH0bdaWtq40RVIWF8zhhv_RqpdSPMMrrEb6Ww
2021-03-03 14:43:14 INFO  UserInfoApiObject:113 - 通过userId删除用户信息ApiObject，请求UserId：27，请求携带token：eyJ0eXAiOiJKV1QiLCJhbGciOiJIUzI1NiJ9.eyJpZCI6IjEiLCJ1c2VyTmFtZSI6InhpYW9ob25nIiwiZXhwIjoxNjE1MzU4NTY0fQ.Vwws2hDH0bdaWtq40RVIWF8zhhv_RqpdSPMMrrEb6Ww
2021-03-03 14:43:19 INFO  JsonPathUtils:54 - 读取JSON文件:/json/book.json，替换的内容:{"$.store.book[*].author":"测试作者"}
2021-03-03 14:43:24 INFO  JsonPathUtils:54 - 读取JSON文件:/json/book.json，替换的内容:{"$.store.*":"all change"}
2021-03-03 14:43:29 INFO  JsonPathUtils:54 - 读取JSON文件:/json/book.json，替换的内容:{"$..book[0,1]":"first two change"}
2021-03-03 14:43:34 INFO  MustacheUtils:43 - 读取模板文件:mustache/book.mustache，替换的内容:{"author":"mustacheAuthor","price":56.8}
2021-03-03 15:06:03 INFO  UserLoginApiObject:27 - 用户登录ApiObject，接口请求主体：{
    "username":"xiaohong",
    "password":"123123"
}
2021-03-03 15:06:06 INFO  CreateUserInfoThreadTest:58 - 获取接口token：eyJ0eXAiOiJKV1QiLCJhbGciOiJIUzI1NiJ9.eyJpZCI6IjEiLCJ1c2VyTmFtZSI6InhpYW9ob25nIiwiZXhwIjoxNjE1MzU5OTY1fQ.zSedUu31JklLYhO4cF5cY6ZlfzvKm10Z3X884wvrx9k
2021-03-03 15:06:16 INFO  CreateUserInfoThreadTest:76 - 创建用户信息请求body：{"userName":"小红","userId":1,"friends":[{"userName":"小红喵","userId":11,"phone":"18623456555","email":"xiaohongmiao@qq.com"},{"userName":"小红旺","userId":12,"phone":"18623456566","email":"xiaohongwang@qq.com"}],"phone":"18623456543","email":"xiaohong@qq.com"}
2021-03-03 15:06:16 INFO  UserInfoApiObject:27 - 创建用户信息ApiObject，请求主体：{
    "userId":1,
    "userName":"小红",
    "email":"xiaohong@qq.com",
    "phone":"18623456543",
    "friends":[
        {
            "userId":11,
            "userName":"小红喵",
            "email":"xiaohongmiao@qq.com",
            "phone":"18623456555"
        },
        {
            "userId":12,
            "userName":"小红旺",
            "email":"xiaohongwang@qq.com",
            "phone":"18623456566"
        }
    ]
},请求携带token：eyJ0eXAiOiJKV1QiLCJhbGciOiJIUzI1NiJ9.eyJpZCI6IjEiLCJ1c2VyTmFtZSI6InhpYW9ob25nIiwiZXhwIjoxNjE1MzU5OTY1fQ.zSedUu31JklLYhO4cF5cY6ZlfzvKm10Z3X884wvrx9k
2021-03-03 15:06:16 INFO  CreateUserInfoThreadTest:79 - 创建用户信息接口返回信息：{
    "code": "00000",
    "message": "成功",
    "data": {
        "userId": 1,
        "userName": "小红",
        "email": "xiaohong@qq.com",
        "phone": "18623456543",
        "friends": [
            {
                "userId": 11,
                "userName": "小红喵",
                "email": "xiaohongmiao@qq.com",
                "phone": "18623456555",
                "friends": null
            },
            {
                "userId": 12,
                "userName": "小红旺",
                "email": "xiaohongwang@qq.com",
                "phone": "18623456566",
                "friends": null
            }
        ]
    },
    "success": true
}
2021-03-03 15:06:16 INFO  CreateUserInfoThreadTest:80 - 创建用户信息测试结果断言
2021-03-03 15:06:21 INFO  CreateUserInfoThreadTest:76 - 创建用户信息请求body：{"userName":"小红","userId":1,"friends":[{"userName":"小红喵","userId":11,"phone":"18623456555","email":"xiaohongmiao@qq.com"},{"userName":"小红旺","userId":12,"phone":"18623456566","email":"xiaohongwang@qq.com"}],"phone":"18623456543","email":"xiaohong@qq.com"}
2021-03-03 15:06:21 INFO  UserInfoApiObject:27 - 创建用户信息ApiObject，请求主体：{
    "userId":1,
    "userName":"小红",
    "email":"xiaohong@qq.com",
    "phone":"18623456543",
    "friends":[
        {
            "userId":11,
            "userName":"小红喵",
            "email":"xiaohongmiao@qq.com",
            "phone":"18623456555"
        },
        {
            "userId":12,
            "userName":"小红旺",
            "email":"xiaohongwang@qq.com",
            "phone":"18623456566"
        }
    ]
},请求携带token：eyJ0eXAiOiJKV1QiLCJhbGciOiJIUzI1NiJ9.eyJpZCI6IjEiLCJ1c2VyTmFtZSI6InhpYW9ob25nIiwiZXhwIjoxNjE1MzU5OTY1fQ.zSedUu31JklLYhO4cF5cY6ZlfzvKm10Z3X884wvrx9k
2021-03-03 15:06:21 INFO  CreateUserInfoThreadTest:79 - 创建用户信息接口返回信息：{
    "code": "00001",
    "message": "失败",
    "data": "用户已存在",
    "success": false
}
2021-03-03 15:06:21 INFO  CreateUserInfoThreadTest:80 - 创建用户信息测试结果断言
2021-03-03 15:06:26 INFO  CreateUserInfoThreadTest:76 - 创建用户信息请求body：{"userName":"小红","userId":1,"friends":[{"userName":"小红喵","userId":11,"phone":"18623456555","email":"xiaohongmiao@qq.com"},{"userName":"小红旺","userId":12,"phone":"18623456566","email":"xiaohongwang@qq.com"}],"phone":"18623456543","email":"xiaohong@qq.com"}
2021-03-03 15:06:26 INFO  UserInfoApiObject:27 - 创建用户信息ApiObject，请求主体：{
    "userId":1,
    "userName":"小红",
    "email":"xiaohong@qq.com",
    "phone":"18623456543",
    "friends":[
        {
            "userId":11,
            "userName":"小红喵",
            "email":"xiaohongmiao@qq.com",
            "phone":"18623456555"
        },
        {
            "userId":12,
            "userName":"小红旺",
            "email":"xiaohongwang@qq.com",
            "phone":"18623456566"
        }
    ]
},请求携带token：eyJ0eXAiOiJKV1QiLCJhbGciOiJIUzI1NiJ9.eyJpZCI6IjEiLCJ1c2VyTmFtZSI6InhpYW9ob25nIiwiZXhwIjoxNjE1MzU5OTY1fQ.zSedUu31JklLYhO4cF5cY6ZlfzvKm10Z3X884wvrx9k
2021-03-03 15:06:26 INFO  CreateUserInfoThreadTest:79 - 创建用户信息接口返回信息：{
    "code": "00001",
    "message": "失败",
    "data": "用户已存在",
    "success": false
}
2021-03-03 15:06:26 INFO  CreateUserInfoThreadTest:80 - 创建用户信息测试结果断言
2021-03-03 15:06:27 INFO  UserLoginApiObject:27 - 用户登录ApiObject，接口请求主体：{
    "username":"xiaohong",
    "password":"123123"
}
2021-03-03 15:06:27 INFO  UserInfoApiObjectTest:37 - 获取接口token：eyJ0eXAiOiJKV1QiLCJhbGciOiJIUzI1NiJ9.eyJpZCI6IjEiLCJ1c2VyTmFtZSI6InhpYW9ob25nIiwiZXhwIjoxNjE1MzU5OTg3fQ.1MzGNo-blETZqp4E523kB_57JrI4RNIt8S99Gzkr0AE
2021-03-03 15:06:32 INFO  UserInfoApiObject:48 - 查询所有用户信息ApiObject，请求携带token：eyJ0eXAiOiJKV1QiLCJhbGciOiJIUzI1NiJ9.eyJpZCI6IjEiLCJ1c2VyTmFtZSI6InhpYW9ob25nIiwiZXhwIjoxNjE1MzU5OTg3fQ.1MzGNo-blETZqp4E523kB_57JrI4RNIt8S99Gzkr0AE
2021-03-03 15:06:32 INFO  UserInfoApiObject:113 - 通过userId删除用户信息ApiObject，请求UserId：1，请求携带token：eyJ0eXAiOiJKV1QiLCJhbGciOiJIUzI1NiJ9.eyJpZCI6IjEiLCJ1c2VyTmFtZSI6InhpYW9ob25nIiwiZXhwIjoxNjE1MzU5OTg3fQ.1MzGNo-blETZqp4E523kB_57JrI4RNIt8S99Gzkr0AE
2021-03-03 15:06:33 INFO  MustacheUtils:43 - 读取模板文件:mustache/userInfo.mustache，替换的内容:{"userName":"王坤","userId":68,"phoneNumber":"13620320760","email":"18546184506@qq.com"}
2021-03-03 15:06:33 INFO  UserInfoApiObject:27 - 创建用户信息ApiObject，请求主体：{
"userId":68,
"userName":"王坤",
"email":"18546184506@qq.com",
"phone":"13620320760",
"friends":[
{
"userId":11,
"userName":"小红喵",
"email":"xiaohongmiao@qq.com",
"phone":"18623456555"
},
{
"userId":12,
"userName":"小红旺",
"email":"xiaohongwang@qq.com",
"phone":"18623456566"
}
]
},请求携带token：eyJ0eXAiOiJKV1QiLCJhbGciOiJIUzI1NiJ9.eyJpZCI6IjEiLCJ1c2VyTmFtZSI6InhpYW9ob25nIiwiZXhwIjoxNjE1MzU5OTg3fQ.1MzGNo-blETZqp4E523kB_57JrI4RNIt8S99Gzkr0AE
2021-03-03 15:06:33 INFO  UserInfoApiObject:48 - 查询所有用户信息ApiObject，请求携带token：eyJ0eXAiOiJKV1QiLCJhbGciOiJIUzI1NiJ9.eyJpZCI6IjEiLCJ1c2VyTmFtZSI6InhpYW9ob25nIiwiZXhwIjoxNjE1MzU5OTg3fQ.1MzGNo-blETZqp4E523kB_57JrI4RNIt8S99Gzkr0AE
2021-03-03 15:06:33 INFO  UserInfoApiObjectTest:155 - 获取到的UserId：68
2021-03-03 15:06:33 INFO  UserInfoApiObjectTest:156 - 通过UserId删除用户信息
2021-03-03 15:06:33 INFO  UserInfoApiObject:113 - 通过userId删除用户信息ApiObject，请求UserId：68，请求携带token：eyJ0eXAiOiJKV1QiLCJhbGciOiJIUzI1NiJ9.eyJpZCI6IjEiLCJ1c2VyTmFtZSI6InhpYW9ob25nIiwiZXhwIjoxNjE1MzU5OTg3fQ.1MzGNo-blETZqp4E523kB_57JrI4RNIt8S99Gzkr0AE
2021-03-03 15:06:33 INFO  UserInfoApiObjectTest:159 - 通过UserId删除用户信息：{
    "code": "00000",
    "message": "成功",
    "data": {
        "userId": 68,
        "userName": "王坤",
        "email": "18546184506@qq.com",
        "phone": "13620320760",
        "friends": [
            {
                "userId": 11,
                "userName": "小红喵",
                "email": "xiaohongmiao@qq.com",
                "phone": "18623456555",
                "friends": null
            },
            {
                "userId": 12,
                "userName": "小红旺",
                "email": "xiaohongwang@qq.com",
                "phone": "18623456566",
                "friends": null
            }
        ]
    },
    "success": true
}
2021-03-03 15:06:33 INFO  UserInfoApiObject:48 - 查询所有用户信息ApiObject，请求携带token：eyJ0eXAiOiJKV1QiLCJhbGciOiJIUzI1NiJ9.eyJpZCI6IjEiLCJ1c2VyTmFtZSI6InhpYW9ob25nIiwiZXhwIjoxNjE1MzU5OTg3fQ.1MzGNo-blETZqp4E523kB_57JrI4RNIt8S99Gzkr0AE
2021-03-03 15:06:38 INFO  UserInfoApiObject:48 - 查询所有用户信息ApiObject，请求携带token：eyJ0eXAiOiJKV1QiLCJhbGciOiJIUzI1NiJ9.eyJpZCI6IjEiLCJ1c2VyTmFtZSI6InhpYW9ob25nIiwiZXhwIjoxNjE1MzU5OTg3fQ.1MzGNo-blETZqp4E523kB_57JrI4RNIt8S99Gzkr0AE
2021-03-03 15:06:38 INFO  MustacheUtils:43 - 读取模板文件:mustache/userInfo.mustache，替换的内容:{"userName":"赵婷","userId":38,"phoneNumber":"15874466232","email":"18008642337@qq.com"}
2021-03-03 15:06:38 INFO  UserInfoApiObject:27 - 创建用户信息ApiObject，请求主体：{
"userId":38,
"userName":"赵婷",
"email":"18008642337@qq.com",
"phone":"15874466232",
"friends":[
{
"userId":11,
"userName":"小红喵",
"email":"xiaohongmiao@qq.com",
"phone":"18623456555"
},
{
"userId":12,
"userName":"小红旺",
"email":"xiaohongwang@qq.com",
"phone":"18623456566"
}
]
},请求携带token：eyJ0eXAiOiJKV1QiLCJhbGciOiJIUzI1NiJ9.eyJpZCI6IjEiLCJ1c2VyTmFtZSI6InhpYW9ob25nIiwiZXhwIjoxNjE1MzU5OTg3fQ.1MzGNo-blETZqp4E523kB_57JrI4RNIt8S99Gzkr0AE
2021-03-03 15:06:38 INFO  UserInfoApiObject:48 - 查询所有用户信息ApiObject，请求携带token：eyJ0eXAiOiJKV1QiLCJhbGciOiJIUzI1NiJ9.eyJpZCI6IjEiLCJ1c2VyTmFtZSI6InhpYW9ob25nIiwiZXhwIjoxNjE1MzU5OTg3fQ.1MzGNo-blETZqp4E523kB_57JrI4RNIt8S99Gzkr0AE
2021-03-03 15:06:39 INFO  UserInfoApiObjectTest:125 - 获取到的UserId：38
2021-03-03 15:06:39 INFO  UserInfoApiObjectTest:132 - 更新用户信息请求body：{"userName":"小红红","userId":38,"phone":"18623456543","email":"xiaohong红@qq.com"}
2021-03-03 15:06:39 INFO  UserInfoApiObjectTest:133 - 通过UserId更新用户信息
2021-03-03 15:06:39 INFO  UserInfoApiObject:91 - 通过userId更新用户信息ApiObject，请求UserId：38，请求更新用户信息主体：{
    "userId":38,
    "userName":"小红红",
    "email":"xiaohong红@qq.com",
    "phone":"18623456543"
}，请求携带token：eyJ0eXAiOiJKV1QiLCJhbGciOiJIUzI1NiJ9.eyJpZCI6IjEiLCJ1c2VyTmFtZSI6InhpYW9ob25nIiwiZXhwIjoxNjE1MzU5OTg3fQ.1MzGNo-blETZqp4E523kB_57JrI4RNIt8S99Gzkr0AE
2021-03-03 15:06:39 INFO  UserInfoApiObjectTest:136 - 通过UserId更新用户信息接口返回信息：{
    "code": "00000",
    "message": "成功",
    "data": {
        "userId": 38,
        "userName": "小红红",
        "email": "xiaohong红@qq.com",
        "phone": "18623456543",
        "friends": null
    },
    "success": true
}
2021-03-03 15:06:39 INFO  UserInfoApiObject:48 - 查询所有用户信息ApiObject，请求携带token：eyJ0eXAiOiJKV1QiLCJhbGciOiJIUzI1NiJ9.eyJpZCI6IjEiLCJ1c2VyTmFtZSI6InhpYW9ob25nIiwiZXhwIjoxNjE1MzU5OTg3fQ.1MzGNo-blETZqp4E523kB_57JrI4RNIt8S99Gzkr0AE
2021-03-03 15:06:39 INFO  UserInfoApiObject:113 - 通过userId删除用户信息ApiObject，请求UserId：38，请求携带token：eyJ0eXAiOiJKV1QiLCJhbGciOiJIUzI1NiJ9.eyJpZCI6IjEiLCJ1c2VyTmFtZSI6InhpYW9ob25nIiwiZXhwIjoxNjE1MzU5OTg3fQ.1MzGNo-blETZqp4E523kB_57JrI4RNIt8S99Gzkr0AE
2021-03-03 15:06:44 INFO  UserInfoApiObject:48 - 查询所有用户信息ApiObject，请求携带token：eyJ0eXAiOiJKV1QiLCJhbGciOiJIUzI1NiJ9.eyJpZCI6IjEiLCJ1c2VyTmFtZSI6InhpYW9ob25nIiwiZXhwIjoxNjE1MzU5OTg3fQ.1MzGNo-blETZqp4E523kB_57JrI4RNIt8S99Gzkr0AE
2021-03-03 15:06:44 INFO  MustacheUtils:43 - 读取模板文件:mustache/userInfo.mustache，替换的内容:{"userName":"刘丽娟","userId":43,"phoneNumber":"15675144114","email":"18173924582@qq.com"}
2021-03-03 15:06:44 INFO  UserInfoApiObjectTest:58 - 创建用户信息请求body：{"userName":"刘丽娟","userId":43,"friends":[{"userName":"小红喵","userId":11,"phone":"18623456555","email":"xiaohongmiao@qq.com"},{"userName":"小红旺","userId":12,"phone":"18623456566","email":"xiaohongwang@qq.com"}],"phone":"15675144114","email":"18173924582@qq.com"}
2021-03-03 15:06:45 INFO  MustacheUtils:43 - 读取模板文件:mustache/userInfo.mustache，替换的内容:{"userName":"孙凯","userId":31,"phoneNumber":"13168407436","email":"15232503232@qq.com"}
2021-03-03 15:06:45 INFO  UserInfoApiObject:27 - 创建用户信息ApiObject，请求主体：{
"userId":31,
"userName":"孙凯",
"email":"15232503232@qq.com",
"phone":"13168407436",
"friends":[
{
"userId":11,
"userName":"小红喵",
"email":"xiaohongmiao@qq.com",
"phone":"18623456555"
},
{
"userId":12,
"userName":"小红旺",
"email":"xiaohongwang@qq.com",
"phone":"18623456566"
}
]
},请求携带token：eyJ0eXAiOiJKV1QiLCJhbGciOiJIUzI1NiJ9.eyJpZCI6IjEiLCJ1c2VyTmFtZSI6InhpYW9ob25nIiwiZXhwIjoxNjE1MzU5OTg3fQ.1MzGNo-blETZqp4E523kB_57JrI4RNIt8S99Gzkr0AE
2021-03-03 15:06:45 INFO  UserInfoApiObjectTest:60 - 创建用户信息接口返回信息：{
    "code": "00000",
    "message": "成功",
    "data": {
        "userId": 31,
        "userName": "孙凯",
        "email": "15232503232@qq.com",
        "phone": "13168407436",
        "friends": [
            {
                "userId": 11,
                "userName": "小红喵",
                "email": "xiaohongmiao@qq.com",
                "phone": "18623456555",
                "friends": null
            },
            {
                "userId": 12,
                "userName": "小红旺",
                "email": "xiaohongwang@qq.com",
                "phone": "18623456566",
                "friends": null
            }
        ]
    },
    "success": true
}
2021-03-03 15:06:45 INFO  UserInfoApiObjectTest:61 - 创建用户信息测试结果断言
2021-03-03 15:06:45 INFO  UserInfoApiObject:48 - 查询所有用户信息ApiObject，请求携带token：eyJ0eXAiOiJKV1QiLCJhbGciOiJIUzI1NiJ9.eyJpZCI6IjEiLCJ1c2VyTmFtZSI6InhpYW9ob25nIiwiZXhwIjoxNjE1MzU5OTg3fQ.1MzGNo-blETZqp4E523kB_57JrI4RNIt8S99Gzkr0AE
2021-03-03 15:06:45 INFO  UserInfoApiObject:113 - 通过userId删除用户信息ApiObject，请求UserId：31，请求携带token：eyJ0eXAiOiJKV1QiLCJhbGciOiJIUzI1NiJ9.eyJpZCI6IjEiLCJ1c2VyTmFtZSI6InhpYW9ob25nIiwiZXhwIjoxNjE1MzU5OTg3fQ.1MzGNo-blETZqp4E523kB_57JrI4RNIt8S99Gzkr0AE
2021-03-03 15:06:50 INFO  UserInfoApiObject:48 - 查询所有用户信息ApiObject，请求携带token：eyJ0eXAiOiJKV1QiLCJhbGciOiJIUzI1NiJ9.eyJpZCI6IjEiLCJ1c2VyTmFtZSI6InhpYW9ob25nIiwiZXhwIjoxNjE1MzU5OTg3fQ.1MzGNo-blETZqp4E523kB_57JrI4RNIt8S99Gzkr0AE
2021-03-03 15:06:51 INFO  MustacheUtils:43 - 读取模板文件:mustache/userInfo.mustache，替换的内容:{"userName":"徐秀珍","userId":94,"phoneNumber":"15712248691","email":"14702715595@qq.com"}
2021-03-03 15:06:51 INFO  UserInfoApiObject:27 - 创建用户信息ApiObject，请求主体：{
"userId":94,
"userName":"徐秀珍",
"email":"14702715595@qq.com",
"phone":"15712248691",
"friends":[
{
"userId":11,
"userName":"小红喵",
"email":"xiaohongmiao@qq.com",
"phone":"18623456555"
},
{
"userId":12,
"userName":"小红旺",
"email":"xiaohongwang@qq.com",
"phone":"18623456566"
}
]
},请求携带token：eyJ0eXAiOiJKV1QiLCJhbGciOiJIUzI1NiJ9.eyJpZCI6IjEiLCJ1c2VyTmFtZSI6InhpYW9ob25nIiwiZXhwIjoxNjE1MzU5OTg3fQ.1MzGNo-blETZqp4E523kB_57JrI4RNIt8S99Gzkr0AE
2021-03-03 15:06:51 INFO  UserInfoApiObjectTest:81 - 查询所有用户信息
2021-03-03 15:06:51 INFO  UserInfoApiObject:48 - 查询所有用户信息ApiObject，请求携带token：eyJ0eXAiOiJKV1QiLCJhbGciOiJIUzI1NiJ9.eyJpZCI6IjEiLCJ1c2VyTmFtZSI6InhpYW9ob25nIiwiZXhwIjoxNjE1MzU5OTg3fQ.1MzGNo-blETZqp4E523kB_57JrI4RNIt8S99Gzkr0AE
2021-03-03 15:06:51 INFO  UserInfoApiObjectTest:84 - 查询所有用户信息接口返回信息：{
    "code": "00000",
    "message": "成功",
    "data": [
        {
            "userId": 94,
            "userName": "徐秀珍",
            "email": "14702715595@qq.com",
            "phone": "15712248691",
            "friends": [
                {
                    "userId": 11,
                    "userName": "小红喵",
                    "email": "xiaohongmiao@qq.com",
                    "phone": "18623456555",
                    "friends": null
                },
                {
                    "userId": 12,
                    "userName": "小红旺",
                    "email": "xiaohongwang@qq.com",
                    "phone": "18623456566",
                    "friends": null
                }
            ]
        }
    ],
    "success": true
}
2021-03-03 15:06:51 INFO  UserInfoApiObject:48 - 查询所有用户信息ApiObject，请求携带token：eyJ0eXAiOiJKV1QiLCJhbGciOiJIUzI1NiJ9.eyJpZCI6IjEiLCJ1c2VyTmFtZSI6InhpYW9ob25nIiwiZXhwIjoxNjE1MzU5OTg3fQ.1MzGNo-blETZqp4E523kB_57JrI4RNIt8S99Gzkr0AE
2021-03-03 15:06:51 INFO  UserInfoApiObject:113 - 通过userId删除用户信息ApiObject，请求UserId：94，请求携带token：eyJ0eXAiOiJKV1QiLCJhbGciOiJIUzI1NiJ9.eyJpZCI6IjEiLCJ1c2VyTmFtZSI6InhpYW9ob25nIiwiZXhwIjoxNjE1MzU5OTg3fQ.1MzGNo-blETZqp4E523kB_57JrI4RNIt8S99Gzkr0AE
2021-03-03 15:06:56 INFO  UserInfoApiObject:48 - 查询所有用户信息ApiObject，请求携带token：eyJ0eXAiOiJKV1QiLCJhbGciOiJIUzI1NiJ9.eyJpZCI6IjEiLCJ1c2VyTmFtZSI6InhpYW9ob25nIiwiZXhwIjoxNjE1MzU5OTg3fQ.1MzGNo-blETZqp4E523kB_57JrI4RNIt8S99Gzkr0AE
2021-03-03 15:06:56 INFO  MustacheUtils:43 - 读取模板文件:mustache/userInfo.mustache，替换的内容:{"userName":"张玉华","userId":34,"phoneNumber":"18851220500","email":"13948264993@qq.com"}
2021-03-03 15:06:56 INFO  UserInfoApiObject:27 - 创建用户信息ApiObject，请求主体：{
"userId":34,
"userName":"张玉华",
"email":"13948264993@qq.com",
"phone":"18851220500",
"friends":[
{
"userId":11,
"userName":"小红喵",
"email":"xiaohongmiao@qq.com",
"phone":"18623456555"
},
{
"userId":12,
"userName":"小红旺",
"email":"xiaohongwang@qq.com",
"phone":"18623456566"
}
]
},请求携带token：eyJ0eXAiOiJKV1QiLCJhbGciOiJIUzI1NiJ9.eyJpZCI6IjEiLCJ1c2VyTmFtZSI6InhpYW9ob25nIiwiZXhwIjoxNjE1MzU5OTg3fQ.1MzGNo-blETZqp4E523kB_57JrI4RNIt8S99Gzkr0AE
2021-03-03 15:06:56 INFO  UserInfoApiObject:48 - 查询所有用户信息ApiObject，请求携带token：eyJ0eXAiOiJKV1QiLCJhbGciOiJIUzI1NiJ9.eyJpZCI6IjEiLCJ1c2VyTmFtZSI6InhpYW9ob25nIiwiZXhwIjoxNjE1MzU5OTg3fQ.1MzGNo-blETZqp4E523kB_57JrI4RNIt8S99Gzkr0AE
2021-03-03 15:06:56 INFO  UserInfoApiObjectTest:101 - 通过UserId查询用户信息
2021-03-03 15:06:56 INFO  UserInfoApiObjectTest:104 - 获取到的UserId：34
2021-03-03 15:06:56 INFO  UserInfoApiObject:69 - 通过userId查询用户信息ApiObject，请求UserId：34，请求携带token：eyJ0eXAiOiJKV1QiLCJhbGciOiJIUzI1NiJ9.eyJpZCI6IjEiLCJ1c2VyTmFtZSI6InhpYW9ob25nIiwiZXhwIjoxNjE1MzU5OTg3fQ.1MzGNo-blETZqp4E523kB_57JrI4RNIt8S99Gzkr0AE
2021-03-03 15:06:56 INFO  UserInfoApiObjectTest:106 - 通过UserId查询用户信息接口返回信息：{
    "code": "00000",
    "message": "成功",
    "data": {
        "userId": 34,
        "userName": "张玉华",
        "email": "13948264993@qq.com",
        "phone": "18851220500",
        "friends": [
            {
                "userId": 11,
                "userName": "小红喵",
                "email": "xiaohongmiao@qq.com",
                "phone": "18623456555",
                "friends": null
            },
            {
                "userId": 12,
                "userName": "小红旺",
                "email": "xiaohongwang@qq.com",
                "phone": "18623456566",
                "friends": null
            }
        ]
    },
    "success": true
}
2021-03-03 15:06:57 INFO  UserInfoApiObject:48 - 查询所有用户信息ApiObject，请求携带token：eyJ0eXAiOiJKV1QiLCJhbGciOiJIUzI1NiJ9.eyJpZCI6IjEiLCJ1c2VyTmFtZSI6InhpYW9ob25nIiwiZXhwIjoxNjE1MzU5OTg3fQ.1MzGNo-blETZqp4E523kB_57JrI4RNIt8S99Gzkr0AE
2021-03-03 15:06:57 INFO  UserInfoApiObject:113 - 通过userId删除用户信息ApiObject，请求UserId：34，请求携带token：eyJ0eXAiOiJKV1QiLCJhbGciOiJIUzI1NiJ9.eyJpZCI6IjEiLCJ1c2VyTmFtZSI6InhpYW9ob25nIiwiZXhwIjoxNjE1MzU5OTg3fQ.1MzGNo-blETZqp4E523kB_57JrI4RNIt8S99Gzkr0AE
2021-03-03 15:07:02 INFO  JsonPathUtils:54 - 读取JSON文件:/json/book.json，替换的内容:{"$.store.book[*].author":"测试作者"}
2021-03-03 15:07:07 INFO  JsonPathUtils:54 - 读取JSON文件:/json/book.json，替换的内容:{"$.store.*":"all change"}
2021-03-03 15:07:12 INFO  JsonPathUtils:54 - 读取JSON文件:/json/book.json，替换的内容:{"$..book[0,1]":"first two change"}
2021-03-03 15:07:17 INFO  MustacheUtils:43 - 读取模板文件:mustache/book.mustache，替换的内容:{"author":"mustacheAuthor","price":56.8}
2021-03-03 15:16:01 INFO  UserLoginApiObject:27 - 用户登录ApiObject，接口请求主体：{
    "username":"xiaohong",
    "password":"123123"
}
2021-03-03 15:16:04 INFO  CreateUserInfoThreadTest:58 - 获取接口token：eyJ0eXAiOiJKV1QiLCJhbGciOiJIUzI1NiJ9.eyJpZCI6IjEiLCJ1c2VyTmFtZSI6InhpYW9ob25nIiwiZXhwIjoxNjE1MzYwNTYyfQ.Bgd5IBvOsMeBvaHubgYWfTjlSVSyZKTzcqVU2w39-20
2021-03-03 15:16:14 INFO  CreateUserInfoThreadTest:76 - 创建用户信息请求body：{"userName":"小红","userId":1,"friends":[{"userName":"小红喵","userId":11,"phone":"18623456555","email":"xiaohongmiao@qq.com"},{"userName":"小红旺","userId":12,"phone":"18623456566","email":"xiaohongwang@qq.com"}],"phone":"18623456543","email":"xiaohong@qq.com"}
2021-03-03 15:16:14 INFO  UserInfoApiObject:27 - 创建用户信息ApiObject，请求主体：{
    "userId":1,
    "userName":"小红",
    "email":"xiaohong@qq.com",
    "phone":"18623456543",
    "friends":[
        {
            "userId":11,
            "userName":"小红喵",
            "email":"xiaohongmiao@qq.com",
            "phone":"18623456555"
        },
        {
            "userId":12,
            "userName":"小红旺",
            "email":"xiaohongwang@qq.com",
            "phone":"18623456566"
        }
    ]
},请求携带token：eyJ0eXAiOiJKV1QiLCJhbGciOiJIUzI1NiJ9.eyJpZCI6IjEiLCJ1c2VyTmFtZSI6InhpYW9ob25nIiwiZXhwIjoxNjE1MzYwNTYyfQ.Bgd5IBvOsMeBvaHubgYWfTjlSVSyZKTzcqVU2w39-20
2021-03-03 15:16:14 INFO  CreateUserInfoThreadTest:79 - 创建用户信息接口返回信息：{
    "code": "00000",
    "message": "成功",
    "data": {
        "userId": 1,
        "userName": "小红",
        "email": "xiaohong@qq.com",
        "phone": "18623456543",
        "friends": [
            {
                "userId": 11,
                "userName": "小红喵",
                "email": "xiaohongmiao@qq.com",
                "phone": "18623456555",
                "friends": null
            },
            {
                "userId": 12,
                "userName": "小红旺",
                "email": "xiaohongwang@qq.com",
                "phone": "18623456566",
                "friends": null
            }
        ]
    },
    "success": true
}
2021-03-03 15:16:14 INFO  CreateUserInfoThreadTest:80 - 创建用户信息测试结果断言
2021-03-03 15:16:19 INFO  CreateUserInfoThreadTest:76 - 创建用户信息请求body：{"userName":"小红","userId":1,"friends":[{"userName":"小红喵","userId":11,"phone":"18623456555","email":"xiaohongmiao@qq.com"},{"userName":"小红旺","userId":12,"phone":"18623456566","email":"xiaohongwang@qq.com"}],"phone":"18623456543","email":"xiaohong@qq.com"}
2021-03-03 15:16:19 INFO  UserInfoApiObject:27 - 创建用户信息ApiObject，请求主体：{
    "userId":1,
    "userName":"小红",
    "email":"xiaohong@qq.com",
    "phone":"18623456543",
    "friends":[
        {
            "userId":11,
            "userName":"小红喵",
            "email":"xiaohongmiao@qq.com",
            "phone":"18623456555"
        },
        {
            "userId":12,
            "userName":"小红旺",
            "email":"xiaohongwang@qq.com",
            "phone":"18623456566"
        }
    ]
},请求携带token：eyJ0eXAiOiJKV1QiLCJhbGciOiJIUzI1NiJ9.eyJpZCI6IjEiLCJ1c2VyTmFtZSI6InhpYW9ob25nIiwiZXhwIjoxNjE1MzYwNTYyfQ.Bgd5IBvOsMeBvaHubgYWfTjlSVSyZKTzcqVU2w39-20
2021-03-03 15:16:19 INFO  CreateUserInfoThreadTest:79 - 创建用户信息接口返回信息：{
    "code": "00001",
    "message": "失败",
    "data": "用户已存在",
    "success": false
}
2021-03-03 15:16:19 INFO  CreateUserInfoThreadTest:80 - 创建用户信息测试结果断言
2021-03-03 15:16:24 INFO  CreateUserInfoThreadTest:76 - 创建用户信息请求body：{"userName":"小红","userId":1,"friends":[{"userName":"小红喵","userId":11,"phone":"18623456555","email":"xiaohongmiao@qq.com"},{"userName":"小红旺","userId":12,"phone":"18623456566","email":"xiaohongwang@qq.com"}],"phone":"18623456543","email":"xiaohong@qq.com"}
2021-03-03 15:16:24 INFO  UserInfoApiObject:27 - 创建用户信息ApiObject，请求主体：{
    "userId":1,
    "userName":"小红",
    "email":"xiaohong@qq.com",
    "phone":"18623456543",
    "friends":[
        {
            "userId":11,
            "userName":"小红喵",
            "email":"xiaohongmiao@qq.com",
            "phone":"18623456555"
        },
        {
            "userId":12,
            "userName":"小红旺",
            "email":"xiaohongwang@qq.com",
            "phone":"18623456566"
        }
    ]
},请求携带token：eyJ0eXAiOiJKV1QiLCJhbGciOiJIUzI1NiJ9.eyJpZCI6IjEiLCJ1c2VyTmFtZSI6InhpYW9ob25nIiwiZXhwIjoxNjE1MzYwNTYyfQ.Bgd5IBvOsMeBvaHubgYWfTjlSVSyZKTzcqVU2w39-20
2021-03-03 15:16:24 INFO  CreateUserInfoThreadTest:79 - 创建用户信息接口返回信息：{
    "code": "00001",
    "message": "失败",
    "data": "用户已存在",
    "success": false
}
2021-03-03 15:16:24 INFO  CreateUserInfoThreadTest:80 - 创建用户信息测试结果断言
2021-03-03 15:16:24 INFO  UserLoginApiObject:27 - 用户登录ApiObject，接口请求主体：{
    "username":"xiaohong",
    "password":"123123"
}
2021-03-03 15:16:24 INFO  UserInfoApiObjectTest:37 - 获取接口token：eyJ0eXAiOiJKV1QiLCJhbGciOiJIUzI1NiJ9.eyJpZCI6IjEiLCJ1c2VyTmFtZSI6InhpYW9ob25nIiwiZXhwIjoxNjE1MzYwNTg0fQ.9ZNxwuaXUuANYaoKedHdudAkpGxi-2-1ASQIyx2R8Ps
2021-03-03 15:16:29 INFO  UserInfoApiObject:48 - 查询所有用户信息ApiObject，请求携带token：eyJ0eXAiOiJKV1QiLCJhbGciOiJIUzI1NiJ9.eyJpZCI6IjEiLCJ1c2VyTmFtZSI6InhpYW9ob25nIiwiZXhwIjoxNjE1MzYwNTg0fQ.9ZNxwuaXUuANYaoKedHdudAkpGxi-2-1ASQIyx2R8Ps
2021-03-03 15:16:30 INFO  UserInfoApiObject:113 - 通过userId删除用户信息ApiObject，请求UserId：1，请求携带token：eyJ0eXAiOiJKV1QiLCJhbGciOiJIUzI1NiJ9.eyJpZCI6IjEiLCJ1c2VyTmFtZSI6InhpYW9ob25nIiwiZXhwIjoxNjE1MzYwNTg0fQ.9ZNxwuaXUuANYaoKedHdudAkpGxi-2-1ASQIyx2R8Ps
2021-03-03 15:16:31 INFO  MustacheUtils:43 - 读取模板文件:mustache/userInfo.mustache，替换的内容:{"userName":"潘飞","userId":69,"phoneNumber":"13908976103","email":"18991966136@qq.com"}
2021-03-03 15:16:31 INFO  UserInfoApiObject:27 - 创建用户信息ApiObject，请求主体：{
"userId":69,
"userName":"潘飞",
"email":"18991966136@qq.com",
"phone":"13908976103",
"friends":[
{
"userId":11,
"userName":"小红喵",
"email":"xiaohongmiao@qq.com",
"phone":"18623456555"
},
{
"userId":12,
"userName":"小红旺",
"email":"xiaohongwang@qq.com",
"phone":"18623456566"
}
]
},请求携带token：eyJ0eXAiOiJKV1QiLCJhbGciOiJIUzI1NiJ9.eyJpZCI6IjEiLCJ1c2VyTmFtZSI6InhpYW9ob25nIiwiZXhwIjoxNjE1MzYwNTg0fQ.9ZNxwuaXUuANYaoKedHdudAkpGxi-2-1ASQIyx2R8Ps
2021-03-03 15:16:31 INFO  UserInfoApiObject:48 - 查询所有用户信息ApiObject，请求携带token：eyJ0eXAiOiJKV1QiLCJhbGciOiJIUzI1NiJ9.eyJpZCI6IjEiLCJ1c2VyTmFtZSI6InhpYW9ob25nIiwiZXhwIjoxNjE1MzYwNTg0fQ.9ZNxwuaXUuANYaoKedHdudAkpGxi-2-1ASQIyx2R8Ps
2021-03-03 15:16:31 INFO  UserInfoApiObjectTest:155 - 获取到的UserId：69
2021-03-03 15:16:31 INFO  UserInfoApiObjectTest:156 - 通过UserId删除用户信息
2021-03-03 15:16:31 INFO  UserInfoApiObject:113 - 通过userId删除用户信息ApiObject，请求UserId：69，请求携带token：eyJ0eXAiOiJKV1QiLCJhbGciOiJIUzI1NiJ9.eyJpZCI6IjEiLCJ1c2VyTmFtZSI6InhpYW9ob25nIiwiZXhwIjoxNjE1MzYwNTg0fQ.9ZNxwuaXUuANYaoKedHdudAkpGxi-2-1ASQIyx2R8Ps
2021-03-03 15:16:31 INFO  UserInfoApiObjectTest:159 - 通过UserId删除用户信息：{
    "code": "00000",
    "message": "成功",
    "data": {
        "userId": 69,
        "userName": "潘飞",
        "email": "18991966136@qq.com",
        "phone": "13908976103",
        "friends": [
            {
                "userId": 11,
                "userName": "小红喵",
                "email": "xiaohongmiao@qq.com",
                "phone": "18623456555",
                "friends": null
            },
            {
                "userId": 12,
                "userName": "小红旺",
                "email": "xiaohongwang@qq.com",
                "phone": "18623456566",
                "friends": null
            }
        ]
    },
    "success": true
}
2021-03-03 15:16:31 INFO  UserInfoApiObject:48 - 查询所有用户信息ApiObject，请求携带token：eyJ0eXAiOiJKV1QiLCJhbGciOiJIUzI1NiJ9.eyJpZCI6IjEiLCJ1c2VyTmFtZSI6InhpYW9ob25nIiwiZXhwIjoxNjE1MzYwNTg0fQ.9ZNxwuaXUuANYaoKedHdudAkpGxi-2-1ASQIyx2R8Ps
2021-03-03 15:16:36 INFO  UserInfoApiObject:48 - 查询所有用户信息ApiObject，请求携带token：eyJ0eXAiOiJKV1QiLCJhbGciOiJIUzI1NiJ9.eyJpZCI6IjEiLCJ1c2VyTmFtZSI6InhpYW9ob25nIiwiZXhwIjoxNjE1MzYwNTg0fQ.9ZNxwuaXUuANYaoKedHdudAkpGxi-2-1ASQIyx2R8Ps
2021-03-03 15:16:37 INFO  MustacheUtils:43 - 读取模板文件:mustache/userInfo.mustache，替换的内容:{"userName":"刘林","userId":96,"phoneNumber":"13671080055","email":"13355518909@qq.com"}
2021-03-03 15:16:37 INFO  UserInfoApiObject:27 - 创建用户信息ApiObject，请求主体：{
"userId":96,
"userName":"刘林",
"email":"13355518909@qq.com",
"phone":"13671080055",
"friends":[
{
"userId":11,
"userName":"小红喵",
"email":"xiaohongmiao@qq.com",
"phone":"18623456555"
},
{
"userId":12,
"userName":"小红旺",
"email":"xiaohongwang@qq.com",
"phone":"18623456566"
}
]
},请求携带token：eyJ0eXAiOiJKV1QiLCJhbGciOiJIUzI1NiJ9.eyJpZCI6IjEiLCJ1c2VyTmFtZSI6InhpYW9ob25nIiwiZXhwIjoxNjE1MzYwNTg0fQ.9ZNxwuaXUuANYaoKedHdudAkpGxi-2-1ASQIyx2R8Ps
2021-03-03 15:16:37 INFO  UserInfoApiObject:48 - 查询所有用户信息ApiObject，请求携带token：eyJ0eXAiOiJKV1QiLCJhbGciOiJIUzI1NiJ9.eyJpZCI6IjEiLCJ1c2VyTmFtZSI6InhpYW9ob25nIiwiZXhwIjoxNjE1MzYwNTg0fQ.9ZNxwuaXUuANYaoKedHdudAkpGxi-2-1ASQIyx2R8Ps
2021-03-03 15:16:37 INFO  UserInfoApiObjectTest:125 - 获取到的UserId：96
2021-03-03 15:16:37 INFO  UserInfoApiObjectTest:132 - 更新用户信息请求body：{"userName":"小红红","userId":96,"phone":"18623456543","email":"xiaohong红@qq.com"}
2021-03-03 15:16:37 INFO  UserInfoApiObjectTest:133 - 通过UserId更新用户信息
2021-03-03 15:16:37 INFO  UserInfoApiObject:91 - 通过userId更新用户信息ApiObject，请求UserId：96，请求更新用户信息主体：{
    "userId":96,
    "userName":"小红红",
    "email":"xiaohong红@qq.com",
    "phone":"18623456543"
}，请求携带token：eyJ0eXAiOiJKV1QiLCJhbGciOiJIUzI1NiJ9.eyJpZCI6IjEiLCJ1c2VyTmFtZSI6InhpYW9ob25nIiwiZXhwIjoxNjE1MzYwNTg0fQ.9ZNxwuaXUuANYaoKedHdudAkpGxi-2-1ASQIyx2R8Ps
2021-03-03 15:16:37 INFO  UserInfoApiObjectTest:136 - 通过UserId更新用户信息接口返回信息：{
    "code": "00000",
    "message": "成功",
    "data": {
        "userId": 96,
        "userName": "小红红",
        "email": "xiaohong红@qq.com",
        "phone": "18623456543",
        "friends": null
    },
    "success": true
}
2021-03-03 15:16:37 INFO  UserInfoApiObject:48 - 查询所有用户信息ApiObject，请求携带token：eyJ0eXAiOiJKV1QiLCJhbGciOiJIUzI1NiJ9.eyJpZCI6IjEiLCJ1c2VyTmFtZSI6InhpYW9ob25nIiwiZXhwIjoxNjE1MzYwNTg0fQ.9ZNxwuaXUuANYaoKedHdudAkpGxi-2-1ASQIyx2R8Ps
2021-03-03 15:16:37 INFO  UserInfoApiObject:113 - 通过userId删除用户信息ApiObject，请求UserId：96，请求携带token：eyJ0eXAiOiJKV1QiLCJhbGciOiJIUzI1NiJ9.eyJpZCI6IjEiLCJ1c2VyTmFtZSI6InhpYW9ob25nIiwiZXhwIjoxNjE1MzYwNTg0fQ.9ZNxwuaXUuANYaoKedHdudAkpGxi-2-1ASQIyx2R8Ps
2021-03-03 15:16:42 INFO  UserInfoApiObject:48 - 查询所有用户信息ApiObject，请求携带token：eyJ0eXAiOiJKV1QiLCJhbGciOiJIUzI1NiJ9.eyJpZCI6IjEiLCJ1c2VyTmFtZSI6InhpYW9ob25nIiwiZXhwIjoxNjE1MzYwNTg0fQ.9ZNxwuaXUuANYaoKedHdudAkpGxi-2-1ASQIyx2R8Ps
2021-03-03 15:16:42 INFO  MustacheUtils:43 - 读取模板文件:mustache/userInfo.mustache，替换的内容:{"userName":"毛颖","userId":54,"phoneNumber":"13947220248","email":"15771903917@qq.com"}
2021-03-03 15:16:42 INFO  UserInfoApiObjectTest:58 - 创建用户信息请求body：{"userName":"毛颖","userId":54,"friends":[{"userName":"小红喵","userId":11,"phone":"18623456555","email":"xiaohongmiao@qq.com"},{"userName":"小红旺","userId":12,"phone":"18623456566","email":"xiaohongwang@qq.com"}],"phone":"13947220248","email":"15771903917@qq.com"}
2021-03-03 15:16:43 INFO  MustacheUtils:43 - 读取模板文件:mustache/userInfo.mustache，替换的内容:{"userName":"陈红","userId":13,"phoneNumber":"15375727681","email":"13772205902@qq.com"}
2021-03-03 15:16:43 INFO  UserInfoApiObject:27 - 创建用户信息ApiObject，请求主体：{
"userId":13,
"userName":"陈红",
"email":"13772205902@qq.com",
"phone":"15375727681",
"friends":[
{
"userId":11,
"userName":"小红喵",
"email":"xiaohongmiao@qq.com",
"phone":"18623456555"
},
{
"userId":12,
"userName":"小红旺",
"email":"xiaohongwang@qq.com",
"phone":"18623456566"
}
]
},请求携带token：eyJ0eXAiOiJKV1QiLCJhbGciOiJIUzI1NiJ9.eyJpZCI6IjEiLCJ1c2VyTmFtZSI6InhpYW9ob25nIiwiZXhwIjoxNjE1MzYwNTg0fQ.9ZNxwuaXUuANYaoKedHdudAkpGxi-2-1ASQIyx2R8Ps
2021-03-03 15:16:43 INFO  UserInfoApiObjectTest:60 - 创建用户信息接口返回信息：{
    "code": "00000",
    "message": "成功",
    "data": {
        "userId": 13,
        "userName": "陈红",
        "email": "13772205902@qq.com",
        "phone": "15375727681",
        "friends": [
            {
                "userId": 11,
                "userName": "小红喵",
                "email": "xiaohongmiao@qq.com",
                "phone": "18623456555",
                "friends": null
            },
            {
                "userId": 12,
                "userName": "小红旺",
                "email": "xiaohongwang@qq.com",
                "phone": "18623456566",
                "friends": null
            }
        ]
    },
    "success": true
}
2021-03-03 15:16:43 INFO  UserInfoApiObjectTest:61 - 创建用户信息测试结果断言
2021-03-03 15:16:43 INFO  UserInfoApiObject:48 - 查询所有用户信息ApiObject，请求携带token：eyJ0eXAiOiJKV1QiLCJhbGciOiJIUzI1NiJ9.eyJpZCI6IjEiLCJ1c2VyTmFtZSI6InhpYW9ob25nIiwiZXhwIjoxNjE1MzYwNTg0fQ.9ZNxwuaXUuANYaoKedHdudAkpGxi-2-1ASQIyx2R8Ps
2021-03-03 15:16:43 INFO  UserInfoApiObject:113 - 通过userId删除用户信息ApiObject，请求UserId：13，请求携带token：eyJ0eXAiOiJKV1QiLCJhbGciOiJIUzI1NiJ9.eyJpZCI6IjEiLCJ1c2VyTmFtZSI6InhpYW9ob25nIiwiZXhwIjoxNjE1MzYwNTg0fQ.9ZNxwuaXUuANYaoKedHdudAkpGxi-2-1ASQIyx2R8Ps
2021-03-03 15:16:48 INFO  UserInfoApiObject:48 - 查询所有用户信息ApiObject，请求携带token：eyJ0eXAiOiJKV1QiLCJhbGciOiJIUzI1NiJ9.eyJpZCI6IjEiLCJ1c2VyTmFtZSI6InhpYW9ob25nIiwiZXhwIjoxNjE1MzYwNTg0fQ.9ZNxwuaXUuANYaoKedHdudAkpGxi-2-1ASQIyx2R8Ps
2021-03-03 15:16:49 INFO  MustacheUtils:43 - 读取模板文件:mustache/userInfo.mustache，替换的内容:{"userName":"王莹","userId":16,"phoneNumber":"18872030223","email":"15256029771@qq.com"}
2021-03-03 15:16:49 INFO  UserInfoApiObject:27 - 创建用户信息ApiObject，请求主体：{
"userId":16,
"userName":"王莹",
"email":"15256029771@qq.com",
"phone":"18872030223",
"friends":[
{
"userId":11,
"userName":"小红喵",
"email":"xiaohongmiao@qq.com",
"phone":"18623456555"
},
{
"userId":12,
"userName":"小红旺",
"email":"xiaohongwang@qq.com",
"phone":"18623456566"
}
]
},请求携带token：eyJ0eXAiOiJKV1QiLCJhbGciOiJIUzI1NiJ9.eyJpZCI6IjEiLCJ1c2VyTmFtZSI6InhpYW9ob25nIiwiZXhwIjoxNjE1MzYwNTg0fQ.9ZNxwuaXUuANYaoKedHdudAkpGxi-2-1ASQIyx2R8Ps
2021-03-03 15:16:49 INFO  UserInfoApiObjectTest:81 - 查询所有用户信息
2021-03-03 15:16:49 INFO  UserInfoApiObject:48 - 查询所有用户信息ApiObject，请求携带token：eyJ0eXAiOiJKV1QiLCJhbGciOiJIUzI1NiJ9.eyJpZCI6IjEiLCJ1c2VyTmFtZSI6InhpYW9ob25nIiwiZXhwIjoxNjE1MzYwNTg0fQ.9ZNxwuaXUuANYaoKedHdudAkpGxi-2-1ASQIyx2R8Ps
2021-03-03 15:16:49 INFO  UserInfoApiObjectTest:84 - 查询所有用户信息接口返回信息：{
    "code": "00000",
    "message": "成功",
    "data": [
        {
            "userId": 16,
            "userName": "王莹",
            "email": "15256029771@qq.com",
            "phone": "18872030223",
            "friends": [
                {
                    "userId": 11,
                    "userName": "小红喵",
                    "email": "xiaohongmiao@qq.com",
                    "phone": "18623456555",
                    "friends": null
                },
                {
                    "userId": 12,
                    "userName": "小红旺",
                    "email": "xiaohongwang@qq.com",
                    "phone": "18623456566",
                    "friends": null
                }
            ]
        }
    ],
    "success": true
}
2021-03-03 15:16:49 INFO  UserInfoApiObject:48 - 查询所有用户信息ApiObject，请求携带token：eyJ0eXAiOiJKV1QiLCJhbGciOiJIUzI1NiJ9.eyJpZCI6IjEiLCJ1c2VyTmFtZSI6InhpYW9ob25nIiwiZXhwIjoxNjE1MzYwNTg0fQ.9ZNxwuaXUuANYaoKedHdudAkpGxi-2-1ASQIyx2R8Ps
2021-03-03 15:16:49 INFO  UserInfoApiObject:113 - 通过userId删除用户信息ApiObject，请求UserId：16，请求携带token：eyJ0eXAiOiJKV1QiLCJhbGciOiJIUzI1NiJ9.eyJpZCI6IjEiLCJ1c2VyTmFtZSI6InhpYW9ob25nIiwiZXhwIjoxNjE1MzYwNTg0fQ.9ZNxwuaXUuANYaoKedHdudAkpGxi-2-1ASQIyx2R8Ps
2021-03-03 15:16:54 INFO  UserInfoApiObject:48 - 查询所有用户信息ApiObject，请求携带token：eyJ0eXAiOiJKV1QiLCJhbGciOiJIUzI1NiJ9.eyJpZCI6IjEiLCJ1c2VyTmFtZSI6InhpYW9ob25nIiwiZXhwIjoxNjE1MzYwNTg0fQ.9ZNxwuaXUuANYaoKedHdudAkpGxi-2-1ASQIyx2R8Ps
2021-03-03 15:16:54 INFO  MustacheUtils:43 - 读取模板文件:mustache/userInfo.mustache，替换的内容:{"userName":"刘玉华","userId":79,"phoneNumber":"14567714389","email":"13891969565@qq.com"}
2021-03-03 15:16:54 INFO  UserInfoApiObject:27 - 创建用户信息ApiObject，请求主体：{
"userId":79,
"userName":"刘玉华",
"email":"13891969565@qq.com",
"phone":"14567714389",
"friends":[
{
"userId":11,
"userName":"小红喵",
"email":"xiaohongmiao@qq.com",
"phone":"18623456555"
},
{
"userId":12,
"userName":"小红旺",
"email":"xiaohongwang@qq.com",
"phone":"18623456566"
}
]
},请求携带token：eyJ0eXAiOiJKV1QiLCJhbGciOiJIUzI1NiJ9.eyJpZCI6IjEiLCJ1c2VyTmFtZSI6InhpYW9ob25nIiwiZXhwIjoxNjE1MzYwNTg0fQ.9ZNxwuaXUuANYaoKedHdudAkpGxi-2-1ASQIyx2R8Ps
2021-03-03 15:16:55 INFO  UserInfoApiObject:48 - 查询所有用户信息ApiObject，请求携带token：eyJ0eXAiOiJKV1QiLCJhbGciOiJIUzI1NiJ9.eyJpZCI6IjEiLCJ1c2VyTmFtZSI6InhpYW9ob25nIiwiZXhwIjoxNjE1MzYwNTg0fQ.9ZNxwuaXUuANYaoKedHdudAkpGxi-2-1ASQIyx2R8Ps
2021-03-03 15:16:55 INFO  UserInfoApiObjectTest:101 - 通过UserId查询用户信息
2021-03-03 15:16:55 INFO  UserInfoApiObjectTest:104 - 获取到的UserId：79
2021-03-03 15:16:55 INFO  UserInfoApiObject:69 - 通过userId查询用户信息ApiObject，请求UserId：79，请求携带token：eyJ0eXAiOiJKV1QiLCJhbGciOiJIUzI1NiJ9.eyJpZCI6IjEiLCJ1c2VyTmFtZSI6InhpYW9ob25nIiwiZXhwIjoxNjE1MzYwNTg0fQ.9ZNxwuaXUuANYaoKedHdudAkpGxi-2-1ASQIyx2R8Ps
2021-03-03 15:16:55 INFO  UserInfoApiObjectTest:106 - 通过UserId查询用户信息接口返回信息：{
    "code": "00000",
    "message": "成功",
    "data": {
        "userId": 79,
        "userName": "刘玉华",
        "email": "13891969565@qq.com",
        "phone": "14567714389",
        "friends": [
            {
                "userId": 11,
                "userName": "小红喵",
                "email": "xiaohongmiao@qq.com",
                "phone": "18623456555",
                "friends": null
            },
            {
                "userId": 12,
                "userName": "小红旺",
                "email": "xiaohongwang@qq.com",
                "phone": "18623456566",
                "friends": null
            }
        ]
    },
    "success": true
}
2021-03-03 15:16:55 INFO  UserInfoApiObject:48 - 查询所有用户信息ApiObject，请求携带token：eyJ0eXAiOiJKV1QiLCJhbGciOiJIUzI1NiJ9.eyJpZCI6IjEiLCJ1c2VyTmFtZSI6InhpYW9ob25nIiwiZXhwIjoxNjE1MzYwNTg0fQ.9ZNxwuaXUuANYaoKedHdudAkpGxi-2-1ASQIyx2R8Ps
2021-03-03 15:16:55 INFO  UserInfoApiObject:113 - 通过userId删除用户信息ApiObject，请求UserId：79，请求携带token：eyJ0eXAiOiJKV1QiLCJhbGciOiJIUzI1NiJ9.eyJpZCI6IjEiLCJ1c2VyTmFtZSI6InhpYW9ob25nIiwiZXhwIjoxNjE1MzYwNTg0fQ.9ZNxwuaXUuANYaoKedHdudAkpGxi-2-1ASQIyx2R8Ps
2021-03-03 15:17:00 INFO  JsonPathUtils:54 - 读取JSON文件:/json/book.json，替换的内容:{"$.store.book[*].author":"测试作者"}
2021-03-03 15:17:05 INFO  JsonPathUtils:54 - 读取JSON文件:/json/book.json，替换的内容:{"$.store.*":"all change"}
2021-03-03 15:17:10 INFO  JsonPathUtils:54 - 读取JSON文件:/json/book.json，替换的内容:{"$..book[0,1]":"first two change"}
2021-03-03 15:17:15 INFO  MustacheUtils:43 - 读取模板文件:mustache/book.mustache，替换的内容:{"author":"mustacheAuthor","price":56.8}
2021-03-03 15:39:11 INFO  UserLoginApiObject:27 - 用户登录ApiObject，接口请求主体：{
    "username":"xiaohong",
    "password":"123123"
}
2021-03-03 15:39:14 INFO  CreateUserInfoThreadTest:58 - 获取接口token：eyJ0eXAiOiJKV1QiLCJhbGciOiJIUzI1NiJ9.eyJpZCI6IjEiLCJ1c2VyTmFtZSI6InhpYW9ob25nIiwiZXhwIjoxNjE1MzYxOTUzfQ.R4WwllQFNuG3Mi79ggjNV-Bb9rTT2PRr0NXoCx6bIE4
2021-03-03 15:39:24 INFO  CreateUserInfoThreadTest:76 - 创建用户信息请求body：{"userName":"小红","userId":1,"friends":[{"userName":"小红喵","userId":11,"phone":"18623456555","email":"xiaohongmiao@qq.com"},{"userName":"小红旺","userId":12,"phone":"18623456566","email":"xiaohongwang@qq.com"}],"phone":"18623456543","email":"xiaohong@qq.com"}
2021-03-03 15:39:24 INFO  UserInfoApiObject:27 - 创建用户信息ApiObject，请求主体：{
    "userId":1,
    "userName":"小红",
    "email":"xiaohong@qq.com",
    "phone":"18623456543",
    "friends":[
        {
            "userId":11,
            "userName":"小红喵",
            "email":"xiaohongmiao@qq.com",
            "phone":"18623456555"
        },
        {
            "userId":12,
            "userName":"小红旺",
            "email":"xiaohongwang@qq.com",
            "phone":"18623456566"
        }
    ]
},请求携带token：eyJ0eXAiOiJKV1QiLCJhbGciOiJIUzI1NiJ9.eyJpZCI6IjEiLCJ1c2VyTmFtZSI6InhpYW9ob25nIiwiZXhwIjoxNjE1MzYxOTUzfQ.R4WwllQFNuG3Mi79ggjNV-Bb9rTT2PRr0NXoCx6bIE4
2021-03-03 15:39:25 INFO  CreateUserInfoThreadTest:79 - 创建用户信息接口返回信息：{
    "code": "00000",
    "message": "成功",
    "data": {
        "userId": 1,
        "userName": "小红",
        "email": "xiaohong@qq.com",
        "phone": "18623456543",
        "friends": [
            {
                "userId": 11,
                "userName": "小红喵",
                "email": "xiaohongmiao@qq.com",
                "phone": "18623456555",
                "friends": null
            },
            {
                "userId": 12,
                "userName": "小红旺",
                "email": "xiaohongwang@qq.com",
                "phone": "18623456566",
                "friends": null
            }
        ]
    },
    "success": true
}
2021-03-03 15:39:25 INFO  CreateUserInfoThreadTest:80 - 创建用户信息测试结果断言
2021-03-03 15:39:30 INFO  CreateUserInfoThreadTest:76 - 创建用户信息请求body：{"userName":"小红","userId":1,"friends":[{"userName":"小红喵","userId":11,"phone":"18623456555","email":"xiaohongmiao@qq.com"},{"userName":"小红旺","userId":12,"phone":"18623456566","email":"xiaohongwang@qq.com"}],"phone":"18623456543","email":"xiaohong@qq.com"}
2021-03-03 15:39:30 INFO  UserInfoApiObject:27 - 创建用户信息ApiObject，请求主体：{
    "userId":1,
    "userName":"小红",
    "email":"xiaohong@qq.com",
    "phone":"18623456543",
    "friends":[
        {
            "userId":11,
            "userName":"小红喵",
            "email":"xiaohongmiao@qq.com",
            "phone":"18623456555"
        },
        {
            "userId":12,
            "userName":"小红旺",
            "email":"xiaohongwang@qq.com",
            "phone":"18623456566"
        }
    ]
},请求携带token：eyJ0eXAiOiJKV1QiLCJhbGciOiJIUzI1NiJ9.eyJpZCI6IjEiLCJ1c2VyTmFtZSI6InhpYW9ob25nIiwiZXhwIjoxNjE1MzYxOTUzfQ.R4WwllQFNuG3Mi79ggjNV-Bb9rTT2PRr0NXoCx6bIE4
2021-03-03 15:39:30 INFO  CreateUserInfoThreadTest:79 - 创建用户信息接口返回信息：{
    "code": "00001",
    "message": "失败",
    "data": "用户已存在",
    "success": false
}
2021-03-03 15:39:30 INFO  CreateUserInfoThreadTest:80 - 创建用户信息测试结果断言
2021-03-03 15:39:35 INFO  CreateUserInfoThreadTest:76 - 创建用户信息请求body：{"userName":"小红","userId":1,"friends":[{"userName":"小红喵","userId":11,"phone":"18623456555","email":"xiaohongmiao@qq.com"},{"userName":"小红旺","userId":12,"phone":"18623456566","email":"xiaohongwang@qq.com"}],"phone":"18623456543","email":"xiaohong@qq.com"}
2021-03-03 15:39:35 INFO  UserInfoApiObject:27 - 创建用户信息ApiObject，请求主体：{
    "userId":1,
    "userName":"小红",
    "email":"xiaohong@qq.com",
    "phone":"18623456543",
    "friends":[
        {
            "userId":11,
            "userName":"小红喵",
            "email":"xiaohongmiao@qq.com",
            "phone":"18623456555"
        },
        {
            "userId":12,
            "userName":"小红旺",
            "email":"xiaohongwang@qq.com",
            "phone":"18623456566"
        }
    ]
},请求携带token：eyJ0eXAiOiJKV1QiLCJhbGciOiJIUzI1NiJ9.eyJpZCI6IjEiLCJ1c2VyTmFtZSI6InhpYW9ob25nIiwiZXhwIjoxNjE1MzYxOTUzfQ.R4WwllQFNuG3Mi79ggjNV-Bb9rTT2PRr0NXoCx6bIE4
2021-03-03 15:39:35 INFO  CreateUserInfoThreadTest:79 - 创建用户信息接口返回信息：{
    "code": "00001",
    "message": "失败",
    "data": "用户已存在",
    "success": false
}
2021-03-03 15:39:35 INFO  CreateUserInfoThreadTest:80 - 创建用户信息测试结果断言
2021-03-03 15:39:35 INFO  UserLoginApiObject:27 - 用户登录ApiObject，接口请求主体：{
    "username":"xiaohong",
    "password":"123123"
}
2021-03-03 15:39:35 INFO  UserInfoApiObjectTest:37 - 获取接口token：eyJ0eXAiOiJKV1QiLCJhbGciOiJIUzI1NiJ9.eyJpZCI6IjEiLCJ1c2VyTmFtZSI6InhpYW9ob25nIiwiZXhwIjoxNjE1MzYxOTc1fQ.nc0koVP01lbcdt6gV3mKQxChjIrSRh7fVJUcMAcJ03I
2021-03-03 15:39:40 INFO  UserInfoApiObject:48 - 查询所有用户信息ApiObject，请求携带token：eyJ0eXAiOiJKV1QiLCJhbGciOiJIUzI1NiJ9.eyJpZCI6IjEiLCJ1c2VyTmFtZSI6InhpYW9ob25nIiwiZXhwIjoxNjE1MzYxOTc1fQ.nc0koVP01lbcdt6gV3mKQxChjIrSRh7fVJUcMAcJ03I
2021-03-03 15:39:40 INFO  UserInfoApiObject:113 - 通过userId删除用户信息ApiObject，请求UserId：1，请求携带token：eyJ0eXAiOiJKV1QiLCJhbGciOiJIUzI1NiJ9.eyJpZCI6IjEiLCJ1c2VyTmFtZSI6InhpYW9ob25nIiwiZXhwIjoxNjE1MzYxOTc1fQ.nc0koVP01lbcdt6gV3mKQxChjIrSRh7fVJUcMAcJ03I
2021-03-03 15:39:41 INFO  MustacheUtils:43 - 读取模板文件:mustache/userInfo.mustache，替换的内容:{"userName":"李金凤","userId":65,"phoneNumber":"15051992200","email":"18903490826@qq.com"}
2021-03-03 15:39:41 INFO  UserInfoApiObject:27 - 创建用户信息ApiObject，请求主体：{
"userId":65,
"userName":"李金凤",
"email":"18903490826@qq.com",
"phone":"15051992200",
"friends":[
{
"userId":11,
"userName":"小红喵",
"email":"xiaohongmiao@qq.com",
"phone":"18623456555"
},
{
"userId":12,
"userName":"小红旺",
"email":"xiaohongwang@qq.com",
"phone":"18623456566"
}
]
},请求携带token：eyJ0eXAiOiJKV1QiLCJhbGciOiJIUzI1NiJ9.eyJpZCI6IjEiLCJ1c2VyTmFtZSI6InhpYW9ob25nIiwiZXhwIjoxNjE1MzYxOTc1fQ.nc0koVP01lbcdt6gV3mKQxChjIrSRh7fVJUcMAcJ03I
2021-03-03 15:39:41 INFO  UserInfoApiObject:48 - 查询所有用户信息ApiObject，请求携带token：eyJ0eXAiOiJKV1QiLCJhbGciOiJIUzI1NiJ9.eyJpZCI6IjEiLCJ1c2VyTmFtZSI6InhpYW9ob25nIiwiZXhwIjoxNjE1MzYxOTc1fQ.nc0koVP01lbcdt6gV3mKQxChjIrSRh7fVJUcMAcJ03I
2021-03-03 15:39:41 INFO  UserInfoApiObjectTest:155 - 获取到的UserId：65
2021-03-03 15:39:41 INFO  UserInfoApiObjectTest:156 - 通过UserId删除用户信息
2021-03-03 15:39:41 INFO  UserInfoApiObject:113 - 通过userId删除用户信息ApiObject，请求UserId：65，请求携带token：eyJ0eXAiOiJKV1QiLCJhbGciOiJIUzI1NiJ9.eyJpZCI6IjEiLCJ1c2VyTmFtZSI6InhpYW9ob25nIiwiZXhwIjoxNjE1MzYxOTc1fQ.nc0koVP01lbcdt6gV3mKQxChjIrSRh7fVJUcMAcJ03I
2021-03-03 15:39:41 INFO  UserInfoApiObjectTest:159 - 通过UserId删除用户信息：{
    "code": "00000",
    "message": "成功",
    "data": {
        "userId": 65,
        "userName": "李金凤",
        "email": "18903490826@qq.com",
        "phone": "15051992200",
        "friends": [
            {
                "userId": 11,
                "userName": "小红喵",
                "email": "xiaohongmiao@qq.com",
                "phone": "18623456555",
                "friends": null
            },
            {
                "userId": 12,
                "userName": "小红旺",
                "email": "xiaohongwang@qq.com",
                "phone": "18623456566",
                "friends": null
            }
        ]
    },
    "success": true
}
2021-03-03 15:39:41 INFO  UserInfoApiObject:48 - 查询所有用户信息ApiObject，请求携带token：eyJ0eXAiOiJKV1QiLCJhbGciOiJIUzI1NiJ9.eyJpZCI6IjEiLCJ1c2VyTmFtZSI6InhpYW9ob25nIiwiZXhwIjoxNjE1MzYxOTc1fQ.nc0koVP01lbcdt6gV3mKQxChjIrSRh7fVJUcMAcJ03I
2021-03-03 15:39:46 INFO  UserInfoApiObject:48 - 查询所有用户信息ApiObject，请求携带token：eyJ0eXAiOiJKV1QiLCJhbGciOiJIUzI1NiJ9.eyJpZCI6IjEiLCJ1c2VyTmFtZSI6InhpYW9ob25nIiwiZXhwIjoxNjE1MzYxOTc1fQ.nc0koVP01lbcdt6gV3mKQxChjIrSRh7fVJUcMAcJ03I
2021-03-03 15:39:47 INFO  MustacheUtils:43 - 读取模板文件:mustache/userInfo.mustache，替换的内容:{"userName":"林丽华","userId":32,"phoneNumber":"18561440627","email":"13071409298@qq.com"}
2021-03-03 15:39:47 INFO  UserInfoApiObject:27 - 创建用户信息ApiObject，请求主体：{
"userId":32,
"userName":"林丽华",
"email":"13071409298@qq.com",
"phone":"18561440627",
"friends":[
{
"userId":11,
"userName":"小红喵",
"email":"xiaohongmiao@qq.com",
"phone":"18623456555"
},
{
"userId":12,
"userName":"小红旺",
"email":"xiaohongwang@qq.com",
"phone":"18623456566"
}
]
},请求携带token：eyJ0eXAiOiJKV1QiLCJhbGciOiJIUzI1NiJ9.eyJpZCI6IjEiLCJ1c2VyTmFtZSI6InhpYW9ob25nIiwiZXhwIjoxNjE1MzYxOTc1fQ.nc0koVP01lbcdt6gV3mKQxChjIrSRh7fVJUcMAcJ03I
2021-03-03 15:39:47 INFO  UserInfoApiObject:48 - 查询所有用户信息ApiObject，请求携带token：eyJ0eXAiOiJKV1QiLCJhbGciOiJIUzI1NiJ9.eyJpZCI6IjEiLCJ1c2VyTmFtZSI6InhpYW9ob25nIiwiZXhwIjoxNjE1MzYxOTc1fQ.nc0koVP01lbcdt6gV3mKQxChjIrSRh7fVJUcMAcJ03I
2021-03-03 15:39:47 INFO  UserInfoApiObjectTest:125 - 获取到的UserId：32
2021-03-03 15:39:47 INFO  UserInfoApiObjectTest:132 - 更新用户信息请求body：{"userName":"小红红","userId":32,"phone":"18623456543","email":"xiaohong红@qq.com"}
2021-03-03 15:39:47 INFO  UserInfoApiObjectTest:133 - 通过UserId更新用户信息
2021-03-03 15:39:47 INFO  UserInfoApiObject:91 - 通过userId更新用户信息ApiObject，请求UserId：32，请求更新用户信息主体：{
    "userId":32,
    "userName":"小红红",
    "email":"xiaohong红@qq.com",
    "phone":"18623456543"
}，请求携带token：eyJ0eXAiOiJKV1QiLCJhbGciOiJIUzI1NiJ9.eyJpZCI6IjEiLCJ1c2VyTmFtZSI6InhpYW9ob25nIiwiZXhwIjoxNjE1MzYxOTc1fQ.nc0koVP01lbcdt6gV3mKQxChjIrSRh7fVJUcMAcJ03I
2021-03-03 15:39:47 INFO  UserInfoApiObjectTest:136 - 通过UserId更新用户信息接口返回信息：{
    "code": "00000",
    "message": "成功",
    "data": {
        "userId": 32,
        "userName": "小红红",
        "email": "xiaohong红@qq.com",
        "phone": "18623456543",
        "friends": null
    },
    "success": true
}
2021-03-03 15:39:47 INFO  UserInfoApiObject:48 - 查询所有用户信息ApiObject，请求携带token：eyJ0eXAiOiJKV1QiLCJhbGciOiJIUzI1NiJ9.eyJpZCI6IjEiLCJ1c2VyTmFtZSI6InhpYW9ob25nIiwiZXhwIjoxNjE1MzYxOTc1fQ.nc0koVP01lbcdt6gV3mKQxChjIrSRh7fVJUcMAcJ03I
2021-03-03 15:39:47 INFO  UserInfoApiObject:113 - 通过userId删除用户信息ApiObject，请求UserId：32，请求携带token：eyJ0eXAiOiJKV1QiLCJhbGciOiJIUzI1NiJ9.eyJpZCI6IjEiLCJ1c2VyTmFtZSI6InhpYW9ob25nIiwiZXhwIjoxNjE1MzYxOTc1fQ.nc0koVP01lbcdt6gV3mKQxChjIrSRh7fVJUcMAcJ03I
2021-03-03 15:39:52 INFO  UserInfoApiObject:48 - 查询所有用户信息ApiObject，请求携带token：eyJ0eXAiOiJKV1QiLCJhbGciOiJIUzI1NiJ9.eyJpZCI6IjEiLCJ1c2VyTmFtZSI6InhpYW9ob25nIiwiZXhwIjoxNjE1MzYxOTc1fQ.nc0koVP01lbcdt6gV3mKQxChjIrSRh7fVJUcMAcJ03I
2021-03-03 15:39:53 INFO  MustacheUtils:43 - 读取模板文件:mustache/userInfo.mustache，替换的内容:{"userName":"沈秀英","userId":37,"phoneNumber":"13203914427","email":"18536664140@qq.com"}
2021-03-03 15:39:53 INFO  UserInfoApiObjectTest:58 - 创建用户信息请求body：{"userName":"沈秀英","userId":37,"friends":[{"userName":"小红喵","userId":11,"phone":"18623456555","email":"xiaohongmiao@qq.com"},{"userName":"小红旺","userId":12,"phone":"18623456566","email":"xiaohongwang@qq.com"}],"phone":"13203914427","email":"18536664140@qq.com"}
2021-03-03 15:39:53 INFO  MustacheUtils:43 - 读取模板文件:mustache/userInfo.mustache，替换的内容:{"userName":"何萍","userId":75,"phoneNumber":"18214003093","email":"13478191897@qq.com"}
2021-03-03 15:39:53 INFO  UserInfoApiObject:27 - 创建用户信息ApiObject，请求主体：{
"userId":75,
"userName":"何萍",
"email":"13478191897@qq.com",
"phone":"18214003093",
"friends":[
{
"userId":11,
"userName":"小红喵",
"email":"xiaohongmiao@qq.com",
"phone":"18623456555"
},
{
"userId":12,
"userName":"小红旺",
"email":"xiaohongwang@qq.com",
"phone":"18623456566"
}
]
},请求携带token：eyJ0eXAiOiJKV1QiLCJhbGciOiJIUzI1NiJ9.eyJpZCI6IjEiLCJ1c2VyTmFtZSI6InhpYW9ob25nIiwiZXhwIjoxNjE1MzYxOTc1fQ.nc0koVP01lbcdt6gV3mKQxChjIrSRh7fVJUcMAcJ03I
2021-03-03 15:39:53 INFO  UserInfoApiObjectTest:60 - 创建用户信息接口返回信息：{
    "code": "00000",
    "message": "成功",
    "data": {
        "userId": 75,
        "userName": "何萍",
        "email": "13478191897@qq.com",
        "phone": "18214003093",
        "friends": [
            {
                "userId": 11,
                "userName": "小红喵",
                "email": "xiaohongmiao@qq.com",
                "phone": "18623456555",
                "friends": null
            },
            {
                "userId": 12,
                "userName": "小红旺",
                "email": "xiaohongwang@qq.com",
                "phone": "18623456566",
                "friends": null
            }
        ]
    },
    "success": true
}
2021-03-03 15:39:53 INFO  UserInfoApiObjectTest:61 - 创建用户信息测试结果断言
2021-03-03 15:39:53 INFO  UserInfoApiObject:48 - 查询所有用户信息ApiObject，请求携带token：eyJ0eXAiOiJKV1QiLCJhbGciOiJIUzI1NiJ9.eyJpZCI6IjEiLCJ1c2VyTmFtZSI6InhpYW9ob25nIiwiZXhwIjoxNjE1MzYxOTc1fQ.nc0koVP01lbcdt6gV3mKQxChjIrSRh7fVJUcMAcJ03I
2021-03-03 15:39:54 INFO  UserInfoApiObject:113 - 通过userId删除用户信息ApiObject，请求UserId：75，请求携带token：eyJ0eXAiOiJKV1QiLCJhbGciOiJIUzI1NiJ9.eyJpZCI6IjEiLCJ1c2VyTmFtZSI6InhpYW9ob25nIiwiZXhwIjoxNjE1MzYxOTc1fQ.nc0koVP01lbcdt6gV3mKQxChjIrSRh7fVJUcMAcJ03I
2021-03-03 15:39:59 INFO  UserInfoApiObject:48 - 查询所有用户信息ApiObject，请求携带token：eyJ0eXAiOiJKV1QiLCJhbGciOiJIUzI1NiJ9.eyJpZCI6IjEiLCJ1c2VyTmFtZSI6InhpYW9ob25nIiwiZXhwIjoxNjE1MzYxOTc1fQ.nc0koVP01lbcdt6gV3mKQxChjIrSRh7fVJUcMAcJ03I
2021-03-03 15:39:59 INFO  MustacheUtils:43 - 读取模板文件:mustache/userInfo.mustache，替换的内容:{"userName":"鞠凤兰","userId":26,"phoneNumber":"15619366141","email":"15336080807@qq.com"}
2021-03-03 15:39:59 INFO  UserInfoApiObject:27 - 创建用户信息ApiObject，请求主体：{
"userId":26,
"userName":"鞠凤兰",
"email":"15336080807@qq.com",
"phone":"15619366141",
"friends":[
{
"userId":11,
"userName":"小红喵",
"email":"xiaohongmiao@qq.com",
"phone":"18623456555"
},
{
"userId":12,
"userName":"小红旺",
"email":"xiaohongwang@qq.com",
"phone":"18623456566"
}
]
},请求携带token：eyJ0eXAiOiJKV1QiLCJhbGciOiJIUzI1NiJ9.eyJpZCI6IjEiLCJ1c2VyTmFtZSI6InhpYW9ob25nIiwiZXhwIjoxNjE1MzYxOTc1fQ.nc0koVP01lbcdt6gV3mKQxChjIrSRh7fVJUcMAcJ03I
2021-03-03 15:39:59 INFO  UserInfoApiObjectTest:81 - 查询所有用户信息
2021-03-03 15:39:59 INFO  UserInfoApiObject:48 - 查询所有用户信息ApiObject，请求携带token：eyJ0eXAiOiJKV1QiLCJhbGciOiJIUzI1NiJ9.eyJpZCI6IjEiLCJ1c2VyTmFtZSI6InhpYW9ob25nIiwiZXhwIjoxNjE1MzYxOTc1fQ.nc0koVP01lbcdt6gV3mKQxChjIrSRh7fVJUcMAcJ03I
2021-03-03 15:39:59 INFO  UserInfoApiObjectTest:84 - 查询所有用户信息接口返回信息：{
    "code": "00000",
    "message": "成功",
    "data": [
        {
            "userId": 26,
            "userName": "鞠凤兰",
            "email": "15336080807@qq.com",
            "phone": "15619366141",
            "friends": [
                {
                    "userId": 11,
                    "userName": "小红喵",
                    "email": "xiaohongmiao@qq.com",
                    "phone": "18623456555",
                    "friends": null
                },
                {
                    "userId": 12,
                    "userName": "小红旺",
                    "email": "xiaohongwang@qq.com",
                    "phone": "18623456566",
                    "friends": null
                }
            ]
        }
    ],
    "success": true
}
2021-03-03 15:39:59 INFO  UserInfoApiObject:48 - 查询所有用户信息ApiObject，请求携带token：eyJ0eXAiOiJKV1QiLCJhbGciOiJIUzI1NiJ9.eyJpZCI6IjEiLCJ1c2VyTmFtZSI6InhpYW9ob25nIiwiZXhwIjoxNjE1MzYxOTc1fQ.nc0koVP01lbcdt6gV3mKQxChjIrSRh7fVJUcMAcJ03I
2021-03-03 15:39:59 INFO  UserInfoApiObject:113 - 通过userId删除用户信息ApiObject，请求UserId：26，请求携带token：eyJ0eXAiOiJKV1QiLCJhbGciOiJIUzI1NiJ9.eyJpZCI6IjEiLCJ1c2VyTmFtZSI6InhpYW9ob25nIiwiZXhwIjoxNjE1MzYxOTc1fQ.nc0koVP01lbcdt6gV3mKQxChjIrSRh7fVJUcMAcJ03I
2021-03-03 15:40:04 INFO  UserInfoApiObject:48 - 查询所有用户信息ApiObject，请求携带token：eyJ0eXAiOiJKV1QiLCJhbGciOiJIUzI1NiJ9.eyJpZCI6IjEiLCJ1c2VyTmFtZSI6InhpYW9ob25nIiwiZXhwIjoxNjE1MzYxOTc1fQ.nc0koVP01lbcdt6gV3mKQxChjIrSRh7fVJUcMAcJ03I
2021-03-03 15:40:05 INFO  MustacheUtils:43 - 读取模板文件:mustache/userInfo.mustache，替换的内容:{"userName":"吴丹丹","userId":49,"phoneNumber":"13871890176","email":"13813399671@qq.com"}
2021-03-03 15:40:05 INFO  UserInfoApiObject:27 - 创建用户信息ApiObject，请求主体：{
"userId":49,
"userName":"吴丹丹",
"email":"13813399671@qq.com",
"phone":"13871890176",
"friends":[
{
"userId":11,
"userName":"小红喵",
"email":"xiaohongmiao@qq.com",
"phone":"18623456555"
},
{
"userId":12,
"userName":"小红旺",
"email":"xiaohongwang@qq.com",
"phone":"18623456566"
}
]
},请求携带token：eyJ0eXAiOiJKV1QiLCJhbGciOiJIUzI1NiJ9.eyJpZCI6IjEiLCJ1c2VyTmFtZSI6InhpYW9ob25nIiwiZXhwIjoxNjE1MzYxOTc1fQ.nc0koVP01lbcdt6gV3mKQxChjIrSRh7fVJUcMAcJ03I
2021-03-03 15:40:05 INFO  UserInfoApiObject:48 - 查询所有用户信息ApiObject，请求携带token：eyJ0eXAiOiJKV1QiLCJhbGciOiJIUzI1NiJ9.eyJpZCI6IjEiLCJ1c2VyTmFtZSI6InhpYW9ob25nIiwiZXhwIjoxNjE1MzYxOTc1fQ.nc0koVP01lbcdt6gV3mKQxChjIrSRh7fVJUcMAcJ03I
2021-03-03 15:40:05 INFO  UserInfoApiObjectTest:101 - 通过UserId查询用户信息
2021-03-03 15:40:05 INFO  UserInfoApiObjectTest:104 - 获取到的UserId：49
2021-03-03 15:40:05 INFO  UserInfoApiObject:69 - 通过userId查询用户信息ApiObject，请求UserId：49，请求携带token：eyJ0eXAiOiJKV1QiLCJhbGciOiJIUzI1NiJ9.eyJpZCI6IjEiLCJ1c2VyTmFtZSI6InhpYW9ob25nIiwiZXhwIjoxNjE1MzYxOTc1fQ.nc0koVP01lbcdt6gV3mKQxChjIrSRh7fVJUcMAcJ03I
2021-03-03 15:40:05 INFO  UserInfoApiObjectTest:106 - 通过UserId查询用户信息接口返回信息：{
    "code": "00000",
    "message": "成功",
    "data": {
        "userId": 49,
        "userName": "吴丹丹",
        "email": "13813399671@qq.com",
        "phone": "13871890176",
        "friends": [
            {
                "userId": 11,
                "userName": "小红喵",
                "email": "xiaohongmiao@qq.com",
                "phone": "18623456555",
                "friends": null
            },
            {
                "userId": 12,
                "userName": "小红旺",
                "email": "xiaohongwang@qq.com",
                "phone": "18623456566",
                "friends": null
            }
        ]
    },
    "success": true
}
2021-03-03 15:40:05 INFO  UserInfoApiObject:48 - 查询所有用户信息ApiObject，请求携带token：eyJ0eXAiOiJKV1QiLCJhbGciOiJIUzI1NiJ9.eyJpZCI6IjEiLCJ1c2VyTmFtZSI6InhpYW9ob25nIiwiZXhwIjoxNjE1MzYxOTc1fQ.nc0koVP01lbcdt6gV3mKQxChjIrSRh7fVJUcMAcJ03I
2021-03-03 15:40:05 INFO  UserInfoApiObject:113 - 通过userId删除用户信息ApiObject，请求UserId：49，请求携带token：eyJ0eXAiOiJKV1QiLCJhbGciOiJIUzI1NiJ9.eyJpZCI6IjEiLCJ1c2VyTmFtZSI6InhpYW9ob25nIiwiZXhwIjoxNjE1MzYxOTc1fQ.nc0koVP01lbcdt6gV3mKQxChjIrSRh7fVJUcMAcJ03I
2021-03-03 15:40:10 INFO  JsonPathUtils:54 - 读取JSON文件:/json/book.json，替换的内容:{"$.store.book[*].author":"测试作者"}
2021-03-03 15:40:15 INFO  JsonPathUtils:54 - 读取JSON文件:/json/book.json，替换的内容:{"$.store.*":"all change"}
2021-03-03 15:40:20 INFO  JsonPathUtils:54 - 读取JSON文件:/json/book.json，替换的内容:{"$..book[0,1]":"first two change"}
2021-03-03 15:40:25 INFO  MustacheUtils:43 - 读取模板文件:mustache/book.mustache，替换的内容:{"author":"mustacheAuthor","price":56.8}
2021-03-03 15:58:50 INFO  UserLoginApiObject:27 - 用户登录ApiObject，接口请求主体：{
    "username":"xiaohong",
    "password":"123123"
}
2021-03-03 15:58:53 INFO  CreateUserInfoThreadTest:58 - 获取接口token：eyJ0eXAiOiJKV1QiLCJhbGciOiJIUzI1NiJ9.eyJpZCI6IjEiLCJ1c2VyTmFtZSI6InhpYW9ob25nIiwiZXhwIjoxNjE1MzYzMTMxfQ.0K1JrxmGMXxRW_lmzk4TCufUpMOrVQDAp3wNIv0p8Ko
2021-03-03 15:59:03 INFO  CreateUserInfoThreadTest:76 - 创建用户信息请求body：{"userName":"小红","userId":1,"friends":[{"userName":"小红喵","userId":11,"phone":"18623456555","email":"xiaohongmiao@qq.com"},{"userName":"小红旺","userId":12,"phone":"18623456566","email":"xiaohongwang@qq.com"}],"phone":"18623456543","email":"xiaohong@qq.com"}
2021-03-03 15:59:03 INFO  UserInfoApiObject:27 - 创建用户信息ApiObject，请求主体：{
    "userId":1,
    "userName":"小红",
    "email":"xiaohong@qq.com",
    "phone":"18623456543",
    "friends":[
        {
            "userId":11,
            "userName":"小红喵",
            "email":"xiaohongmiao@qq.com",
            "phone":"18623456555"
        },
        {
            "userId":12,
            "userName":"小红旺",
            "email":"xiaohongwang@qq.com",
            "phone":"18623456566"
        }
    ]
},请求携带token：eyJ0eXAiOiJKV1QiLCJhbGciOiJIUzI1NiJ9.eyJpZCI6IjEiLCJ1c2VyTmFtZSI6InhpYW9ob25nIiwiZXhwIjoxNjE1MzYzMTMxfQ.0K1JrxmGMXxRW_lmzk4TCufUpMOrVQDAp3wNIv0p8Ko
2021-03-03 15:59:03 INFO  CreateUserInfoThreadTest:79 - 创建用户信息接口返回信息：{
    "code": "00000",
    "message": "成功",
    "data": {
        "userId": 1,
        "userName": "小红",
        "email": "xiaohong@qq.com",
        "phone": "18623456543",
        "friends": [
            {
                "userId": 11,
                "userName": "小红喵",
                "email": "xiaohongmiao@qq.com",
                "phone": "18623456555",
                "friends": null
            },
            {
                "userId": 12,
                "userName": "小红旺",
                "email": "xiaohongwang@qq.com",
                "phone": "18623456566",
                "friends": null
            }
        ]
    },
    "success": true
}
2021-03-03 15:59:03 INFO  CreateUserInfoThreadTest:80 - 创建用户信息测试结果断言
2021-03-03 15:59:09 INFO  CreateUserInfoThreadTest:76 - 创建用户信息请求body：{"userName":"小红","userId":1,"friends":[{"userName":"小红喵","userId":11,"phone":"18623456555","email":"xiaohongmiao@qq.com"},{"userName":"小红旺","userId":12,"phone":"18623456566","email":"xiaohongwang@qq.com"}],"phone":"18623456543","email":"xiaohong@qq.com"}
2021-03-03 15:59:09 INFO  UserInfoApiObject:27 - 创建用户信息ApiObject，请求主体：{
    "userId":1,
    "userName":"小红",
    "email":"xiaohong@qq.com",
    "phone":"18623456543",
    "friends":[
        {
            "userId":11,
            "userName":"小红喵",
            "email":"xiaohongmiao@qq.com",
            "phone":"18623456555"
        },
        {
            "userId":12,
            "userName":"小红旺",
            "email":"xiaohongwang@qq.com",
            "phone":"18623456566"
        }
    ]
},请求携带token：eyJ0eXAiOiJKV1QiLCJhbGciOiJIUzI1NiJ9.eyJpZCI6IjEiLCJ1c2VyTmFtZSI6InhpYW9ob25nIiwiZXhwIjoxNjE1MzYzMTMxfQ.0K1JrxmGMXxRW_lmzk4TCufUpMOrVQDAp3wNIv0p8Ko
2021-03-03 15:59:09 INFO  CreateUserInfoThreadTest:79 - 创建用户信息接口返回信息：{
    "code": "00001",
    "message": "失败",
    "data": "用户已存在",
    "success": false
}
2021-03-03 15:59:09 INFO  CreateUserInfoThreadTest:80 - 创建用户信息测试结果断言
2021-03-03 15:59:14 INFO  CreateUserInfoThreadTest:76 - 创建用户信息请求body：{"userName":"小红","userId":1,"friends":[{"userName":"小红喵","userId":11,"phone":"18623456555","email":"xiaohongmiao@qq.com"},{"userName":"小红旺","userId":12,"phone":"18623456566","email":"xiaohongwang@qq.com"}],"phone":"18623456543","email":"xiaohong@qq.com"}
2021-03-03 15:59:14 INFO  UserInfoApiObject:27 - 创建用户信息ApiObject，请求主体：{
    "userId":1,
    "userName":"小红",
    "email":"xiaohong@qq.com",
    "phone":"18623456543",
    "friends":[
        {
            "userId":11,
            "userName":"小红喵",
            "email":"xiaohongmiao@qq.com",
            "phone":"18623456555"
        },
        {
            "userId":12,
            "userName":"小红旺",
            "email":"xiaohongwang@qq.com",
            "phone":"18623456566"
        }
    ]
},请求携带token：eyJ0eXAiOiJKV1QiLCJhbGciOiJIUzI1NiJ9.eyJpZCI6IjEiLCJ1c2VyTmFtZSI6InhpYW9ob25nIiwiZXhwIjoxNjE1MzYzMTMxfQ.0K1JrxmGMXxRW_lmzk4TCufUpMOrVQDAp3wNIv0p8Ko
2021-03-03 15:59:14 INFO  CreateUserInfoThreadTest:79 - 创建用户信息接口返回信息：{
    "code": "00001",
    "message": "失败",
    "data": "用户已存在",
    "success": false
}
2021-03-03 15:59:14 INFO  CreateUserInfoThreadTest:80 - 创建用户信息测试结果断言
2021-03-03 15:59:14 INFO  UserLoginApiObject:27 - 用户登录ApiObject，接口请求主体：{
    "username":"xiaohong",
    "password":"123123"
}
2021-03-03 15:59:14 INFO  UserInfoApiObjectTest:37 - 获取接口token：eyJ0eXAiOiJKV1QiLCJhbGciOiJIUzI1NiJ9.eyJpZCI6IjEiLCJ1c2VyTmFtZSI6InhpYW9ob25nIiwiZXhwIjoxNjE1MzYzMTU0fQ.cJFreTap5XG9CaB4ElF4udaTJrfCrvXrYJ4KhgpidQQ
2021-03-03 15:59:19 INFO  UserInfoApiObject:48 - 查询所有用户信息ApiObject，请求携带token：eyJ0eXAiOiJKV1QiLCJhbGciOiJIUzI1NiJ9.eyJpZCI6IjEiLCJ1c2VyTmFtZSI6InhpYW9ob25nIiwiZXhwIjoxNjE1MzYzMTU0fQ.cJFreTap5XG9CaB4ElF4udaTJrfCrvXrYJ4KhgpidQQ
2021-03-03 15:59:19 INFO  UserInfoApiObject:113 - 通过userId删除用户信息ApiObject，请求UserId：1，请求携带token：eyJ0eXAiOiJKV1QiLCJhbGciOiJIUzI1NiJ9.eyJpZCI6IjEiLCJ1c2VyTmFtZSI6InhpYW9ob25nIiwiZXhwIjoxNjE1MzYzMTU0fQ.cJFreTap5XG9CaB4ElF4udaTJrfCrvXrYJ4KhgpidQQ
2021-03-03 15:59:20 INFO  MustacheUtils:43 - 读取模板文件:mustache/userInfo.mustache，替换的内容:{"userName":"徐涛","userId":58,"phoneNumber":"14592212470","email":"15598790930@qq.com"}
2021-03-03 15:59:20 INFO  UserInfoApiObject:27 - 创建用户信息ApiObject，请求主体：{
"userId":58,
"userName":"徐涛",
"email":"15598790930@qq.com",
"phone":"14592212470",
"friends":[
{
"userId":11,
"userName":"小红喵",
"email":"xiaohongmiao@qq.com",
"phone":"18623456555"
},
{
"userId":12,
"userName":"小红旺",
"email":"xiaohongwang@qq.com",
"phone":"18623456566"
}
]
},请求携带token：eyJ0eXAiOiJKV1QiLCJhbGciOiJIUzI1NiJ9.eyJpZCI6IjEiLCJ1c2VyTmFtZSI6InhpYW9ob25nIiwiZXhwIjoxNjE1MzYzMTU0fQ.cJFreTap5XG9CaB4ElF4udaTJrfCrvXrYJ4KhgpidQQ
2021-03-03 15:59:20 INFO  UserInfoApiObject:48 - 查询所有用户信息ApiObject，请求携带token：eyJ0eXAiOiJKV1QiLCJhbGciOiJIUzI1NiJ9.eyJpZCI6IjEiLCJ1c2VyTmFtZSI6InhpYW9ob25nIiwiZXhwIjoxNjE1MzYzMTU0fQ.cJFreTap5XG9CaB4ElF4udaTJrfCrvXrYJ4KhgpidQQ
2021-03-03 15:59:20 INFO  UserInfoApiObjectTest:155 - 获取到的UserId：58
2021-03-03 15:59:20 INFO  UserInfoApiObjectTest:156 - 通过UserId删除用户信息
2021-03-03 15:59:20 INFO  UserInfoApiObject:113 - 通过userId删除用户信息ApiObject，请求UserId：58，请求携带token：eyJ0eXAiOiJKV1QiLCJhbGciOiJIUzI1NiJ9.eyJpZCI6IjEiLCJ1c2VyTmFtZSI6InhpYW9ob25nIiwiZXhwIjoxNjE1MzYzMTU0fQ.cJFreTap5XG9CaB4ElF4udaTJrfCrvXrYJ4KhgpidQQ
2021-03-03 15:59:20 INFO  UserInfoApiObjectTest:159 - 通过UserId删除用户信息：{
    "code": "00000",
    "message": "成功",
    "data": {
        "userId": 58,
        "userName": "徐涛",
        "email": "15598790930@qq.com",
        "phone": "14592212470",
        "friends": [
            {
                "userId": 11,
                "userName": "小红喵",
                "email": "xiaohongmiao@qq.com",
                "phone": "18623456555",
                "friends": null
            },
            {
                "userId": 12,
                "userName": "小红旺",
                "email": "xiaohongwang@qq.com",
                "phone": "18623456566",
                "friends": null
            }
        ]
    },
    "success": true
}
2021-03-03 15:59:20 INFO  UserInfoApiObject:48 - 查询所有用户信息ApiObject，请求携带token：eyJ0eXAiOiJKV1QiLCJhbGciOiJIUzI1NiJ9.eyJpZCI6IjEiLCJ1c2VyTmFtZSI6InhpYW9ob25nIiwiZXhwIjoxNjE1MzYzMTU0fQ.cJFreTap5XG9CaB4ElF4udaTJrfCrvXrYJ4KhgpidQQ
2021-03-03 15:59:25 INFO  UserInfoApiObject:48 - 查询所有用户信息ApiObject，请求携带token：eyJ0eXAiOiJKV1QiLCJhbGciOiJIUzI1NiJ9.eyJpZCI6IjEiLCJ1c2VyTmFtZSI6InhpYW9ob25nIiwiZXhwIjoxNjE1MzYzMTU0fQ.cJFreTap5XG9CaB4ElF4udaTJrfCrvXrYJ4KhgpidQQ
2021-03-03 15:59:26 INFO  MustacheUtils:43 - 读取模板文件:mustache/userInfo.mustache，替换的内容:{"userName":"张荣","userId":77,"phoneNumber":"18571265090","email":"13115325220@qq.com"}
2021-03-03 15:59:26 INFO  UserInfoApiObject:27 - 创建用户信息ApiObject，请求主体：{
"userId":77,
"userName":"张荣",
"email":"13115325220@qq.com",
"phone":"18571265090",
"friends":[
{
"userId":11,
"userName":"小红喵",
"email":"xiaohongmiao@qq.com",
"phone":"18623456555"
},
{
"userId":12,
"userName":"小红旺",
"email":"xiaohongwang@qq.com",
"phone":"18623456566"
}
]
},请求携带token：eyJ0eXAiOiJKV1QiLCJhbGciOiJIUzI1NiJ9.eyJpZCI6IjEiLCJ1c2VyTmFtZSI6InhpYW9ob25nIiwiZXhwIjoxNjE1MzYzMTU0fQ.cJFreTap5XG9CaB4ElF4udaTJrfCrvXrYJ4KhgpidQQ
2021-03-03 15:59:26 INFO  UserInfoApiObject:48 - 查询所有用户信息ApiObject，请求携带token：eyJ0eXAiOiJKV1QiLCJhbGciOiJIUzI1NiJ9.eyJpZCI6IjEiLCJ1c2VyTmFtZSI6InhpYW9ob25nIiwiZXhwIjoxNjE1MzYzMTU0fQ.cJFreTap5XG9CaB4ElF4udaTJrfCrvXrYJ4KhgpidQQ
2021-03-03 15:59:26 INFO  UserInfoApiObjectTest:125 - 获取到的UserId：77
2021-03-03 15:59:26 INFO  UserInfoApiObjectTest:132 - 更新用户信息请求body：{"userName":"小红红","userId":77,"phone":"18623456543","email":"xiaohong红@qq.com"}
2021-03-03 15:59:26 INFO  UserInfoApiObjectTest:133 - 通过UserId更新用户信息
2021-03-03 15:59:26 INFO  UserInfoApiObject:91 - 通过userId更新用户信息ApiObject，请求UserId：77，请求更新用户信息主体：{
    "userId":77,
    "userName":"小红红",
    "email":"xiaohong红@qq.com",
    "phone":"18623456543"
}，请求携带token：eyJ0eXAiOiJKV1QiLCJhbGciOiJIUzI1NiJ9.eyJpZCI6IjEiLCJ1c2VyTmFtZSI6InhpYW9ob25nIiwiZXhwIjoxNjE1MzYzMTU0fQ.cJFreTap5XG9CaB4ElF4udaTJrfCrvXrYJ4KhgpidQQ
2021-03-03 15:59:26 INFO  UserInfoApiObjectTest:136 - 通过UserId更新用户信息接口返回信息：{
    "code": "00000",
    "message": "成功",
    "data": {
        "userId": 77,
        "userName": "小红红",
        "email": "xiaohong红@qq.com",
        "phone": "18623456543",
        "friends": null
    },
    "success": true
}
2021-03-03 15:59:26 INFO  UserInfoApiObject:48 - 查询所有用户信息ApiObject，请求携带token：eyJ0eXAiOiJKV1QiLCJhbGciOiJIUzI1NiJ9.eyJpZCI6IjEiLCJ1c2VyTmFtZSI6InhpYW9ob25nIiwiZXhwIjoxNjE1MzYzMTU0fQ.cJFreTap5XG9CaB4ElF4udaTJrfCrvXrYJ4KhgpidQQ
2021-03-03 15:59:26 INFO  UserInfoApiObject:113 - 通过userId删除用户信息ApiObject，请求UserId：77，请求携带token：eyJ0eXAiOiJKV1QiLCJhbGciOiJIUzI1NiJ9.eyJpZCI6IjEiLCJ1c2VyTmFtZSI6InhpYW9ob25nIiwiZXhwIjoxNjE1MzYzMTU0fQ.cJFreTap5XG9CaB4ElF4udaTJrfCrvXrYJ4KhgpidQQ
2021-03-03 15:59:31 INFO  UserInfoApiObject:48 - 查询所有用户信息ApiObject，请求携带token：eyJ0eXAiOiJKV1QiLCJhbGciOiJIUzI1NiJ9.eyJpZCI6IjEiLCJ1c2VyTmFtZSI6InhpYW9ob25nIiwiZXhwIjoxNjE1MzYzMTU0fQ.cJFreTap5XG9CaB4ElF4udaTJrfCrvXrYJ4KhgpidQQ
2021-03-03 15:59:31 INFO  MustacheUtils:43 - 读取模板文件:mustache/userInfo.mustache，替换的内容:{"userName":"孙秀云","userId":81,"phoneNumber":"18199101969","email":"18096858158@qq.com"}
2021-03-03 15:59:32 INFO  UserInfoApiObjectTest:58 - 创建用户信息请求body：{"userName":"孙秀云","userId":81,"friends":[{"userName":"小红喵","userId":11,"phone":"18623456555","email":"xiaohongmiao@qq.com"},{"userName":"小红旺","userId":12,"phone":"18623456566","email":"xiaohongwang@qq.com"}],"phone":"18199101969","email":"18096858158@qq.com"}
2021-03-03 15:59:32 INFO  MustacheUtils:43 - 读取模板文件:mustache/userInfo.mustache，替换的内容:{"userName":"解建平","userId":24,"phoneNumber":"15195377166","email":"15574471186@qq.com"}
2021-03-03 15:59:32 INFO  UserInfoApiObject:27 - 创建用户信息ApiObject，请求主体：{
"userId":24,
"userName":"解建平",
"email":"15574471186@qq.com",
"phone":"15195377166",
"friends":[
{
"userId":11,
"userName":"小红喵",
"email":"xiaohongmiao@qq.com",
"phone":"18623456555"
},
{
"userId":12,
"userName":"小红旺",
"email":"xiaohongwang@qq.com",
"phone":"18623456566"
}
]
},请求携带token：eyJ0eXAiOiJKV1QiLCJhbGciOiJIUzI1NiJ9.eyJpZCI6IjEiLCJ1c2VyTmFtZSI6InhpYW9ob25nIiwiZXhwIjoxNjE1MzYzMTU0fQ.cJFreTap5XG9CaB4ElF4udaTJrfCrvXrYJ4KhgpidQQ
2021-03-03 15:59:32 INFO  UserInfoApiObjectTest:60 - 创建用户信息接口返回信息：{
    "code": "00000",
    "message": "成功",
    "data": {
        "userId": 24,
        "userName": "解建平",
        "email": "15574471186@qq.com",
        "phone": "15195377166",
        "friends": [
            {
                "userId": 11,
                "userName": "小红喵",
                "email": "xiaohongmiao@qq.com",
                "phone": "18623456555",
                "friends": null
            },
            {
                "userId": 12,
                "userName": "小红旺",
                "email": "xiaohongwang@qq.com",
                "phone": "18623456566",
                "friends": null
            }
        ]
    },
    "success": true
}
2021-03-03 15:59:32 INFO  UserInfoApiObjectTest:61 - 创建用户信息测试结果断言
2021-03-03 15:59:32 INFO  UserInfoApiObject:48 - 查询所有用户信息ApiObject，请求携带token：eyJ0eXAiOiJKV1QiLCJhbGciOiJIUzI1NiJ9.eyJpZCI6IjEiLCJ1c2VyTmFtZSI6InhpYW9ob25nIiwiZXhwIjoxNjE1MzYzMTU0fQ.cJFreTap5XG9CaB4ElF4udaTJrfCrvXrYJ4KhgpidQQ
2021-03-03 15:59:32 INFO  UserInfoApiObject:113 - 通过userId删除用户信息ApiObject，请求UserId：24，请求携带token：eyJ0eXAiOiJKV1QiLCJhbGciOiJIUzI1NiJ9.eyJpZCI6IjEiLCJ1c2VyTmFtZSI6InhpYW9ob25nIiwiZXhwIjoxNjE1MzYzMTU0fQ.cJFreTap5XG9CaB4ElF4udaTJrfCrvXrYJ4KhgpidQQ
2021-03-03 15:59:37 INFO  UserInfoApiObject:48 - 查询所有用户信息ApiObject，请求携带token：eyJ0eXAiOiJKV1QiLCJhbGciOiJIUzI1NiJ9.eyJpZCI6IjEiLCJ1c2VyTmFtZSI6InhpYW9ob25nIiwiZXhwIjoxNjE1MzYzMTU0fQ.cJFreTap5XG9CaB4ElF4udaTJrfCrvXrYJ4KhgpidQQ
2021-03-03 15:59:38 INFO  MustacheUtils:43 - 读取模板文件:mustache/userInfo.mustache，替换的内容:{"userName":"任芳","userId":45,"phoneNumber":"13431995829","email":"14557554355@qq.com"}
2021-03-03 15:59:38 INFO  UserInfoApiObject:27 - 创建用户信息ApiObject，请求主体：{
"userId":45,
"userName":"任芳",
"email":"14557554355@qq.com",
"phone":"13431995829",
"friends":[
{
"userId":11,
"userName":"小红喵",
"email":"xiaohongmiao@qq.com",
"phone":"18623456555"
},
{
"userId":12,
"userName":"小红旺",
"email":"xiaohongwang@qq.com",
"phone":"18623456566"
}
]
},请求携带token：eyJ0eXAiOiJKV1QiLCJhbGciOiJIUzI1NiJ9.eyJpZCI6IjEiLCJ1c2VyTmFtZSI6InhpYW9ob25nIiwiZXhwIjoxNjE1MzYzMTU0fQ.cJFreTap5XG9CaB4ElF4udaTJrfCrvXrYJ4KhgpidQQ
2021-03-03 15:59:38 INFO  UserInfoApiObjectTest:81 - 查询所有用户信息
2021-03-03 15:59:38 INFO  UserInfoApiObject:48 - 查询所有用户信息ApiObject，请求携带token：eyJ0eXAiOiJKV1QiLCJhbGciOiJIUzI1NiJ9.eyJpZCI6IjEiLCJ1c2VyTmFtZSI6InhpYW9ob25nIiwiZXhwIjoxNjE1MzYzMTU0fQ.cJFreTap5XG9CaB4ElF4udaTJrfCrvXrYJ4KhgpidQQ
2021-03-03 15:59:38 INFO  UserInfoApiObjectTest:84 - 查询所有用户信息接口返回信息：{
    "code": "00000",
    "message": "成功",
    "data": [
        {
            "userId": 45,
            "userName": "任芳",
            "email": "14557554355@qq.com",
            "phone": "13431995829",
            "friends": [
                {
                    "userId": 11,
                    "userName": "小红喵",
                    "email": "xiaohongmiao@qq.com",
                    "phone": "18623456555",
                    "friends": null
                },
                {
                    "userId": 12,
                    "userName": "小红旺",
                    "email": "xiaohongwang@qq.com",
                    "phone": "18623456566",
                    "friends": null
                }
            ]
        }
    ],
    "success": true
}
2021-03-03 15:59:38 INFO  UserInfoApiObject:48 - 查询所有用户信息ApiObject，请求携带token：eyJ0eXAiOiJKV1QiLCJhbGciOiJIUzI1NiJ9.eyJpZCI6IjEiLCJ1c2VyTmFtZSI6InhpYW9ob25nIiwiZXhwIjoxNjE1MzYzMTU0fQ.cJFreTap5XG9CaB4ElF4udaTJrfCrvXrYJ4KhgpidQQ
2021-03-03 15:59:38 INFO  UserInfoApiObject:113 - 通过userId删除用户信息ApiObject，请求UserId：45，请求携带token：eyJ0eXAiOiJKV1QiLCJhbGciOiJIUzI1NiJ9.eyJpZCI6IjEiLCJ1c2VyTmFtZSI6InhpYW9ob25nIiwiZXhwIjoxNjE1MzYzMTU0fQ.cJFreTap5XG9CaB4ElF4udaTJrfCrvXrYJ4KhgpidQQ
2021-03-03 15:59:43 INFO  UserInfoApiObject:48 - 查询所有用户信息ApiObject，请求携带token：eyJ0eXAiOiJKV1QiLCJhbGciOiJIUzI1NiJ9.eyJpZCI6IjEiLCJ1c2VyTmFtZSI6InhpYW9ob25nIiwiZXhwIjoxNjE1MzYzMTU0fQ.cJFreTap5XG9CaB4ElF4udaTJrfCrvXrYJ4KhgpidQQ
2021-03-03 15:59:44 INFO  MustacheUtils:43 - 读取模板文件:mustache/userInfo.mustache，替换的内容:{"userName":"何桂荣","userId":24,"phoneNumber":"15059509290","email":"14553095685@qq.com"}
2021-03-03 15:59:44 INFO  UserInfoApiObject:27 - 创建用户信息ApiObject，请求主体：{
"userId":24,
"userName":"何桂荣",
"email":"14553095685@qq.com",
"phone":"15059509290",
"friends":[
{
"userId":11,
"userName":"小红喵",
"email":"xiaohongmiao@qq.com",
"phone":"18623456555"
},
{
"userId":12,
"userName":"小红旺",
"email":"xiaohongwang@qq.com",
"phone":"18623456566"
}
]
},请求携带token：eyJ0eXAiOiJKV1QiLCJhbGciOiJIUzI1NiJ9.eyJpZCI6IjEiLCJ1c2VyTmFtZSI6InhpYW9ob25nIiwiZXhwIjoxNjE1MzYzMTU0fQ.cJFreTap5XG9CaB4ElF4udaTJrfCrvXrYJ4KhgpidQQ
2021-03-03 15:59:44 INFO  UserInfoApiObject:48 - 查询所有用户信息ApiObject，请求携带token：eyJ0eXAiOiJKV1QiLCJhbGciOiJIUzI1NiJ9.eyJpZCI6IjEiLCJ1c2VyTmFtZSI6InhpYW9ob25nIiwiZXhwIjoxNjE1MzYzMTU0fQ.cJFreTap5XG9CaB4ElF4udaTJrfCrvXrYJ4KhgpidQQ
2021-03-03 15:59:44 INFO  UserInfoApiObjectTest:101 - 通过UserId查询用户信息
2021-03-03 15:59:44 INFO  UserInfoApiObjectTest:104 - 获取到的UserId：24
2021-03-03 15:59:44 INFO  UserInfoApiObject:69 - 通过userId查询用户信息ApiObject，请求UserId：24，请求携带token：eyJ0eXAiOiJKV1QiLCJhbGciOiJIUzI1NiJ9.eyJpZCI6IjEiLCJ1c2VyTmFtZSI6InhpYW9ob25nIiwiZXhwIjoxNjE1MzYzMTU0fQ.cJFreTap5XG9CaB4ElF4udaTJrfCrvXrYJ4KhgpidQQ
2021-03-03 15:59:44 INFO  UserInfoApiObjectTest:106 - 通过UserId查询用户信息接口返回信息：{
    "code": "00000",
    "message": "成功",
    "data": {
        "userId": 24,
        "userName": "何桂荣",
        "email": "14553095685@qq.com",
        "phone": "15059509290",
        "friends": [
            {
                "userId": 11,
                "userName": "小红喵",
                "email": "xiaohongmiao@qq.com",
                "phone": "18623456555",
                "friends": null
            },
            {
                "userId": 12,
                "userName": "小红旺",
                "email": "xiaohongwang@qq.com",
                "phone": "18623456566",
                "friends": null
            }
        ]
    },
    "success": true
}
2021-03-03 15:59:44 INFO  UserInfoApiObject:48 - 查询所有用户信息ApiObject，请求携带token：eyJ0eXAiOiJKV1QiLCJhbGciOiJIUzI1NiJ9.eyJpZCI6IjEiLCJ1c2VyTmFtZSI6InhpYW9ob25nIiwiZXhwIjoxNjE1MzYzMTU0fQ.cJFreTap5XG9CaB4ElF4udaTJrfCrvXrYJ4KhgpidQQ
2021-03-03 15:59:44 INFO  UserInfoApiObject:113 - 通过userId删除用户信息ApiObject，请求UserId：24，请求携带token：eyJ0eXAiOiJKV1QiLCJhbGciOiJIUzI1NiJ9.eyJpZCI6IjEiLCJ1c2VyTmFtZSI6InhpYW9ob25nIiwiZXhwIjoxNjE1MzYzMTU0fQ.cJFreTap5XG9CaB4ElF4udaTJrfCrvXrYJ4KhgpidQQ
2021-03-03 15:59:49 INFO  JsonPathUtils:54 - 读取JSON文件:/json/book.json，替换的内容:{"$.store.book[*].author":"测试作者"}
2021-03-03 15:59:54 INFO  JsonPathUtils:54 - 读取JSON文件:/json/book.json，替换的内容:{"$.store.*":"all change"}
2021-03-03 15:59:59 INFO  JsonPathUtils:54 - 读取JSON文件:/json/book.json，替换的内容:{"$..book[0,1]":"first two change"}
2021-03-03 16:00:04 INFO  MustacheUtils:43 - 读取模板文件:mustache/book.mustache，替换的内容:{"author":"mustacheAuthor","price":56.8}
2021-03-03 16:11:50 INFO  UserLoginApiObject:27 - 用户登录ApiObject，接口请求主体：{
    "username":"xiaohong",
    "password":"123123"
}
2021-03-03 16:11:54 INFO  CreateUserInfoThreadTest:58 - 获取接口token：eyJ0eXAiOiJKV1QiLCJhbGciOiJIUzI1NiJ9.eyJpZCI6IjEiLCJ1c2VyTmFtZSI6InhpYW9ob25nIiwiZXhwIjoxNjE1MzYzOTEyfQ.EcuGPmlISK3huA83BCeizx5deSn8hk9Jvce3ghr_9z0
2021-03-03 16:12:04 INFO  CreateUserInfoThreadTest:76 - 创建用户信息请求body：{"userName":"小红","userId":1,"friends":[{"userName":"小红喵","userId":11,"phone":"18623456555","email":"xiaohongmiao@qq.com"},{"userName":"小红旺","userId":12,"phone":"18623456566","email":"xiaohongwang@qq.com"}],"phone":"18623456543","email":"xiaohong@qq.com"}
2021-03-03 16:12:04 INFO  UserInfoApiObject:27 - 创建用户信息ApiObject，请求主体：{
    "userId":1,
    "userName":"小红",
    "email":"xiaohong@qq.com",
    "phone":"18623456543",
    "friends":[
        {
            "userId":11,
            "userName":"小红喵",
            "email":"xiaohongmiao@qq.com",
            "phone":"18623456555"
        },
        {
            "userId":12,
            "userName":"小红旺",
            "email":"xiaohongwang@qq.com",
            "phone":"18623456566"
        }
    ]
},请求携带token：eyJ0eXAiOiJKV1QiLCJhbGciOiJIUzI1NiJ9.eyJpZCI6IjEiLCJ1c2VyTmFtZSI6InhpYW9ob25nIiwiZXhwIjoxNjE1MzYzOTEyfQ.EcuGPmlISK3huA83BCeizx5deSn8hk9Jvce3ghr_9z0
2021-03-03 16:12:04 INFO  CreateUserInfoThreadTest:79 - 创建用户信息接口返回信息：{
    "code": "00000",
    "message": "成功",
    "data": {
        "userId": 1,
        "userName": "小红",
        "email": "xiaohong@qq.com",
        "phone": "18623456543",
        "friends": [
            {
                "userId": 11,
                "userName": "小红喵",
                "email": "xiaohongmiao@qq.com",
                "phone": "18623456555",
                "friends": null
            },
            {
                "userId": 12,
                "userName": "小红旺",
                "email": "xiaohongwang@qq.com",
                "phone": "18623456566",
                "friends": null
            }
        ]
    },
    "success": true
}
2021-03-03 16:12:04 INFO  CreateUserInfoThreadTest:80 - 创建用户信息测试结果断言
2021-03-03 16:12:10 INFO  CreateUserInfoThreadTest:76 - 创建用户信息请求body：{"userName":"小红","userId":1,"friends":[{"userName":"小红喵","userId":11,"phone":"18623456555","email":"xiaohongmiao@qq.com"},{"userName":"小红旺","userId":12,"phone":"18623456566","email":"xiaohongwang@qq.com"}],"phone":"18623456543","email":"xiaohong@qq.com"}
2021-03-03 16:12:10 INFO  UserInfoApiObject:27 - 创建用户信息ApiObject，请求主体：{
    "userId":1,
    "userName":"小红",
    "email":"xiaohong@qq.com",
    "phone":"18623456543",
    "friends":[
        {
            "userId":11,
            "userName":"小红喵",
            "email":"xiaohongmiao@qq.com",
            "phone":"18623456555"
        },
        {
            "userId":12,
            "userName":"小红旺",
            "email":"xiaohongwang@qq.com",
            "phone":"18623456566"
        }
    ]
},请求携带token：eyJ0eXAiOiJKV1QiLCJhbGciOiJIUzI1NiJ9.eyJpZCI6IjEiLCJ1c2VyTmFtZSI6InhpYW9ob25nIiwiZXhwIjoxNjE1MzYzOTEyfQ.EcuGPmlISK3huA83BCeizx5deSn8hk9Jvce3ghr_9z0
2021-03-03 16:12:10 INFO  CreateUserInfoThreadTest:79 - 创建用户信息接口返回信息：{
    "code": "00001",
    "message": "失败",
    "data": "用户已存在",
    "success": false
}
2021-03-03 16:12:10 INFO  CreateUserInfoThreadTest:80 - 创建用户信息测试结果断言
2021-03-03 16:12:15 INFO  CreateUserInfoThreadTest:76 - 创建用户信息请求body：{"userName":"小红","userId":1,"friends":[{"userName":"小红喵","userId":11,"phone":"18623456555","email":"xiaohongmiao@qq.com"},{"userName":"小红旺","userId":12,"phone":"18623456566","email":"xiaohongwang@qq.com"}],"phone":"18623456543","email":"xiaohong@qq.com"}
2021-03-03 16:12:15 INFO  UserInfoApiObject:27 - 创建用户信息ApiObject，请求主体：{
    "userId":1,
    "userName":"小红",
    "email":"xiaohong@qq.com",
    "phone":"18623456543",
    "friends":[
        {
            "userId":11,
            "userName":"小红喵",
            "email":"xiaohongmiao@qq.com",
            "phone":"18623456555"
        },
        {
            "userId":12,
            "userName":"小红旺",
            "email":"xiaohongwang@qq.com",
            "phone":"18623456566"
        }
    ]
},请求携带token：eyJ0eXAiOiJKV1QiLCJhbGciOiJIUzI1NiJ9.eyJpZCI6IjEiLCJ1c2VyTmFtZSI6InhpYW9ob25nIiwiZXhwIjoxNjE1MzYzOTEyfQ.EcuGPmlISK3huA83BCeizx5deSn8hk9Jvce3ghr_9z0
2021-03-03 16:12:15 INFO  CreateUserInfoThreadTest:79 - 创建用户信息接口返回信息：{
    "code": "00001",
    "message": "失败",
    "data": "用户已存在",
    "success": false
}
2021-03-03 16:12:15 INFO  CreateUserInfoThreadTest:80 - 创建用户信息测试结果断言
2021-03-03 16:12:15 INFO  UserLoginApiObject:27 - 用户登录ApiObject，接口请求主体：{
    "username":"xiaohong",
    "password":"123123"
}
2021-03-03 16:12:15 INFO  UserInfoApiObjectTest:37 - 获取接口token：eyJ0eXAiOiJKV1QiLCJhbGciOiJIUzI1NiJ9.eyJpZCI6IjEiLCJ1c2VyTmFtZSI6InhpYW9ob25nIiwiZXhwIjoxNjE1MzYzOTM1fQ.icwcCHzksM4VwSrpSphcbDsn5VOOM-O5KZE9GQeKCzI
2021-03-03 16:12:20 INFO  UserInfoApiObject:48 - 查询所有用户信息ApiObject，请求携带token：eyJ0eXAiOiJKV1QiLCJhbGciOiJIUzI1NiJ9.eyJpZCI6IjEiLCJ1c2VyTmFtZSI6InhpYW9ob25nIiwiZXhwIjoxNjE1MzYzOTM1fQ.icwcCHzksM4VwSrpSphcbDsn5VOOM-O5KZE9GQeKCzI
2021-03-03 16:12:20 INFO  UserInfoApiObject:113 - 通过userId删除用户信息ApiObject，请求UserId：1，请求携带token：eyJ0eXAiOiJKV1QiLCJhbGciOiJIUzI1NiJ9.eyJpZCI6IjEiLCJ1c2VyTmFtZSI6InhpYW9ob25nIiwiZXhwIjoxNjE1MzYzOTM1fQ.icwcCHzksM4VwSrpSphcbDsn5VOOM-O5KZE9GQeKCzI
2021-03-03 16:12:21 INFO  MustacheUtils:43 - 读取模板文件:mustache/userInfo.mustache，替换的内容:{"userName":"张桂花","userId":71,"phoneNumber":"13245562960","email":"13982563833@qq.com"}
2021-03-03 16:12:21 INFO  UserInfoApiObject:27 - 创建用户信息ApiObject，请求主体：{
"userId":71,
"userName":"张桂花",
"email":"13982563833@qq.com",
"phone":"13245562960",
"friends":[
{
"userId":11,
"userName":"小红喵",
"email":"xiaohongmiao@qq.com",
"phone":"18623456555"
},
{
"userId":12,
"userName":"小红旺",
"email":"xiaohongwang@qq.com",
"phone":"18623456566"
}
]
},请求携带token：eyJ0eXAiOiJKV1QiLCJhbGciOiJIUzI1NiJ9.eyJpZCI6IjEiLCJ1c2VyTmFtZSI6InhpYW9ob25nIiwiZXhwIjoxNjE1MzYzOTM1fQ.icwcCHzksM4VwSrpSphcbDsn5VOOM-O5KZE9GQeKCzI
2021-03-03 16:12:21 INFO  UserInfoApiObject:48 - 查询所有用户信息ApiObject，请求携带token：eyJ0eXAiOiJKV1QiLCJhbGciOiJIUzI1NiJ9.eyJpZCI6IjEiLCJ1c2VyTmFtZSI6InhpYW9ob25nIiwiZXhwIjoxNjE1MzYzOTM1fQ.icwcCHzksM4VwSrpSphcbDsn5VOOM-O5KZE9GQeKCzI
2021-03-03 16:12:21 INFO  UserInfoApiObjectTest:155 - 获取到的UserId：71
2021-03-03 16:12:21 INFO  UserInfoApiObjectTest:156 - 通过UserId删除用户信息
2021-03-03 16:12:21 INFO  UserInfoApiObject:113 - 通过userId删除用户信息ApiObject，请求UserId：71，请求携带token：eyJ0eXAiOiJKV1QiLCJhbGciOiJIUzI1NiJ9.eyJpZCI6IjEiLCJ1c2VyTmFtZSI6InhpYW9ob25nIiwiZXhwIjoxNjE1MzYzOTM1fQ.icwcCHzksM4VwSrpSphcbDsn5VOOM-O5KZE9GQeKCzI
2021-03-03 16:12:21 INFO  UserInfoApiObjectTest:159 - 通过UserId删除用户信息：{
    "code": "00000",
    "message": "成功",
    "data": {
        "userId": 71,
        "userName": "张桂花",
        "email": "13982563833@qq.com",
        "phone": "13245562960",
        "friends": [
            {
                "userId": 11,
                "userName": "小红喵",
                "email": "xiaohongmiao@qq.com",
                "phone": "18623456555",
                "friends": null
            },
            {
                "userId": 12,
                "userName": "小红旺",
                "email": "xiaohongwang@qq.com",
                "phone": "18623456566",
                "friends": null
            }
        ]
    },
    "success": true
}
2021-03-03 16:12:21 INFO  UserInfoApiObject:48 - 查询所有用户信息ApiObject，请求携带token：eyJ0eXAiOiJKV1QiLCJhbGciOiJIUzI1NiJ9.eyJpZCI6IjEiLCJ1c2VyTmFtZSI6InhpYW9ob25nIiwiZXhwIjoxNjE1MzYzOTM1fQ.icwcCHzksM4VwSrpSphcbDsn5VOOM-O5KZE9GQeKCzI
2021-03-03 16:12:26 INFO  UserInfoApiObject:48 - 查询所有用户信息ApiObject，请求携带token：eyJ0eXAiOiJKV1QiLCJhbGciOiJIUzI1NiJ9.eyJpZCI6IjEiLCJ1c2VyTmFtZSI6InhpYW9ob25nIiwiZXhwIjoxNjE1MzYzOTM1fQ.icwcCHzksM4VwSrpSphcbDsn5VOOM-O5KZE9GQeKCzI
2021-03-03 16:12:27 INFO  MustacheUtils:43 - 读取模板文件:mustache/userInfo.mustache，替换的内容:{"userName":"杨婷","userId":21,"phoneNumber":"15608765246","email":"18978792483@qq.com"}
2021-03-03 16:12:27 INFO  UserInfoApiObject:27 - 创建用户信息ApiObject，请求主体：{
"userId":21,
"userName":"杨婷",
"email":"18978792483@qq.com",
"phone":"15608765246",
"friends":[
{
"userId":11,
"userName":"小红喵",
"email":"xiaohongmiao@qq.com",
"phone":"18623456555"
},
{
"userId":12,
"userName":"小红旺",
"email":"xiaohongwang@qq.com",
"phone":"18623456566"
}
]
},请求携带token：eyJ0eXAiOiJKV1QiLCJhbGciOiJIUzI1NiJ9.eyJpZCI6IjEiLCJ1c2VyTmFtZSI6InhpYW9ob25nIiwiZXhwIjoxNjE1MzYzOTM1fQ.icwcCHzksM4VwSrpSphcbDsn5VOOM-O5KZE9GQeKCzI
2021-03-03 16:12:27 INFO  UserInfoApiObject:48 - 查询所有用户信息ApiObject，请求携带token：eyJ0eXAiOiJKV1QiLCJhbGciOiJIUzI1NiJ9.eyJpZCI6IjEiLCJ1c2VyTmFtZSI6InhpYW9ob25nIiwiZXhwIjoxNjE1MzYzOTM1fQ.icwcCHzksM4VwSrpSphcbDsn5VOOM-O5KZE9GQeKCzI
2021-03-03 16:12:27 INFO  UserInfoApiObjectTest:125 - 获取到的UserId：21
2021-03-03 16:12:27 INFO  UserInfoApiObjectTest:132 - 更新用户信息请求body：{"userName":"小红红","userId":21,"phone":"18623456543","email":"xiaohong红@qq.com"}
2021-03-03 16:12:27 INFO  UserInfoApiObjectTest:133 - 通过UserId更新用户信息
2021-03-03 16:12:27 INFO  UserInfoApiObject:91 - 通过userId更新用户信息ApiObject，请求UserId：21，请求更新用户信息主体：{
    "userId":21,
    "userName":"小红红",
    "email":"xiaohong红@qq.com",
    "phone":"18623456543"
}，请求携带token：eyJ0eXAiOiJKV1QiLCJhbGciOiJIUzI1NiJ9.eyJpZCI6IjEiLCJ1c2VyTmFtZSI6InhpYW9ob25nIiwiZXhwIjoxNjE1MzYzOTM1fQ.icwcCHzksM4VwSrpSphcbDsn5VOOM-O5KZE9GQeKCzI
2021-03-03 16:12:27 INFO  UserInfoApiObjectTest:136 - 通过UserId更新用户信息接口返回信息：{
    "code": "00000",
    "message": "成功",
    "data": {
        "userId": 21,
        "userName": "小红红",
        "email": "xiaohong红@qq.com",
        "phone": "18623456543",
        "friends": null
    },
    "success": true
}
2021-03-03 16:12:27 INFO  UserInfoApiObject:48 - 查询所有用户信息ApiObject，请求携带token：eyJ0eXAiOiJKV1QiLCJhbGciOiJIUzI1NiJ9.eyJpZCI6IjEiLCJ1c2VyTmFtZSI6InhpYW9ob25nIiwiZXhwIjoxNjE1MzYzOTM1fQ.icwcCHzksM4VwSrpSphcbDsn5VOOM-O5KZE9GQeKCzI
2021-03-03 16:12:27 INFO  UserInfoApiObject:113 - 通过userId删除用户信息ApiObject，请求UserId：21，请求携带token：eyJ0eXAiOiJKV1QiLCJhbGciOiJIUzI1NiJ9.eyJpZCI6IjEiLCJ1c2VyTmFtZSI6InhpYW9ob25nIiwiZXhwIjoxNjE1MzYzOTM1fQ.icwcCHzksM4VwSrpSphcbDsn5VOOM-O5KZE9GQeKCzI
2021-03-03 16:12:32 INFO  UserInfoApiObject:48 - 查询所有用户信息ApiObject，请求携带token：eyJ0eXAiOiJKV1QiLCJhbGciOiJIUzI1NiJ9.eyJpZCI6IjEiLCJ1c2VyTmFtZSI6InhpYW9ob25nIiwiZXhwIjoxNjE1MzYzOTM1fQ.icwcCHzksM4VwSrpSphcbDsn5VOOM-O5KZE9GQeKCzI
2021-03-03 16:12:33 INFO  MustacheUtils:43 - 读取模板文件:mustache/userInfo.mustache，替换的内容:{"userName":"孙志强","userId":73,"phoneNumber":"13014973566","email":"15883580576@qq.com"}
2021-03-03 16:12:33 INFO  UserInfoApiObjectTest:58 - 创建用户信息请求body：{"userName":"孙志强","userId":73,"friends":[{"userName":"小红喵","userId":11,"phone":"18623456555","email":"xiaohongmiao@qq.com"},{"userName":"小红旺","userId":12,"phone":"18623456566","email":"xiaohongwang@qq.com"}],"phone":"13014973566","email":"15883580576@qq.com"}
2021-03-03 16:12:34 INFO  MustacheUtils:43 - 读取模板文件:mustache/userInfo.mustache，替换的内容:{"userName":"钟淑华","userId":42,"phoneNumber":"14732702479","email":"15734052969@qq.com"}
2021-03-03 16:12:34 INFO  UserInfoApiObject:27 - 创建用户信息ApiObject，请求主体：{
"userId":42,
"userName":"钟淑华",
"email":"15734052969@qq.com",
"phone":"14732702479",
"friends":[
{
"userId":11,
"userName":"小红喵",
"email":"xiaohongmiao@qq.com",
"phone":"18623456555"
},
{
"userId":12,
"userName":"小红旺",
"email":"xiaohongwang@qq.com",
"phone":"18623456566"
}
]
},请求携带token：eyJ0eXAiOiJKV1QiLCJhbGciOiJIUzI1NiJ9.eyJpZCI6IjEiLCJ1c2VyTmFtZSI6InhpYW9ob25nIiwiZXhwIjoxNjE1MzYzOTM1fQ.icwcCHzksM4VwSrpSphcbDsn5VOOM-O5KZE9GQeKCzI
2021-03-03 16:12:34 INFO  UserInfoApiObjectTest:60 - 创建用户信息接口返回信息：{
    "code": "00000",
    "message": "成功",
    "data": {
        "userId": 42,
        "userName": "钟淑华",
        "email": "15734052969@qq.com",
        "phone": "14732702479",
        "friends": [
            {
                "userId": 11,
                "userName": "小红喵",
                "email": "xiaohongmiao@qq.com",
                "phone": "18623456555",
                "friends": null
            },
            {
                "userId": 12,
                "userName": "小红旺",
                "email": "xiaohongwang@qq.com",
                "phone": "18623456566",
                "friends": null
            }
        ]
    },
    "success": true
}
2021-03-03 16:12:34 INFO  UserInfoApiObjectTest:61 - 创建用户信息测试结果断言
2021-03-03 16:12:34 INFO  UserInfoApiObject:48 - 查询所有用户信息ApiObject，请求携带token：eyJ0eXAiOiJKV1QiLCJhbGciOiJIUzI1NiJ9.eyJpZCI6IjEiLCJ1c2VyTmFtZSI6InhpYW9ob25nIiwiZXhwIjoxNjE1MzYzOTM1fQ.icwcCHzksM4VwSrpSphcbDsn5VOOM-O5KZE9GQeKCzI
2021-03-03 16:12:34 INFO  UserInfoApiObject:113 - 通过userId删除用户信息ApiObject，请求UserId：42，请求携带token：eyJ0eXAiOiJKV1QiLCJhbGciOiJIUzI1NiJ9.eyJpZCI6IjEiLCJ1c2VyTmFtZSI6InhpYW9ob25nIiwiZXhwIjoxNjE1MzYzOTM1fQ.icwcCHzksM4VwSrpSphcbDsn5VOOM-O5KZE9GQeKCzI
2021-03-03 16:12:39 INFO  UserInfoApiObject:48 - 查询所有用户信息ApiObject，请求携带token：eyJ0eXAiOiJKV1QiLCJhbGciOiJIUzI1NiJ9.eyJpZCI6IjEiLCJ1c2VyTmFtZSI6InhpYW9ob25nIiwiZXhwIjoxNjE1MzYzOTM1fQ.icwcCHzksM4VwSrpSphcbDsn5VOOM-O5KZE9GQeKCzI
2021-03-03 16:12:39 INFO  MustacheUtils:43 - 读取模板文件:mustache/userInfo.mustache，替换的内容:{"userName":"阿荣","userId":73,"phoneNumber":"15268469050","email":"13296990472@qq.com"}
2021-03-03 16:12:39 INFO  UserInfoApiObject:27 - 创建用户信息ApiObject，请求主体：{
"userId":73,
"userName":"阿荣",
"email":"13296990472@qq.com",
"phone":"15268469050",
"friends":[
{
"userId":11,
"userName":"小红喵",
"email":"xiaohongmiao@qq.com",
"phone":"18623456555"
},
{
"userId":12,
"userName":"小红旺",
"email":"xiaohongwang@qq.com",
"phone":"18623456566"
}
]
},请求携带token：eyJ0eXAiOiJKV1QiLCJhbGciOiJIUzI1NiJ9.eyJpZCI6IjEiLCJ1c2VyTmFtZSI6InhpYW9ob25nIiwiZXhwIjoxNjE1MzYzOTM1fQ.icwcCHzksM4VwSrpSphcbDsn5VOOM-O5KZE9GQeKCzI
2021-03-03 16:12:39 INFO  UserInfoApiObjectTest:81 - 查询所有用户信息
2021-03-03 16:12:39 INFO  UserInfoApiObject:48 - 查询所有用户信息ApiObject，请求携带token：eyJ0eXAiOiJKV1QiLCJhbGciOiJIUzI1NiJ9.eyJpZCI6IjEiLCJ1c2VyTmFtZSI6InhpYW9ob25nIiwiZXhwIjoxNjE1MzYzOTM1fQ.icwcCHzksM4VwSrpSphcbDsn5VOOM-O5KZE9GQeKCzI
2021-03-03 16:12:39 INFO  UserInfoApiObjectTest:84 - 查询所有用户信息接口返回信息：{
    "code": "00000",
    "message": "成功",
    "data": [
        {
            "userId": 73,
            "userName": "阿荣",
            "email": "13296990472@qq.com",
            "phone": "15268469050",
            "friends": [
                {
                    "userId": 11,
                    "userName": "小红喵",
                    "email": "xiaohongmiao@qq.com",
                    "phone": "18623456555",
                    "friends": null
                },
                {
                    "userId": 12,
                    "userName": "小红旺",
                    "email": "xiaohongwang@qq.com",
                    "phone": "18623456566",
                    "friends": null
                }
            ]
        }
    ],
    "success": true
}
2021-03-03 16:12:39 INFO  UserInfoApiObject:48 - 查询所有用户信息ApiObject，请求携带token：eyJ0eXAiOiJKV1QiLCJhbGciOiJIUzI1NiJ9.eyJpZCI6IjEiLCJ1c2VyTmFtZSI6InhpYW9ob25nIiwiZXhwIjoxNjE1MzYzOTM1fQ.icwcCHzksM4VwSrpSphcbDsn5VOOM-O5KZE9GQeKCzI
2021-03-03 16:12:40 INFO  UserInfoApiObject:113 - 通过userId删除用户信息ApiObject，请求UserId：73，请求携带token：eyJ0eXAiOiJKV1QiLCJhbGciOiJIUzI1NiJ9.eyJpZCI6IjEiLCJ1c2VyTmFtZSI6InhpYW9ob25nIiwiZXhwIjoxNjE1MzYzOTM1fQ.icwcCHzksM4VwSrpSphcbDsn5VOOM-O5KZE9GQeKCzI
2021-03-03 16:12:45 INFO  UserInfoApiObject:48 - 查询所有用户信息ApiObject，请求携带token：eyJ0eXAiOiJKV1QiLCJhbGciOiJIUzI1NiJ9.eyJpZCI6IjEiLCJ1c2VyTmFtZSI6InhpYW9ob25nIiwiZXhwIjoxNjE1MzYzOTM1fQ.icwcCHzksM4VwSrpSphcbDsn5VOOM-O5KZE9GQeKCzI
2021-03-03 16:12:45 INFO  MustacheUtils:43 - 读取模板文件:mustache/userInfo.mustache，替换的内容:{"userName":"金杰","userId":24,"phoneNumber":"15289270273","email":"13698158753@qq.com"}
2021-03-03 16:12:45 INFO  UserInfoApiObject:27 - 创建用户信息ApiObject，请求主体：{
"userId":24,
"userName":"金杰",
"email":"13698158753@qq.com",
"phone":"15289270273",
"friends":[
{
"userId":11,
"userName":"小红喵",
"email":"xiaohongmiao@qq.com",
"phone":"18623456555"
},
{
"userId":12,
"userName":"小红旺",
"email":"xiaohongwang@qq.com",
"phone":"18623456566"
}
]
},请求携带token：eyJ0eXAiOiJKV1QiLCJhbGciOiJIUzI1NiJ9.eyJpZCI6IjEiLCJ1c2VyTmFtZSI6InhpYW9ob25nIiwiZXhwIjoxNjE1MzYzOTM1fQ.icwcCHzksM4VwSrpSphcbDsn5VOOM-O5KZE9GQeKCzI
2021-03-03 16:12:45 INFO  UserInfoApiObject:48 - 查询所有用户信息ApiObject，请求携带token：eyJ0eXAiOiJKV1QiLCJhbGciOiJIUzI1NiJ9.eyJpZCI6IjEiLCJ1c2VyTmFtZSI6InhpYW9ob25nIiwiZXhwIjoxNjE1MzYzOTM1fQ.icwcCHzksM4VwSrpSphcbDsn5VOOM-O5KZE9GQeKCzI
2021-03-03 16:12:45 INFO  UserInfoApiObjectTest:101 - 通过UserId查询用户信息
2021-03-03 16:12:45 INFO  UserInfoApiObjectTest:104 - 获取到的UserId：24
2021-03-03 16:12:45 INFO  UserInfoApiObject:69 - 通过userId查询用户信息ApiObject，请求UserId：24，请求携带token：eyJ0eXAiOiJKV1QiLCJhbGciOiJIUzI1NiJ9.eyJpZCI6IjEiLCJ1c2VyTmFtZSI6InhpYW9ob25nIiwiZXhwIjoxNjE1MzYzOTM1fQ.icwcCHzksM4VwSrpSphcbDsn5VOOM-O5KZE9GQeKCzI
2021-03-03 16:12:45 INFO  UserInfoApiObjectTest:106 - 通过UserId查询用户信息接口返回信息：{
    "code": "00000",
    "message": "成功",
    "data": {
        "userId": 24,
        "userName": "金杰",
        "email": "13698158753@qq.com",
        "phone": "15289270273",
        "friends": [
            {
                "userId": 11,
                "userName": "小红喵",
                "email": "xiaohongmiao@qq.com",
                "phone": "18623456555",
                "friends": null
            },
            {
                "userId": 12,
                "userName": "小红旺",
                "email": "xiaohongwang@qq.com",
                "phone": "18623456566",
                "friends": null
            }
        ]
    },
    "success": true
}
2021-03-03 16:12:45 INFO  UserInfoApiObject:48 - 查询所有用户信息ApiObject，请求携带token：eyJ0eXAiOiJKV1QiLCJhbGciOiJIUzI1NiJ9.eyJpZCI6IjEiLCJ1c2VyTmFtZSI6InhpYW9ob25nIiwiZXhwIjoxNjE1MzYzOTM1fQ.icwcCHzksM4VwSrpSphcbDsn5VOOM-O5KZE9GQeKCzI
2021-03-03 16:12:45 INFO  UserInfoApiObject:113 - 通过userId删除用户信息ApiObject，请求UserId：24，请求携带token：eyJ0eXAiOiJKV1QiLCJhbGciOiJIUzI1NiJ9.eyJpZCI6IjEiLCJ1c2VyTmFtZSI6InhpYW9ob25nIiwiZXhwIjoxNjE1MzYzOTM1fQ.icwcCHzksM4VwSrpSphcbDsn5VOOM-O5KZE9GQeKCzI
2021-03-03 16:12:51 INFO  JsonPathUtils:54 - 读取JSON文件:/json/book.json，替换的内容:{"$.store.book[*].author":"测试作者"}
2021-03-03 16:12:56 INFO  JsonPathUtils:54 - 读取JSON文件:/json/book.json，替换的内容:{"$.store.*":"all change"}
2021-03-03 16:13:01 INFO  JsonPathUtils:54 - 读取JSON文件:/json/book.json，替换的内容:{"$..book[0,1]":"first two change"}
2021-03-03 16:13:06 INFO  MustacheUtils:43 - 读取模板文件:mustache/book.mustache，替换的内容:{"author":"mustacheAuthor","price":56.8}
2021-03-03 16:14:29 INFO  UserLoginApiObject:27 - 用户登录ApiObject，接口请求主体：{
    "username":"xiaohong",
    "password":"123123"
}
2021-03-03 16:14:32 INFO  CreateUserInfoThreadTest:58 - 获取接口token：eyJ0eXAiOiJKV1QiLCJhbGciOiJIUzI1NiJ9.eyJpZCI6IjEiLCJ1c2VyTmFtZSI6InhpYW9ob25nIiwiZXhwIjoxNjE1MzY0MDcxfQ.xb9bddD8fOEYNAwZ0LFbvhdLk5Tw5mycvI6IEZ5_OCs
2021-03-03 16:14:42 INFO  CreateUserInfoThreadTest:76 - 创建用户信息请求body：{"userName":"小红","userId":1,"friends":[{"userName":"小红喵","userId":11,"phone":"18623456555","email":"xiaohongmiao@qq.com"},{"userName":"小红旺","userId":12,"phone":"18623456566","email":"xiaohongwang@qq.com"}],"phone":"18623456543","email":"xiaohong@qq.com"}
2021-03-03 16:14:42 INFO  UserInfoApiObject:27 - 创建用户信息ApiObject，请求主体：{
    "userId":1,
    "userName":"小红",
    "email":"xiaohong@qq.com",
    "phone":"18623456543",
    "friends":[
        {
            "userId":11,
            "userName":"小红喵",
            "email":"xiaohongmiao@qq.com",
            "phone":"18623456555"
        },
        {
            "userId":12,
            "userName":"小红旺",
            "email":"xiaohongwang@qq.com",
            "phone":"18623456566"
        }
    ]
},请求携带token：eyJ0eXAiOiJKV1QiLCJhbGciOiJIUzI1NiJ9.eyJpZCI6IjEiLCJ1c2VyTmFtZSI6InhpYW9ob25nIiwiZXhwIjoxNjE1MzY0MDcxfQ.xb9bddD8fOEYNAwZ0LFbvhdLk5Tw5mycvI6IEZ5_OCs
2021-03-03 16:14:42 INFO  CreateUserInfoThreadTest:79 - 创建用户信息接口返回信息：{
    "code": "00000",
    "message": "成功",
    "data": {
        "userId": 1,
        "userName": "小红",
        "email": "xiaohong@qq.com",
        "phone": "18623456543",
        "friends": [
            {
                "userId": 11,
                "userName": "小红喵",
                "email": "xiaohongmiao@qq.com",
                "phone": "18623456555",
                "friends": null
            },
            {
                "userId": 12,
                "userName": "小红旺",
                "email": "xiaohongwang@qq.com",
                "phone": "18623456566",
                "friends": null
            }
        ]
    },
    "success": true
}
2021-03-03 16:14:42 INFO  CreateUserInfoThreadTest:80 - 创建用户信息测试结果断言
2021-03-03 16:14:47 INFO  CreateUserInfoThreadTest:76 - 创建用户信息请求body：{"userName":"小红","userId":1,"friends":[{"userName":"小红喵","userId":11,"phone":"18623456555","email":"xiaohongmiao@qq.com"},{"userName":"小红旺","userId":12,"phone":"18623456566","email":"xiaohongwang@qq.com"}],"phone":"18623456543","email":"xiaohong@qq.com"}
2021-03-03 16:14:47 INFO  UserInfoApiObject:27 - 创建用户信息ApiObject，请求主体：{
    "userId":1,
    "userName":"小红",
    "email":"xiaohong@qq.com",
    "phone":"18623456543",
    "friends":[
        {
            "userId":11,
            "userName":"小红喵",
            "email":"xiaohongmiao@qq.com",
            "phone":"18623456555"
        },
        {
            "userId":12,
            "userName":"小红旺",
            "email":"xiaohongwang@qq.com",
            "phone":"18623456566"
        }
    ]
},请求携带token：eyJ0eXAiOiJKV1QiLCJhbGciOiJIUzI1NiJ9.eyJpZCI6IjEiLCJ1c2VyTmFtZSI6InhpYW9ob25nIiwiZXhwIjoxNjE1MzY0MDcxfQ.xb9bddD8fOEYNAwZ0LFbvhdLk5Tw5mycvI6IEZ5_OCs
2021-03-03 16:14:47 INFO  CreateUserInfoThreadTest:79 - 创建用户信息接口返回信息：{
    "code": "00001",
    "message": "失败",
    "data": "用户已存在",
    "success": false
}
2021-03-03 16:14:47 INFO  CreateUserInfoThreadTest:80 - 创建用户信息测试结果断言
2021-03-03 16:14:52 INFO  CreateUserInfoThreadTest:76 - 创建用户信息请求body：{"userName":"小红","userId":1,"friends":[{"userName":"小红喵","userId":11,"phone":"18623456555","email":"xiaohongmiao@qq.com"},{"userName":"小红旺","userId":12,"phone":"18623456566","email":"xiaohongwang@qq.com"}],"phone":"18623456543","email":"xiaohong@qq.com"}
2021-03-03 16:14:52 INFO  UserInfoApiObject:27 - 创建用户信息ApiObject，请求主体：{
    "userId":1,
    "userName":"小红",
    "email":"xiaohong@qq.com",
    "phone":"18623456543",
    "friends":[
        {
            "userId":11,
            "userName":"小红喵",
            "email":"xiaohongmiao@qq.com",
            "phone":"18623456555"
        },
        {
            "userId":12,
            "userName":"小红旺",
            "email":"xiaohongwang@qq.com",
            "phone":"18623456566"
        }
    ]
},请求携带token：eyJ0eXAiOiJKV1QiLCJhbGciOiJIUzI1NiJ9.eyJpZCI6IjEiLCJ1c2VyTmFtZSI6InhpYW9ob25nIiwiZXhwIjoxNjE1MzY0MDcxfQ.xb9bddD8fOEYNAwZ0LFbvhdLk5Tw5mycvI6IEZ5_OCs
2021-03-03 16:14:52 INFO  CreateUserInfoThreadTest:79 - 创建用户信息接口返回信息：{
    "code": "00001",
    "message": "失败",
    "data": "用户已存在",
    "success": false
}
2021-03-03 16:14:52 INFO  CreateUserInfoThreadTest:80 - 创建用户信息测试结果断言
2021-03-03 16:14:52 INFO  UserLoginApiObject:27 - 用户登录ApiObject，接口请求主体：{
    "username":"xiaohong",
    "password":"123123"
}
2021-03-03 16:14:52 INFO  UserInfoApiObjectTest:37 - 获取接口token：eyJ0eXAiOiJKV1QiLCJhbGciOiJIUzI1NiJ9.eyJpZCI6IjEiLCJ1c2VyTmFtZSI6InhpYW9ob25nIiwiZXhwIjoxNjE1MzY0MDkyfQ.36p0pS9XN5wvlfU2mNXbKMxicqlXgDtjeY1-nE0fLXE
2021-03-03 16:14:57 INFO  UserInfoApiObject:48 - 查询所有用户信息ApiObject，请求携带token：eyJ0eXAiOiJKV1QiLCJhbGciOiJIUzI1NiJ9.eyJpZCI6IjEiLCJ1c2VyTmFtZSI6InhpYW9ob25nIiwiZXhwIjoxNjE1MzY0MDkyfQ.36p0pS9XN5wvlfU2mNXbKMxicqlXgDtjeY1-nE0fLXE
2021-03-03 16:14:57 INFO  UserInfoApiObject:113 - 通过userId删除用户信息ApiObject，请求UserId：1，请求携带token：eyJ0eXAiOiJKV1QiLCJhbGciOiJIUzI1NiJ9.eyJpZCI6IjEiLCJ1c2VyTmFtZSI6InhpYW9ob25nIiwiZXhwIjoxNjE1MzY0MDkyfQ.36p0pS9XN5wvlfU2mNXbKMxicqlXgDtjeY1-nE0fLXE
2021-03-03 16:14:58 INFO  MustacheUtils:43 - 读取模板文件:mustache/userInfo.mustache，替换的内容:{"userName":"柳玉华","userId":64,"phoneNumber":"15585235819","email":"15594101524@qq.com"}
2021-03-03 16:14:58 INFO  UserInfoApiObject:27 - 创建用户信息ApiObject，请求主体：{
"userId":64,
"userName":"柳玉华",
"email":"15594101524@qq.com",
"phone":"15585235819",
"friends":[
{
"userId":11,
"userName":"小红喵",
"email":"xiaohongmiao@qq.com",
"phone":"18623456555"
},
{
"userId":12,
"userName":"小红旺",
"email":"xiaohongwang@qq.com",
"phone":"18623456566"
}
]
},请求携带token：eyJ0eXAiOiJKV1QiLCJhbGciOiJIUzI1NiJ9.eyJpZCI6IjEiLCJ1c2VyTmFtZSI6InhpYW9ob25nIiwiZXhwIjoxNjE1MzY0MDkyfQ.36p0pS9XN5wvlfU2mNXbKMxicqlXgDtjeY1-nE0fLXE
2021-03-03 16:14:58 INFO  UserInfoApiObject:48 - 查询所有用户信息ApiObject，请求携带token：eyJ0eXAiOiJKV1QiLCJhbGciOiJIUzI1NiJ9.eyJpZCI6IjEiLCJ1c2VyTmFtZSI6InhpYW9ob25nIiwiZXhwIjoxNjE1MzY0MDkyfQ.36p0pS9XN5wvlfU2mNXbKMxicqlXgDtjeY1-nE0fLXE
2021-03-03 16:14:58 INFO  UserInfoApiObjectTest:155 - 获取到的UserId：64
2021-03-03 16:14:58 INFO  UserInfoApiObjectTest:156 - 通过UserId删除用户信息
2021-03-03 16:14:58 INFO  UserInfoApiObject:113 - 通过userId删除用户信息ApiObject，请求UserId：64，请求携带token：eyJ0eXAiOiJKV1QiLCJhbGciOiJIUzI1NiJ9.eyJpZCI6IjEiLCJ1c2VyTmFtZSI6InhpYW9ob25nIiwiZXhwIjoxNjE1MzY0MDkyfQ.36p0pS9XN5wvlfU2mNXbKMxicqlXgDtjeY1-nE0fLXE
2021-03-03 16:14:58 INFO  UserInfoApiObjectTest:159 - 通过UserId删除用户信息：{
    "code": "00000",
    "message": "成功",
    "data": {
        "userId": 64,
        "userName": "柳玉华",
        "email": "15594101524@qq.com",
        "phone": "15585235819",
        "friends": [
            {
                "userId": 11,
                "userName": "小红喵",
                "email": "xiaohongmiao@qq.com",
                "phone": "18623456555",
                "friends": null
            },
            {
                "userId": 12,
                "userName": "小红旺",
                "email": "xiaohongwang@qq.com",
                "phone": "18623456566",
                "friends": null
            }
        ]
    },
    "success": true
}
2021-03-03 16:14:58 INFO  UserInfoApiObject:48 - 查询所有用户信息ApiObject，请求携带token：eyJ0eXAiOiJKV1QiLCJhbGciOiJIUzI1NiJ9.eyJpZCI6IjEiLCJ1c2VyTmFtZSI6InhpYW9ob25nIiwiZXhwIjoxNjE1MzY0MDkyfQ.36p0pS9XN5wvlfU2mNXbKMxicqlXgDtjeY1-nE0fLXE
2021-03-03 16:15:04 INFO  UserInfoApiObject:48 - 查询所有用户信息ApiObject，请求携带token：eyJ0eXAiOiJKV1QiLCJhbGciOiJIUzI1NiJ9.eyJpZCI6IjEiLCJ1c2VyTmFtZSI6InhpYW9ob25nIiwiZXhwIjoxNjE1MzY0MDkyfQ.36p0pS9XN5wvlfU2mNXbKMxicqlXgDtjeY1-nE0fLXE
2021-03-03 16:15:04 INFO  MustacheUtils:43 - 读取模板文件:mustache/userInfo.mustache，替换的内容:{"userName":"张静","userId":45,"phoneNumber":"18263931489","email":"15243634147@qq.com"}
2021-03-03 16:15:04 INFO  UserInfoApiObject:27 - 创建用户信息ApiObject，请求主体：{
"userId":45,
"userName":"张静",
"email":"15243634147@qq.com",
"phone":"18263931489",
"friends":[
{
"userId":11,
"userName":"小红喵",
"email":"xiaohongmiao@qq.com",
"phone":"18623456555"
},
{
"userId":12,
"userName":"小红旺",
"email":"xiaohongwang@qq.com",
"phone":"18623456566"
}
]
},请求携带token：eyJ0eXAiOiJKV1QiLCJhbGciOiJIUzI1NiJ9.eyJpZCI6IjEiLCJ1c2VyTmFtZSI6InhpYW9ob25nIiwiZXhwIjoxNjE1MzY0MDkyfQ.36p0pS9XN5wvlfU2mNXbKMxicqlXgDtjeY1-nE0fLXE
2021-03-03 16:15:04 INFO  UserInfoApiObject:48 - 查询所有用户信息ApiObject，请求携带token：eyJ0eXAiOiJKV1QiLCJhbGciOiJIUzI1NiJ9.eyJpZCI6IjEiLCJ1c2VyTmFtZSI6InhpYW9ob25nIiwiZXhwIjoxNjE1MzY0MDkyfQ.36p0pS9XN5wvlfU2mNXbKMxicqlXgDtjeY1-nE0fLXE
2021-03-03 16:15:04 INFO  UserInfoApiObjectTest:125 - 获取到的UserId：45
2021-03-03 16:15:04 INFO  UserInfoApiObjectTest:132 - 更新用户信息请求body：{"userName":"小红红","userId":45,"phone":"18623456543","email":"xiaohong红@qq.com"}
2021-03-03 16:15:04 INFO  UserInfoApiObjectTest:133 - 通过UserId更新用户信息
2021-03-03 16:15:04 INFO  UserInfoApiObject:91 - 通过userId更新用户信息ApiObject，请求UserId：45，请求更新用户信息主体：{
    "userId":45,
    "userName":"小红红",
    "email":"xiaohong红@qq.com",
    "phone":"18623456543"
}，请求携带token：eyJ0eXAiOiJKV1QiLCJhbGciOiJIUzI1NiJ9.eyJpZCI6IjEiLCJ1c2VyTmFtZSI6InhpYW9ob25nIiwiZXhwIjoxNjE1MzY0MDkyfQ.36p0pS9XN5wvlfU2mNXbKMxicqlXgDtjeY1-nE0fLXE
2021-03-03 16:15:04 INFO  UserInfoApiObjectTest:136 - 通过UserId更新用户信息接口返回信息：{
    "code": "00000",
    "message": "成功",
    "data": {
        "userId": 45,
        "userName": "小红红",
        "email": "xiaohong红@qq.com",
        "phone": "18623456543",
        "friends": null
    },
    "success": true
}
2021-03-03 16:15:04 INFO  UserInfoApiObject:48 - 查询所有用户信息ApiObject，请求携带token：eyJ0eXAiOiJKV1QiLCJhbGciOiJIUzI1NiJ9.eyJpZCI6IjEiLCJ1c2VyTmFtZSI6InhpYW9ob25nIiwiZXhwIjoxNjE1MzY0MDkyfQ.36p0pS9XN5wvlfU2mNXbKMxicqlXgDtjeY1-nE0fLXE
2021-03-03 16:15:04 INFO  UserInfoApiObject:113 - 通过userId删除用户信息ApiObject，请求UserId：45，请求携带token：eyJ0eXAiOiJKV1QiLCJhbGciOiJIUzI1NiJ9.eyJpZCI6IjEiLCJ1c2VyTmFtZSI6InhpYW9ob25nIiwiZXhwIjoxNjE1MzY0MDkyfQ.36p0pS9XN5wvlfU2mNXbKMxicqlXgDtjeY1-nE0fLXE
2021-03-03 16:15:09 INFO  UserInfoApiObject:48 - 查询所有用户信息ApiObject，请求携带token：eyJ0eXAiOiJKV1QiLCJhbGciOiJIUzI1NiJ9.eyJpZCI6IjEiLCJ1c2VyTmFtZSI6InhpYW9ob25nIiwiZXhwIjoxNjE1MzY0MDkyfQ.36p0pS9XN5wvlfU2mNXbKMxicqlXgDtjeY1-nE0fLXE
2021-03-03 16:15:10 INFO  MustacheUtils:43 - 读取模板文件:mustache/userInfo.mustache，替换的内容:{"userName":"李丽娟","userId":39,"phoneNumber":"13345880767","email":"13467726215@qq.com"}
2021-03-03 16:15:10 INFO  UserInfoApiObjectTest:58 - 创建用户信息请求body：{"userName":"李丽娟","userId":39,"friends":[{"userName":"小红喵","userId":11,"phone":"18623456555","email":"xiaohongmiao@qq.com"},{"userName":"小红旺","userId":12,"phone":"18623456566","email":"xiaohongwang@qq.com"}],"phone":"13345880767","email":"13467726215@qq.com"}
2021-03-03 16:15:11 INFO  MustacheUtils:43 - 读取模板文件:mustache/userInfo.mustache，替换的内容:{"userName":"王帆","userId":17,"phoneNumber":"13622038947","email":"18126403282@qq.com"}
2021-03-03 16:15:11 INFO  UserInfoApiObject:27 - 创建用户信息ApiObject，请求主体：{
"userId":17,
"userName":"王帆",
"email":"18126403282@qq.com",
"phone":"13622038947",
"friends":[
{
"userId":11,
"userName":"小红喵",
"email":"xiaohongmiao@qq.com",
"phone":"18623456555"
},
{
"userId":12,
"userName":"小红旺",
"email":"xiaohongwang@qq.com",
"phone":"18623456566"
}
]
},请求携带token：eyJ0eXAiOiJKV1QiLCJhbGciOiJIUzI1NiJ9.eyJpZCI6IjEiLCJ1c2VyTmFtZSI6InhpYW9ob25nIiwiZXhwIjoxNjE1MzY0MDkyfQ.36p0pS9XN5wvlfU2mNXbKMxicqlXgDtjeY1-nE0fLXE
2021-03-03 16:15:11 INFO  UserInfoApiObjectTest:60 - 创建用户信息接口返回信息：{
    "code": "00000",
    "message": "成功",
    "data": {
        "userId": 17,
        "userName": "王帆",
        "email": "18126403282@qq.com",
        "phone": "13622038947",
        "friends": [
            {
                "userId": 11,
                "userName": "小红喵",
                "email": "xiaohongmiao@qq.com",
                "phone": "18623456555",
                "friends": null
            },
            {
                "userId": 12,
                "userName": "小红旺",
                "email": "xiaohongwang@qq.com",
                "phone": "18623456566",
                "friends": null
            }
        ]
    },
    "success": true
}
2021-03-03 16:15:11 INFO  UserInfoApiObjectTest:61 - 创建用户信息测试结果断言
2021-03-03 16:15:11 INFO  UserInfoApiObject:48 - 查询所有用户信息ApiObject，请求携带token：eyJ0eXAiOiJKV1QiLCJhbGciOiJIUzI1NiJ9.eyJpZCI6IjEiLCJ1c2VyTmFtZSI6InhpYW9ob25nIiwiZXhwIjoxNjE1MzY0MDkyfQ.36p0pS9XN5wvlfU2mNXbKMxicqlXgDtjeY1-nE0fLXE
2021-03-03 16:15:11 INFO  UserInfoApiObject:113 - 通过userId删除用户信息ApiObject，请求UserId：17，请求携带token：eyJ0eXAiOiJKV1QiLCJhbGciOiJIUzI1NiJ9.eyJpZCI6IjEiLCJ1c2VyTmFtZSI6InhpYW9ob25nIiwiZXhwIjoxNjE1MzY0MDkyfQ.36p0pS9XN5wvlfU2mNXbKMxicqlXgDtjeY1-nE0fLXE
2021-03-03 16:15:16 INFO  UserInfoApiObject:48 - 查询所有用户信息ApiObject，请求携带token：eyJ0eXAiOiJKV1QiLCJhbGciOiJIUzI1NiJ9.eyJpZCI6IjEiLCJ1c2VyTmFtZSI6InhpYW9ob25nIiwiZXhwIjoxNjE1MzY0MDkyfQ.36p0pS9XN5wvlfU2mNXbKMxicqlXgDtjeY1-nE0fLXE
2021-03-03 16:15:17 INFO  MustacheUtils:43 - 读取模板文件:mustache/userInfo.mustache，替换的内容:{"userName":"叶想","userId":90,"phoneNumber":"15374869632","email":"13739366404@qq.com"}
2021-03-03 16:15:17 INFO  UserInfoApiObject:27 - 创建用户信息ApiObject，请求主体：{
"userId":90,
"userName":"叶想",
"email":"13739366404@qq.com",
"phone":"15374869632",
"friends":[
{
"userId":11,
"userName":"小红喵",
"email":"xiaohongmiao@qq.com",
"phone":"18623456555"
},
{
"userId":12,
"userName":"小红旺",
"email":"xiaohongwang@qq.com",
"phone":"18623456566"
}
]
},请求携带token：eyJ0eXAiOiJKV1QiLCJhbGciOiJIUzI1NiJ9.eyJpZCI6IjEiLCJ1c2VyTmFtZSI6InhpYW9ob25nIiwiZXhwIjoxNjE1MzY0MDkyfQ.36p0pS9XN5wvlfU2mNXbKMxicqlXgDtjeY1-nE0fLXE
2021-03-03 16:15:17 INFO  UserInfoApiObjectTest:81 - 查询所有用户信息
2021-03-03 16:15:17 INFO  UserInfoApiObject:48 - 查询所有用户信息ApiObject，请求携带token：eyJ0eXAiOiJKV1QiLCJhbGciOiJIUzI1NiJ9.eyJpZCI6IjEiLCJ1c2VyTmFtZSI6InhpYW9ob25nIiwiZXhwIjoxNjE1MzY0MDkyfQ.36p0pS9XN5wvlfU2mNXbKMxicqlXgDtjeY1-nE0fLXE
2021-03-03 16:15:17 INFO  UserInfoApiObjectTest:84 - 查询所有用户信息接口返回信息：{
    "code": "00000",
    "message": "成功",
    "data": [
        {
            "userId": 90,
            "userName": "叶想",
            "email": "13739366404@qq.com",
            "phone": "15374869632",
            "friends": [
                {
                    "userId": 11,
                    "userName": "小红喵",
                    "email": "xiaohongmiao@qq.com",
                    "phone": "18623456555",
                    "friends": null
                },
                {
                    "userId": 12,
                    "userName": "小红旺",
                    "email": "xiaohongwang@qq.com",
                    "phone": "18623456566",
                    "friends": null
                }
            ]
        }
    ],
    "success": true
}
2021-03-03 16:15:17 INFO  UserInfoApiObject:48 - 查询所有用户信息ApiObject，请求携带token：eyJ0eXAiOiJKV1QiLCJhbGciOiJIUzI1NiJ9.eyJpZCI6IjEiLCJ1c2VyTmFtZSI6InhpYW9ob25nIiwiZXhwIjoxNjE1MzY0MDkyfQ.36p0pS9XN5wvlfU2mNXbKMxicqlXgDtjeY1-nE0fLXE
2021-03-03 16:15:17 INFO  UserInfoApiObject:113 - 通过userId删除用户信息ApiObject，请求UserId：90，请求携带token：eyJ0eXAiOiJKV1QiLCJhbGciOiJIUzI1NiJ9.eyJpZCI6IjEiLCJ1c2VyTmFtZSI6InhpYW9ob25nIiwiZXhwIjoxNjE1MzY0MDkyfQ.36p0pS9XN5wvlfU2mNXbKMxicqlXgDtjeY1-nE0fLXE
2021-03-03 16:15:22 INFO  UserInfoApiObject:48 - 查询所有用户信息ApiObject，请求携带token：eyJ0eXAiOiJKV1QiLCJhbGciOiJIUzI1NiJ9.eyJpZCI6IjEiLCJ1c2VyTmFtZSI6InhpYW9ob25nIiwiZXhwIjoxNjE1MzY0MDkyfQ.36p0pS9XN5wvlfU2mNXbKMxicqlXgDtjeY1-nE0fLXE
2021-03-03 16:15:22 INFO  MustacheUtils:43 - 读取模板文件:mustache/userInfo.mustache，替换的内容:{"userName":"赵琳","userId":19,"phoneNumber":"13982444922","email":"18590135245@qq.com"}
2021-03-03 16:15:22 INFO  UserInfoApiObject:27 - 创建用户信息ApiObject，请求主体：{
"userId":19,
"userName":"赵琳",
"email":"18590135245@qq.com",
"phone":"13982444922",
"friends":[
{
"userId":11,
"userName":"小红喵",
"email":"xiaohongmiao@qq.com",
"phone":"18623456555"
},
{
"userId":12,
"userName":"小红旺",
"email":"xiaohongwang@qq.com",
"phone":"18623456566"
}
]
},请求携带token：eyJ0eXAiOiJKV1QiLCJhbGciOiJIUzI1NiJ9.eyJpZCI6IjEiLCJ1c2VyTmFtZSI6InhpYW9ob25nIiwiZXhwIjoxNjE1MzY0MDkyfQ.36p0pS9XN5wvlfU2mNXbKMxicqlXgDtjeY1-nE0fLXE
2021-03-03 16:15:22 INFO  UserInfoApiObject:48 - 查询所有用户信息ApiObject，请求携带token：eyJ0eXAiOiJKV1QiLCJhbGciOiJIUzI1NiJ9.eyJpZCI6IjEiLCJ1c2VyTmFtZSI6InhpYW9ob25nIiwiZXhwIjoxNjE1MzY0MDkyfQ.36p0pS9XN5wvlfU2mNXbKMxicqlXgDtjeY1-nE0fLXE
2021-03-03 16:15:22 INFO  UserInfoApiObjectTest:101 - 通过UserId查询用户信息
2021-03-03 16:15:22 INFO  UserInfoApiObjectTest:104 - 获取到的UserId：19
2021-03-03 16:15:22 INFO  UserInfoApiObject:69 - 通过userId查询用户信息ApiObject，请求UserId：19，请求携带token：eyJ0eXAiOiJKV1QiLCJhbGciOiJIUzI1NiJ9.eyJpZCI6IjEiLCJ1c2VyTmFtZSI6InhpYW9ob25nIiwiZXhwIjoxNjE1MzY0MDkyfQ.36p0pS9XN5wvlfU2mNXbKMxicqlXgDtjeY1-nE0fLXE
2021-03-03 16:15:22 INFO  UserInfoApiObjectTest:106 - 通过UserId查询用户信息接口返回信息：{
    "code": "00000",
    "message": "成功",
    "data": {
        "userId": 19,
        "userName": "赵琳",
        "email": "18590135245@qq.com",
        "phone": "13982444922",
        "friends": [
            {
                "userId": 11,
                "userName": "小红喵",
                "email": "xiaohongmiao@qq.com",
                "phone": "18623456555",
                "friends": null
            },
            {
                "userId": 12,
                "userName": "小红旺",
                "email": "xiaohongwang@qq.com",
                "phone": "18623456566",
                "friends": null
            }
        ]
    },
    "success": true
}
2021-03-03 16:15:23 INFO  UserInfoApiObject:48 - 查询所有用户信息ApiObject，请求携带token：eyJ0eXAiOiJKV1QiLCJhbGciOiJIUzI1NiJ9.eyJpZCI6IjEiLCJ1c2VyTmFtZSI6InhpYW9ob25nIiwiZXhwIjoxNjE1MzY0MDkyfQ.36p0pS9XN5wvlfU2mNXbKMxicqlXgDtjeY1-nE0fLXE
2021-03-03 16:15:23 INFO  UserInfoApiObject:113 - 通过userId删除用户信息ApiObject，请求UserId：19，请求携带token：eyJ0eXAiOiJKV1QiLCJhbGciOiJIUzI1NiJ9.eyJpZCI6IjEiLCJ1c2VyTmFtZSI6InhpYW9ob25nIiwiZXhwIjoxNjE1MzY0MDkyfQ.36p0pS9XN5wvlfU2mNXbKMxicqlXgDtjeY1-nE0fLXE
2021-03-03 16:15:28 INFO  JsonPathUtils:54 - 读取JSON文件:/json/book.json，替换的内容:{"$.store.book[*].author":"测试作者"}
2021-03-03 16:15:33 INFO  JsonPathUtils:54 - 读取JSON文件:/json/book.json，替换的内容:{"$.store.*":"all change"}
2021-03-03 16:15:38 INFO  JsonPathUtils:54 - 读取JSON文件:/json/book.json，替换的内容:{"$..book[0,1]":"first two change"}
2021-03-03 16:15:43 INFO  MustacheUtils:43 - 读取模板文件:mustache/book.mustache，替换的内容:{"author":"mustacheAuthor","price":56.8}
2021-03-03 16:23:36 INFO  UserLoginApiObject:27 - 用户登录ApiObject，接口请求主体：{
    "username":"xiaohong",
    "password":"123123"
}
2021-03-03 16:23:39 INFO  CreateUserInfoThreadTest:58 - 获取接口token：eyJ0eXAiOiJKV1QiLCJhbGciOiJIUzI1NiJ9.eyJpZCI6IjEiLCJ1c2VyTmFtZSI6InhpYW9ob25nIiwiZXhwIjoxNjE1MzY0NjE4fQ.FiPTSpOkrdWukl-lKNfTnxW7iyZUoSfuQQLFtIxX9vE
2021-03-03 16:23:49 INFO  CreateUserInfoThreadTest:76 - 创建用户信息请求body：{"userName":"小红","userId":1,"friends":[{"userName":"小红喵","userId":11,"phone":"18623456555","email":"xiaohongmiao@qq.com"},{"userName":"小红旺","userId":12,"phone":"18623456566","email":"xiaohongwang@qq.com"}],"phone":"18623456543","email":"xiaohong@qq.com"}
2021-03-03 16:23:49 INFO  UserInfoApiObject:27 - 创建用户信息ApiObject，请求主体：{
    "userId":1,
    "userName":"小红",
    "email":"xiaohong@qq.com",
    "phone":"18623456543",
    "friends":[
        {
            "userId":11,
            "userName":"小红喵",
            "email":"xiaohongmiao@qq.com",
            "phone":"18623456555"
        },
        {
            "userId":12,
            "userName":"小红旺",
            "email":"xiaohongwang@qq.com",
            "phone":"18623456566"
        }
    ]
},请求携带token：eyJ0eXAiOiJKV1QiLCJhbGciOiJIUzI1NiJ9.eyJpZCI6IjEiLCJ1c2VyTmFtZSI6InhpYW9ob25nIiwiZXhwIjoxNjE1MzY0NjE4fQ.FiPTSpOkrdWukl-lKNfTnxW7iyZUoSfuQQLFtIxX9vE
2021-03-03 16:23:50 INFO  CreateUserInfoThreadTest:79 - 创建用户信息接口返回信息：{
    "code": "00000",
    "message": "成功",
    "data": {
        "userId": 1,
        "userName": "小红",
        "email": "xiaohong@qq.com",
        "phone": "18623456543",
        "friends": [
            {
                "userId": 11,
                "userName": "小红喵",
                "email": "xiaohongmiao@qq.com",
                "phone": "18623456555",
                "friends": null
            },
            {
                "userId": 12,
                "userName": "小红旺",
                "email": "xiaohongwang@qq.com",
                "phone": "18623456566",
                "friends": null
            }
        ]
    },
    "success": true
}
2021-03-03 16:23:50 INFO  CreateUserInfoThreadTest:80 - 创建用户信息测试结果断言
2021-03-03 16:23:55 INFO  CreateUserInfoThreadTest:76 - 创建用户信息请求body：{"userName":"小红","userId":1,"friends":[{"userName":"小红喵","userId":11,"phone":"18623456555","email":"xiaohongmiao@qq.com"},{"userName":"小红旺","userId":12,"phone":"18623456566","email":"xiaohongwang@qq.com"}],"phone":"18623456543","email":"xiaohong@qq.com"}
2021-03-03 16:23:55 INFO  UserInfoApiObject:27 - 创建用户信息ApiObject，请求主体：{
    "userId":1,
    "userName":"小红",
    "email":"xiaohong@qq.com",
    "phone":"18623456543",
    "friends":[
        {
            "userId":11,
            "userName":"小红喵",
            "email":"xiaohongmiao@qq.com",
            "phone":"18623456555"
        },
        {
            "userId":12,
            "userName":"小红旺",
            "email":"xiaohongwang@qq.com",
            "phone":"18623456566"
        }
    ]
},请求携带token：eyJ0eXAiOiJKV1QiLCJhbGciOiJIUzI1NiJ9.eyJpZCI6IjEiLCJ1c2VyTmFtZSI6InhpYW9ob25nIiwiZXhwIjoxNjE1MzY0NjE4fQ.FiPTSpOkrdWukl-lKNfTnxW7iyZUoSfuQQLFtIxX9vE
2021-03-03 16:23:55 INFO  CreateUserInfoThreadTest:79 - 创建用户信息接口返回信息：{
    "code": "00001",
    "message": "失败",
    "data": "用户已存在",
    "success": false
}
2021-03-03 16:23:55 INFO  CreateUserInfoThreadTest:80 - 创建用户信息测试结果断言
2021-03-03 16:24:00 INFO  CreateUserInfoThreadTest:76 - 创建用户信息请求body：{"userName":"小红","userId":1,"friends":[{"userName":"小红喵","userId":11,"phone":"18623456555","email":"xiaohongmiao@qq.com"},{"userName":"小红旺","userId":12,"phone":"18623456566","email":"xiaohongwang@qq.com"}],"phone":"18623456543","email":"xiaohong@qq.com"}
2021-03-03 16:24:00 INFO  UserInfoApiObject:27 - 创建用户信息ApiObject，请求主体：{
    "userId":1,
    "userName":"小红",
    "email":"xiaohong@qq.com",
    "phone":"18623456543",
    "friends":[
        {
            "userId":11,
            "userName":"小红喵",
            "email":"xiaohongmiao@qq.com",
            "phone":"18623456555"
        },
        {
            "userId":12,
            "userName":"小红旺",
            "email":"xiaohongwang@qq.com",
            "phone":"18623456566"
        }
    ]
},请求携带token：eyJ0eXAiOiJKV1QiLCJhbGciOiJIUzI1NiJ9.eyJpZCI6IjEiLCJ1c2VyTmFtZSI6InhpYW9ob25nIiwiZXhwIjoxNjE1MzY0NjE4fQ.FiPTSpOkrdWukl-lKNfTnxW7iyZUoSfuQQLFtIxX9vE
2021-03-03 16:24:00 INFO  CreateUserInfoThreadTest:79 - 创建用户信息接口返回信息：{
    "code": "00001",
    "message": "失败",
    "data": "用户已存在",
    "success": false
}
2021-03-03 16:24:00 INFO  CreateUserInfoThreadTest:80 - 创建用户信息测试结果断言
2021-03-03 16:24:00 INFO  UserLoginApiObject:27 - 用户登录ApiObject，接口请求主体：{
    "username":"xiaohong",
    "password":"123123"
}
2021-03-03 16:24:00 INFO  UserInfoApiObjectTest:37 - 获取接口token：eyJ0eXAiOiJKV1QiLCJhbGciOiJIUzI1NiJ9.eyJpZCI6IjEiLCJ1c2VyTmFtZSI6InhpYW9ob25nIiwiZXhwIjoxNjE1MzY0NjQwfQ.h5fKvgPzWfLBzOJRQ5fDkHUwJTAvB3qK3m_VGSFXzws
2021-03-03 16:24:05 INFO  UserInfoApiObject:48 - 查询所有用户信息ApiObject，请求携带token：eyJ0eXAiOiJKV1QiLCJhbGciOiJIUzI1NiJ9.eyJpZCI6IjEiLCJ1c2VyTmFtZSI6InhpYW9ob25nIiwiZXhwIjoxNjE1MzY0NjQwfQ.h5fKvgPzWfLBzOJRQ5fDkHUwJTAvB3qK3m_VGSFXzws
2021-03-03 16:24:05 INFO  UserInfoApiObject:113 - 通过userId删除用户信息ApiObject，请求UserId：1，请求携带token：eyJ0eXAiOiJKV1QiLCJhbGciOiJIUzI1NiJ9.eyJpZCI6IjEiLCJ1c2VyTmFtZSI6InhpYW9ob25nIiwiZXhwIjoxNjE1MzY0NjQwfQ.h5fKvgPzWfLBzOJRQ5fDkHUwJTAvB3qK3m_VGSFXzws
2021-03-03 16:24:06 INFO  MustacheUtils:43 - 读取模板文件:mustache/userInfo.mustache，替换的内容:{"userName":"岳强","userId":28,"phoneNumber":"13171299705","email":"13135514224@qq.com"}
2021-03-03 16:24:06 INFO  UserInfoApiObject:27 - 创建用户信息ApiObject，请求主体：{
"userId":28,
"userName":"岳强",
"email":"13135514224@qq.com",
"phone":"13171299705",
"friends":[
{
"userId":11,
"userName":"小红喵",
"email":"xiaohongmiao@qq.com",
"phone":"18623456555"
},
{
"userId":12,
"userName":"小红旺",
"email":"xiaohongwang@qq.com",
"phone":"18623456566"
}
]
},请求携带token：eyJ0eXAiOiJKV1QiLCJhbGciOiJIUzI1NiJ9.eyJpZCI6IjEiLCJ1c2VyTmFtZSI6InhpYW9ob25nIiwiZXhwIjoxNjE1MzY0NjQwfQ.h5fKvgPzWfLBzOJRQ5fDkHUwJTAvB3qK3m_VGSFXzws
2021-03-03 16:24:06 INFO  UserInfoApiObject:48 - 查询所有用户信息ApiObject，请求携带token：eyJ0eXAiOiJKV1QiLCJhbGciOiJIUzI1NiJ9.eyJpZCI6IjEiLCJ1c2VyTmFtZSI6InhpYW9ob25nIiwiZXhwIjoxNjE1MzY0NjQwfQ.h5fKvgPzWfLBzOJRQ5fDkHUwJTAvB3qK3m_VGSFXzws
2021-03-03 16:24:06 INFO  UserInfoApiObjectTest:155 - 获取到的UserId：28
2021-03-03 16:24:06 INFO  UserInfoApiObjectTest:156 - 通过UserId删除用户信息
2021-03-03 16:24:06 INFO  UserInfoApiObject:113 - 通过userId删除用户信息ApiObject，请求UserId：28，请求携带token：eyJ0eXAiOiJKV1QiLCJhbGciOiJIUzI1NiJ9.eyJpZCI6IjEiLCJ1c2VyTmFtZSI6InhpYW9ob25nIiwiZXhwIjoxNjE1MzY0NjQwfQ.h5fKvgPzWfLBzOJRQ5fDkHUwJTAvB3qK3m_VGSFXzws
2021-03-03 16:24:06 INFO  UserInfoApiObjectTest:159 - 通过UserId删除用户信息：{
    "code": "00000",
    "message": "成功",
    "data": {
        "userId": 28,
        "userName": "岳强",
        "email": "13135514224@qq.com",
        "phone": "13171299705",
        "friends": [
            {
                "userId": 11,
                "userName": "小红喵",
                "email": "xiaohongmiao@qq.com",
                "phone": "18623456555",
                "friends": null
            },
            {
                "userId": 12,
                "userName": "小红旺",
                "email": "xiaohongwang@qq.com",
                "phone": "18623456566",
                "friends": null
            }
        ]
    },
    "success": true
}
2021-03-03 16:24:06 INFO  UserInfoApiObject:48 - 查询所有用户信息ApiObject，请求携带token：eyJ0eXAiOiJKV1QiLCJhbGciOiJIUzI1NiJ9.eyJpZCI6IjEiLCJ1c2VyTmFtZSI6InhpYW9ob25nIiwiZXhwIjoxNjE1MzY0NjQwfQ.h5fKvgPzWfLBzOJRQ5fDkHUwJTAvB3qK3m_VGSFXzws
2021-03-03 16:24:11 INFO  UserInfoApiObject:48 - 查询所有用户信息ApiObject，请求携带token：eyJ0eXAiOiJKV1QiLCJhbGciOiJIUzI1NiJ9.eyJpZCI6IjEiLCJ1c2VyTmFtZSI6InhpYW9ob25nIiwiZXhwIjoxNjE1MzY0NjQwfQ.h5fKvgPzWfLBzOJRQ5fDkHUwJTAvB3qK3m_VGSFXzws
2021-03-03 16:24:12 INFO  MustacheUtils:43 - 读取模板文件:mustache/userInfo.mustache，替换的内容:{"userName":"孙博","userId":76,"phoneNumber":"18595693657","email":"15192964863@qq.com"}
2021-03-03 16:24:12 INFO  UserInfoApiObject:27 - 创建用户信息ApiObject，请求主体：{
"userId":76,
"userName":"孙博",
"email":"15192964863@qq.com",
"phone":"18595693657",
"friends":[
{
"userId":11,
"userName":"小红喵",
"email":"xiaohongmiao@qq.com",
"phone":"18623456555"
},
{
"userId":12,
"userName":"小红旺",
"email":"xiaohongwang@qq.com",
"phone":"18623456566"
}
]
},请求携带token：eyJ0eXAiOiJKV1QiLCJhbGciOiJIUzI1NiJ9.eyJpZCI6IjEiLCJ1c2VyTmFtZSI6InhpYW9ob25nIiwiZXhwIjoxNjE1MzY0NjQwfQ.h5fKvgPzWfLBzOJRQ5fDkHUwJTAvB3qK3m_VGSFXzws
2021-03-03 16:24:12 INFO  UserInfoApiObject:48 - 查询所有用户信息ApiObject，请求携带token：eyJ0eXAiOiJKV1QiLCJhbGciOiJIUzI1NiJ9.eyJpZCI6IjEiLCJ1c2VyTmFtZSI6InhpYW9ob25nIiwiZXhwIjoxNjE1MzY0NjQwfQ.h5fKvgPzWfLBzOJRQ5fDkHUwJTAvB3qK3m_VGSFXzws
2021-03-03 16:24:12 INFO  UserInfoApiObjectTest:125 - 获取到的UserId：76
2021-03-03 16:24:12 INFO  UserInfoApiObjectTest:132 - 更新用户信息请求body：{"userName":"小红红","userId":76,"phone":"18623456543","email":"xiaohong红@qq.com"}
2021-03-03 16:24:12 INFO  UserInfoApiObjectTest:133 - 通过UserId更新用户信息
2021-03-03 16:24:12 INFO  UserInfoApiObject:91 - 通过userId更新用户信息ApiObject，请求UserId：76，请求更新用户信息主体：{
    "userId":76,
    "userName":"小红红",
    "email":"xiaohong红@qq.com",
    "phone":"18623456543"
}，请求携带token：eyJ0eXAiOiJKV1QiLCJhbGciOiJIUzI1NiJ9.eyJpZCI6IjEiLCJ1c2VyTmFtZSI6InhpYW9ob25nIiwiZXhwIjoxNjE1MzY0NjQwfQ.h5fKvgPzWfLBzOJRQ5fDkHUwJTAvB3qK3m_VGSFXzws
2021-03-03 16:24:12 INFO  UserInfoApiObjectTest:136 - 通过UserId更新用户信息接口返回信息：{
    "code": "00000",
    "message": "成功",
    "data": {
        "userId": 76,
        "userName": "小红红",
        "email": "xiaohong红@qq.com",
        "phone": "18623456543",
        "friends": null
    },
    "success": true
}
2021-03-03 16:24:12 INFO  UserInfoApiObject:48 - 查询所有用户信息ApiObject，请求携带token：eyJ0eXAiOiJKV1QiLCJhbGciOiJIUzI1NiJ9.eyJpZCI6IjEiLCJ1c2VyTmFtZSI6InhpYW9ob25nIiwiZXhwIjoxNjE1MzY0NjQwfQ.h5fKvgPzWfLBzOJRQ5fDkHUwJTAvB3qK3m_VGSFXzws
2021-03-03 16:24:12 INFO  UserInfoApiObject:113 - 通过userId删除用户信息ApiObject，请求UserId：76，请求携带token：eyJ0eXAiOiJKV1QiLCJhbGciOiJIUzI1NiJ9.eyJpZCI6IjEiLCJ1c2VyTmFtZSI6InhpYW9ob25nIiwiZXhwIjoxNjE1MzY0NjQwfQ.h5fKvgPzWfLBzOJRQ5fDkHUwJTAvB3qK3m_VGSFXzws
2021-03-03 16:24:17 INFO  UserInfoApiObject:48 - 查询所有用户信息ApiObject，请求携带token：eyJ0eXAiOiJKV1QiLCJhbGciOiJIUzI1NiJ9.eyJpZCI6IjEiLCJ1c2VyTmFtZSI6InhpYW9ob25nIiwiZXhwIjoxNjE1MzY0NjQwfQ.h5fKvgPzWfLBzOJRQ5fDkHUwJTAvB3qK3m_VGSFXzws
2021-03-03 16:24:18 INFO  MustacheUtils:43 - 读取模板文件:mustache/userInfo.mustache，替换的内容:{"userName":"张建国","userId":77,"phoneNumber":"15233496732","email":"18256248639@qq.com"}
2021-03-03 16:24:18 INFO  UserInfoApiObjectTest:58 - 创建用户信息请求body：{"userName":"张建国","userId":77,"friends":[{"userName":"小红喵","userId":11,"phone":"18623456555","email":"xiaohongmiao@qq.com"},{"userName":"小红旺","userId":12,"phone":"18623456566","email":"xiaohongwang@qq.com"}],"phone":"15233496732","email":"18256248639@qq.com"}
2021-03-03 16:24:19 INFO  MustacheUtils:43 - 读取模板文件:mustache/userInfo.mustache，替换的内容:{"userName":"王琴","userId":62,"phoneNumber":"13565254182","email":"13292244314@qq.com"}
2021-03-03 16:24:19 INFO  UserInfoApiObject:27 - 创建用户信息ApiObject，请求主体：{
"userId":62,
"userName":"王琴",
"email":"13292244314@qq.com",
"phone":"13565254182",
"friends":[
{
"userId":11,
"userName":"小红喵",
"email":"xiaohongmiao@qq.com",
"phone":"18623456555"
},
{
"userId":12,
"userName":"小红旺",
"email":"xiaohongwang@qq.com",
"phone":"18623456566"
}
]
},请求携带token：eyJ0eXAiOiJKV1QiLCJhbGciOiJIUzI1NiJ9.eyJpZCI6IjEiLCJ1c2VyTmFtZSI6InhpYW9ob25nIiwiZXhwIjoxNjE1MzY0NjQwfQ.h5fKvgPzWfLBzOJRQ5fDkHUwJTAvB3qK3m_VGSFXzws
2021-03-03 16:24:19 INFO  UserInfoApiObjectTest:60 - 创建用户信息接口返回信息：{
    "code": "00000",
    "message": "成功",
    "data": {
        "userId": 62,
        "userName": "王琴",
        "email": "13292244314@qq.com",
        "phone": "13565254182",
        "friends": [
            {
                "userId": 11,
                "userName": "小红喵",
                "email": "xiaohongmiao@qq.com",
                "phone": "18623456555",
                "friends": null
            },
            {
                "userId": 12,
                "userName": "小红旺",
                "email": "xiaohongwang@qq.com",
                "phone": "18623456566",
                "friends": null
            }
        ]
    },
    "success": true
}
2021-03-03 16:24:19 INFO  UserInfoApiObjectTest:61 - 创建用户信息测试结果断言
2021-03-03 16:24:19 INFO  UserInfoApiObject:48 - 查询所有用户信息ApiObject，请求携带token：eyJ0eXAiOiJKV1QiLCJhbGciOiJIUzI1NiJ9.eyJpZCI6IjEiLCJ1c2VyTmFtZSI6InhpYW9ob25nIiwiZXhwIjoxNjE1MzY0NjQwfQ.h5fKvgPzWfLBzOJRQ5fDkHUwJTAvB3qK3m_VGSFXzws
2021-03-03 16:24:19 INFO  UserInfoApiObject:113 - 通过userId删除用户信息ApiObject，请求UserId：62，请求携带token：eyJ0eXAiOiJKV1QiLCJhbGciOiJIUzI1NiJ9.eyJpZCI6IjEiLCJ1c2VyTmFtZSI6InhpYW9ob25nIiwiZXhwIjoxNjE1MzY0NjQwfQ.h5fKvgPzWfLBzOJRQ5fDkHUwJTAvB3qK3m_VGSFXzws
2021-03-03 16:24:24 INFO  UserInfoApiObject:48 - 查询所有用户信息ApiObject，请求携带token：eyJ0eXAiOiJKV1QiLCJhbGciOiJIUzI1NiJ9.eyJpZCI6IjEiLCJ1c2VyTmFtZSI6InhpYW9ob25nIiwiZXhwIjoxNjE1MzY0NjQwfQ.h5fKvgPzWfLBzOJRQ5fDkHUwJTAvB3qK3m_VGSFXzws
2021-03-03 16:24:24 INFO  MustacheUtils:43 - 读取模板文件:mustache/userInfo.mustache，替换的内容:{"userName":"廖红","userId":75,"phoneNumber":"18112239259","email":"13031702241@qq.com"}
2021-03-03 16:24:24 INFO  UserInfoApiObject:27 - 创建用户信息ApiObject，请求主体：{
"userId":75,
"userName":"廖红",
"email":"13031702241@qq.com",
"phone":"18112239259",
"friends":[
{
"userId":11,
"userName":"小红喵",
"email":"xiaohongmiao@qq.com",
"phone":"18623456555"
},
{
"userId":12,
"userName":"小红旺",
"email":"xiaohongwang@qq.com",
"phone":"18623456566"
}
]
},请求携带token：eyJ0eXAiOiJKV1QiLCJhbGciOiJIUzI1NiJ9.eyJpZCI6IjEiLCJ1c2VyTmFtZSI6InhpYW9ob25nIiwiZXhwIjoxNjE1MzY0NjQwfQ.h5fKvgPzWfLBzOJRQ5fDkHUwJTAvB3qK3m_VGSFXzws
2021-03-03 16:24:24 INFO  UserInfoApiObjectTest:81 - 查询所有用户信息
2021-03-03 16:24:24 INFO  UserInfoApiObject:48 - 查询所有用户信息ApiObject，请求携带token：eyJ0eXAiOiJKV1QiLCJhbGciOiJIUzI1NiJ9.eyJpZCI6IjEiLCJ1c2VyTmFtZSI6InhpYW9ob25nIiwiZXhwIjoxNjE1MzY0NjQwfQ.h5fKvgPzWfLBzOJRQ5fDkHUwJTAvB3qK3m_VGSFXzws
2021-03-03 16:24:24 INFO  UserInfoApiObjectTest:84 - 查询所有用户信息接口返回信息：{
    "code": "00000",
    "message": "成功",
    "data": [
        {
            "userId": 75,
            "userName": "廖红",
            "email": "13031702241@qq.com",
            "phone": "18112239259",
            "friends": [
                {
                    "userId": 11,
                    "userName": "小红喵",
                    "email": "xiaohongmiao@qq.com",
                    "phone": "18623456555",
                    "friends": null
                },
                {
                    "userId": 12,
                    "userName": "小红旺",
                    "email": "xiaohongwang@qq.com",
                    "phone": "18623456566",
                    "friends": null
                }
            ]
        }
    ],
    "success": true
}
2021-03-03 16:24:24 INFO  UserInfoApiObject:48 - 查询所有用户信息ApiObject，请求携带token：eyJ0eXAiOiJKV1QiLCJhbGciOiJIUzI1NiJ9.eyJpZCI6IjEiLCJ1c2VyTmFtZSI6InhpYW9ob25nIiwiZXhwIjoxNjE1MzY0NjQwfQ.h5fKvgPzWfLBzOJRQ5fDkHUwJTAvB3qK3m_VGSFXzws
2021-03-03 16:24:25 INFO  UserInfoApiObject:113 - 通过userId删除用户信息ApiObject，请求UserId：75，请求携带token：eyJ0eXAiOiJKV1QiLCJhbGciOiJIUzI1NiJ9.eyJpZCI6IjEiLCJ1c2VyTmFtZSI6InhpYW9ob25nIiwiZXhwIjoxNjE1MzY0NjQwfQ.h5fKvgPzWfLBzOJRQ5fDkHUwJTAvB3qK3m_VGSFXzws
2021-03-03 16:24:30 INFO  UserInfoApiObject:48 - 查询所有用户信息ApiObject，请求携带token：eyJ0eXAiOiJKV1QiLCJhbGciOiJIUzI1NiJ9.eyJpZCI6IjEiLCJ1c2VyTmFtZSI6InhpYW9ob25nIiwiZXhwIjoxNjE1MzY0NjQwfQ.h5fKvgPzWfLBzOJRQ5fDkHUwJTAvB3qK3m_VGSFXzws
2021-03-03 16:24:30 INFO  MustacheUtils:43 - 读取模板文件:mustache/userInfo.mustache，替换的内容:{"userName":"刘健","userId":58,"phoneNumber":"15734636591","email":"18775173100@qq.com"}
2021-03-03 16:24:30 INFO  UserInfoApiObject:27 - 创建用户信息ApiObject，请求主体：{
"userId":58,
"userName":"刘健",
"email":"18775173100@qq.com",
"phone":"15734636591",
"friends":[
{
"userId":11,
"userName":"小红喵",
"email":"xiaohongmiao@qq.com",
"phone":"18623456555"
},
{
"userId":12,
"userName":"小红旺",
"email":"xiaohongwang@qq.com",
"phone":"18623456566"
}
]
},请求携带token：eyJ0eXAiOiJKV1QiLCJhbGciOiJIUzI1NiJ9.eyJpZCI6IjEiLCJ1c2VyTmFtZSI6InhpYW9ob25nIiwiZXhwIjoxNjE1MzY0NjQwfQ.h5fKvgPzWfLBzOJRQ5fDkHUwJTAvB3qK3m_VGSFXzws
2021-03-03 16:24:30 INFO  UserInfoApiObject:48 - 查询所有用户信息ApiObject，请求携带token：eyJ0eXAiOiJKV1QiLCJhbGciOiJIUzI1NiJ9.eyJpZCI6IjEiLCJ1c2VyTmFtZSI6InhpYW9ob25nIiwiZXhwIjoxNjE1MzY0NjQwfQ.h5fKvgPzWfLBzOJRQ5fDkHUwJTAvB3qK3m_VGSFXzws
2021-03-03 16:24:30 INFO  UserInfoApiObjectTest:101 - 通过UserId查询用户信息
2021-03-03 16:24:30 INFO  UserInfoApiObjectTest:104 - 获取到的UserId：58
2021-03-03 16:24:30 INFO  UserInfoApiObject:69 - 通过userId查询用户信息ApiObject，请求UserId：58，请求携带token：eyJ0eXAiOiJKV1QiLCJhbGciOiJIUzI1NiJ9.eyJpZCI6IjEiLCJ1c2VyTmFtZSI6InhpYW9ob25nIiwiZXhwIjoxNjE1MzY0NjQwfQ.h5fKvgPzWfLBzOJRQ5fDkHUwJTAvB3qK3m_VGSFXzws
2021-03-03 16:24:30 INFO  UserInfoApiObjectTest:106 - 通过UserId查询用户信息接口返回信息：{
    "code": "00000",
    "message": "成功",
    "data": {
        "userId": 58,
        "userName": "刘健",
        "email": "18775173100@qq.com",
        "phone": "15734636591",
        "friends": [
            {
                "userId": 11,
                "userName": "小红喵",
                "email": "xiaohongmiao@qq.com",
                "phone": "18623456555",
                "friends": null
            },
            {
                "userId": 12,
                "userName": "小红旺",
                "email": "xiaohongwang@qq.com",
                "phone": "18623456566",
                "friends": null
            }
        ]
    },
    "success": true
}
2021-03-03 16:24:30 INFO  UserInfoApiObject:48 - 查询所有用户信息ApiObject，请求携带token：eyJ0eXAiOiJKV1QiLCJhbGciOiJIUzI1NiJ9.eyJpZCI6IjEiLCJ1c2VyTmFtZSI6InhpYW9ob25nIiwiZXhwIjoxNjE1MzY0NjQwfQ.h5fKvgPzWfLBzOJRQ5fDkHUwJTAvB3qK3m_VGSFXzws
2021-03-03 16:24:30 INFO  UserInfoApiObject:113 - 通过userId删除用户信息ApiObject，请求UserId：58，请求携带token：eyJ0eXAiOiJKV1QiLCJhbGciOiJIUzI1NiJ9.eyJpZCI6IjEiLCJ1c2VyTmFtZSI6InhpYW9ob25nIiwiZXhwIjoxNjE1MzY0NjQwfQ.h5fKvgPzWfLBzOJRQ5fDkHUwJTAvB3qK3m_VGSFXzws
2021-03-03 16:24:35 INFO  JsonPathUtils:54 - 读取JSON文件:/json/book.json，替换的内容:{"$.store.book[*].author":"测试作者"}
2021-03-03 16:24:41 INFO  JsonPathUtils:54 - 读取JSON文件:/json/book.json，替换的内容:{"$.store.*":"all change"}
2021-03-03 16:24:46 INFO  JsonPathUtils:54 - 读取JSON文件:/json/book.json，替换的内容:{"$..book[0,1]":"first two change"}
2021-03-03 16:24:51 INFO  MustacheUtils:43 - 读取模板文件:mustache/book.mustache，替换的内容:{"author":"mustacheAuthor","price":56.8}
2021-03-03 16:31:09 INFO  UserLoginApiObject:27 - 用户登录ApiObject，接口请求主体：{
    "username":"xiaohong",
    "password":"123123"
}
2021-03-03 16:31:12 INFO  CreateUserInfoThreadTest:58 - 获取接口token：eyJ0eXAiOiJKV1QiLCJhbGciOiJIUzI1NiJ9.eyJpZCI6IjEiLCJ1c2VyTmFtZSI6InhpYW9ob25nIiwiZXhwIjoxNjE1MzY1MDcxfQ.fPu0mBmLr3I07GM-3Pk5o8yukqeV4cHkn6oZ9Cx4ilo
2021-03-03 16:31:22 INFO  CreateUserInfoThreadTest:76 - 创建用户信息请求body：{"userName":"小红","userId":1,"friends":[{"userName":"小红喵","userId":11,"phone":"18623456555","email":"xiaohongmiao@qq.com"},{"userName":"小红旺","userId":12,"phone":"18623456566","email":"xiaohongwang@qq.com"}],"phone":"18623456543","email":"xiaohong@qq.com"}
2021-03-03 16:31:22 INFO  UserInfoApiObject:27 - 创建用户信息ApiObject，请求主体：{
    "userId":1,
    "userName":"小红",
    "email":"xiaohong@qq.com",
    "phone":"18623456543",
    "friends":[
        {
            "userId":11,
            "userName":"小红喵",
            "email":"xiaohongmiao@qq.com",
            "phone":"18623456555"
        },
        {
            "userId":12,
            "userName":"小红旺",
            "email":"xiaohongwang@qq.com",
            "phone":"18623456566"
        }
    ]
},请求携带token：eyJ0eXAiOiJKV1QiLCJhbGciOiJIUzI1NiJ9.eyJpZCI6IjEiLCJ1c2VyTmFtZSI6InhpYW9ob25nIiwiZXhwIjoxNjE1MzY1MDcxfQ.fPu0mBmLr3I07GM-3Pk5o8yukqeV4cHkn6oZ9Cx4ilo
2021-03-03 16:31:23 INFO  CreateUserInfoThreadTest:79 - 创建用户信息接口返回信息：{
    "code": "00000",
    "message": "成功",
    "data": {
        "userId": 1,
        "userName": "小红",
        "email": "xiaohong@qq.com",
        "phone": "18623456543",
        "friends": [
            {
                "userId": 11,
                "userName": "小红喵",
                "email": "xiaohongmiao@qq.com",
                "phone": "18623456555",
                "friends": null
            },
            {
                "userId": 12,
                "userName": "小红旺",
                "email": "xiaohongwang@qq.com",
                "phone": "18623456566",
                "friends": null
            }
        ]
    },
    "success": true
}
2021-03-03 16:31:23 INFO  CreateUserInfoThreadTest:80 - 创建用户信息测试结果断言
2021-03-03 16:31:28 INFO  CreateUserInfoThreadTest:76 - 创建用户信息请求body：{"userName":"小红","userId":1,"friends":[{"userName":"小红喵","userId":11,"phone":"18623456555","email":"xiaohongmiao@qq.com"},{"userName":"小红旺","userId":12,"phone":"18623456566","email":"xiaohongwang@qq.com"}],"phone":"18623456543","email":"xiaohong@qq.com"}
2021-03-03 16:31:28 INFO  UserInfoApiObject:27 - 创建用户信息ApiObject，请求主体：{
    "userId":1,
    "userName":"小红",
    "email":"xiaohong@qq.com",
    "phone":"18623456543",
    "friends":[
        {
            "userId":11,
            "userName":"小红喵",
            "email":"xiaohongmiao@qq.com",
            "phone":"18623456555"
        },
        {
            "userId":12,
            "userName":"小红旺",
            "email":"xiaohongwang@qq.com",
            "phone":"18623456566"
        }
    ]
},请求携带token：eyJ0eXAiOiJKV1QiLCJhbGciOiJIUzI1NiJ9.eyJpZCI6IjEiLCJ1c2VyTmFtZSI6InhpYW9ob25nIiwiZXhwIjoxNjE1MzY1MDcxfQ.fPu0mBmLr3I07GM-3Pk5o8yukqeV4cHkn6oZ9Cx4ilo
2021-03-03 16:31:28 INFO  CreateUserInfoThreadTest:79 - 创建用户信息接口返回信息：{
    "code": "00001",
    "message": "失败",
    "data": "用户已存在",
    "success": false
}
2021-03-03 16:31:28 INFO  CreateUserInfoThreadTest:80 - 创建用户信息测试结果断言
2021-03-03 16:31:33 INFO  CreateUserInfoThreadTest:76 - 创建用户信息请求body：{"userName":"小红","userId":1,"friends":[{"userName":"小红喵","userId":11,"phone":"18623456555","email":"xiaohongmiao@qq.com"},{"userName":"小红旺","userId":12,"phone":"18623456566","email":"xiaohongwang@qq.com"}],"phone":"18623456543","email":"xiaohong@qq.com"}
2021-03-03 16:31:33 INFO  UserInfoApiObject:27 - 创建用户信息ApiObject，请求主体：{
    "userId":1,
    "userName":"小红",
    "email":"xiaohong@qq.com",
    "phone":"18623456543",
    "friends":[
        {
            "userId":11,
            "userName":"小红喵",
            "email":"xiaohongmiao@qq.com",
            "phone":"18623456555"
        },
        {
            "userId":12,
            "userName":"小红旺",
            "email":"xiaohongwang@qq.com",
            "phone":"18623456566"
        }
    ]
},请求携带token：eyJ0eXAiOiJKV1QiLCJhbGciOiJIUzI1NiJ9.eyJpZCI6IjEiLCJ1c2VyTmFtZSI6InhpYW9ob25nIiwiZXhwIjoxNjE1MzY1MDcxfQ.fPu0mBmLr3I07GM-3Pk5o8yukqeV4cHkn6oZ9Cx4ilo
2021-03-03 16:31:33 INFO  CreateUserInfoThreadTest:79 - 创建用户信息接口返回信息：{
    "code": "00001",
    "message": "失败",
    "data": "用户已存在",
    "success": false
}
2021-03-03 16:31:33 INFO  CreateUserInfoThreadTest:80 - 创建用户信息测试结果断言
2021-03-03 16:31:33 INFO  UserLoginApiObject:27 - 用户登录ApiObject，接口请求主体：{
    "username":"xiaohong",
    "password":"123123"
}
2021-03-03 16:31:33 INFO  UserInfoApiObjectTest:37 - 获取接口token：eyJ0eXAiOiJKV1QiLCJhbGciOiJIUzI1NiJ9.eyJpZCI6IjEiLCJ1c2VyTmFtZSI6InhpYW9ob25nIiwiZXhwIjoxNjE1MzY1MDkzfQ.YWDU62pk74uEUUTXm8DKqPXfTTa5L0HcaEvxqtXsOF0
2021-03-03 16:31:38 INFO  UserInfoApiObject:48 - 查询所有用户信息ApiObject，请求携带token：eyJ0eXAiOiJKV1QiLCJhbGciOiJIUzI1NiJ9.eyJpZCI6IjEiLCJ1c2VyTmFtZSI6InhpYW9ob25nIiwiZXhwIjoxNjE1MzY1MDkzfQ.YWDU62pk74uEUUTXm8DKqPXfTTa5L0HcaEvxqtXsOF0
2021-03-03 16:31:38 INFO  UserInfoApiObject:113 - 通过userId删除用户信息ApiObject，请求UserId：1，请求携带token：eyJ0eXAiOiJKV1QiLCJhbGciOiJIUzI1NiJ9.eyJpZCI6IjEiLCJ1c2VyTmFtZSI6InhpYW9ob25nIiwiZXhwIjoxNjE1MzY1MDkzfQ.YWDU62pk74uEUUTXm8DKqPXfTTa5L0HcaEvxqtXsOF0
2021-03-03 16:31:39 INFO  MustacheUtils:43 - 读取模板文件:mustache/userInfo.mustache，替换的内容:{"userName":"李洁","userId":19,"phoneNumber":"13294408984","email":"15223497427@qq.com"}
2021-03-03 16:31:39 INFO  UserInfoApiObject:27 - 创建用户信息ApiObject，请求主体：{
"userId":19,
"userName":"李洁",
"email":"15223497427@qq.com",
"phone":"13294408984",
"friends":[
{
"userId":11,
"userName":"小红喵",
"email":"xiaohongmiao@qq.com",
"phone":"18623456555"
},
{
"userId":12,
"userName":"小红旺",
"email":"xiaohongwang@qq.com",
"phone":"18623456566"
}
]
},请求携带token：eyJ0eXAiOiJKV1QiLCJhbGciOiJIUzI1NiJ9.eyJpZCI6IjEiLCJ1c2VyTmFtZSI6InhpYW9ob25nIiwiZXhwIjoxNjE1MzY1MDkzfQ.YWDU62pk74uEUUTXm8DKqPXfTTa5L0HcaEvxqtXsOF0
2021-03-03 16:31:39 INFO  UserInfoApiObject:48 - 查询所有用户信息ApiObject，请求携带token：eyJ0eXAiOiJKV1QiLCJhbGciOiJIUzI1NiJ9.eyJpZCI6IjEiLCJ1c2VyTmFtZSI6InhpYW9ob25nIiwiZXhwIjoxNjE1MzY1MDkzfQ.YWDU62pk74uEUUTXm8DKqPXfTTa5L0HcaEvxqtXsOF0
2021-03-03 16:31:39 INFO  UserInfoApiObjectTest:155 - 获取到的UserId：19
2021-03-03 16:31:39 INFO  UserInfoApiObjectTest:156 - 通过UserId删除用户信息
2021-03-03 16:31:39 INFO  UserInfoApiObject:113 - 通过userId删除用户信息ApiObject，请求UserId：19，请求携带token：eyJ0eXAiOiJKV1QiLCJhbGciOiJIUzI1NiJ9.eyJpZCI6IjEiLCJ1c2VyTmFtZSI6InhpYW9ob25nIiwiZXhwIjoxNjE1MzY1MDkzfQ.YWDU62pk74uEUUTXm8DKqPXfTTa5L0HcaEvxqtXsOF0
2021-03-03 16:31:39 INFO  UserInfoApiObjectTest:159 - 通过UserId删除用户信息：{
    "code": "00000",
    "message": "成功",
    "data": {
        "userId": 19,
        "userName": "李洁",
        "email": "15223497427@qq.com",
        "phone": "13294408984",
        "friends": [
            {
                "userId": 11,
                "userName": "小红喵",
                "email": "xiaohongmiao@qq.com",
                "phone": "18623456555",
                "friends": null
            },
            {
                "userId": 12,
                "userName": "小红旺",
                "email": "xiaohongwang@qq.com",
                "phone": "18623456566",
                "friends": null
            }
        ]
    },
    "success": true
}
2021-03-03 16:31:39 INFO  UserInfoApiObject:48 - 查询所有用户信息ApiObject，请求携带token：eyJ0eXAiOiJKV1QiLCJhbGciOiJIUzI1NiJ9.eyJpZCI6IjEiLCJ1c2VyTmFtZSI6InhpYW9ob25nIiwiZXhwIjoxNjE1MzY1MDkzfQ.YWDU62pk74uEUUTXm8DKqPXfTTa5L0HcaEvxqtXsOF0
2021-03-03 16:31:44 INFO  UserInfoApiObject:48 - 查询所有用户信息ApiObject，请求携带token：eyJ0eXAiOiJKV1QiLCJhbGciOiJIUzI1NiJ9.eyJpZCI6IjEiLCJ1c2VyTmFtZSI6InhpYW9ob25nIiwiZXhwIjoxNjE1MzY1MDkzfQ.YWDU62pk74uEUUTXm8DKqPXfTTa5L0HcaEvxqtXsOF0
2021-03-03 16:31:45 INFO  MustacheUtils:43 - 读取模板文件:mustache/userInfo.mustache，替换的内容:{"userName":"岳玲","userId":76,"phoneNumber":"13589395305","email":"15361125384@qq.com"}
2021-03-03 16:31:45 INFO  UserInfoApiObject:27 - 创建用户信息ApiObject，请求主体：{
"userId":76,
"userName":"岳玲",
"email":"15361125384@qq.com",
"phone":"13589395305",
"friends":[
{
"userId":11,
"userName":"小红喵",
"email":"xiaohongmiao@qq.com",
"phone":"18623456555"
},
{
"userId":12,
"userName":"小红旺",
"email":"xiaohongwang@qq.com",
"phone":"18623456566"
}
]
},请求携带token：eyJ0eXAiOiJKV1QiLCJhbGciOiJIUzI1NiJ9.eyJpZCI6IjEiLCJ1c2VyTmFtZSI6InhpYW9ob25nIiwiZXhwIjoxNjE1MzY1MDkzfQ.YWDU62pk74uEUUTXm8DKqPXfTTa5L0HcaEvxqtXsOF0
2021-03-03 16:31:45 INFO  UserInfoApiObject:48 - 查询所有用户信息ApiObject，请求携带token：eyJ0eXAiOiJKV1QiLCJhbGciOiJIUzI1NiJ9.eyJpZCI6IjEiLCJ1c2VyTmFtZSI6InhpYW9ob25nIiwiZXhwIjoxNjE1MzY1MDkzfQ.YWDU62pk74uEUUTXm8DKqPXfTTa5L0HcaEvxqtXsOF0
2021-03-03 16:31:45 INFO  UserInfoApiObjectTest:125 - 获取到的UserId：76
2021-03-03 16:31:45 INFO  UserInfoApiObjectTest:132 - 更新用户信息请求body：{"userName":"小红红","userId":76,"phone":"18623456543","email":"xiaohong红@qq.com"}
2021-03-03 16:31:45 INFO  UserInfoApiObjectTest:133 - 通过UserId更新用户信息
2021-03-03 16:31:45 INFO  UserInfoApiObject:91 - 通过userId更新用户信息ApiObject，请求UserId：76，请求更新用户信息主体：{
    "userId":76,
    "userName":"小红红",
    "email":"xiaohong红@qq.com",
    "phone":"18623456543"
}，请求携带token：eyJ0eXAiOiJKV1QiLCJhbGciOiJIUzI1NiJ9.eyJpZCI6IjEiLCJ1c2VyTmFtZSI6InhpYW9ob25nIiwiZXhwIjoxNjE1MzY1MDkzfQ.YWDU62pk74uEUUTXm8DKqPXfTTa5L0HcaEvxqtXsOF0
2021-03-03 16:31:45 INFO  UserInfoApiObjectTest:136 - 通过UserId更新用户信息接口返回信息：{
    "code": "00000",
    "message": "成功",
    "data": {
        "userId": 76,
        "userName": "小红红",
        "email": "xiaohong红@qq.com",
        "phone": "18623456543",
        "friends": null
    },
    "success": true
}
2021-03-03 16:31:45 INFO  UserInfoApiObject:48 - 查询所有用户信息ApiObject，请求携带token：eyJ0eXAiOiJKV1QiLCJhbGciOiJIUzI1NiJ9.eyJpZCI6IjEiLCJ1c2VyTmFtZSI6InhpYW9ob25nIiwiZXhwIjoxNjE1MzY1MDkzfQ.YWDU62pk74uEUUTXm8DKqPXfTTa5L0HcaEvxqtXsOF0
2021-03-03 16:31:45 INFO  UserInfoApiObject:113 - 通过userId删除用户信息ApiObject，请求UserId：76，请求携带token：eyJ0eXAiOiJKV1QiLCJhbGciOiJIUzI1NiJ9.eyJpZCI6IjEiLCJ1c2VyTmFtZSI6InhpYW9ob25nIiwiZXhwIjoxNjE1MzY1MDkzfQ.YWDU62pk74uEUUTXm8DKqPXfTTa5L0HcaEvxqtXsOF0
2021-03-03 16:31:50 INFO  UserInfoApiObject:48 - 查询所有用户信息ApiObject，请求携带token：eyJ0eXAiOiJKV1QiLCJhbGciOiJIUzI1NiJ9.eyJpZCI6IjEiLCJ1c2VyTmFtZSI6InhpYW9ob25nIiwiZXhwIjoxNjE1MzY1MDkzfQ.YWDU62pk74uEUUTXm8DKqPXfTTa5L0HcaEvxqtXsOF0
2021-03-03 16:31:51 INFO  MustacheUtils:43 - 读取模板文件:mustache/userInfo.mustache，替换的内容:{"userName":"卓斌","userId":98,"phoneNumber":"13856807992","email":"15313431469@qq.com"}
2021-03-03 16:31:51 INFO  UserInfoApiObjectTest:58 - 创建用户信息请求body：{"userName":"卓斌","userId":98,"friends":[{"userName":"小红喵","userId":11,"phone":"18623456555","email":"xiaohongmiao@qq.com"},{"userName":"小红旺","userId":12,"phone":"18623456566","email":"xiaohongwang@qq.com"}],"phone":"13856807992","email":"15313431469@qq.com"}
2021-03-03 16:31:51 INFO  MustacheUtils:43 - 读取模板文件:mustache/userInfo.mustache，替换的内容:{"userName":"熊凤兰","userId":92,"phoneNumber":"13309706991","email":"15926175488@qq.com"}
2021-03-03 16:31:51 INFO  UserInfoApiObject:27 - 创建用户信息ApiObject，请求主体：{
"userId":92,
"userName":"熊凤兰",
"email":"15926175488@qq.com",
"phone":"13309706991",
"friends":[
{
"userId":11,
"userName":"小红喵",
"email":"xiaohongmiao@qq.com",
"phone":"18623456555"
},
{
"userId":12,
"userName":"小红旺",
"email":"xiaohongwang@qq.com",
"phone":"18623456566"
}
]
},请求携带token：eyJ0eXAiOiJKV1QiLCJhbGciOiJIUzI1NiJ9.eyJpZCI6IjEiLCJ1c2VyTmFtZSI6InhpYW9ob25nIiwiZXhwIjoxNjE1MzY1MDkzfQ.YWDU62pk74uEUUTXm8DKqPXfTTa5L0HcaEvxqtXsOF0
2021-03-03 16:31:51 INFO  UserInfoApiObjectTest:60 - 创建用户信息接口返回信息：{
    "code": "00000",
    "message": "成功",
    "data": {
        "userId": 92,
        "userName": "熊凤兰",
        "email": "15926175488@qq.com",
        "phone": "13309706991",
        "friends": [
            {
                "userId": 11,
                "userName": "小红喵",
                "email": "xiaohongmiao@qq.com",
                "phone": "18623456555",
                "friends": null
            },
            {
                "userId": 12,
                "userName": "小红旺",
                "email": "xiaohongwang@qq.com",
                "phone": "18623456566",
                "friends": null
            }
        ]
    },
    "success": true
}
2021-03-03 16:31:51 INFO  UserInfoApiObjectTest:61 - 创建用户信息测试结果断言
2021-03-03 16:31:51 INFO  UserInfoApiObject:48 - 查询所有用户信息ApiObject，请求携带token：eyJ0eXAiOiJKV1QiLCJhbGciOiJIUzI1NiJ9.eyJpZCI6IjEiLCJ1c2VyTmFtZSI6InhpYW9ob25nIiwiZXhwIjoxNjE1MzY1MDkzfQ.YWDU62pk74uEUUTXm8DKqPXfTTa5L0HcaEvxqtXsOF0
2021-03-03 16:31:51 INFO  UserInfoApiObject:113 - 通过userId删除用户信息ApiObject，请求UserId：92，请求携带token：eyJ0eXAiOiJKV1QiLCJhbGciOiJIUzI1NiJ9.eyJpZCI6IjEiLCJ1c2VyTmFtZSI6InhpYW9ob25nIiwiZXhwIjoxNjE1MzY1MDkzfQ.YWDU62pk74uEUUTXm8DKqPXfTTa5L0HcaEvxqtXsOF0
2021-03-03 16:31:57 INFO  UserInfoApiObject:48 - 查询所有用户信息ApiObject，请求携带token：eyJ0eXAiOiJKV1QiLCJhbGciOiJIUzI1NiJ9.eyJpZCI6IjEiLCJ1c2VyTmFtZSI6InhpYW9ob25nIiwiZXhwIjoxNjE1MzY1MDkzfQ.YWDU62pk74uEUUTXm8DKqPXfTTa5L0HcaEvxqtXsOF0
2021-03-03 16:31:57 INFO  MustacheUtils:43 - 读取模板文件:mustache/userInfo.mustache，替换的内容:{"userName":"宋秀云","userId":13,"phoneNumber":"15549165296","email":"18630006089@qq.com"}
2021-03-03 16:31:57 INFO  UserInfoApiObject:27 - 创建用户信息ApiObject，请求主体：{
"userId":13,
"userName":"宋秀云",
"email":"18630006089@qq.com",
"phone":"15549165296",
"friends":[
{
"userId":11,
"userName":"小红喵",
"email":"xiaohongmiao@qq.com",
"phone":"18623456555"
},
{
"userId":12,
"userName":"小红旺",
"email":"xiaohongwang@qq.com",
"phone":"18623456566"
}
]
},请求携带token：eyJ0eXAiOiJKV1QiLCJhbGciOiJIUzI1NiJ9.eyJpZCI6IjEiLCJ1c2VyTmFtZSI6InhpYW9ob25nIiwiZXhwIjoxNjE1MzY1MDkzfQ.YWDU62pk74uEUUTXm8DKqPXfTTa5L0HcaEvxqtXsOF0
2021-03-03 16:31:57 INFO  UserInfoApiObjectTest:81 - 查询所有用户信息
2021-03-03 16:31:57 INFO  UserInfoApiObject:48 - 查询所有用户信息ApiObject，请求携带token：eyJ0eXAiOiJKV1QiLCJhbGciOiJIUzI1NiJ9.eyJpZCI6IjEiLCJ1c2VyTmFtZSI6InhpYW9ob25nIiwiZXhwIjoxNjE1MzY1MDkzfQ.YWDU62pk74uEUUTXm8DKqPXfTTa5L0HcaEvxqtXsOF0
2021-03-03 16:31:57 INFO  UserInfoApiObjectTest:84 - 查询所有用户信息接口返回信息：{
    "code": "00000",
    "message": "成功",
    "data": [
        {
            "userId": 13,
            "userName": "宋秀云",
            "email": "18630006089@qq.com",
            "phone": "15549165296",
            "friends": [
                {
                    "userId": 11,
                    "userName": "小红喵",
                    "email": "xiaohongmiao@qq.com",
                    "phone": "18623456555",
                    "friends": null
                },
                {
                    "userId": 12,
                    "userName": "小红旺",
                    "email": "xiaohongwang@qq.com",
                    "phone": "18623456566",
                    "friends": null
                }
            ]
        }
    ],
    "success": true
}
2021-03-03 16:31:57 INFO  UserInfoApiObject:48 - 查询所有用户信息ApiObject，请求携带token：eyJ0eXAiOiJKV1QiLCJhbGciOiJIUzI1NiJ9.eyJpZCI6IjEiLCJ1c2VyTmFtZSI6InhpYW9ob25nIiwiZXhwIjoxNjE1MzY1MDkzfQ.YWDU62pk74uEUUTXm8DKqPXfTTa5L0HcaEvxqtXsOF0
2021-03-03 16:31:57 INFO  UserInfoApiObject:113 - 通过userId删除用户信息ApiObject，请求UserId：13，请求携带token：eyJ0eXAiOiJKV1QiLCJhbGciOiJIUzI1NiJ9.eyJpZCI6IjEiLCJ1c2VyTmFtZSI6InhpYW9ob25nIiwiZXhwIjoxNjE1MzY1MDkzfQ.YWDU62pk74uEUUTXm8DKqPXfTTa5L0HcaEvxqtXsOF0
2021-03-03 16:32:02 INFO  UserInfoApiObject:48 - 查询所有用户信息ApiObject，请求携带token：eyJ0eXAiOiJKV1QiLCJhbGciOiJIUzI1NiJ9.eyJpZCI6IjEiLCJ1c2VyTmFtZSI6InhpYW9ob25nIiwiZXhwIjoxNjE1MzY1MDkzfQ.YWDU62pk74uEUUTXm8DKqPXfTTa5L0HcaEvxqtXsOF0
2021-03-03 16:32:03 INFO  MustacheUtils:43 - 读取模板文件:mustache/userInfo.mustache，替换的内容:{"userName":"魏成","userId":87,"phoneNumber":"18176296499","email":"18727782563@qq.com"}
2021-03-03 16:32:03 INFO  UserInfoApiObject:27 - 创建用户信息ApiObject，请求主体：{
"userId":87,
"userName":"魏成",
"email":"18727782563@qq.com",
"phone":"18176296499",
"friends":[
{
"userId":11,
"userName":"小红喵",
"email":"xiaohongmiao@qq.com",
"phone":"18623456555"
},
{
"userId":12,
"userName":"小红旺",
"email":"xiaohongwang@qq.com",
"phone":"18623456566"
}
]
},请求携带token：eyJ0eXAiOiJKV1QiLCJhbGciOiJIUzI1NiJ9.eyJpZCI6IjEiLCJ1c2VyTmFtZSI6InhpYW9ob25nIiwiZXhwIjoxNjE1MzY1MDkzfQ.YWDU62pk74uEUUTXm8DKqPXfTTa5L0HcaEvxqtXsOF0
2021-03-03 16:32:03 INFO  UserInfoApiObject:48 - 查询所有用户信息ApiObject，请求携带token：eyJ0eXAiOiJKV1QiLCJhbGciOiJIUzI1NiJ9.eyJpZCI6IjEiLCJ1c2VyTmFtZSI6InhpYW9ob25nIiwiZXhwIjoxNjE1MzY1MDkzfQ.YWDU62pk74uEUUTXm8DKqPXfTTa5L0HcaEvxqtXsOF0
2021-03-03 16:32:03 INFO  UserInfoApiObjectTest:101 - 通过UserId查询用户信息
2021-03-03 16:32:03 INFO  UserInfoApiObjectTest:104 - 获取到的UserId：87
2021-03-03 16:32:03 INFO  UserInfoApiObject:69 - 通过userId查询用户信息ApiObject，请求UserId：87，请求携带token：eyJ0eXAiOiJKV1QiLCJhbGciOiJIUzI1NiJ9.eyJpZCI6IjEiLCJ1c2VyTmFtZSI6InhpYW9ob25nIiwiZXhwIjoxNjE1MzY1MDkzfQ.YWDU62pk74uEUUTXm8DKqPXfTTa5L0HcaEvxqtXsOF0
2021-03-03 16:32:03 INFO  UserInfoApiObjectTest:106 - 通过UserId查询用户信息接口返回信息：{
    "code": "00000",
    "message": "成功",
    "data": {
        "userId": 87,
        "userName": "魏成",
        "email": "18727782563@qq.com",
        "phone": "18176296499",
        "friends": [
            {
                "userId": 11,
                "userName": "小红喵",
                "email": "xiaohongmiao@qq.com",
                "phone": "18623456555",
                "friends": null
            },
            {
                "userId": 12,
                "userName": "小红旺",
                "email": "xiaohongwang@qq.com",
                "phone": "18623456566",
                "friends": null
            }
        ]
    },
    "success": true
}
2021-03-03 16:32:03 INFO  UserInfoApiObject:48 - 查询所有用户信息ApiObject，请求携带token：eyJ0eXAiOiJKV1QiLCJhbGciOiJIUzI1NiJ9.eyJpZCI6IjEiLCJ1c2VyTmFtZSI6InhpYW9ob25nIiwiZXhwIjoxNjE1MzY1MDkzfQ.YWDU62pk74uEUUTXm8DKqPXfTTa5L0HcaEvxqtXsOF0
2021-03-03 16:32:03 INFO  UserInfoApiObject:113 - 通过userId删除用户信息ApiObject，请求UserId：87，请求携带token：eyJ0eXAiOiJKV1QiLCJhbGciOiJIUzI1NiJ9.eyJpZCI6IjEiLCJ1c2VyTmFtZSI6InhpYW9ob25nIiwiZXhwIjoxNjE1MzY1MDkzfQ.YWDU62pk74uEUUTXm8DKqPXfTTa5L0HcaEvxqtXsOF0
2021-03-03 16:32:08 INFO  JsonPathUtils:54 - 读取JSON文件:/json/book.json，替换的内容:{"$.store.book[*].author":"测试作者"}
2021-03-03 16:32:13 INFO  JsonPathUtils:54 - 读取JSON文件:/json/book.json，替换的内容:{"$.store.*":"all change"}
2021-03-03 16:32:18 INFO  JsonPathUtils:54 - 读取JSON文件:/json/book.json，替换的内容:{"$..book[0,1]":"first two change"}
2021-03-03 16:32:23 INFO  MustacheUtils:43 - 读取模板文件:mustache/book.mustache，替换的内容:{"author":"mustacheAuthor","price":56.8}
2021-03-03 16:34:11 INFO  UserLoginApiObject:27 - 用户登录ApiObject，接口请求主体：{
    "username":"xiaohong",
    "password":"123123"
}
2021-03-03 16:34:14 INFO  CreateUserInfoThreadTest:58 - 获取接口token：eyJ0eXAiOiJKV1QiLCJhbGciOiJIUzI1NiJ9.eyJpZCI6IjEiLCJ1c2VyTmFtZSI6InhpYW9ob25nIiwiZXhwIjoxNjE1MzY1MjUzfQ.XB7Ki1t6glT_cq4uF9vsWhrtFlJF3-z4PE8CcSgdJI4
2021-03-03 16:34:24 INFO  CreateUserInfoThreadTest:76 - 创建用户信息请求body：{"userName":"小红","userId":1,"friends":[{"userName":"小红喵","userId":11,"phone":"18623456555","email":"xiaohongmiao@qq.com"},{"userName":"小红旺","userId":12,"phone":"18623456566","email":"xiaohongwang@qq.com"}],"phone":"18623456543","email":"xiaohong@qq.com"}
2021-03-03 16:34:24 INFO  UserInfoApiObject:27 - 创建用户信息ApiObject，请求主体：{
    "userId":1,
    "userName":"小红",
    "email":"xiaohong@qq.com",
    "phone":"18623456543",
    "friends":[
        {
            "userId":11,
            "userName":"小红喵",
            "email":"xiaohongmiao@qq.com",
            "phone":"18623456555"
        },
        {
            "userId":12,
            "userName":"小红旺",
            "email":"xiaohongwang@qq.com",
            "phone":"18623456566"
        }
    ]
},请求携带token：eyJ0eXAiOiJKV1QiLCJhbGciOiJIUzI1NiJ9.eyJpZCI6IjEiLCJ1c2VyTmFtZSI6InhpYW9ob25nIiwiZXhwIjoxNjE1MzY1MjUzfQ.XB7Ki1t6glT_cq4uF9vsWhrtFlJF3-z4PE8CcSgdJI4
2021-03-03 16:34:24 INFO  CreateUserInfoThreadTest:79 - 创建用户信息接口返回信息：{
    "code": "00000",
    "message": "成功",
    "data": {
        "userId": 1,
        "userName": "小红",
        "email": "xiaohong@qq.com",
        "phone": "18623456543",
        "friends": [
            {
                "userId": 11,
                "userName": "小红喵",
                "email": "xiaohongmiao@qq.com",
                "phone": "18623456555",
                "friends": null
            },
            {
                "userId": 12,
                "userName": "小红旺",
                "email": "xiaohongwang@qq.com",
                "phone": "18623456566",
                "friends": null
            }
        ]
    },
    "success": true
}
2021-03-03 16:34:24 INFO  CreateUserInfoThreadTest:80 - 创建用户信息测试结果断言
2021-03-03 16:34:29 INFO  CreateUserInfoThreadTest:76 - 创建用户信息请求body：{"userName":"小红","userId":1,"friends":[{"userName":"小红喵","userId":11,"phone":"18623456555","email":"xiaohongmiao@qq.com"},{"userName":"小红旺","userId":12,"phone":"18623456566","email":"xiaohongwang@qq.com"}],"phone":"18623456543","email":"xiaohong@qq.com"}
2021-03-03 16:34:29 INFO  UserInfoApiObject:27 - 创建用户信息ApiObject，请求主体：{
    "userId":1,
    "userName":"小红",
    "email":"xiaohong@qq.com",
    "phone":"18623456543",
    "friends":[
        {
            "userId":11,
            "userName":"小红喵",
            "email":"xiaohongmiao@qq.com",
            "phone":"18623456555"
        },
        {
            "userId":12,
            "userName":"小红旺",
            "email":"xiaohongwang@qq.com",
            "phone":"18623456566"
        }
    ]
},请求携带token：eyJ0eXAiOiJKV1QiLCJhbGciOiJIUzI1NiJ9.eyJpZCI6IjEiLCJ1c2VyTmFtZSI6InhpYW9ob25nIiwiZXhwIjoxNjE1MzY1MjUzfQ.XB7Ki1t6glT_cq4uF9vsWhrtFlJF3-z4PE8CcSgdJI4
2021-03-03 16:34:29 INFO  CreateUserInfoThreadTest:79 - 创建用户信息接口返回信息：{
    "code": "00001",
    "message": "失败",
    "data": "用户已存在",
    "success": false
}
2021-03-03 16:34:29 INFO  CreateUserInfoThreadTest:80 - 创建用户信息测试结果断言
2021-03-03 16:34:34 INFO  CreateUserInfoThreadTest:76 - 创建用户信息请求body：{"userName":"小红","userId":1,"friends":[{"userName":"小红喵","userId":11,"phone":"18623456555","email":"xiaohongmiao@qq.com"},{"userName":"小红旺","userId":12,"phone":"18623456566","email":"xiaohongwang@qq.com"}],"phone":"18623456543","email":"xiaohong@qq.com"}
2021-03-03 16:34:34 INFO  UserInfoApiObject:27 - 创建用户信息ApiObject，请求主体：{
    "userId":1,
    "userName":"小红",
    "email":"xiaohong@qq.com",
    "phone":"18623456543",
    "friends":[
        {
            "userId":11,
            "userName":"小红喵",
            "email":"xiaohongmiao@qq.com",
            "phone":"18623456555"
        },
        {
            "userId":12,
            "userName":"小红旺",
            "email":"xiaohongwang@qq.com",
            "phone":"18623456566"
        }
    ]
},请求携带token：eyJ0eXAiOiJKV1QiLCJhbGciOiJIUzI1NiJ9.eyJpZCI6IjEiLCJ1c2VyTmFtZSI6InhpYW9ob25nIiwiZXhwIjoxNjE1MzY1MjUzfQ.XB7Ki1t6glT_cq4uF9vsWhrtFlJF3-z4PE8CcSgdJI4
2021-03-03 16:34:34 INFO  CreateUserInfoThreadTest:79 - 创建用户信息接口返回信息：{
    "code": "00001",
    "message": "失败",
    "data": "用户已存在",
    "success": false
}
2021-03-03 16:34:34 INFO  CreateUserInfoThreadTest:80 - 创建用户信息测试结果断言
2021-03-03 16:34:35 INFO  UserLoginApiObject:27 - 用户登录ApiObject，接口请求主体：{
    "username":"xiaohong",
    "password":"123123"
}
2021-03-03 16:34:35 INFO  UserInfoApiObjectTest:37 - 获取接口token：eyJ0eXAiOiJKV1QiLCJhbGciOiJIUzI1NiJ9.eyJpZCI6IjEiLCJ1c2VyTmFtZSI6InhpYW9ob25nIiwiZXhwIjoxNjE1MzY1Mjc1fQ.hMhT55ntIYApMCfwBwualeKFcM75lQKuABkkKDQWqgs
2021-03-03 16:34:40 INFO  UserInfoApiObject:48 - 查询所有用户信息ApiObject，请求携带token：eyJ0eXAiOiJKV1QiLCJhbGciOiJIUzI1NiJ9.eyJpZCI6IjEiLCJ1c2VyTmFtZSI6InhpYW9ob25nIiwiZXhwIjoxNjE1MzY1Mjc1fQ.hMhT55ntIYApMCfwBwualeKFcM75lQKuABkkKDQWqgs
2021-03-03 16:34:40 INFO  UserInfoApiObject:113 - 通过userId删除用户信息ApiObject，请求UserId：1，请求携带token：eyJ0eXAiOiJKV1QiLCJhbGciOiJIUzI1NiJ9.eyJpZCI6IjEiLCJ1c2VyTmFtZSI6InhpYW9ob25nIiwiZXhwIjoxNjE1MzY1Mjc1fQ.hMhT55ntIYApMCfwBwualeKFcM75lQKuABkkKDQWqgs
2021-03-03 16:34:40 INFO  MustacheUtils:43 - 读取模板文件:mustache/userInfo.mustache，替换的内容:{"userName":"张丽华","userId":62,"phoneNumber":"13326138936","email":"15011014078@qq.com"}
2021-03-03 16:34:41 INFO  UserInfoApiObject:27 - 创建用户信息ApiObject，请求主体：{
"userId":62,
"userName":"张丽华",
"email":"15011014078@qq.com",
"phone":"13326138936",
"friends":[
{
"userId":11,
"userName":"小红喵",
"email":"xiaohongmiao@qq.com",
"phone":"18623456555"
},
{
"userId":12,
"userName":"小红旺",
"email":"xiaohongwang@qq.com",
"phone":"18623456566"
}
]
},请求携带token：eyJ0eXAiOiJKV1QiLCJhbGciOiJIUzI1NiJ9.eyJpZCI6IjEiLCJ1c2VyTmFtZSI6InhpYW9ob25nIiwiZXhwIjoxNjE1MzY1Mjc1fQ.hMhT55ntIYApMCfwBwualeKFcM75lQKuABkkKDQWqgs
2021-03-03 16:34:41 INFO  UserInfoApiObject:48 - 查询所有用户信息ApiObject，请求携带token：eyJ0eXAiOiJKV1QiLCJhbGciOiJIUzI1NiJ9.eyJpZCI6IjEiLCJ1c2VyTmFtZSI6InhpYW9ob25nIiwiZXhwIjoxNjE1MzY1Mjc1fQ.hMhT55ntIYApMCfwBwualeKFcM75lQKuABkkKDQWqgs
2021-03-03 16:34:41 INFO  UserInfoApiObjectTest:155 - 获取到的UserId：62
2021-03-03 16:34:41 INFO  UserInfoApiObjectTest:156 - 通过UserId删除用户信息
2021-03-03 16:34:41 INFO  UserInfoApiObject:113 - 通过userId删除用户信息ApiObject，请求UserId：62，请求携带token：eyJ0eXAiOiJKV1QiLCJhbGciOiJIUzI1NiJ9.eyJpZCI6IjEiLCJ1c2VyTmFtZSI6InhpYW9ob25nIiwiZXhwIjoxNjE1MzY1Mjc1fQ.hMhT55ntIYApMCfwBwualeKFcM75lQKuABkkKDQWqgs
2021-03-03 16:34:41 INFO  UserInfoApiObjectTest:159 - 通过UserId删除用户信息：{
    "code": "00000",
    "message": "成功",
    "data": {
        "userId": 62,
        "userName": "张丽华",
        "email": "15011014078@qq.com",
        "phone": "13326138936",
        "friends": [
            {
                "userId": 11,
                "userName": "小红喵",
                "email": "xiaohongmiao@qq.com",
                "phone": "18623456555",
                "friends": null
            },
            {
                "userId": 12,
                "userName": "小红旺",
                "email": "xiaohongwang@qq.com",
                "phone": "18623456566",
                "friends": null
            }
        ]
    },
    "success": true
}
2021-03-03 16:34:41 INFO  UserInfoApiObject:48 - 查询所有用户信息ApiObject，请求携带token：eyJ0eXAiOiJKV1QiLCJhbGciOiJIUzI1NiJ9.eyJpZCI6IjEiLCJ1c2VyTmFtZSI6InhpYW9ob25nIiwiZXhwIjoxNjE1MzY1Mjc1fQ.hMhT55ntIYApMCfwBwualeKFcM75lQKuABkkKDQWqgs
2021-03-03 16:34:46 INFO  UserInfoApiObject:48 - 查询所有用户信息ApiObject，请求携带token：eyJ0eXAiOiJKV1QiLCJhbGciOiJIUzI1NiJ9.eyJpZCI6IjEiLCJ1c2VyTmFtZSI6InhpYW9ob25nIiwiZXhwIjoxNjE1MzY1Mjc1fQ.hMhT55ntIYApMCfwBwualeKFcM75lQKuABkkKDQWqgs
2021-03-03 16:34:46 INFO  MustacheUtils:43 - 读取模板文件:mustache/userInfo.mustache，替换的内容:{"userName":"王桂芝","userId":77,"phoneNumber":"14559387384","email":"15676609010@qq.com"}
2021-03-03 16:34:46 INFO  UserInfoApiObject:27 - 创建用户信息ApiObject，请求主体：{
"userId":77,
"userName":"王桂芝",
"email":"15676609010@qq.com",
"phone":"14559387384",
"friends":[
{
"userId":11,
"userName":"小红喵",
"email":"xiaohongmiao@qq.com",
"phone":"18623456555"
},
{
"userId":12,
"userName":"小红旺",
"email":"xiaohongwang@qq.com",
"phone":"18623456566"
}
]
},请求携带token：eyJ0eXAiOiJKV1QiLCJhbGciOiJIUzI1NiJ9.eyJpZCI6IjEiLCJ1c2VyTmFtZSI6InhpYW9ob25nIiwiZXhwIjoxNjE1MzY1Mjc1fQ.hMhT55ntIYApMCfwBwualeKFcM75lQKuABkkKDQWqgs
2021-03-03 16:34:46 INFO  UserInfoApiObject:48 - 查询所有用户信息ApiObject，请求携带token：eyJ0eXAiOiJKV1QiLCJhbGciOiJIUzI1NiJ9.eyJpZCI6IjEiLCJ1c2VyTmFtZSI6InhpYW9ob25nIiwiZXhwIjoxNjE1MzY1Mjc1fQ.hMhT55ntIYApMCfwBwualeKFcM75lQKuABkkKDQWqgs
2021-03-03 16:34:46 INFO  UserInfoApiObjectTest:125 - 获取到的UserId：77
2021-03-03 16:34:46 INFO  UserInfoApiObjectTest:132 - 更新用户信息请求body：{"userName":"小红红","userId":77,"phone":"18623456543","email":"xiaohong红@qq.com"}
2021-03-03 16:34:46 INFO  UserInfoApiObjectTest:133 - 通过UserId更新用户信息
2021-03-03 16:34:46 INFO  UserInfoApiObject:91 - 通过userId更新用户信息ApiObject，请求UserId：77，请求更新用户信息主体：{
    "userId":77,
    "userName":"小红红",
    "email":"xiaohong红@qq.com",
    "phone":"18623456543"
}，请求携带token：eyJ0eXAiOiJKV1QiLCJhbGciOiJIUzI1NiJ9.eyJpZCI6IjEiLCJ1c2VyTmFtZSI6InhpYW9ob25nIiwiZXhwIjoxNjE1MzY1Mjc1fQ.hMhT55ntIYApMCfwBwualeKFcM75lQKuABkkKDQWqgs
2021-03-03 16:34:46 INFO  UserInfoApiObjectTest:136 - 通过UserId更新用户信息接口返回信息：{
    "code": "00000",
    "message": "成功",
    "data": {
        "userId": 77,
        "userName": "小红红",
        "email": "xiaohong红@qq.com",
        "phone": "18623456543",
        "friends": null
    },
    "success": true
}
2021-03-03 16:34:47 INFO  UserInfoApiObject:48 - 查询所有用户信息ApiObject，请求携带token：eyJ0eXAiOiJKV1QiLCJhbGciOiJIUzI1NiJ9.eyJpZCI6IjEiLCJ1c2VyTmFtZSI6InhpYW9ob25nIiwiZXhwIjoxNjE1MzY1Mjc1fQ.hMhT55ntIYApMCfwBwualeKFcM75lQKuABkkKDQWqgs
2021-03-03 16:34:47 INFO  UserInfoApiObject:113 - 通过userId删除用户信息ApiObject，请求UserId：77，请求携带token：eyJ0eXAiOiJKV1QiLCJhbGciOiJIUzI1NiJ9.eyJpZCI6IjEiLCJ1c2VyTmFtZSI6InhpYW9ob25nIiwiZXhwIjoxNjE1MzY1Mjc1fQ.hMhT55ntIYApMCfwBwualeKFcM75lQKuABkkKDQWqgs
2021-03-03 16:34:52 INFO  UserInfoApiObject:48 - 查询所有用户信息ApiObject，请求携带token：eyJ0eXAiOiJKV1QiLCJhbGciOiJIUzI1NiJ9.eyJpZCI6IjEiLCJ1c2VyTmFtZSI6InhpYW9ob25nIiwiZXhwIjoxNjE1MzY1Mjc1fQ.hMhT55ntIYApMCfwBwualeKFcM75lQKuABkkKDQWqgs
2021-03-03 16:34:52 INFO  MustacheUtils:43 - 读取模板文件:mustache/userInfo.mustache，替换的内容:{"userName":"李桂花","userId":39,"phoneNumber":"18513352893","email":"18930477486@qq.com"}
2021-03-03 16:34:52 INFO  UserInfoApiObjectTest:58 - 创建用户信息请求body：{"userName":"李桂花","userId":39,"friends":[{"userName":"小红喵","userId":11,"phone":"18623456555","email":"xiaohongmiao@qq.com"},{"userName":"小红旺","userId":12,"phone":"18623456566","email":"xiaohongwang@qq.com"}],"phone":"18513352893","email":"18930477486@qq.com"}
2021-03-03 16:34:53 INFO  MustacheUtils:43 - 读取模板文件:mustache/userInfo.mustache，替换的内容:{"userName":"梁鹏","userId":95,"phoneNumber":"14761820502","email":"13621435942@qq.com"}
2021-03-03 16:34:53 INFO  UserInfoApiObject:27 - 创建用户信息ApiObject，请求主体：{
"userId":95,
"userName":"梁鹏",
"email":"13621435942@qq.com",
"phone":"14761820502",
"friends":[
{
"userId":11,
"userName":"小红喵",
"email":"xiaohongmiao@qq.com",
"phone":"18623456555"
},
{
"userId":12,
"userName":"小红旺",
"email":"xiaohongwang@qq.com",
"phone":"18623456566"
}
]
},请求携带token：eyJ0eXAiOiJKV1QiLCJhbGciOiJIUzI1NiJ9.eyJpZCI6IjEiLCJ1c2VyTmFtZSI6InhpYW9ob25nIiwiZXhwIjoxNjE1MzY1Mjc1fQ.hMhT55ntIYApMCfwBwualeKFcM75lQKuABkkKDQWqgs
2021-03-03 16:34:53 INFO  UserInfoApiObjectTest:60 - 创建用户信息接口返回信息：{
    "code": "00000",
    "message": "成功",
    "data": {
        "userId": 95,
        "userName": "梁鹏",
        "email": "13621435942@qq.com",
        "phone": "14761820502",
        "friends": [
            {
                "userId": 11,
                "userName": "小红喵",
                "email": "xiaohongmiao@qq.com",
                "phone": "18623456555",
                "friends": null
            },
            {
                "userId": 12,
                "userName": "小红旺",
                "email": "xiaohongwang@qq.com",
                "phone": "18623456566",
                "friends": null
            }
        ]
    },
    "success": true
}
2021-03-03 16:34:53 INFO  UserInfoApiObjectTest:61 - 创建用户信息测试结果断言
2021-03-03 16:34:53 INFO  UserInfoApiObject:48 - 查询所有用户信息ApiObject，请求携带token：eyJ0eXAiOiJKV1QiLCJhbGciOiJIUzI1NiJ9.eyJpZCI6IjEiLCJ1c2VyTmFtZSI6InhpYW9ob25nIiwiZXhwIjoxNjE1MzY1Mjc1fQ.hMhT55ntIYApMCfwBwualeKFcM75lQKuABkkKDQWqgs
2021-03-03 16:34:53 INFO  UserInfoApiObject:113 - 通过userId删除用户信息ApiObject，请求UserId：95，请求携带token：eyJ0eXAiOiJKV1QiLCJhbGciOiJIUzI1NiJ9.eyJpZCI6IjEiLCJ1c2VyTmFtZSI6InhpYW9ob25nIiwiZXhwIjoxNjE1MzY1Mjc1fQ.hMhT55ntIYApMCfwBwualeKFcM75lQKuABkkKDQWqgs
2021-03-03 16:34:58 INFO  UserInfoApiObject:48 - 查询所有用户信息ApiObject，请求携带token：eyJ0eXAiOiJKV1QiLCJhbGciOiJIUzI1NiJ9.eyJpZCI6IjEiLCJ1c2VyTmFtZSI6InhpYW9ob25nIiwiZXhwIjoxNjE1MzY1Mjc1fQ.hMhT55ntIYApMCfwBwualeKFcM75lQKuABkkKDQWqgs
2021-03-03 16:34:59 INFO  MustacheUtils:43 - 读取模板文件:mustache/userInfo.mustache，替换的内容:{"userName":"白鑫","userId":24,"phoneNumber":"18828363372","email":"13638173758@qq.com"}
2021-03-03 16:34:59 INFO  UserInfoApiObject:27 - 创建用户信息ApiObject，请求主体：{
"userId":24,
"userName":"白鑫",
"email":"13638173758@qq.com",
"phone":"18828363372",
"friends":[
{
"userId":11,
"userName":"小红喵",
"email":"xiaohongmiao@qq.com",
"phone":"18623456555"
},
{
"userId":12,
"userName":"小红旺",
"email":"xiaohongwang@qq.com",
"phone":"18623456566"
}
]
},请求携带token：eyJ0eXAiOiJKV1QiLCJhbGciOiJIUzI1NiJ9.eyJpZCI6IjEiLCJ1c2VyTmFtZSI6InhpYW9ob25nIiwiZXhwIjoxNjE1MzY1Mjc1fQ.hMhT55ntIYApMCfwBwualeKFcM75lQKuABkkKDQWqgs
2021-03-03 16:34:59 INFO  UserInfoApiObjectTest:81 - 查询所有用户信息
2021-03-03 16:34:59 INFO  UserInfoApiObject:48 - 查询所有用户信息ApiObject，请求携带token：eyJ0eXAiOiJKV1QiLCJhbGciOiJIUzI1NiJ9.eyJpZCI6IjEiLCJ1c2VyTmFtZSI6InhpYW9ob25nIiwiZXhwIjoxNjE1MzY1Mjc1fQ.hMhT55ntIYApMCfwBwualeKFcM75lQKuABkkKDQWqgs
2021-03-03 16:34:59 INFO  UserInfoApiObjectTest:84 - 查询所有用户信息接口返回信息：{
    "code": "00000",
    "message": "成功",
    "data": [
        {
            "userId": 24,
            "userName": "白鑫",
            "email": "13638173758@qq.com",
            "phone": "18828363372",
            "friends": [
                {
                    "userId": 11,
                    "userName": "小红喵",
                    "email": "xiaohongmiao@qq.com",
                    "phone": "18623456555",
                    "friends": null
                },
                {
                    "userId": 12,
                    "userName": "小红旺",
                    "email": "xiaohongwang@qq.com",
                    "phone": "18623456566",
                    "friends": null
                }
            ]
        }
    ],
    "success": true
}
2021-03-03 16:34:59 INFO  UserInfoApiObject:48 - 查询所有用户信息ApiObject，请求携带token：eyJ0eXAiOiJKV1QiLCJhbGciOiJIUzI1NiJ9.eyJpZCI6IjEiLCJ1c2VyTmFtZSI6InhpYW9ob25nIiwiZXhwIjoxNjE1MzY1Mjc1fQ.hMhT55ntIYApMCfwBwualeKFcM75lQKuABkkKDQWqgs
2021-03-03 16:34:59 INFO  UserInfoApiObject:113 - 通过userId删除用户信息ApiObject，请求UserId：24，请求携带token：eyJ0eXAiOiJKV1QiLCJhbGciOiJIUzI1NiJ9.eyJpZCI6IjEiLCJ1c2VyTmFtZSI6InhpYW9ob25nIiwiZXhwIjoxNjE1MzY1Mjc1fQ.hMhT55ntIYApMCfwBwualeKFcM75lQKuABkkKDQWqgs
2021-03-03 16:35:04 INFO  UserInfoApiObject:48 - 查询所有用户信息ApiObject，请求携带token：eyJ0eXAiOiJKV1QiLCJhbGciOiJIUzI1NiJ9.eyJpZCI6IjEiLCJ1c2VyTmFtZSI6InhpYW9ob25nIiwiZXhwIjoxNjE1MzY1Mjc1fQ.hMhT55ntIYApMCfwBwualeKFcM75lQKuABkkKDQWqgs
2021-03-03 16:35:05 INFO  MustacheUtils:43 - 读取模板文件:mustache/userInfo.mustache，替换的内容:{"userName":"杨淑华","userId":94,"phoneNumber":"13003235585","email":"18839202941@qq.com"}
2021-03-03 16:35:05 INFO  UserInfoApiObject:27 - 创建用户信息ApiObject，请求主体：{
"userId":94,
"userName":"杨淑华",
"email":"18839202941@qq.com",
"phone":"13003235585",
"friends":[
{
"userId":11,
"userName":"小红喵",
"email":"xiaohongmiao@qq.com",
"phone":"18623456555"
},
{
"userId":12,
"userName":"小红旺",
"email":"xiaohongwang@qq.com",
"phone":"18623456566"
}
]
},请求携带token：eyJ0eXAiOiJKV1QiLCJhbGciOiJIUzI1NiJ9.eyJpZCI6IjEiLCJ1c2VyTmFtZSI6InhpYW9ob25nIiwiZXhwIjoxNjE1MzY1Mjc1fQ.hMhT55ntIYApMCfwBwualeKFcM75lQKuABkkKDQWqgs
2021-03-03 16:35:05 INFO  UserInfoApiObject:48 - 查询所有用户信息ApiObject，请求携带token：eyJ0eXAiOiJKV1QiLCJhbGciOiJIUzI1NiJ9.eyJpZCI6IjEiLCJ1c2VyTmFtZSI6InhpYW9ob25nIiwiZXhwIjoxNjE1MzY1Mjc1fQ.hMhT55ntIYApMCfwBwualeKFcM75lQKuABkkKDQWqgs
2021-03-03 16:35:05 INFO  UserInfoApiObjectTest:101 - 通过UserId查询用户信息
2021-03-03 16:35:05 INFO  UserInfoApiObjectTest:104 - 获取到的UserId：94
2021-03-03 16:35:05 INFO  UserInfoApiObject:69 - 通过userId查询用户信息ApiObject，请求UserId：94，请求携带token：eyJ0eXAiOiJKV1QiLCJhbGciOiJIUzI1NiJ9.eyJpZCI6IjEiLCJ1c2VyTmFtZSI6InhpYW9ob25nIiwiZXhwIjoxNjE1MzY1Mjc1fQ.hMhT55ntIYApMCfwBwualeKFcM75lQKuABkkKDQWqgs
2021-03-03 16:35:05 INFO  UserInfoApiObjectTest:106 - 通过UserId查询用户信息接口返回信息：{
    "code": "00000",
    "message": "成功",
    "data": {
        "userId": 94,
        "userName": "杨淑华",
        "email": "18839202941@qq.com",
        "phone": "13003235585",
        "friends": [
            {
                "userId": 11,
                "userName": "小红喵",
                "email": "xiaohongmiao@qq.com",
                "phone": "18623456555",
                "friends": null
            },
            {
                "userId": 12,
                "userName": "小红旺",
                "email": "xiaohongwang@qq.com",
                "phone": "18623456566",
                "friends": null
            }
        ]
    },
    "success": true
}
2021-03-03 16:35:05 INFO  UserInfoApiObject:48 - 查询所有用户信息ApiObject，请求携带token：eyJ0eXAiOiJKV1QiLCJhbGciOiJIUzI1NiJ9.eyJpZCI6IjEiLCJ1c2VyTmFtZSI6InhpYW9ob25nIiwiZXhwIjoxNjE1MzY1Mjc1fQ.hMhT55ntIYApMCfwBwualeKFcM75lQKuABkkKDQWqgs
2021-03-03 16:35:05 INFO  UserInfoApiObject:113 - 通过userId删除用户信息ApiObject，请求UserId：94，请求携带token：eyJ0eXAiOiJKV1QiLCJhbGciOiJIUzI1NiJ9.eyJpZCI6IjEiLCJ1c2VyTmFtZSI6InhpYW9ob25nIiwiZXhwIjoxNjE1MzY1Mjc1fQ.hMhT55ntIYApMCfwBwualeKFcM75lQKuABkkKDQWqgs
2021-03-03 16:35:10 INFO  JsonPathUtils:54 - 读取JSON文件:/json/book.json，替换的内容:{"$.store.book[*].author":"测试作者"}
2021-03-03 16:35:15 INFO  JsonPathUtils:54 - 读取JSON文件:/json/book.json，替换的内容:{"$.store.*":"all change"}
2021-03-03 16:35:20 INFO  JsonPathUtils:54 - 读取JSON文件:/json/book.json，替换的内容:{"$..book[0,1]":"first two change"}
2021-03-03 16:35:25 INFO  MustacheUtils:43 - 读取模板文件:mustache/book.mustache，替换的内容:{"author":"mustacheAuthor","price":56.8}
2021-03-03 16:39:08 INFO  UserLoginApiObject:27 - 用户登录ApiObject，接口请求主体：{
    "username":"xiaohong",
    "password":"123123"
}
2021-03-03 16:39:11 INFO  CreateUserInfoThreadTest:58 - 获取接口token：eyJ0eXAiOiJKV1QiLCJhbGciOiJIUzI1NiJ9.eyJpZCI6IjEiLCJ1c2VyTmFtZSI6InhpYW9ob25nIiwiZXhwIjoxNjE1MzY1NTUwfQ.oin0x5boFh3W2vVGSyufYnjEoRFKmq8nIs7_pctwkvM
2021-03-03 16:39:21 INFO  CreateUserInfoThreadTest:76 - 创建用户信息请求body：{"userName":"小红","userId":1,"friends":[{"userName":"小红喵","userId":11,"phone":"18623456555","email":"xiaohongmiao@qq.com"},{"userName":"小红旺","userId":12,"phone":"18623456566","email":"xiaohongwang@qq.com"}],"phone":"18623456543","email":"xiaohong@qq.com"}
2021-03-03 16:39:21 INFO  UserInfoApiObject:27 - 创建用户信息ApiObject，请求主体：{
    "userId":1,
    "userName":"小红",
    "email":"xiaohong@qq.com",
    "phone":"18623456543",
    "friends":[
        {
            "userId":11,
            "userName":"小红喵",
            "email":"xiaohongmiao@qq.com",
            "phone":"18623456555"
        },
        {
            "userId":12,
            "userName":"小红旺",
            "email":"xiaohongwang@qq.com",
            "phone":"18623456566"
        }
    ]
},请求携带token：eyJ0eXAiOiJKV1QiLCJhbGciOiJIUzI1NiJ9.eyJpZCI6IjEiLCJ1c2VyTmFtZSI6InhpYW9ob25nIiwiZXhwIjoxNjE1MzY1NTUwfQ.oin0x5boFh3W2vVGSyufYnjEoRFKmq8nIs7_pctwkvM
2021-03-03 16:39:22 INFO  CreateUserInfoThreadTest:79 - 创建用户信息接口返回信息：{
    "code": "00000",
    "message": "成功",
    "data": {
        "userId": 1,
        "userName": "小红",
        "email": "xiaohong@qq.com",
        "phone": "18623456543",
        "friends": [
            {
                "userId": 11,
                "userName": "小红喵",
                "email": "xiaohongmiao@qq.com",
                "phone": "18623456555",
                "friends": null
            },
            {
                "userId": 12,
                "userName": "小红旺",
                "email": "xiaohongwang@qq.com",
                "phone": "18623456566",
                "friends": null
            }
        ]
    },
    "success": true
}
2021-03-03 16:39:22 INFO  CreateUserInfoThreadTest:80 - 创建用户信息测试结果断言
2021-03-03 16:39:27 INFO  CreateUserInfoThreadTest:76 - 创建用户信息请求body：{"userName":"小红","userId":1,"friends":[{"userName":"小红喵","userId":11,"phone":"18623456555","email":"xiaohongmiao@qq.com"},{"userName":"小红旺","userId":12,"phone":"18623456566","email":"xiaohongwang@qq.com"}],"phone":"18623456543","email":"xiaohong@qq.com"}
2021-03-03 16:39:27 INFO  UserInfoApiObject:27 - 创建用户信息ApiObject，请求主体：{
    "userId":1,
    "userName":"小红",
    "email":"xiaohong@qq.com",
    "phone":"18623456543",
    "friends":[
        {
            "userId":11,
            "userName":"小红喵",
            "email":"xiaohongmiao@qq.com",
            "phone":"18623456555"
        },
        {
            "userId":12,
            "userName":"小红旺",
            "email":"xiaohongwang@qq.com",
            "phone":"18623456566"
        }
    ]
},请求携带token：eyJ0eXAiOiJKV1QiLCJhbGciOiJIUzI1NiJ9.eyJpZCI6IjEiLCJ1c2VyTmFtZSI6InhpYW9ob25nIiwiZXhwIjoxNjE1MzY1NTUwfQ.oin0x5boFh3W2vVGSyufYnjEoRFKmq8nIs7_pctwkvM
2021-03-03 16:39:27 INFO  CreateUserInfoThreadTest:79 - 创建用户信息接口返回信息：{
    "code": "00001",
    "message": "失败",
    "data": "用户已存在",
    "success": false
}
2021-03-03 16:39:27 INFO  CreateUserInfoThreadTest:80 - 创建用户信息测试结果断言
2021-03-03 16:39:32 INFO  CreateUserInfoThreadTest:76 - 创建用户信息请求body：{"userName":"小红","userId":1,"friends":[{"userName":"小红喵","userId":11,"phone":"18623456555","email":"xiaohongmiao@qq.com"},{"userName":"小红旺","userId":12,"phone":"18623456566","email":"xiaohongwang@qq.com"}],"phone":"18623456543","email":"xiaohong@qq.com"}
2021-03-03 16:39:32 INFO  UserInfoApiObject:27 - 创建用户信息ApiObject，请求主体：{
    "userId":1,
    "userName":"小红",
    "email":"xiaohong@qq.com",
    "phone":"18623456543",
    "friends":[
        {
            "userId":11,
            "userName":"小红喵",
            "email":"xiaohongmiao@qq.com",
            "phone":"18623456555"
        },
        {
            "userId":12,
            "userName":"小红旺",
            "email":"xiaohongwang@qq.com",
            "phone":"18623456566"
        }
    ]
},请求携带token：eyJ0eXAiOiJKV1QiLCJhbGciOiJIUzI1NiJ9.eyJpZCI6IjEiLCJ1c2VyTmFtZSI6InhpYW9ob25nIiwiZXhwIjoxNjE1MzY1NTUwfQ.oin0x5boFh3W2vVGSyufYnjEoRFKmq8nIs7_pctwkvM
2021-03-03 16:39:32 INFO  CreateUserInfoThreadTest:79 - 创建用户信息接口返回信息：{
    "code": "00001",
    "message": "失败",
    "data": "用户已存在",
    "success": false
}
2021-03-03 16:39:32 INFO  CreateUserInfoThreadTest:80 - 创建用户信息测试结果断言
2021-03-03 16:39:32 INFO  UserLoginApiObject:27 - 用户登录ApiObject，接口请求主体：{
    "username":"xiaohong",
    "password":"123123"
}
2021-03-03 16:39:32 INFO  UserInfoApiObjectTest:37 - 获取接口token：eyJ0eXAiOiJKV1QiLCJhbGciOiJIUzI1NiJ9.eyJpZCI6IjEiLCJ1c2VyTmFtZSI6InhpYW9ob25nIiwiZXhwIjoxNjE1MzY1NTcyfQ.u9tD1Na_7OUK9vZ8KG18EREAQjXv2A2iX1HAk4_p6hk
2021-03-03 16:39:37 INFO  UserInfoApiObject:48 - 查询所有用户信息ApiObject，请求携带token：eyJ0eXAiOiJKV1QiLCJhbGciOiJIUzI1NiJ9.eyJpZCI6IjEiLCJ1c2VyTmFtZSI6InhpYW9ob25nIiwiZXhwIjoxNjE1MzY1NTcyfQ.u9tD1Na_7OUK9vZ8KG18EREAQjXv2A2iX1HAk4_p6hk
2021-03-03 16:39:37 INFO  UserInfoApiObject:113 - 通过userId删除用户信息ApiObject，请求UserId：1，请求携带token：eyJ0eXAiOiJKV1QiLCJhbGciOiJIUzI1NiJ9.eyJpZCI6IjEiLCJ1c2VyTmFtZSI6InhpYW9ob25nIiwiZXhwIjoxNjE1MzY1NTcyfQ.u9tD1Na_7OUK9vZ8KG18EREAQjXv2A2iX1HAk4_p6hk
2021-03-03 16:39:38 INFO  MustacheUtils:43 - 读取模板文件:mustache/userInfo.mustache，替换的内容:{"userName":"李丽丽","userId":11,"phoneNumber":"18757324162","email":"13813285099@qq.com"}
2021-03-03 16:39:38 INFO  UserInfoApiObject:27 - 创建用户信息ApiObject，请求主体：{
"userId":11,
"userName":"李丽丽",
"email":"13813285099@qq.com",
"phone":"18757324162",
"friends":[
{
"userId":11,
"userName":"小红喵",
"email":"xiaohongmiao@qq.com",
"phone":"18623456555"
},
{
"userId":12,
"userName":"小红旺",
"email":"xiaohongwang@qq.com",
"phone":"18623456566"
}
]
},请求携带token：eyJ0eXAiOiJKV1QiLCJhbGciOiJIUzI1NiJ9.eyJpZCI6IjEiLCJ1c2VyTmFtZSI6InhpYW9ob25nIiwiZXhwIjoxNjE1MzY1NTcyfQ.u9tD1Na_7OUK9vZ8KG18EREAQjXv2A2iX1HAk4_p6hk
2021-03-03 16:39:38 INFO  UserInfoApiObject:48 - 查询所有用户信息ApiObject，请求携带token：eyJ0eXAiOiJKV1QiLCJhbGciOiJIUzI1NiJ9.eyJpZCI6IjEiLCJ1c2VyTmFtZSI6InhpYW9ob25nIiwiZXhwIjoxNjE1MzY1NTcyfQ.u9tD1Na_7OUK9vZ8KG18EREAQjXv2A2iX1HAk4_p6hk
2021-03-03 16:39:38 INFO  UserInfoApiObjectTest:155 - 获取到的UserId：11
2021-03-03 16:39:38 INFO  UserInfoApiObjectTest:156 - 通过UserId删除用户信息
2021-03-03 16:39:38 INFO  UserInfoApiObject:113 - 通过userId删除用户信息ApiObject，请求UserId：11，请求携带token：eyJ0eXAiOiJKV1QiLCJhbGciOiJIUzI1NiJ9.eyJpZCI6IjEiLCJ1c2VyTmFtZSI6InhpYW9ob25nIiwiZXhwIjoxNjE1MzY1NTcyfQ.u9tD1Na_7OUK9vZ8KG18EREAQjXv2A2iX1HAk4_p6hk
2021-03-03 16:39:38 INFO  UserInfoApiObjectTest:159 - 通过UserId删除用户信息：{
    "code": "00000",
    "message": "成功",
    "data": {
        "userId": 11,
        "userName": "李丽丽",
        "email": "13813285099@qq.com",
        "phone": "18757324162",
        "friends": [
            {
                "userId": 11,
                "userName": "小红喵",
                "email": "xiaohongmiao@qq.com",
                "phone": "18623456555",
                "friends": null
            },
            {
                "userId": 12,
                "userName": "小红旺",
                "email": "xiaohongwang@qq.com",
                "phone": "18623456566",
                "friends": null
            }
        ]
    },
    "success": true
}
2021-03-03 16:39:38 INFO  UserInfoApiObject:48 - 查询所有用户信息ApiObject，请求携带token：eyJ0eXAiOiJKV1QiLCJhbGciOiJIUzI1NiJ9.eyJpZCI6IjEiLCJ1c2VyTmFtZSI6InhpYW9ob25nIiwiZXhwIjoxNjE1MzY1NTcyfQ.u9tD1Na_7OUK9vZ8KG18EREAQjXv2A2iX1HAk4_p6hk
2021-03-03 16:39:43 INFO  UserInfoApiObject:48 - 查询所有用户信息ApiObject，请求携带token：eyJ0eXAiOiJKV1QiLCJhbGciOiJIUzI1NiJ9.eyJpZCI6IjEiLCJ1c2VyTmFtZSI6InhpYW9ob25nIiwiZXhwIjoxNjE1MzY1NTcyfQ.u9tD1Na_7OUK9vZ8KG18EREAQjXv2A2iX1HAk4_p6hk
2021-03-03 16:39:44 INFO  MustacheUtils:43 - 读取模板文件:mustache/userInfo.mustache，替换的内容:{"userName":"宁雪","userId":22,"phoneNumber":"18261226471","email":"13984009763@qq.com"}
2021-03-03 16:39:44 INFO  UserInfoApiObject:27 - 创建用户信息ApiObject，请求主体：{
"userId":22,
"userName":"宁雪",
"email":"13984009763@qq.com",
"phone":"18261226471",
"friends":[
{
"userId":11,
"userName":"小红喵",
"email":"xiaohongmiao@qq.com",
"phone":"18623456555"
},
{
"userId":12,
"userName":"小红旺",
"email":"xiaohongwang@qq.com",
"phone":"18623456566"
}
]
},请求携带token：eyJ0eXAiOiJKV1QiLCJhbGciOiJIUzI1NiJ9.eyJpZCI6IjEiLCJ1c2VyTmFtZSI6InhpYW9ob25nIiwiZXhwIjoxNjE1MzY1NTcyfQ.u9tD1Na_7OUK9vZ8KG18EREAQjXv2A2iX1HAk4_p6hk
2021-03-03 16:39:44 INFO  UserInfoApiObject:48 - 查询所有用户信息ApiObject，请求携带token：eyJ0eXAiOiJKV1QiLCJhbGciOiJIUzI1NiJ9.eyJpZCI6IjEiLCJ1c2VyTmFtZSI6InhpYW9ob25nIiwiZXhwIjoxNjE1MzY1NTcyfQ.u9tD1Na_7OUK9vZ8KG18EREAQjXv2A2iX1HAk4_p6hk
2021-03-03 16:39:44 INFO  UserInfoApiObjectTest:125 - 获取到的UserId：22
2021-03-03 16:39:44 INFO  UserInfoApiObjectTest:132 - 更新用户信息请求body：{"userName":"小红红","userId":22,"phone":"18623456543","email":"xiaohong红@qq.com"}
2021-03-03 16:39:44 INFO  UserInfoApiObjectTest:133 - 通过UserId更新用户信息
2021-03-03 16:39:44 INFO  UserInfoApiObject:91 - 通过userId更新用户信息ApiObject，请求UserId：22，请求更新用户信息主体：{
    "userId":22,
    "userName":"小红红",
    "email":"xiaohong红@qq.com",
    "phone":"18623456543"
}，请求携带token：eyJ0eXAiOiJKV1QiLCJhbGciOiJIUzI1NiJ9.eyJpZCI6IjEiLCJ1c2VyTmFtZSI6InhpYW9ob25nIiwiZXhwIjoxNjE1MzY1NTcyfQ.u9tD1Na_7OUK9vZ8KG18EREAQjXv2A2iX1HAk4_p6hk
2021-03-03 16:39:44 INFO  UserInfoApiObjectTest:136 - 通过UserId更新用户信息接口返回信息：{
    "code": "00000",
    "message": "成功",
    "data": {
        "userId": 22,
        "userName": "小红红",
        "email": "xiaohong红@qq.com",
        "phone": "18623456543",
        "friends": null
    },
    "success": true
}
2021-03-03 16:39:44 INFO  UserInfoApiObject:48 - 查询所有用户信息ApiObject，请求携带token：eyJ0eXAiOiJKV1QiLCJhbGciOiJIUzI1NiJ9.eyJpZCI6IjEiLCJ1c2VyTmFtZSI6InhpYW9ob25nIiwiZXhwIjoxNjE1MzY1NTcyfQ.u9tD1Na_7OUK9vZ8KG18EREAQjXv2A2iX1HAk4_p6hk
2021-03-03 16:39:44 INFO  UserInfoApiObject:113 - 通过userId删除用户信息ApiObject，请求UserId：22，请求携带token：eyJ0eXAiOiJKV1QiLCJhbGciOiJIUzI1NiJ9.eyJpZCI6IjEiLCJ1c2VyTmFtZSI6InhpYW9ob25nIiwiZXhwIjoxNjE1MzY1NTcyfQ.u9tD1Na_7OUK9vZ8KG18EREAQjXv2A2iX1HAk4_p6hk
2021-03-03 16:39:49 INFO  UserInfoApiObject:48 - 查询所有用户信息ApiObject，请求携带token：eyJ0eXAiOiJKV1QiLCJhbGciOiJIUzI1NiJ9.eyJpZCI6IjEiLCJ1c2VyTmFtZSI6InhpYW9ob25nIiwiZXhwIjoxNjE1MzY1NTcyfQ.u9tD1Na_7OUK9vZ8KG18EREAQjXv2A2iX1HAk4_p6hk
2021-03-03 16:39:50 INFO  MustacheUtils:43 - 读取模板文件:mustache/userInfo.mustache，替换的内容:{"userName":"尚利","userId":49,"phoneNumber":"14753101645","email":"15742755918@qq.com"}
2021-03-03 16:39:50 INFO  UserInfoApiObjectTest:58 - 创建用户信息请求body：{"userName":"尚利","userId":49,"friends":[{"userName":"小红喵","userId":11,"phone":"18623456555","email":"xiaohongmiao@qq.com"},{"userName":"小红旺","userId":12,"phone":"18623456566","email":"xiaohongwang@qq.com"}],"phone":"14753101645","email":"15742755918@qq.com"}
2021-03-03 16:39:51 INFO  MustacheUtils:43 - 读取模板文件:mustache/userInfo.mustache，替换的内容:{"userName":"陈建国","userId":31,"phoneNumber":"13101720846","email":"18984644676@qq.com"}
2021-03-03 16:39:51 INFO  UserInfoApiObject:27 - 创建用户信息ApiObject，请求主体：{
"userId":31,
"userName":"陈建国",
"email":"18984644676@qq.com",
"phone":"13101720846",
"friends":[
{
"userId":11,
"userName":"小红喵",
"email":"xiaohongmiao@qq.com",
"phone":"18623456555"
},
{
"userId":12,
"userName":"小红旺",
"email":"xiaohongwang@qq.com",
"phone":"18623456566"
}
]
},请求携带token：eyJ0eXAiOiJKV1QiLCJhbGciOiJIUzI1NiJ9.eyJpZCI6IjEiLCJ1c2VyTmFtZSI6InhpYW9ob25nIiwiZXhwIjoxNjE1MzY1NTcyfQ.u9tD1Na_7OUK9vZ8KG18EREAQjXv2A2iX1HAk4_p6hk
2021-03-03 16:39:51 INFO  UserInfoApiObjectTest:60 - 创建用户信息接口返回信息：{
    "code": "00000",
    "message": "成功",
    "data": {
        "userId": 31,
        "userName": "陈建国",
        "email": "18984644676@qq.com",
        "phone": "13101720846",
        "friends": [
            {
                "userId": 11,
                "userName": "小红喵",
                "email": "xiaohongmiao@qq.com",
                "phone": "18623456555",
                "friends": null
            },
            {
                "userId": 12,
                "userName": "小红旺",
                "email": "xiaohongwang@qq.com",
                "phone": "18623456566",
                "friends": null
            }
        ]
    },
    "success": true
}
2021-03-03 16:39:51 INFO  UserInfoApiObjectTest:61 - 创建用户信息测试结果断言
2021-03-03 16:39:51 INFO  UserInfoApiObject:48 - 查询所有用户信息ApiObject，请求携带token：eyJ0eXAiOiJKV1QiLCJhbGciOiJIUzI1NiJ9.eyJpZCI6IjEiLCJ1c2VyTmFtZSI6InhpYW9ob25nIiwiZXhwIjoxNjE1MzY1NTcyfQ.u9tD1Na_7OUK9vZ8KG18EREAQjXv2A2iX1HAk4_p6hk
2021-03-03 16:39:51 INFO  UserInfoApiObject:113 - 通过userId删除用户信息ApiObject，请求UserId：31，请求携带token：eyJ0eXAiOiJKV1QiLCJhbGciOiJIUzI1NiJ9.eyJpZCI6IjEiLCJ1c2VyTmFtZSI6InhpYW9ob25nIiwiZXhwIjoxNjE1MzY1NTcyfQ.u9tD1Na_7OUK9vZ8KG18EREAQjXv2A2iX1HAk4_p6hk
2021-03-03 16:39:56 INFO  UserInfoApiObject:48 - 查询所有用户信息ApiObject，请求携带token：eyJ0eXAiOiJKV1QiLCJhbGciOiJIUzI1NiJ9.eyJpZCI6IjEiLCJ1c2VyTmFtZSI6InhpYW9ob25nIiwiZXhwIjoxNjE1MzY1NTcyfQ.u9tD1Na_7OUK9vZ8KG18EREAQjXv2A2iX1HAk4_p6hk
2021-03-03 16:39:56 INFO  MustacheUtils:43 - 读取模板文件:mustache/userInfo.mustache，替换的内容:{"userName":"王丽丽","userId":33,"phoneNumber":"15583401268","email":"14579029975@qq.com"}
2021-03-03 16:39:56 INFO  UserInfoApiObject:27 - 创建用户信息ApiObject，请求主体：{
"userId":33,
"userName":"王丽丽",
"email":"14579029975@qq.com",
"phone":"15583401268",
"friends":[
{
"userId":11,
"userName":"小红喵",
"email":"xiaohongmiao@qq.com",
"phone":"18623456555"
},
{
"userId":12,
"userName":"小红旺",
"email":"xiaohongwang@qq.com",
"phone":"18623456566"
}
]
},请求携带token：eyJ0eXAiOiJKV1QiLCJhbGciOiJIUzI1NiJ9.eyJpZCI6IjEiLCJ1c2VyTmFtZSI6InhpYW9ob25nIiwiZXhwIjoxNjE1MzY1NTcyfQ.u9tD1Na_7OUK9vZ8KG18EREAQjXv2A2iX1HAk4_p6hk
2021-03-03 16:39:56 INFO  UserInfoApiObjectTest:81 - 查询所有用户信息
2021-03-03 16:39:56 INFO  UserInfoApiObject:48 - 查询所有用户信息ApiObject，请求携带token：eyJ0eXAiOiJKV1QiLCJhbGciOiJIUzI1NiJ9.eyJpZCI6IjEiLCJ1c2VyTmFtZSI6InhpYW9ob25nIiwiZXhwIjoxNjE1MzY1NTcyfQ.u9tD1Na_7OUK9vZ8KG18EREAQjXv2A2iX1HAk4_p6hk
2021-03-03 16:39:56 INFO  UserInfoApiObjectTest:84 - 查询所有用户信息接口返回信息：{
    "code": "00000",
    "message": "成功",
    "data": [
        {
            "userId": 33,
            "userName": "王丽丽",
            "email": "14579029975@qq.com",
            "phone": "15583401268",
            "friends": [
                {
                    "userId": 11,
                    "userName": "小红喵",
                    "email": "xiaohongmiao@qq.com",
                    "phone": "18623456555",
                    "friends": null
                },
                {
                    "userId": 12,
                    "userName": "小红旺",
                    "email": "xiaohongwang@qq.com",
                    "phone": "18623456566",
                    "friends": null
                }
            ]
        }
    ],
    "success": true
}
2021-03-03 16:39:56 INFO  UserInfoApiObject:48 - 查询所有用户信息ApiObject，请求携带token：eyJ0eXAiOiJKV1QiLCJhbGciOiJIUzI1NiJ9.eyJpZCI6IjEiLCJ1c2VyTmFtZSI6InhpYW9ob25nIiwiZXhwIjoxNjE1MzY1NTcyfQ.u9tD1Na_7OUK9vZ8KG18EREAQjXv2A2iX1HAk4_p6hk
2021-03-03 16:39:56 INFO  UserInfoApiObject:113 - 通过userId删除用户信息ApiObject，请求UserId：33，请求携带token：eyJ0eXAiOiJKV1QiLCJhbGciOiJIUzI1NiJ9.eyJpZCI6IjEiLCJ1c2VyTmFtZSI6InhpYW9ob25nIiwiZXhwIjoxNjE1MzY1NTcyfQ.u9tD1Na_7OUK9vZ8KG18EREAQjXv2A2iX1HAk4_p6hk
2021-03-03 16:40:02 INFO  UserInfoApiObject:48 - 查询所有用户信息ApiObject，请求携带token：eyJ0eXAiOiJKV1QiLCJhbGciOiJIUzI1NiJ9.eyJpZCI6IjEiLCJ1c2VyTmFtZSI6InhpYW9ob25nIiwiZXhwIjoxNjE1MzY1NTcyfQ.u9tD1Na_7OUK9vZ8KG18EREAQjXv2A2iX1HAk4_p6hk
2021-03-03 16:40:02 INFO  MustacheUtils:43 - 读取模板文件:mustache/userInfo.mustache，替换的内容:{"userName":"张倩","userId":58,"phoneNumber":"13798870411","email":"15941160226@qq.com"}
2021-03-03 16:40:02 INFO  UserInfoApiObject:27 - 创建用户信息ApiObject，请求主体：{
"userId":58,
"userName":"张倩",
"email":"15941160226@qq.com",
"phone":"13798870411",
"friends":[
{
"userId":11,
"userName":"小红喵",
"email":"xiaohongmiao@qq.com",
"phone":"18623456555"
},
{
"userId":12,
"userName":"小红旺",
"email":"xiaohongwang@qq.com",
"phone":"18623456566"
}
]
},请求携带token：eyJ0eXAiOiJKV1QiLCJhbGciOiJIUzI1NiJ9.eyJpZCI6IjEiLCJ1c2VyTmFtZSI6InhpYW9ob25nIiwiZXhwIjoxNjE1MzY1NTcyfQ.u9tD1Na_7OUK9vZ8KG18EREAQjXv2A2iX1HAk4_p6hk
2021-03-03 16:40:02 INFO  UserInfoApiObject:48 - 查询所有用户信息ApiObject，请求携带token：eyJ0eXAiOiJKV1QiLCJhbGciOiJIUzI1NiJ9.eyJpZCI6IjEiLCJ1c2VyTmFtZSI6InhpYW9ob25nIiwiZXhwIjoxNjE1MzY1NTcyfQ.u9tD1Na_7OUK9vZ8KG18EREAQjXv2A2iX1HAk4_p6hk
2021-03-03 16:40:02 INFO  UserInfoApiObjectTest:101 - 通过UserId查询用户信息
2021-03-03 16:40:02 INFO  UserInfoApiObjectTest:104 - 获取到的UserId：58
2021-03-03 16:40:02 INFO  UserInfoApiObject:69 - 通过userId查询用户信息ApiObject，请求UserId：58，请求携带token：eyJ0eXAiOiJKV1QiLCJhbGciOiJIUzI1NiJ9.eyJpZCI6IjEiLCJ1c2VyTmFtZSI6InhpYW9ob25nIiwiZXhwIjoxNjE1MzY1NTcyfQ.u9tD1Na_7OUK9vZ8KG18EREAQjXv2A2iX1HAk4_p6hk
2021-03-03 16:40:02 INFO  UserInfoApiObjectTest:106 - 通过UserId查询用户信息接口返回信息：{
    "code": "00000",
    "message": "成功",
    "data": {
        "userId": 58,
        "userName": "张倩",
        "email": "15941160226@qq.com",
        "phone": "13798870411",
        "friends": [
            {
                "userId": 11,
                "userName": "小红喵",
                "email": "xiaohongmiao@qq.com",
                "phone": "18623456555",
                "friends": null
            },
            {
                "userId": 12,
                "userName": "小红旺",
                "email": "xiaohongwang@qq.com",
                "phone": "18623456566",
                "friends": null
            }
        ]
    },
    "success": true
}
2021-03-03 16:40:02 INFO  UserInfoApiObject:48 - 查询所有用户信息ApiObject，请求携带token：eyJ0eXAiOiJKV1QiLCJhbGciOiJIUzI1NiJ9.eyJpZCI6IjEiLCJ1c2VyTmFtZSI6InhpYW9ob25nIiwiZXhwIjoxNjE1MzY1NTcyfQ.u9tD1Na_7OUK9vZ8KG18EREAQjXv2A2iX1HAk4_p6hk
2021-03-03 16:40:02 INFO  UserInfoApiObject:113 - 通过userId删除用户信息ApiObject，请求UserId：58，请求携带token：eyJ0eXAiOiJKV1QiLCJhbGciOiJIUzI1NiJ9.eyJpZCI6IjEiLCJ1c2VyTmFtZSI6InhpYW9ob25nIiwiZXhwIjoxNjE1MzY1NTcyfQ.u9tD1Na_7OUK9vZ8KG18EREAQjXv2A2iX1HAk4_p6hk
2021-03-03 16:40:07 INFO  JsonPathUtils:54 - 读取JSON文件:/json/book.json，替换的内容:{"$.store.book[*].author":"测试作者"}
2021-03-03 16:40:13 INFO  JsonPathUtils:54 - 读取JSON文件:/json/book.json，替换的内容:{"$.store.*":"all change"}
2021-03-03 16:40:18 INFO  JsonPathUtils:54 - 读取JSON文件:/json/book.json，替换的内容:{"$..book[0,1]":"first two change"}
2021-03-03 16:40:23 INFO  MustacheUtils:43 - 读取模板文件:mustache/book.mustache，替换的内容:{"author":"mustacheAuthor","price":56.8}
2021-03-03 16:53:26 INFO  UserLoginApiObject:27 - 用户登录ApiObject，接口请求主体：{
    "username":"xiaohong",
    "password":"123123"
}
2021-03-03 16:53:30 INFO  CreateUserInfoThreadTest:58 - 获取接口token：eyJ0eXAiOiJKV1QiLCJhbGciOiJIUzI1NiJ9.eyJpZCI6IjEiLCJ1c2VyTmFtZSI6InhpYW9ob25nIiwiZXhwIjoxNjE1MzY2NDA4fQ.uyVonf24Umvgr5HkJJg0gP9RX4e1sOf8bAd17OWBEPo
2021-03-03 16:53:40 INFO  CreateUserInfoThreadTest:76 - 创建用户信息请求body：{"userName":"小红","userId":1,"friends":[{"userName":"小红喵","userId":11,"phone":"18623456555","email":"xiaohongmiao@qq.com"},{"userName":"小红旺","userId":12,"phone":"18623456566","email":"xiaohongwang@qq.com"}],"phone":"18623456543","email":"xiaohong@qq.com"}
2021-03-03 16:53:40 INFO  UserInfoApiObject:27 - 创建用户信息ApiObject，请求主体：{
    "userId":1,
    "userName":"小红",
    "email":"xiaohong@qq.com",
    "phone":"18623456543",
    "friends":[
        {
            "userId":11,
            "userName":"小红喵",
            "email":"xiaohongmiao@qq.com",
            "phone":"18623456555"
        },
        {
            "userId":12,
            "userName":"小红旺",
            "email":"xiaohongwang@qq.com",
            "phone":"18623456566"
        }
    ]
},请求携带token：eyJ0eXAiOiJKV1QiLCJhbGciOiJIUzI1NiJ9.eyJpZCI6IjEiLCJ1c2VyTmFtZSI6InhpYW9ob25nIiwiZXhwIjoxNjE1MzY2NDA4fQ.uyVonf24Umvgr5HkJJg0gP9RX4e1sOf8bAd17OWBEPo
2021-03-03 16:53:40 INFO  CreateUserInfoThreadTest:79 - 创建用户信息接口返回信息：{
    "code": "00000",
    "message": "成功",
    "data": {
        "userId": 1,
        "userName": "小红",
        "email": "xiaohong@qq.com",
        "phone": "18623456543",
        "friends": [
            {
                "userId": 11,
                "userName": "小红喵",
                "email": "xiaohongmiao@qq.com",
                "phone": "18623456555",
                "friends": null
            },
            {
                "userId": 12,
                "userName": "小红旺",
                "email": "xiaohongwang@qq.com",
                "phone": "18623456566",
                "friends": null
            }
        ]
    },
    "success": true
}
2021-03-03 16:53:40 INFO  CreateUserInfoThreadTest:80 - 创建用户信息测试结果断言
2021-03-03 16:53:45 INFO  CreateUserInfoThreadTest:76 - 创建用户信息请求body：{"userName":"小红","userId":1,"friends":[{"userName":"小红喵","userId":11,"phone":"18623456555","email":"xiaohongmiao@qq.com"},{"userName":"小红旺","userId":12,"phone":"18623456566","email":"xiaohongwang@qq.com"}],"phone":"18623456543","email":"xiaohong@qq.com"}
2021-03-03 16:53:45 INFO  UserInfoApiObject:27 - 创建用户信息ApiObject，请求主体：{
    "userId":1,
    "userName":"小红",
    "email":"xiaohong@qq.com",
    "phone":"18623456543",
    "friends":[
        {
            "userId":11,
            "userName":"小红喵",
            "email":"xiaohongmiao@qq.com",
            "phone":"18623456555"
        },
        {
            "userId":12,
            "userName":"小红旺",
            "email":"xiaohongwang@qq.com",
            "phone":"18623456566"
        }
    ]
},请求携带token：eyJ0eXAiOiJKV1QiLCJhbGciOiJIUzI1NiJ9.eyJpZCI6IjEiLCJ1c2VyTmFtZSI6InhpYW9ob25nIiwiZXhwIjoxNjE1MzY2NDA4fQ.uyVonf24Umvgr5HkJJg0gP9RX4e1sOf8bAd17OWBEPo
2021-03-03 16:53:45 INFO  CreateUserInfoThreadTest:79 - 创建用户信息接口返回信息：{
    "code": "00001",
    "message": "失败",
    "data": "用户已存在",
    "success": false
}
2021-03-03 16:53:45 INFO  CreateUserInfoThreadTest:80 - 创建用户信息测试结果断言
2021-03-03 16:53:50 INFO  CreateUserInfoThreadTest:76 - 创建用户信息请求body：{"userName":"小红","userId":1,"friends":[{"userName":"小红喵","userId":11,"phone":"18623456555","email":"xiaohongmiao@qq.com"},{"userName":"小红旺","userId":12,"phone":"18623456566","email":"xiaohongwang@qq.com"}],"phone":"18623456543","email":"xiaohong@qq.com"}
2021-03-03 16:53:50 INFO  UserInfoApiObject:27 - 创建用户信息ApiObject，请求主体：{
    "userId":1,
    "userName":"小红",
    "email":"xiaohong@qq.com",
    "phone":"18623456543",
    "friends":[
        {
            "userId":11,
            "userName":"小红喵",
            "email":"xiaohongmiao@qq.com",
            "phone":"18623456555"
        },
        {
            "userId":12,
            "userName":"小红旺",
            "email":"xiaohongwang@qq.com",
            "phone":"18623456566"
        }
    ]
},请求携带token：eyJ0eXAiOiJKV1QiLCJhbGciOiJIUzI1NiJ9.eyJpZCI6IjEiLCJ1c2VyTmFtZSI6InhpYW9ob25nIiwiZXhwIjoxNjE1MzY2NDA4fQ.uyVonf24Umvgr5HkJJg0gP9RX4e1sOf8bAd17OWBEPo
2021-03-03 16:53:51 INFO  CreateUserInfoThreadTest:79 - 创建用户信息接口返回信息：{
    "code": "00001",
    "message": "失败",
    "data": "用户已存在",
    "success": false
}
2021-03-03 16:53:51 INFO  CreateUserInfoThreadTest:80 - 创建用户信息测试结果断言
2021-03-03 16:53:51 INFO  UserLoginApiObject:27 - 用户登录ApiObject，接口请求主体：{
    "username":"xiaohong",
    "password":"123123"
}
2021-03-03 16:53:51 INFO  UserInfoApiObjectTest:37 - 获取接口token：eyJ0eXAiOiJKV1QiLCJhbGciOiJIUzI1NiJ9.eyJpZCI6IjEiLCJ1c2VyTmFtZSI6InhpYW9ob25nIiwiZXhwIjoxNjE1MzY2NDMxfQ.qiC501A2oAtF96GZEy_7yUZdQU52oWawnDmLdrzqRLI
2021-03-03 16:53:56 INFO  UserInfoApiObject:48 - 查询所有用户信息ApiObject，请求携带token：eyJ0eXAiOiJKV1QiLCJhbGciOiJIUzI1NiJ9.eyJpZCI6IjEiLCJ1c2VyTmFtZSI6InhpYW9ob25nIiwiZXhwIjoxNjE1MzY2NDMxfQ.qiC501A2oAtF96GZEy_7yUZdQU52oWawnDmLdrzqRLI
2021-03-03 16:53:56 INFO  UserInfoApiObject:113 - 通过userId删除用户信息ApiObject，请求UserId：1，请求携带token：eyJ0eXAiOiJKV1QiLCJhbGciOiJIUzI1NiJ9.eyJpZCI6IjEiLCJ1c2VyTmFtZSI6InhpYW9ob25nIiwiZXhwIjoxNjE1MzY2NDMxfQ.qiC501A2oAtF96GZEy_7yUZdQU52oWawnDmLdrzqRLI
2021-03-03 16:53:56 INFO  MustacheUtils:43 - 读取模板文件:mustache/userInfo.mustache，替换的内容:{"userName":"冯丽","userId":94,"phoneNumber":"18777642551","email":"13586775691@qq.com"}
2021-03-03 16:53:56 INFO  UserInfoApiObject:27 - 创建用户信息ApiObject，请求主体：{
"userId":94,
"userName":"冯丽",
"email":"13586775691@qq.com",
"phone":"18777642551",
"friends":[
{
"userId":11,
"userName":"小红喵",
"email":"xiaohongmiao@qq.com",
"phone":"18623456555"
},
{
"userId":12,
"userName":"小红旺",
"email":"xiaohongwang@qq.com",
"phone":"18623456566"
}
]
},请求携带token：eyJ0eXAiOiJKV1QiLCJhbGciOiJIUzI1NiJ9.eyJpZCI6IjEiLCJ1c2VyTmFtZSI6InhpYW9ob25nIiwiZXhwIjoxNjE1MzY2NDMxfQ.qiC501A2oAtF96GZEy_7yUZdQU52oWawnDmLdrzqRLI
2021-03-03 16:53:57 INFO  UserInfoApiObject:48 - 查询所有用户信息ApiObject，请求携带token：eyJ0eXAiOiJKV1QiLCJhbGciOiJIUzI1NiJ9.eyJpZCI6IjEiLCJ1c2VyTmFtZSI6InhpYW9ob25nIiwiZXhwIjoxNjE1MzY2NDMxfQ.qiC501A2oAtF96GZEy_7yUZdQU52oWawnDmLdrzqRLI
2021-03-03 16:53:57 INFO  UserInfoApiObjectTest:155 - 获取到的UserId：94
2021-03-03 16:53:57 INFO  UserInfoApiObjectTest:156 - 通过UserId删除用户信息
2021-03-03 16:53:57 INFO  UserInfoApiObject:113 - 通过userId删除用户信息ApiObject，请求UserId：94，请求携带token：eyJ0eXAiOiJKV1QiLCJhbGciOiJIUzI1NiJ9.eyJpZCI6IjEiLCJ1c2VyTmFtZSI6InhpYW9ob25nIiwiZXhwIjoxNjE1MzY2NDMxfQ.qiC501A2oAtF96GZEy_7yUZdQU52oWawnDmLdrzqRLI
2021-03-03 16:53:57 INFO  UserInfoApiObjectTest:159 - 通过UserId删除用户信息：{
    "code": "00000",
    "message": "成功",
    "data": {
        "userId": 94,
        "userName": "冯丽",
        "email": "13586775691@qq.com",
        "phone": "18777642551",
        "friends": [
            {
                "userId": 11,
                "userName": "小红喵",
                "email": "xiaohongmiao@qq.com",
                "phone": "18623456555",
                "friends": null
            },
            {
                "userId": 12,
                "userName": "小红旺",
                "email": "xiaohongwang@qq.com",
                "phone": "18623456566",
                "friends": null
            }
        ]
    },
    "success": true
}
2021-03-03 16:53:57 INFO  UserInfoApiObject:48 - 查询所有用户信息ApiObject，请求携带token：eyJ0eXAiOiJKV1QiLCJhbGciOiJIUzI1NiJ9.eyJpZCI6IjEiLCJ1c2VyTmFtZSI6InhpYW9ob25nIiwiZXhwIjoxNjE1MzY2NDMxfQ.qiC501A2oAtF96GZEy_7yUZdQU52oWawnDmLdrzqRLI
2021-03-03 16:54:02 INFO  UserInfoApiObject:48 - 查询所有用户信息ApiObject，请求携带token：eyJ0eXAiOiJKV1QiLCJhbGciOiJIUzI1NiJ9.eyJpZCI6IjEiLCJ1c2VyTmFtZSI6InhpYW9ob25nIiwiZXhwIjoxNjE1MzY2NDMxfQ.qiC501A2oAtF96GZEy_7yUZdQU52oWawnDmLdrzqRLI
2021-03-03 16:54:03 INFO  MustacheUtils:43 - 读取模板文件:mustache/userInfo.mustache，替换的内容:{"userName":"姜磊","userId":42,"phoneNumber":"18813341230","email":"13794416341@qq.com"}
2021-03-03 16:54:03 INFO  UserInfoApiObject:27 - 创建用户信息ApiObject，请求主体：{
"userId":42,
"userName":"姜磊",
"email":"13794416341@qq.com",
"phone":"18813341230",
"friends":[
{
"userId":11,
"userName":"小红喵",
"email":"xiaohongmiao@qq.com",
"phone":"18623456555"
},
{
"userId":12,
"userName":"小红旺",
"email":"xiaohongwang@qq.com",
"phone":"18623456566"
}
]
},请求携带token：eyJ0eXAiOiJKV1QiLCJhbGciOiJIUzI1NiJ9.eyJpZCI6IjEiLCJ1c2VyTmFtZSI6InhpYW9ob25nIiwiZXhwIjoxNjE1MzY2NDMxfQ.qiC501A2oAtF96GZEy_7yUZdQU52oWawnDmLdrzqRLI
2021-03-03 16:54:03 INFO  UserInfoApiObject:48 - 查询所有用户信息ApiObject，请求携带token：eyJ0eXAiOiJKV1QiLCJhbGciOiJIUzI1NiJ9.eyJpZCI6IjEiLCJ1c2VyTmFtZSI6InhpYW9ob25nIiwiZXhwIjoxNjE1MzY2NDMxfQ.qiC501A2oAtF96GZEy_7yUZdQU52oWawnDmLdrzqRLI
2021-03-03 16:54:03 INFO  UserInfoApiObjectTest:125 - 获取到的UserId：42
2021-03-03 16:54:03 INFO  UserInfoApiObjectTest:132 - 更新用户信息请求body：{"userName":"小红红","userId":42,"phone":"18623456543","email":"xiaohong红@qq.com"}
2021-03-03 16:54:03 INFO  UserInfoApiObjectTest:133 - 通过UserId更新用户信息
2021-03-03 16:54:03 INFO  UserInfoApiObject:91 - 通过userId更新用户信息ApiObject，请求UserId：42，请求更新用户信息主体：{
    "userId":42,
    "userName":"小红红",
    "email":"xiaohong红@qq.com",
    "phone":"18623456543"
}，请求携带token：eyJ0eXAiOiJKV1QiLCJhbGciOiJIUzI1NiJ9.eyJpZCI6IjEiLCJ1c2VyTmFtZSI6InhpYW9ob25nIiwiZXhwIjoxNjE1MzY2NDMxfQ.qiC501A2oAtF96GZEy_7yUZdQU52oWawnDmLdrzqRLI
2021-03-03 16:54:03 INFO  UserInfoApiObjectTest:136 - 通过UserId更新用户信息接口返回信息：{
    "code": "00000",
    "message": "成功",
    "data": {
        "userId": 42,
        "userName": "小红红",
        "email": "xiaohong红@qq.com",
        "phone": "18623456543",
        "friends": null
    },
    "success": true
}
2021-03-03 16:54:03 INFO  UserInfoApiObject:48 - 查询所有用户信息ApiObject，请求携带token：eyJ0eXAiOiJKV1QiLCJhbGciOiJIUzI1NiJ9.eyJpZCI6IjEiLCJ1c2VyTmFtZSI6InhpYW9ob25nIiwiZXhwIjoxNjE1MzY2NDMxfQ.qiC501A2oAtF96GZEy_7yUZdQU52oWawnDmLdrzqRLI
2021-03-03 16:54:03 INFO  UserInfoApiObject:113 - 通过userId删除用户信息ApiObject，请求UserId：42，请求携带token：eyJ0eXAiOiJKV1QiLCJhbGciOiJIUzI1NiJ9.eyJpZCI6IjEiLCJ1c2VyTmFtZSI6InhpYW9ob25nIiwiZXhwIjoxNjE1MzY2NDMxfQ.qiC501A2oAtF96GZEy_7yUZdQU52oWawnDmLdrzqRLI
2021-03-03 16:54:08 INFO  UserInfoApiObject:48 - 查询所有用户信息ApiObject，请求携带token：eyJ0eXAiOiJKV1QiLCJhbGciOiJIUzI1NiJ9.eyJpZCI6IjEiLCJ1c2VyTmFtZSI6InhpYW9ob25nIiwiZXhwIjoxNjE1MzY2NDMxfQ.qiC501A2oAtF96GZEy_7yUZdQU52oWawnDmLdrzqRLI
2021-03-03 16:54:09 INFO  MustacheUtils:43 - 读取模板文件:mustache/userInfo.mustache，替换的内容:{"userName":"李帆","userId":93,"phoneNumber":"18679805274","email":"13318289620@qq.com"}
2021-03-03 16:54:09 INFO  UserInfoApiObjectTest:58 - 创建用户信息请求body：{"userName":"李帆","userId":93,"friends":[{"userName":"小红喵","userId":11,"phone":"18623456555","email":"xiaohongmiao@qq.com"},{"userName":"小红旺","userId":12,"phone":"18623456566","email":"xiaohongwang@qq.com"}],"phone":"18679805274","email":"13318289620@qq.com"}
2021-03-03 16:54:09 INFO  MustacheUtils:43 - 读取模板文件:mustache/userInfo.mustache，替换的内容:{"userName":"李畅","userId":11,"phoneNumber":"15052362559","email":"13569926312@qq.com"}
2021-03-03 16:54:09 INFO  UserInfoApiObject:27 - 创建用户信息ApiObject，请求主体：{
"userId":11,
"userName":"李畅",
"email":"13569926312@qq.com",
"phone":"15052362559",
"friends":[
{
"userId":11,
"userName":"小红喵",
"email":"xiaohongmiao@qq.com",
"phone":"18623456555"
},
{
"userId":12,
"userName":"小红旺",
"email":"xiaohongwang@qq.com",
"phone":"18623456566"
}
]
},请求携带token：eyJ0eXAiOiJKV1QiLCJhbGciOiJIUzI1NiJ9.eyJpZCI6IjEiLCJ1c2VyTmFtZSI6InhpYW9ob25nIiwiZXhwIjoxNjE1MzY2NDMxfQ.qiC501A2oAtF96GZEy_7yUZdQU52oWawnDmLdrzqRLI
2021-03-03 16:54:09 INFO  UserInfoApiObjectTest:60 - 创建用户信息接口返回信息：{
    "code": "00000",
    "message": "成功",
    "data": {
        "userId": 11,
        "userName": "李畅",
        "email": "13569926312@qq.com",
        "phone": "15052362559",
        "friends": [
            {
                "userId": 11,
                "userName": "小红喵",
                "email": "xiaohongmiao@qq.com",
                "phone": "18623456555",
                "friends": null
            },
            {
                "userId": 12,
                "userName": "小红旺",
                "email": "xiaohongwang@qq.com",
                "phone": "18623456566",
                "friends": null
            }
        ]
    },
    "success": true
}
2021-03-03 16:54:09 INFO  UserInfoApiObjectTest:61 - 创建用户信息测试结果断言
2021-03-03 16:54:09 INFO  UserInfoApiObject:48 - 查询所有用户信息ApiObject，请求携带token：eyJ0eXAiOiJKV1QiLCJhbGciOiJIUzI1NiJ9.eyJpZCI6IjEiLCJ1c2VyTmFtZSI6InhpYW9ob25nIiwiZXhwIjoxNjE1MzY2NDMxfQ.qiC501A2oAtF96GZEy_7yUZdQU52oWawnDmLdrzqRLI
2021-03-03 16:54:09 INFO  UserInfoApiObject:113 - 通过userId删除用户信息ApiObject，请求UserId：11，请求携带token：eyJ0eXAiOiJKV1QiLCJhbGciOiJIUzI1NiJ9.eyJpZCI6IjEiLCJ1c2VyTmFtZSI6InhpYW9ob25nIiwiZXhwIjoxNjE1MzY2NDMxfQ.qiC501A2oAtF96GZEy_7yUZdQU52oWawnDmLdrzqRLI
2021-03-03 16:54:14 INFO  UserInfoApiObject:48 - 查询所有用户信息ApiObject，请求携带token：eyJ0eXAiOiJKV1QiLCJhbGciOiJIUzI1NiJ9.eyJpZCI6IjEiLCJ1c2VyTmFtZSI6InhpYW9ob25nIiwiZXhwIjoxNjE1MzY2NDMxfQ.qiC501A2oAtF96GZEy_7yUZdQU52oWawnDmLdrzqRLI
2021-03-03 16:54:15 INFO  MustacheUtils:43 - 读取模板文件:mustache/userInfo.mustache，替换的内容:{"userName":"田桂荣","userId":77,"phoneNumber":"13973262419","email":"18825737244@qq.com"}
2021-03-03 16:54:15 INFO  UserInfoApiObject:27 - 创建用户信息ApiObject，请求主体：{
"userId":77,
"userName":"田桂荣",
"email":"18825737244@qq.com",
"phone":"13973262419",
"friends":[
{
"userId":11,
"userName":"小红喵",
"email":"xiaohongmiao@qq.com",
"phone":"18623456555"
},
{
"userId":12,
"userName":"小红旺",
"email":"xiaohongwang@qq.com",
"phone":"18623456566"
}
]
},请求携带token：eyJ0eXAiOiJKV1QiLCJhbGciOiJIUzI1NiJ9.eyJpZCI6IjEiLCJ1c2VyTmFtZSI6InhpYW9ob25nIiwiZXhwIjoxNjE1MzY2NDMxfQ.qiC501A2oAtF96GZEy_7yUZdQU52oWawnDmLdrzqRLI
2021-03-03 16:54:15 INFO  UserInfoApiObjectTest:81 - 查询所有用户信息
2021-03-03 16:54:15 INFO  UserInfoApiObject:48 - 查询所有用户信息ApiObject，请求携带token：eyJ0eXAiOiJKV1QiLCJhbGciOiJIUzI1NiJ9.eyJpZCI6IjEiLCJ1c2VyTmFtZSI6InhpYW9ob25nIiwiZXhwIjoxNjE1MzY2NDMxfQ.qiC501A2oAtF96GZEy_7yUZdQU52oWawnDmLdrzqRLI
2021-03-03 16:54:15 INFO  UserInfoApiObjectTest:84 - 查询所有用户信息接口返回信息：{
    "code": "00000",
    "message": "成功",
    "data": [
        {
            "userId": 77,
            "userName": "田桂荣",
            "email": "18825737244@qq.com",
            "phone": "13973262419",
            "friends": [
                {
                    "userId": 11,
                    "userName": "小红喵",
                    "email": "xiaohongmiao@qq.com",
                    "phone": "18623456555",
                    "friends": null
                },
                {
                    "userId": 12,
                    "userName": "小红旺",
                    "email": "xiaohongwang@qq.com",
                    "phone": "18623456566",
                    "friends": null
                }
            ]
        }
    ],
    "success": true
}
2021-03-03 16:54:15 INFO  UserInfoApiObject:48 - 查询所有用户信息ApiObject，请求携带token：eyJ0eXAiOiJKV1QiLCJhbGciOiJIUzI1NiJ9.eyJpZCI6IjEiLCJ1c2VyTmFtZSI6InhpYW9ob25nIiwiZXhwIjoxNjE1MzY2NDMxfQ.qiC501A2oAtF96GZEy_7yUZdQU52oWawnDmLdrzqRLI
2021-03-03 16:54:15 INFO  UserInfoApiObject:113 - 通过userId删除用户信息ApiObject，请求UserId：77，请求携带token：eyJ0eXAiOiJKV1QiLCJhbGciOiJIUzI1NiJ9.eyJpZCI6IjEiLCJ1c2VyTmFtZSI6InhpYW9ob25nIiwiZXhwIjoxNjE1MzY2NDMxfQ.qiC501A2oAtF96GZEy_7yUZdQU52oWawnDmLdrzqRLI
2021-03-03 16:54:20 INFO  UserInfoApiObject:48 - 查询所有用户信息ApiObject，请求携带token：eyJ0eXAiOiJKV1QiLCJhbGciOiJIUzI1NiJ9.eyJpZCI6IjEiLCJ1c2VyTmFtZSI6InhpYW9ob25nIiwiZXhwIjoxNjE1MzY2NDMxfQ.qiC501A2oAtF96GZEy_7yUZdQU52oWawnDmLdrzqRLI
2021-03-03 16:54:21 INFO  MustacheUtils:43 - 读取模板文件:mustache/userInfo.mustache，替换的内容:{"userName":"苏利","userId":77,"phoneNumber":"15104850098","email":"18778761562@qq.com"}
2021-03-03 16:54:21 INFO  UserInfoApiObject:27 - 创建用户信息ApiObject，请求主体：{
"userId":77,
"userName":"苏利",
"email":"18778761562@qq.com",
"phone":"15104850098",
"friends":[
{
"userId":11,
"userName":"小红喵",
"email":"xiaohongmiao@qq.com",
"phone":"18623456555"
},
{
"userId":12,
"userName":"小红旺",
"email":"xiaohongwang@qq.com",
"phone":"18623456566"
}
]
},请求携带token：eyJ0eXAiOiJKV1QiLCJhbGciOiJIUzI1NiJ9.eyJpZCI6IjEiLCJ1c2VyTmFtZSI6InhpYW9ob25nIiwiZXhwIjoxNjE1MzY2NDMxfQ.qiC501A2oAtF96GZEy_7yUZdQU52oWawnDmLdrzqRLI
2021-03-03 16:54:21 INFO  UserInfoApiObject:48 - 查询所有用户信息ApiObject，请求携带token：eyJ0eXAiOiJKV1QiLCJhbGciOiJIUzI1NiJ9.eyJpZCI6IjEiLCJ1c2VyTmFtZSI6InhpYW9ob25nIiwiZXhwIjoxNjE1MzY2NDMxfQ.qiC501A2oAtF96GZEy_7yUZdQU52oWawnDmLdrzqRLI
2021-03-03 16:54:21 INFO  UserInfoApiObjectTest:101 - 通过UserId查询用户信息
2021-03-03 16:54:21 INFO  UserInfoApiObjectTest:104 - 获取到的UserId：77
2021-03-03 16:54:21 INFO  UserInfoApiObject:69 - 通过userId查询用户信息ApiObject，请求UserId：77，请求携带token：eyJ0eXAiOiJKV1QiLCJhbGciOiJIUzI1NiJ9.eyJpZCI6IjEiLCJ1c2VyTmFtZSI6InhpYW9ob25nIiwiZXhwIjoxNjE1MzY2NDMxfQ.qiC501A2oAtF96GZEy_7yUZdQU52oWawnDmLdrzqRLI
2021-03-03 16:54:21 INFO  UserInfoApiObjectTest:106 - 通过UserId查询用户信息接口返回信息：{
    "code": "00000",
    "message": "成功",
    "data": {
        "userId": 77,
        "userName": "苏利",
        "email": "18778761562@qq.com",
        "phone": "15104850098",
        "friends": [
            {
                "userId": 11,
                "userName": "小红喵",
                "email": "xiaohongmiao@qq.com",
                "phone": "18623456555",
                "friends": null
            },
            {
                "userId": 12,
                "userName": "小红旺",
                "email": "xiaohongwang@qq.com",
                "phone": "18623456566",
                "friends": null
            }
        ]
    },
    "success": true
}
2021-03-03 16:54:21 INFO  UserInfoApiObject:48 - 查询所有用户信息ApiObject，请求携带token：eyJ0eXAiOiJKV1QiLCJhbGciOiJIUzI1NiJ9.eyJpZCI6IjEiLCJ1c2VyTmFtZSI6InhpYW9ob25nIiwiZXhwIjoxNjE1MzY2NDMxfQ.qiC501A2oAtF96GZEy_7yUZdQU52oWawnDmLdrzqRLI
2021-03-03 16:54:21 INFO  UserInfoApiObject:113 - 通过userId删除用户信息ApiObject，请求UserId：77，请求携带token：eyJ0eXAiOiJKV1QiLCJhbGciOiJIUzI1NiJ9.eyJpZCI6IjEiLCJ1c2VyTmFtZSI6InhpYW9ob25nIiwiZXhwIjoxNjE1MzY2NDMxfQ.qiC501A2oAtF96GZEy_7yUZdQU52oWawnDmLdrzqRLI
2021-03-03 16:54:26 INFO  JsonPathUtils:54 - 读取JSON文件:/json/book.json，替换的内容:{"$.store.book[*].author":"测试作者"}
2021-03-03 16:54:31 INFO  JsonPathUtils:54 - 读取JSON文件:/json/book.json，替换的内容:{"$.store.*":"all change"}
2021-03-03 16:54:36 INFO  JsonPathUtils:54 - 读取JSON文件:/json/book.json，替换的内容:{"$..book[0,1]":"first two change"}
2021-03-03 16:54:41 INFO  MustacheUtils:43 - 读取模板文件:mustache/book.mustache，替换的内容:{"author":"mustacheAuthor","price":56.8}
2021-03-03 16:58:35 INFO  UserLoginApiObject:27 - 用户登录ApiObject，接口请求主体：{
    "username":"xiaohong",
    "password":"123123"
}
2021-03-03 16:58:38 INFO  CreateUserInfoThreadTest:58 - 获取接口token：eyJ0eXAiOiJKV1QiLCJhbGciOiJIUzI1NiJ9.eyJpZCI6IjEiLCJ1c2VyTmFtZSI6InhpYW9ob25nIiwiZXhwIjoxNjE1MzY2NzE3fQ.Ko4pmYoGiUrK3uYfjqjAHtlk1GkZilp4YsVmAoPYna8
2021-03-03 16:58:48 INFO  CreateUserInfoThreadTest:76 - 创建用户信息请求body：{"userName":"小红","userId":1,"friends":[{"userName":"小红喵","userId":11,"phone":"18623456555","email":"xiaohongmiao@qq.com"},{"userName":"小红旺","userId":12,"phone":"18623456566","email":"xiaohongwang@qq.com"}],"phone":"18623456543","email":"xiaohong@qq.com"}
2021-03-03 16:58:48 INFO  UserInfoApiObject:27 - 创建用户信息ApiObject，请求主体：{
    "userId":1,
    "userName":"小红",
    "email":"xiaohong@qq.com",
    "phone":"18623456543",
    "friends":[
        {
            "userId":11,
            "userName":"小红喵",
            "email":"xiaohongmiao@qq.com",
            "phone":"18623456555"
        },
        {
            "userId":12,
            "userName":"小红旺",
            "email":"xiaohongwang@qq.com",
            "phone":"18623456566"
        }
    ]
},请求携带token：eyJ0eXAiOiJKV1QiLCJhbGciOiJIUzI1NiJ9.eyJpZCI6IjEiLCJ1c2VyTmFtZSI6InhpYW9ob25nIiwiZXhwIjoxNjE1MzY2NzE3fQ.Ko4pmYoGiUrK3uYfjqjAHtlk1GkZilp4YsVmAoPYna8
2021-03-03 16:58:48 INFO  CreateUserInfoThreadTest:79 - 创建用户信息接口返回信息：{
    "code": "00000",
    "message": "成功",
    "data": {
        "userId": 1,
        "userName": "小红",
        "email": "xiaohong@qq.com",
        "phone": "18623456543",
        "friends": [
            {
                "userId": 11,
                "userName": "小红喵",
                "email": "xiaohongmiao@qq.com",
                "phone": "18623456555",
                "friends": null
            },
            {
                "userId": 12,
                "userName": "小红旺",
                "email": "xiaohongwang@qq.com",
                "phone": "18623456566",
                "friends": null
            }
        ]
    },
    "success": true
}
2021-03-03 16:58:48 INFO  CreateUserInfoThreadTest:80 - 创建用户信息测试结果断言
2021-03-03 16:58:53 INFO  CreateUserInfoThreadTest:76 - 创建用户信息请求body：{"userName":"小红","userId":1,"friends":[{"userName":"小红喵","userId":11,"phone":"18623456555","email":"xiaohongmiao@qq.com"},{"userName":"小红旺","userId":12,"phone":"18623456566","email":"xiaohongwang@qq.com"}],"phone":"18623456543","email":"xiaohong@qq.com"}
2021-03-03 16:58:53 INFO  UserInfoApiObject:27 - 创建用户信息ApiObject，请求主体：{
    "userId":1,
    "userName":"小红",
    "email":"xiaohong@qq.com",
    "phone":"18623456543",
    "friends":[
        {
            "userId":11,
            "userName":"小红喵",
            "email":"xiaohongmiao@qq.com",
            "phone":"18623456555"
        },
        {
            "userId":12,
            "userName":"小红旺",
            "email":"xiaohongwang@qq.com",
            "phone":"18623456566"
        }
    ]
},请求携带token：eyJ0eXAiOiJKV1QiLCJhbGciOiJIUzI1NiJ9.eyJpZCI6IjEiLCJ1c2VyTmFtZSI6InhpYW9ob25nIiwiZXhwIjoxNjE1MzY2NzE3fQ.Ko4pmYoGiUrK3uYfjqjAHtlk1GkZilp4YsVmAoPYna8
2021-03-03 16:58:53 INFO  CreateUserInfoThreadTest:79 - 创建用户信息接口返回信息：{
    "code": "00001",
    "message": "失败",
    "data": "用户已存在",
    "success": false
}
2021-03-03 16:58:53 INFO  CreateUserInfoThreadTest:80 - 创建用户信息测试结果断言
2021-03-03 16:58:58 INFO  CreateUserInfoThreadTest:76 - 创建用户信息请求body：{"userName":"小红","userId":1,"friends":[{"userName":"小红喵","userId":11,"phone":"18623456555","email":"xiaohongmiao@qq.com"},{"userName":"小红旺","userId":12,"phone":"18623456566","email":"xiaohongwang@qq.com"}],"phone":"18623456543","email":"xiaohong@qq.com"}
2021-03-03 16:58:58 INFO  UserInfoApiObject:27 - 创建用户信息ApiObject，请求主体：{
    "userId":1,
    "userName":"小红",
    "email":"xiaohong@qq.com",
    "phone":"18623456543",
    "friends":[
        {
            "userId":11,
            "userName":"小红喵",
            "email":"xiaohongmiao@qq.com",
            "phone":"18623456555"
        },
        {
            "userId":12,
            "userName":"小红旺",
            "email":"xiaohongwang@qq.com",
            "phone":"18623456566"
        }
    ]
},请求携带token：eyJ0eXAiOiJKV1QiLCJhbGciOiJIUzI1NiJ9.eyJpZCI6IjEiLCJ1c2VyTmFtZSI6InhpYW9ob25nIiwiZXhwIjoxNjE1MzY2NzE3fQ.Ko4pmYoGiUrK3uYfjqjAHtlk1GkZilp4YsVmAoPYna8
2021-03-03 16:58:58 INFO  CreateUserInfoThreadTest:79 - 创建用户信息接口返回信息：{
    "code": "00001",
    "message": "失败",
    "data": "用户已存在",
    "success": false
}
2021-03-03 16:58:58 INFO  CreateUserInfoThreadTest:80 - 创建用户信息测试结果断言
2021-03-03 16:58:58 INFO  UserLoginApiObject:27 - 用户登录ApiObject，接口请求主体：{
    "username":"xiaohong",
    "password":"123123"
}
2021-03-03 16:58:58 INFO  UserInfoApiObjectTest:37 - 获取接口token：eyJ0eXAiOiJKV1QiLCJhbGciOiJIUzI1NiJ9.eyJpZCI6IjEiLCJ1c2VyTmFtZSI6InhpYW9ob25nIiwiZXhwIjoxNjE1MzY2NzM4fQ.eggUmWPlPQ5mrdPfI2zypRWfUR-7y0LxQDdfMaO-mE4
2021-03-03 16:59:03 INFO  UserInfoApiObject:48 - 查询所有用户信息ApiObject，请求携带token：eyJ0eXAiOiJKV1QiLCJhbGciOiJIUzI1NiJ9.eyJpZCI6IjEiLCJ1c2VyTmFtZSI6InhpYW9ob25nIiwiZXhwIjoxNjE1MzY2NzM4fQ.eggUmWPlPQ5mrdPfI2zypRWfUR-7y0LxQDdfMaO-mE4
2021-03-03 16:59:03 INFO  UserInfoApiObject:113 - 通过userId删除用户信息ApiObject，请求UserId：1，请求携带token：eyJ0eXAiOiJKV1QiLCJhbGciOiJIUzI1NiJ9.eyJpZCI6IjEiLCJ1c2VyTmFtZSI6InhpYW9ob25nIiwiZXhwIjoxNjE1MzY2NzM4fQ.eggUmWPlPQ5mrdPfI2zypRWfUR-7y0LxQDdfMaO-mE4
2021-03-03 16:59:04 INFO  MustacheUtils:43 - 读取模板文件:mustache/userInfo.mustache，替换的内容:{"userName":"万亮","userId":17,"phoneNumber":"18037838128","email":"13814294110@qq.com"}
2021-03-03 16:59:04 INFO  UserInfoApiObject:27 - 创建用户信息ApiObject，请求主体：{
"userId":17,
"userName":"万亮",
"email":"13814294110@qq.com",
"phone":"18037838128",
"friends":[
{
"userId":11,
"userName":"小红喵",
"email":"xiaohongmiao@qq.com",
"phone":"18623456555"
},
{
"userId":12,
"userName":"小红旺",
"email":"xiaohongwang@qq.com",
"phone":"18623456566"
}
]
},请求携带token：eyJ0eXAiOiJKV1QiLCJhbGciOiJIUzI1NiJ9.eyJpZCI6IjEiLCJ1c2VyTmFtZSI6InhpYW9ob25nIiwiZXhwIjoxNjE1MzY2NzM4fQ.eggUmWPlPQ5mrdPfI2zypRWfUR-7y0LxQDdfMaO-mE4
2021-03-03 16:59:04 INFO  UserInfoApiObject:48 - 查询所有用户信息ApiObject，请求携带token：eyJ0eXAiOiJKV1QiLCJhbGciOiJIUzI1NiJ9.eyJpZCI6IjEiLCJ1c2VyTmFtZSI6InhpYW9ob25nIiwiZXhwIjoxNjE1MzY2NzM4fQ.eggUmWPlPQ5mrdPfI2zypRWfUR-7y0LxQDdfMaO-mE4
2021-03-03 16:59:04 INFO  UserInfoApiObjectTest:155 - 获取到的UserId：17
2021-03-03 16:59:04 INFO  UserInfoApiObjectTest:156 - 通过UserId删除用户信息
2021-03-03 16:59:04 INFO  UserInfoApiObject:113 - 通过userId删除用户信息ApiObject，请求UserId：17，请求携带token：eyJ0eXAiOiJKV1QiLCJhbGciOiJIUzI1NiJ9.eyJpZCI6IjEiLCJ1c2VyTmFtZSI6InhpYW9ob25nIiwiZXhwIjoxNjE1MzY2NzM4fQ.eggUmWPlPQ5mrdPfI2zypRWfUR-7y0LxQDdfMaO-mE4
2021-03-03 16:59:04 INFO  UserInfoApiObjectTest:159 - 通过UserId删除用户信息：{
    "code": "00000",
    "message": "成功",
    "data": {
        "userId": 17,
        "userName": "万亮",
        "email": "13814294110@qq.com",
        "phone": "18037838128",
        "friends": [
            {
                "userId": 11,
                "userName": "小红喵",
                "email": "xiaohongmiao@qq.com",
                "phone": "18623456555",
                "friends": null
            },
            {
                "userId": 12,
                "userName": "小红旺",
                "email": "xiaohongwang@qq.com",
                "phone": "18623456566",
                "friends": null
            }
        ]
    },
    "success": true
}
2021-03-03 16:59:05 INFO  UserInfoApiObject:48 - 查询所有用户信息ApiObject，请求携带token：eyJ0eXAiOiJKV1QiLCJhbGciOiJIUzI1NiJ9.eyJpZCI6IjEiLCJ1c2VyTmFtZSI6InhpYW9ob25nIiwiZXhwIjoxNjE1MzY2NzM4fQ.eggUmWPlPQ5mrdPfI2zypRWfUR-7y0LxQDdfMaO-mE4
2021-03-03 16:59:10 INFO  UserInfoApiObject:48 - 查询所有用户信息ApiObject，请求携带token：eyJ0eXAiOiJKV1QiLCJhbGciOiJIUzI1NiJ9.eyJpZCI6IjEiLCJ1c2VyTmFtZSI6InhpYW9ob25nIiwiZXhwIjoxNjE1MzY2NzM4fQ.eggUmWPlPQ5mrdPfI2zypRWfUR-7y0LxQDdfMaO-mE4
2021-03-03 16:59:10 INFO  MustacheUtils:43 - 读取模板文件:mustache/userInfo.mustache，替换的内容:{"userName":"张玉华","userId":60,"phoneNumber":"13296310745","email":"15709399735@qq.com"}
2021-03-03 16:59:10 INFO  UserInfoApiObject:27 - 创建用户信息ApiObject，请求主体：{
"userId":60,
"userName":"张玉华",
"email":"15709399735@qq.com",
"phone":"13296310745",
"friends":[
{
"userId":11,
"userName":"小红喵",
"email":"xiaohongmiao@qq.com",
"phone":"18623456555"
},
{
"userId":12,
"userName":"小红旺",
"email":"xiaohongwang@qq.com",
"phone":"18623456566"
}
]
},请求携带token：eyJ0eXAiOiJKV1QiLCJhbGciOiJIUzI1NiJ9.eyJpZCI6IjEiLCJ1c2VyTmFtZSI6InhpYW9ob25nIiwiZXhwIjoxNjE1MzY2NzM4fQ.eggUmWPlPQ5mrdPfI2zypRWfUR-7y0LxQDdfMaO-mE4
2021-03-03 16:59:10 INFO  UserInfoApiObject:48 - 查询所有用户信息ApiObject，请求携带token：eyJ0eXAiOiJKV1QiLCJhbGciOiJIUzI1NiJ9.eyJpZCI6IjEiLCJ1c2VyTmFtZSI6InhpYW9ob25nIiwiZXhwIjoxNjE1MzY2NzM4fQ.eggUmWPlPQ5mrdPfI2zypRWfUR-7y0LxQDdfMaO-mE4
2021-03-03 16:59:10 INFO  UserInfoApiObjectTest:125 - 获取到的UserId：60
2021-03-03 16:59:10 INFO  UserInfoApiObjectTest:132 - 更新用户信息请求body：{"userName":"小红红","userId":60,"phone":"18623456543","email":"xiaohong红@qq.com"}
2021-03-03 16:59:10 INFO  UserInfoApiObjectTest:133 - 通过UserId更新用户信息
2021-03-03 16:59:10 INFO  UserInfoApiObject:91 - 通过userId更新用户信息ApiObject，请求UserId：60，请求更新用户信息主体：{
    "userId":60,
    "userName":"小红红",
    "email":"xiaohong红@qq.com",
    "phone":"18623456543"
}，请求携带token：eyJ0eXAiOiJKV1QiLCJhbGciOiJIUzI1NiJ9.eyJpZCI6IjEiLCJ1c2VyTmFtZSI6InhpYW9ob25nIiwiZXhwIjoxNjE1MzY2NzM4fQ.eggUmWPlPQ5mrdPfI2zypRWfUR-7y0LxQDdfMaO-mE4
2021-03-03 16:59:10 INFO  UserInfoApiObjectTest:136 - 通过UserId更新用户信息接口返回信息：{
    "code": "00000",
    "message": "成功",
    "data": {
        "userId": 60,
        "userName": "小红红",
        "email": "xiaohong红@qq.com",
        "phone": "18623456543",
        "friends": null
    },
    "success": true
}
2021-03-03 16:59:10 INFO  UserInfoApiObject:48 - 查询所有用户信息ApiObject，请求携带token：eyJ0eXAiOiJKV1QiLCJhbGciOiJIUzI1NiJ9.eyJpZCI6IjEiLCJ1c2VyTmFtZSI6InhpYW9ob25nIiwiZXhwIjoxNjE1MzY2NzM4fQ.eggUmWPlPQ5mrdPfI2zypRWfUR-7y0LxQDdfMaO-mE4
2021-03-03 16:59:11 INFO  UserInfoApiObject:113 - 通过userId删除用户信息ApiObject，请求UserId：60，请求携带token：eyJ0eXAiOiJKV1QiLCJhbGciOiJIUzI1NiJ9.eyJpZCI6IjEiLCJ1c2VyTmFtZSI6InhpYW9ob25nIiwiZXhwIjoxNjE1MzY2NzM4fQ.eggUmWPlPQ5mrdPfI2zypRWfUR-7y0LxQDdfMaO-mE4
2021-03-03 16:59:16 INFO  UserInfoApiObject:48 - 查询所有用户信息ApiObject，请求携带token：eyJ0eXAiOiJKV1QiLCJhbGciOiJIUzI1NiJ9.eyJpZCI6IjEiLCJ1c2VyTmFtZSI6InhpYW9ob25nIiwiZXhwIjoxNjE1MzY2NzM4fQ.eggUmWPlPQ5mrdPfI2zypRWfUR-7y0LxQDdfMaO-mE4
2021-03-03 16:59:16 INFO  MustacheUtils:43 - 读取模板文件:mustache/userInfo.mustache，替换的内容:{"userName":"秦磊","userId":37,"phoneNumber":"13387577041","email":"15579199043@qq.com"}
2021-03-03 16:59:16 INFO  UserInfoApiObjectTest:58 - 创建用户信息请求body：{"userName":"秦磊","userId":37,"friends":[{"userName":"小红喵","userId":11,"phone":"18623456555","email":"xiaohongmiao@qq.com"},{"userName":"小红旺","userId":12,"phone":"18623456566","email":"xiaohongwang@qq.com"}],"phone":"13387577041","email":"15579199043@qq.com"}
2021-03-03 16:59:17 INFO  MustacheUtils:43 - 读取模板文件:mustache/userInfo.mustache，替换的内容:{"userName":"黄玉珍","userId":82,"phoneNumber":"13833343624","email":"13651950882@qq.com"}
2021-03-03 16:59:17 INFO  UserInfoApiObject:27 - 创建用户信息ApiObject，请求主体：{
"userId":82,
"userName":"黄玉珍",
"email":"13651950882@qq.com",
"phone":"13833343624",
"friends":[
{
"userId":11,
"userName":"小红喵",
"email":"xiaohongmiao@qq.com",
"phone":"18623456555"
},
{
"userId":12,
"userName":"小红旺",
"email":"xiaohongwang@qq.com",
"phone":"18623456566"
}
]
},请求携带token：eyJ0eXAiOiJKV1QiLCJhbGciOiJIUzI1NiJ9.eyJpZCI6IjEiLCJ1c2VyTmFtZSI6InhpYW9ob25nIiwiZXhwIjoxNjE1MzY2NzM4fQ.eggUmWPlPQ5mrdPfI2zypRWfUR-7y0LxQDdfMaO-mE4
2021-03-03 16:59:17 INFO  UserInfoApiObjectTest:60 - 创建用户信息接口返回信息：{
    "code": "00000",
    "message": "成功",
    "data": {
        "userId": 82,
        "userName": "黄玉珍",
        "email": "13651950882@qq.com",
        "phone": "13833343624",
        "friends": [
            {
                "userId": 11,
                "userName": "小红喵",
                "email": "xiaohongmiao@qq.com",
                "phone": "18623456555",
                "friends": null
            },
            {
                "userId": 12,
                "userName": "小红旺",
                "email": "xiaohongwang@qq.com",
                "phone": "18623456566",
                "friends": null
            }
        ]
    },
    "success": true
}
2021-03-03 16:59:17 INFO  UserInfoApiObjectTest:61 - 创建用户信息测试结果断言
2021-03-03 16:59:17 INFO  UserInfoApiObject:48 - 查询所有用户信息ApiObject，请求携带token：eyJ0eXAiOiJKV1QiLCJhbGciOiJIUzI1NiJ9.eyJpZCI6IjEiLCJ1c2VyTmFtZSI6InhpYW9ob25nIiwiZXhwIjoxNjE1MzY2NzM4fQ.eggUmWPlPQ5mrdPfI2zypRWfUR-7y0LxQDdfMaO-mE4
2021-03-03 16:59:17 INFO  UserInfoApiObject:113 - 通过userId删除用户信息ApiObject，请求UserId：82，请求携带token：eyJ0eXAiOiJKV1QiLCJhbGciOiJIUzI1NiJ9.eyJpZCI6IjEiLCJ1c2VyTmFtZSI6InhpYW9ob25nIiwiZXhwIjoxNjE1MzY2NzM4fQ.eggUmWPlPQ5mrdPfI2zypRWfUR-7y0LxQDdfMaO-mE4
2021-03-03 16:59:22 INFO  UserInfoApiObject:48 - 查询所有用户信息ApiObject，请求携带token：eyJ0eXAiOiJKV1QiLCJhbGciOiJIUzI1NiJ9.eyJpZCI6IjEiLCJ1c2VyTmFtZSI6InhpYW9ob25nIiwiZXhwIjoxNjE1MzY2NzM4fQ.eggUmWPlPQ5mrdPfI2zypRWfUR-7y0LxQDdfMaO-mE4
2021-03-03 16:59:23 INFO  MustacheUtils:43 - 读取模板文件:mustache/userInfo.mustache，替换的内容:{"userName":"崔坤","userId":54,"phoneNumber":"15678081749","email":"13093936708@qq.com"}
2021-03-03 16:59:23 INFO  UserInfoApiObject:27 - 创建用户信息ApiObject，请求主体：{
"userId":54,
"userName":"崔坤",
"email":"13093936708@qq.com",
"phone":"15678081749",
"friends":[
{
"userId":11,
"userName":"小红喵",
"email":"xiaohongmiao@qq.com",
"phone":"18623456555"
},
{
"userId":12,
"userName":"小红旺",
"email":"xiaohongwang@qq.com",
"phone":"18623456566"
}
]
},请求携带token：eyJ0eXAiOiJKV1QiLCJhbGciOiJIUzI1NiJ9.eyJpZCI6IjEiLCJ1c2VyTmFtZSI6InhpYW9ob25nIiwiZXhwIjoxNjE1MzY2NzM4fQ.eggUmWPlPQ5mrdPfI2zypRWfUR-7y0LxQDdfMaO-mE4
2021-03-03 16:59:23 INFO  UserInfoApiObjectTest:81 - 查询所有用户信息
2021-03-03 16:59:23 INFO  UserInfoApiObject:48 - 查询所有用户信息ApiObject，请求携带token：eyJ0eXAiOiJKV1QiLCJhbGciOiJIUzI1NiJ9.eyJpZCI6IjEiLCJ1c2VyTmFtZSI6InhpYW9ob25nIiwiZXhwIjoxNjE1MzY2NzM4fQ.eggUmWPlPQ5mrdPfI2zypRWfUR-7y0LxQDdfMaO-mE4
2021-03-03 16:59:23 INFO  UserInfoApiObjectTest:84 - 查询所有用户信息接口返回信息：{
    "code": "00000",
    "message": "成功",
    "data": [
        {
            "userId": 54,
            "userName": "崔坤",
            "email": "13093936708@qq.com",
            "phone": "15678081749",
            "friends": [
                {
                    "userId": 11,
                    "userName": "小红喵",
                    "email": "xiaohongmiao@qq.com",
                    "phone": "18623456555",
                    "friends": null
                },
                {
                    "userId": 12,
                    "userName": "小红旺",
                    "email": "xiaohongwang@qq.com",
                    "phone": "18623456566",
                    "friends": null
                }
            ]
        }
    ],
    "success": true
}
2021-03-03 16:59:23 INFO  UserInfoApiObject:48 - 查询所有用户信息ApiObject，请求携带token：eyJ0eXAiOiJKV1QiLCJhbGciOiJIUzI1NiJ9.eyJpZCI6IjEiLCJ1c2VyTmFtZSI6InhpYW9ob25nIiwiZXhwIjoxNjE1MzY2NzM4fQ.eggUmWPlPQ5mrdPfI2zypRWfUR-7y0LxQDdfMaO-mE4
2021-03-03 16:59:23 INFO  UserInfoApiObject:113 - 通过userId删除用户信息ApiObject，请求UserId：54，请求携带token：eyJ0eXAiOiJKV1QiLCJhbGciOiJIUzI1NiJ9.eyJpZCI6IjEiLCJ1c2VyTmFtZSI6InhpYW9ob25nIiwiZXhwIjoxNjE1MzY2NzM4fQ.eggUmWPlPQ5mrdPfI2zypRWfUR-7y0LxQDdfMaO-mE4
2021-03-03 16:59:28 INFO  UserInfoApiObject:48 - 查询所有用户信息ApiObject，请求携带token：eyJ0eXAiOiJKV1QiLCJhbGciOiJIUzI1NiJ9.eyJpZCI6IjEiLCJ1c2VyTmFtZSI6InhpYW9ob25nIiwiZXhwIjoxNjE1MzY2NzM4fQ.eggUmWPlPQ5mrdPfI2zypRWfUR-7y0LxQDdfMaO-mE4
2021-03-03 16:59:29 INFO  MustacheUtils:43 - 读取模板文件:mustache/userInfo.mustache，替换的内容:{"userName":"余丹丹","userId":24,"phoneNumber":"18792268137","email":"13253851050@qq.com"}
2021-03-03 16:59:29 INFO  UserInfoApiObject:27 - 创建用户信息ApiObject，请求主体：{
"userId":24,
"userName":"余丹丹",
"email":"13253851050@qq.com",
"phone":"18792268137",
"friends":[
{
"userId":11,
"userName":"小红喵",
"email":"xiaohongmiao@qq.com",
"phone":"18623456555"
},
{
"userId":12,
"userName":"小红旺",
"email":"xiaohongwang@qq.com",
"phone":"18623456566"
}
]
},请求携带token：eyJ0eXAiOiJKV1QiLCJhbGciOiJIUzI1NiJ9.eyJpZCI6IjEiLCJ1c2VyTmFtZSI6InhpYW9ob25nIiwiZXhwIjoxNjE1MzY2NzM4fQ.eggUmWPlPQ5mrdPfI2zypRWfUR-7y0LxQDdfMaO-mE4
2021-03-03 16:59:29 INFO  UserInfoApiObject:48 - 查询所有用户信息ApiObject，请求携带token：eyJ0eXAiOiJKV1QiLCJhbGciOiJIUzI1NiJ9.eyJpZCI6IjEiLCJ1c2VyTmFtZSI6InhpYW9ob25nIiwiZXhwIjoxNjE1MzY2NzM4fQ.eggUmWPlPQ5mrdPfI2zypRWfUR-7y0LxQDdfMaO-mE4
2021-03-03 16:59:29 INFO  UserInfoApiObjectTest:101 - 通过UserId查询用户信息
2021-03-03 16:59:29 INFO  UserInfoApiObjectTest:104 - 获取到的UserId：24
2021-03-03 16:59:29 INFO  UserInfoApiObject:69 - 通过userId查询用户信息ApiObject，请求UserId：24，请求携带token：eyJ0eXAiOiJKV1QiLCJhbGciOiJIUzI1NiJ9.eyJpZCI6IjEiLCJ1c2VyTmFtZSI6InhpYW9ob25nIiwiZXhwIjoxNjE1MzY2NzM4fQ.eggUmWPlPQ5mrdPfI2zypRWfUR-7y0LxQDdfMaO-mE4
2021-03-03 16:59:29 INFO  UserInfoApiObjectTest:106 - 通过UserId查询用户信息接口返回信息：{
    "code": "00000",
    "message": "成功",
    "data": {
        "userId": 24,
        "userName": "余丹丹",
        "email": "13253851050@qq.com",
        "phone": "18792268137",
        "friends": [
            {
                "userId": 11,
                "userName": "小红喵",
                "email": "xiaohongmiao@qq.com",
                "phone": "18623456555",
                "friends": null
            },
            {
                "userId": 12,
                "userName": "小红旺",
                "email": "xiaohongwang@qq.com",
                "phone": "18623456566",
                "friends": null
            }
        ]
    },
    "success": true
}
2021-03-03 16:59:29 INFO  UserInfoApiObject:48 - 查询所有用户信息ApiObject，请求携带token：eyJ0eXAiOiJKV1QiLCJhbGciOiJIUzI1NiJ9.eyJpZCI6IjEiLCJ1c2VyTmFtZSI6InhpYW9ob25nIiwiZXhwIjoxNjE1MzY2NzM4fQ.eggUmWPlPQ5mrdPfI2zypRWfUR-7y0LxQDdfMaO-mE4
2021-03-03 16:59:29 INFO  UserInfoApiObject:113 - 通过userId删除用户信息ApiObject，请求UserId：24，请求携带token：eyJ0eXAiOiJKV1QiLCJhbGciOiJIUzI1NiJ9.eyJpZCI6IjEiLCJ1c2VyTmFtZSI6InhpYW9ob25nIiwiZXhwIjoxNjE1MzY2NzM4fQ.eggUmWPlPQ5mrdPfI2zypRWfUR-7y0LxQDdfMaO-mE4
2021-03-03 16:59:34 INFO  JsonPathUtils:54 - 读取JSON文件:/json/book.json，替换的内容:{"$.store.book[*].author":"测试作者"}
2021-03-03 16:59:39 INFO  JsonPathUtils:54 - 读取JSON文件:/json/book.json，替换的内容:{"$.store.*":"all change"}
2021-03-03 16:59:44 INFO  JsonPathUtils:54 - 读取JSON文件:/json/book.json，替换的内容:{"$..book[0,1]":"first two change"}
2021-03-03 16:59:49 INFO  MustacheUtils:43 - 读取模板文件:mustache/book.mustache，替换的内容:{"author":"mustacheAuthor","price":56.8}
2021-03-03 17:06:44 INFO  UserLoginApiObject:27 - 用户登录ApiObject，接口请求主体：{
    "username":"xiaohong",
    "password":"123123"
}
2021-03-03 17:06:47 INFO  CreateUserInfoThreadTest:58 - 获取接口token：eyJ0eXAiOiJKV1QiLCJhbGciOiJIUzI1NiJ9.eyJpZCI6IjEiLCJ1c2VyTmFtZSI6InhpYW9ob25nIiwiZXhwIjoxNjE1MzY3MjA2fQ.e3iJZBoNfIG87pS5wEkCBOAqT0RoM3VLZ038dEpwHyY
2021-03-03 17:06:57 INFO  CreateUserInfoThreadTest:76 - 创建用户信息请求body：{"userName":"小红","userId":1,"friends":[{"userName":"小红喵","userId":11,"phone":"18623456555","email":"xiaohongmiao@qq.com"},{"userName":"小红旺","userId":12,"phone":"18623456566","email":"xiaohongwang@qq.com"}],"phone":"18623456543","email":"xiaohong@qq.com"}
2021-03-03 17:06:57 INFO  UserInfoApiObject:27 - 创建用户信息ApiObject，请求主体：{
    "userId":1,
    "userName":"小红",
    "email":"xiaohong@qq.com",
    "phone":"18623456543",
    "friends":[
        {
            "userId":11,
            "userName":"小红喵",
            "email":"xiaohongmiao@qq.com",
            "phone":"18623456555"
        },
        {
            "userId":12,
            "userName":"小红旺",
            "email":"xiaohongwang@qq.com",
            "phone":"18623456566"
        }
    ]
},请求携带token：eyJ0eXAiOiJKV1QiLCJhbGciOiJIUzI1NiJ9.eyJpZCI6IjEiLCJ1c2VyTmFtZSI6InhpYW9ob25nIiwiZXhwIjoxNjE1MzY3MjA2fQ.e3iJZBoNfIG87pS5wEkCBOAqT0RoM3VLZ038dEpwHyY
2021-03-03 17:06:58 INFO  CreateUserInfoThreadTest:79 - 创建用户信息接口返回信息：{
    "code": "00000",
    "message": "成功",
    "data": {
        "userId": 1,
        "userName": "小红",
        "email": "xiaohong@qq.com",
        "phone": "18623456543",
        "friends": [
            {
                "userId": 11,
                "userName": "小红喵",
                "email": "xiaohongmiao@qq.com",
                "phone": "18623456555",
                "friends": null
            },
            {
                "userId": 12,
                "userName": "小红旺",
                "email": "xiaohongwang@qq.com",
                "phone": "18623456566",
                "friends": null
            }
        ]
    },
    "success": true
}
2021-03-03 17:06:58 INFO  CreateUserInfoThreadTest:80 - 创建用户信息测试结果断言
2021-03-03 17:07:03 INFO  CreateUserInfoThreadTest:76 - 创建用户信息请求body：{"userName":"小红","userId":1,"friends":[{"userName":"小红喵","userId":11,"phone":"18623456555","email":"xiaohongmiao@qq.com"},{"userName":"小红旺","userId":12,"phone":"18623456566","email":"xiaohongwang@qq.com"}],"phone":"18623456543","email":"xiaohong@qq.com"}
2021-03-03 17:07:03 INFO  UserInfoApiObject:27 - 创建用户信息ApiObject，请求主体：{
    "userId":1,
    "userName":"小红",
    "email":"xiaohong@qq.com",
    "phone":"18623456543",
    "friends":[
        {
            "userId":11,
            "userName":"小红喵",
            "email":"xiaohongmiao@qq.com",
            "phone":"18623456555"
        },
        {
            "userId":12,
            "userName":"小红旺",
            "email":"xiaohongwang@qq.com",
            "phone":"18623456566"
        }
    ]
},请求携带token：eyJ0eXAiOiJKV1QiLCJhbGciOiJIUzI1NiJ9.eyJpZCI6IjEiLCJ1c2VyTmFtZSI6InhpYW9ob25nIiwiZXhwIjoxNjE1MzY3MjA2fQ.e3iJZBoNfIG87pS5wEkCBOAqT0RoM3VLZ038dEpwHyY
2021-03-03 17:07:03 INFO  CreateUserInfoThreadTest:79 - 创建用户信息接口返回信息：{
    "code": "00001",
    "message": "失败",
    "data": "用户已存在",
    "success": false
}
2021-03-03 17:07:03 INFO  CreateUserInfoThreadTest:80 - 创建用户信息测试结果断言
2021-03-03 17:07:08 INFO  CreateUserInfoThreadTest:76 - 创建用户信息请求body：{"userName":"小红","userId":1,"friends":[{"userName":"小红喵","userId":11,"phone":"18623456555","email":"xiaohongmiao@qq.com"},{"userName":"小红旺","userId":12,"phone":"18623456566","email":"xiaohongwang@qq.com"}],"phone":"18623456543","email":"xiaohong@qq.com"}
2021-03-03 17:07:08 INFO  UserInfoApiObject:27 - 创建用户信息ApiObject，请求主体：{
    "userId":1,
    "userName":"小红",
    "email":"xiaohong@qq.com",
    "phone":"18623456543",
    "friends":[
        {
            "userId":11,
            "userName":"小红喵",
            "email":"xiaohongmiao@qq.com",
            "phone":"18623456555"
        },
        {
            "userId":12,
            "userName":"小红旺",
            "email":"xiaohongwang@qq.com",
            "phone":"18623456566"
        }
    ]
},请求携带token：eyJ0eXAiOiJKV1QiLCJhbGciOiJIUzI1NiJ9.eyJpZCI6IjEiLCJ1c2VyTmFtZSI6InhpYW9ob25nIiwiZXhwIjoxNjE1MzY3MjA2fQ.e3iJZBoNfIG87pS5wEkCBOAqT0RoM3VLZ038dEpwHyY
2021-03-03 17:07:08 INFO  CreateUserInfoThreadTest:79 - 创建用户信息接口返回信息：{
    "code": "00001",
    "message": "失败",
    "data": "用户已存在",
    "success": false
}
2021-03-03 17:07:08 INFO  CreateUserInfoThreadTest:80 - 创建用户信息测试结果断言
2021-03-03 17:07:08 INFO  UserLoginApiObject:27 - 用户登录ApiObject，接口请求主体：{
    "username":"xiaohong",
    "password":"123123"
}
2021-03-03 17:07:08 INFO  UserInfoApiObjectTest:37 - 获取接口token：eyJ0eXAiOiJKV1QiLCJhbGciOiJIUzI1NiJ9.eyJpZCI6IjEiLCJ1c2VyTmFtZSI6InhpYW9ob25nIiwiZXhwIjoxNjE1MzY3MjI4fQ.ixx_uK3-_5N3RxMxVCtJo0P6ikNNEs-dEHuWjRCzQqk
2021-03-03 17:07:13 INFO  UserInfoApiObject:48 - 查询所有用户信息ApiObject，请求携带token：eyJ0eXAiOiJKV1QiLCJhbGciOiJIUzI1NiJ9.eyJpZCI6IjEiLCJ1c2VyTmFtZSI6InhpYW9ob25nIiwiZXhwIjoxNjE1MzY3MjI4fQ.ixx_uK3-_5N3RxMxVCtJo0P6ikNNEs-dEHuWjRCzQqk
2021-03-03 17:07:13 INFO  UserInfoApiObject:113 - 通过userId删除用户信息ApiObject，请求UserId：1，请求携带token：eyJ0eXAiOiJKV1QiLCJhbGciOiJIUzI1NiJ9.eyJpZCI6IjEiLCJ1c2VyTmFtZSI6InhpYW9ob25nIiwiZXhwIjoxNjE1MzY3MjI4fQ.ixx_uK3-_5N3RxMxVCtJo0P6ikNNEs-dEHuWjRCzQqk
2021-03-03 17:07:14 INFO  MustacheUtils:43 - 读取模板文件:mustache/userInfo.mustache，替换的内容:{"userName":"刘玉","userId":62,"phoneNumber":"13640468223","email":"15964707191@qq.com"}
2021-03-03 17:07:14 INFO  UserInfoApiObject:27 - 创建用户信息ApiObject，请求主体：{
"userId":62,
"userName":"刘玉",
"email":"15964707191@qq.com",
"phone":"13640468223",
"friends":[
{
"userId":11,
"userName":"小红喵",
"email":"xiaohongmiao@qq.com",
"phone":"18623456555"
},
{
"userId":12,
"userName":"小红旺",
"email":"xiaohongwang@qq.com",
"phone":"18623456566"
}
]
},请求携带token：eyJ0eXAiOiJKV1QiLCJhbGciOiJIUzI1NiJ9.eyJpZCI6IjEiLCJ1c2VyTmFtZSI6InhpYW9ob25nIiwiZXhwIjoxNjE1MzY3MjI4fQ.ixx_uK3-_5N3RxMxVCtJo0P6ikNNEs-dEHuWjRCzQqk
2021-03-03 17:07:14 INFO  UserInfoApiObject:48 - 查询所有用户信息ApiObject，请求携带token：eyJ0eXAiOiJKV1QiLCJhbGciOiJIUzI1NiJ9.eyJpZCI6IjEiLCJ1c2VyTmFtZSI6InhpYW9ob25nIiwiZXhwIjoxNjE1MzY3MjI4fQ.ixx_uK3-_5N3RxMxVCtJo0P6ikNNEs-dEHuWjRCzQqk
2021-03-03 17:07:14 INFO  UserInfoApiObjectTest:155 - 获取到的UserId：62
2021-03-03 17:07:14 INFO  UserInfoApiObjectTest:156 - 通过UserId删除用户信息
2021-03-03 17:07:14 INFO  UserInfoApiObject:113 - 通过userId删除用户信息ApiObject，请求UserId：62，请求携带token：eyJ0eXAiOiJKV1QiLCJhbGciOiJIUzI1NiJ9.eyJpZCI6IjEiLCJ1c2VyTmFtZSI6InhpYW9ob25nIiwiZXhwIjoxNjE1MzY3MjI4fQ.ixx_uK3-_5N3RxMxVCtJo0P6ikNNEs-dEHuWjRCzQqk
2021-03-03 17:07:14 INFO  UserInfoApiObjectTest:159 - 通过UserId删除用户信息：{
    "code": "00000",
    "message": "成功",
    "data": {
        "userId": 62,
        "userName": "刘玉",
        "email": "15964707191@qq.com",
        "phone": "13640468223",
        "friends": [
            {
                "userId": 11,
                "userName": "小红喵",
                "email": "xiaohongmiao@qq.com",
                "phone": "18623456555",
                "friends": null
            },
            {
                "userId": 12,
                "userName": "小红旺",
                "email": "xiaohongwang@qq.com",
                "phone": "18623456566",
                "friends": null
            }
        ]
    },
    "success": true
}
2021-03-03 17:07:14 INFO  UserInfoApiObject:48 - 查询所有用户信息ApiObject，请求携带token：eyJ0eXAiOiJKV1QiLCJhbGciOiJIUzI1NiJ9.eyJpZCI6IjEiLCJ1c2VyTmFtZSI6InhpYW9ob25nIiwiZXhwIjoxNjE1MzY3MjI4fQ.ixx_uK3-_5N3RxMxVCtJo0P6ikNNEs-dEHuWjRCzQqk
2021-03-03 17:07:19 INFO  UserInfoApiObject:48 - 查询所有用户信息ApiObject，请求携带token：eyJ0eXAiOiJKV1QiLCJhbGciOiJIUzI1NiJ9.eyJpZCI6IjEiLCJ1c2VyTmFtZSI6InhpYW9ob25nIiwiZXhwIjoxNjE1MzY3MjI4fQ.ixx_uK3-_5N3RxMxVCtJo0P6ikNNEs-dEHuWjRCzQqk
2021-03-03 17:07:20 INFO  MustacheUtils:43 - 读取模板文件:mustache/userInfo.mustache，替换的内容:{"userName":"王桂芳","userId":62,"phoneNumber":"14508969338","email":"14587335616@qq.com"}
2021-03-03 17:07:20 INFO  UserInfoApiObject:27 - 创建用户信息ApiObject，请求主体：{
"userId":62,
"userName":"王桂芳",
"email":"14587335616@qq.com",
"phone":"14508969338",
"friends":[
{
"userId":11,
"userName":"小红喵",
"email":"xiaohongmiao@qq.com",
"phone":"18623456555"
},
{
"userId":12,
"userName":"小红旺",
"email":"xiaohongwang@qq.com",
"phone":"18623456566"
}
]
},请求携带token：eyJ0eXAiOiJKV1QiLCJhbGciOiJIUzI1NiJ9.eyJpZCI6IjEiLCJ1c2VyTmFtZSI6InhpYW9ob25nIiwiZXhwIjoxNjE1MzY3MjI4fQ.ixx_uK3-_5N3RxMxVCtJo0P6ikNNEs-dEHuWjRCzQqk
2021-03-03 17:07:20 INFO  UserInfoApiObject:48 - 查询所有用户信息ApiObject，请求携带token：eyJ0eXAiOiJKV1QiLCJhbGciOiJIUzI1NiJ9.eyJpZCI6IjEiLCJ1c2VyTmFtZSI6InhpYW9ob25nIiwiZXhwIjoxNjE1MzY3MjI4fQ.ixx_uK3-_5N3RxMxVCtJo0P6ikNNEs-dEHuWjRCzQqk
2021-03-03 17:07:20 INFO  UserInfoApiObjectTest:125 - 获取到的UserId：62
2021-03-03 17:07:20 INFO  UserInfoApiObjectTest:132 - 更新用户信息请求body：{"userName":"小红红","userId":62,"phone":"18623456543","email":"xiaohong红@qq.com"}
2021-03-03 17:07:20 INFO  UserInfoApiObjectTest:133 - 通过UserId更新用户信息
2021-03-03 17:07:20 INFO  UserInfoApiObject:91 - 通过userId更新用户信息ApiObject，请求UserId：62，请求更新用户信息主体：{
    "userId":62,
    "userName":"小红红",
    "email":"xiaohong红@qq.com",
    "phone":"18623456543"
}，请求携带token：eyJ0eXAiOiJKV1QiLCJhbGciOiJIUzI1NiJ9.eyJpZCI6IjEiLCJ1c2VyTmFtZSI6InhpYW9ob25nIiwiZXhwIjoxNjE1MzY3MjI4fQ.ixx_uK3-_5N3RxMxVCtJo0P6ikNNEs-dEHuWjRCzQqk
2021-03-03 17:07:20 INFO  UserInfoApiObjectTest:136 - 通过UserId更新用户信息接口返回信息：{
    "code": "00000",
    "message": "成功",
    "data": {
        "userId": 62,
        "userName": "小红红",
        "email": "xiaohong红@qq.com",
        "phone": "18623456543",
        "friends": null
    },
    "success": true
}
2021-03-03 17:07:20 INFO  UserInfoApiObject:48 - 查询所有用户信息ApiObject，请求携带token：eyJ0eXAiOiJKV1QiLCJhbGciOiJIUzI1NiJ9.eyJpZCI6IjEiLCJ1c2VyTmFtZSI6InhpYW9ob25nIiwiZXhwIjoxNjE1MzY3MjI4fQ.ixx_uK3-_5N3RxMxVCtJo0P6ikNNEs-dEHuWjRCzQqk
2021-03-03 17:07:20 INFO  UserInfoApiObject:113 - 通过userId删除用户信息ApiObject，请求UserId：62，请求携带token：eyJ0eXAiOiJKV1QiLCJhbGciOiJIUzI1NiJ9.eyJpZCI6IjEiLCJ1c2VyTmFtZSI6InhpYW9ob25nIiwiZXhwIjoxNjE1MzY3MjI4fQ.ixx_uK3-_5N3RxMxVCtJo0P6ikNNEs-dEHuWjRCzQqk
2021-03-03 17:07:25 INFO  UserInfoApiObject:48 - 查询所有用户信息ApiObject，请求携带token：eyJ0eXAiOiJKV1QiLCJhbGciOiJIUzI1NiJ9.eyJpZCI6IjEiLCJ1c2VyTmFtZSI6InhpYW9ob25nIiwiZXhwIjoxNjE1MzY3MjI4fQ.ixx_uK3-_5N3RxMxVCtJo0P6ikNNEs-dEHuWjRCzQqk
2021-03-03 17:07:26 INFO  MustacheUtils:43 - 读取模板文件:mustache/userInfo.mustache，替换的内容:{"userName":"刘冬梅","userId":35,"phoneNumber":"14745917872","email":"15337935465@qq.com"}
2021-03-03 17:07:26 INFO  UserInfoApiObjectTest:58 - 创建用户信息请求body：{"userName":"刘冬梅","userId":35,"friends":[{"userName":"小红喵","userId":11,"phone":"18623456555","email":"xiaohongmiao@qq.com"},{"userName":"小红旺","userId":12,"phone":"18623456566","email":"xiaohongwang@qq.com"}],"phone":"14745917872","email":"15337935465@qq.com"}
2021-03-03 17:07:26 INFO  MustacheUtils:43 - 读取模板文件:mustache/userInfo.mustache，替换的内容:{"userName":"施建平","userId":49,"phoneNumber":"15299816972","email":"14519663703@qq.com"}
2021-03-03 17:07:26 INFO  UserInfoApiObject:27 - 创建用户信息ApiObject，请求主体：{
"userId":49,
"userName":"施建平",
"email":"14519663703@qq.com",
"phone":"15299816972",
"friends":[
{
"userId":11,
"userName":"小红喵",
"email":"xiaohongmiao@qq.com",
"phone":"18623456555"
},
{
"userId":12,
"userName":"小红旺",
"email":"xiaohongwang@qq.com",
"phone":"18623456566"
}
]
},请求携带token：eyJ0eXAiOiJKV1QiLCJhbGciOiJIUzI1NiJ9.eyJpZCI6IjEiLCJ1c2VyTmFtZSI6InhpYW9ob25nIiwiZXhwIjoxNjE1MzY3MjI4fQ.ixx_uK3-_5N3RxMxVCtJo0P6ikNNEs-dEHuWjRCzQqk
2021-03-03 17:07:26 INFO  UserInfoApiObjectTest:60 - 创建用户信息接口返回信息：{
    "code": "00000",
    "message": "成功",
    "data": {
        "userId": 49,
        "userName": "施建平",
        "email": "14519663703@qq.com",
        "phone": "15299816972",
        "friends": [
            {
                "userId": 11,
                "userName": "小红喵",
                "email": "xiaohongmiao@qq.com",
                "phone": "18623456555",
                "friends": null
            },
            {
                "userId": 12,
                "userName": "小红旺",
                "email": "xiaohongwang@qq.com",
                "phone": "18623456566",
                "friends": null
            }
        ]
    },
    "success": true
}
2021-03-03 17:07:26 INFO  UserInfoApiObjectTest:61 - 创建用户信息测试结果断言
2021-03-03 17:07:26 INFO  UserInfoApiObject:48 - 查询所有用户信息ApiObject，请求携带token：eyJ0eXAiOiJKV1QiLCJhbGciOiJIUzI1NiJ9.eyJpZCI6IjEiLCJ1c2VyTmFtZSI6InhpYW9ob25nIiwiZXhwIjoxNjE1MzY3MjI4fQ.ixx_uK3-_5N3RxMxVCtJo0P6ikNNEs-dEHuWjRCzQqk
2021-03-03 17:07:26 INFO  UserInfoApiObject:113 - 通过userId删除用户信息ApiObject，请求UserId：49，请求携带token：eyJ0eXAiOiJKV1QiLCJhbGciOiJIUzI1NiJ9.eyJpZCI6IjEiLCJ1c2VyTmFtZSI6InhpYW9ob25nIiwiZXhwIjoxNjE1MzY3MjI4fQ.ixx_uK3-_5N3RxMxVCtJo0P6ikNNEs-dEHuWjRCzQqk
2021-03-03 17:07:31 INFO  UserInfoApiObject:48 - 查询所有用户信息ApiObject，请求携带token：eyJ0eXAiOiJKV1QiLCJhbGciOiJIUzI1NiJ9.eyJpZCI6IjEiLCJ1c2VyTmFtZSI6InhpYW9ob25nIiwiZXhwIjoxNjE1MzY3MjI4fQ.ixx_uK3-_5N3RxMxVCtJo0P6ikNNEs-dEHuWjRCzQqk
2021-03-03 17:07:32 INFO  MustacheUtils:43 - 读取模板文件:mustache/userInfo.mustache，替换的内容:{"userName":"赵海燕","userId":54,"phoneNumber":"13224615560","email":"13997640930@qq.com"}
2021-03-03 17:07:32 INFO  UserInfoApiObject:27 - 创建用户信息ApiObject，请求主体：{
"userId":54,
"userName":"赵海燕",
"email":"13997640930@qq.com",
"phone":"13224615560",
"friends":[
{
"userId":11,
"userName":"小红喵",
"email":"xiaohongmiao@qq.com",
"phone":"18623456555"
},
{
"userId":12,
"userName":"小红旺",
"email":"xiaohongwang@qq.com",
"phone":"18623456566"
}
]
},请求携带token：eyJ0eXAiOiJKV1QiLCJhbGciOiJIUzI1NiJ9.eyJpZCI6IjEiLCJ1c2VyTmFtZSI6InhpYW9ob25nIiwiZXhwIjoxNjE1MzY3MjI4fQ.ixx_uK3-_5N3RxMxVCtJo0P6ikNNEs-dEHuWjRCzQqk
2021-03-03 17:07:32 INFO  UserInfoApiObjectTest:81 - 查询所有用户信息
2021-03-03 17:07:32 INFO  UserInfoApiObject:48 - 查询所有用户信息ApiObject，请求携带token：eyJ0eXAiOiJKV1QiLCJhbGciOiJIUzI1NiJ9.eyJpZCI6IjEiLCJ1c2VyTmFtZSI6InhpYW9ob25nIiwiZXhwIjoxNjE1MzY3MjI4fQ.ixx_uK3-_5N3RxMxVCtJo0P6ikNNEs-dEHuWjRCzQqk
2021-03-03 17:07:32 INFO  UserInfoApiObjectTest:84 - 查询所有用户信息接口返回信息：{
    "code": "00000",
    "message": "成功",
    "data": [
        {
            "userId": 54,
            "userName": "赵海燕",
            "email": "13997640930@qq.com",
            "phone": "13224615560",
            "friends": [
                {
                    "userId": 11,
                    "userName": "小红喵",
                    "email": "xiaohongmiao@qq.com",
                    "phone": "18623456555",
                    "friends": null
                },
                {
                    "userId": 12,
                    "userName": "小红旺",
                    "email": "xiaohongwang@qq.com",
                    "phone": "18623456566",
                    "friends": null
                }
            ]
        }
    ],
    "success": true
}
2021-03-03 17:07:32 INFO  UserInfoApiObject:48 - 查询所有用户信息ApiObject，请求携带token：eyJ0eXAiOiJKV1QiLCJhbGciOiJIUzI1NiJ9.eyJpZCI6IjEiLCJ1c2VyTmFtZSI6InhpYW9ob25nIiwiZXhwIjoxNjE1MzY3MjI4fQ.ixx_uK3-_5N3RxMxVCtJo0P6ikNNEs-dEHuWjRCzQqk
2021-03-03 17:07:32 INFO  UserInfoApiObject:113 - 通过userId删除用户信息ApiObject，请求UserId：54，请求携带token：eyJ0eXAiOiJKV1QiLCJhbGciOiJIUzI1NiJ9.eyJpZCI6IjEiLCJ1c2VyTmFtZSI6InhpYW9ob25nIiwiZXhwIjoxNjE1MzY3MjI4fQ.ixx_uK3-_5N3RxMxVCtJo0P6ikNNEs-dEHuWjRCzQqk
2021-03-03 17:07:37 INFO  UserInfoApiObject:48 - 查询所有用户信息ApiObject，请求携带token：eyJ0eXAiOiJKV1QiLCJhbGciOiJIUzI1NiJ9.eyJpZCI6IjEiLCJ1c2VyTmFtZSI6InhpYW9ob25nIiwiZXhwIjoxNjE1MzY3MjI4fQ.ixx_uK3-_5N3RxMxVCtJo0P6ikNNEs-dEHuWjRCzQqk
2021-03-03 17:07:38 INFO  MustacheUtils:43 - 读取模板文件:mustache/userInfo.mustache，替换的内容:{"userName":"程亮","userId":59,"phoneNumber":"15239361263","email":"13197343864@qq.com"}
2021-03-03 17:07:38 INFO  UserInfoApiObject:27 - 创建用户信息ApiObject，请求主体：{
"userId":59,
"userName":"程亮",
"email":"13197343864@qq.com",
"phone":"15239361263",
"friends":[
{
"userId":11,
"userName":"小红喵",
"email":"xiaohongmiao@qq.com",
"phone":"18623456555"
},
{
"userId":12,
"userName":"小红旺",
"email":"xiaohongwang@qq.com",
"phone":"18623456566"
}
]
},请求携带token：eyJ0eXAiOiJKV1QiLCJhbGciOiJIUzI1NiJ9.eyJpZCI6IjEiLCJ1c2VyTmFtZSI6InhpYW9ob25nIiwiZXhwIjoxNjE1MzY3MjI4fQ.ixx_uK3-_5N3RxMxVCtJo0P6ikNNEs-dEHuWjRCzQqk
2021-03-03 17:07:38 INFO  UserInfoApiObject:48 - 查询所有用户信息ApiObject，请求携带token：eyJ0eXAiOiJKV1QiLCJhbGciOiJIUzI1NiJ9.eyJpZCI6IjEiLCJ1c2VyTmFtZSI6InhpYW9ob25nIiwiZXhwIjoxNjE1MzY3MjI4fQ.ixx_uK3-_5N3RxMxVCtJo0P6ikNNEs-dEHuWjRCzQqk
2021-03-03 17:07:38 INFO  UserInfoApiObjectTest:101 - 通过UserId查询用户信息
2021-03-03 17:07:38 INFO  UserInfoApiObjectTest:104 - 获取到的UserId：59
2021-03-03 17:07:38 INFO  UserInfoApiObject:69 - 通过userId查询用户信息ApiObject，请求UserId：59，请求携带token：eyJ0eXAiOiJKV1QiLCJhbGciOiJIUzI1NiJ9.eyJpZCI6IjEiLCJ1c2VyTmFtZSI6InhpYW9ob25nIiwiZXhwIjoxNjE1MzY3MjI4fQ.ixx_uK3-_5N3RxMxVCtJo0P6ikNNEs-dEHuWjRCzQqk
2021-03-03 17:07:38 INFO  UserInfoApiObjectTest:106 - 通过UserId查询用户信息接口返回信息：{
    "code": "00000",
    "message": "成功",
    "data": {
        "userId": 59,
        "userName": "程亮",
        "email": "13197343864@qq.com",
        "phone": "15239361263",
        "friends": [
            {
                "userId": 11,
                "userName": "小红喵",
                "email": "xiaohongmiao@qq.com",
                "phone": "18623456555",
                "friends": null
            },
            {
                "userId": 12,
                "userName": "小红旺",
                "email": "xiaohongwang@qq.com",
                "phone": "18623456566",
                "friends": null
            }
        ]
    },
    "success": true
}
2021-03-03 17:07:38 INFO  UserInfoApiObject:48 - 查询所有用户信息ApiObject，请求携带token：eyJ0eXAiOiJKV1QiLCJhbGciOiJIUzI1NiJ9.eyJpZCI6IjEiLCJ1c2VyTmFtZSI6InhpYW9ob25nIiwiZXhwIjoxNjE1MzY3MjI4fQ.ixx_uK3-_5N3RxMxVCtJo0P6ikNNEs-dEHuWjRCzQqk
2021-03-03 17:07:38 INFO  UserInfoApiObject:113 - 通过userId删除用户信息ApiObject，请求UserId：59，请求携带token：eyJ0eXAiOiJKV1QiLCJhbGciOiJIUzI1NiJ9.eyJpZCI6IjEiLCJ1c2VyTmFtZSI6InhpYW9ob25nIiwiZXhwIjoxNjE1MzY3MjI4fQ.ixx_uK3-_5N3RxMxVCtJo0P6ikNNEs-dEHuWjRCzQqk
2021-03-03 17:07:43 INFO  JsonPathUtils:54 - 读取JSON文件:/json/book.json，替换的内容:{"$.store.book[*].author":"测试作者"}
2021-03-03 17:07:48 INFO  JsonPathUtils:54 - 读取JSON文件:/json/book.json，替换的内容:{"$.store.*":"all change"}
2021-03-03 17:07:53 INFO  JsonPathUtils:54 - 读取JSON文件:/json/book.json，替换的内容:{"$..book[0,1]":"first two change"}
2021-03-03 17:07:58 INFO  MustacheUtils:43 - 读取模板文件:mustache/book.mustache，替换的内容:{"author":"mustacheAuthor","price":56.8}
2021-03-03 17:16:26 INFO  UserLoginApiObject:27 - 用户登录ApiObject，接口请求主体：{
    "username":"xiaohong",
    "password":"123123"
}
2021-03-03 17:16:29 INFO  CreateUserInfoThreadTest:58 - 获取接口token：eyJ0eXAiOiJKV1QiLCJhbGciOiJIUzI1NiJ9.eyJpZCI6IjEiLCJ1c2VyTmFtZSI6InhpYW9ob25nIiwiZXhwIjoxNjE1MzY3Nzg4fQ.rkUVKEeo5r-luDL5VN3WFPxoddRirNNq83V7CUsYiXM
2021-03-03 17:16:39 INFO  CreateUserInfoThreadTest:76 - 创建用户信息请求body：{"userName":"小红","userId":1,"friends":[{"userName":"小红喵","userId":11,"phone":"18623456555","email":"xiaohongmiao@qq.com"},{"userName":"小红旺","userId":12,"phone":"18623456566","email":"xiaohongwang@qq.com"}],"phone":"18623456543","email":"xiaohong@qq.com"}
2021-03-03 17:16:39 INFO  UserInfoApiObject:27 - 创建用户信息ApiObject，请求主体：{
    "userId":1,
    "userName":"小红",
    "email":"xiaohong@qq.com",
    "phone":"18623456543",
    "friends":[
        {
            "userId":11,
            "userName":"小红喵",
            "email":"xiaohongmiao@qq.com",
            "phone":"18623456555"
        },
        {
            "userId":12,
            "userName":"小红旺",
            "email":"xiaohongwang@qq.com",
            "phone":"18623456566"
        }
    ]
},请求携带token：eyJ0eXAiOiJKV1QiLCJhbGciOiJIUzI1NiJ9.eyJpZCI6IjEiLCJ1c2VyTmFtZSI6InhpYW9ob25nIiwiZXhwIjoxNjE1MzY3Nzg4fQ.rkUVKEeo5r-luDL5VN3WFPxoddRirNNq83V7CUsYiXM
2021-03-03 17:16:40 INFO  CreateUserInfoThreadTest:79 - 创建用户信息接口返回信息：{
    "code": "00000",
    "message": "成功",
    "data": {
        "userId": 1,
        "userName": "小红",
        "email": "xiaohong@qq.com",
        "phone": "18623456543",
        "friends": [
            {
                "userId": 11,
                "userName": "小红喵",
                "email": "xiaohongmiao@qq.com",
                "phone": "18623456555",
                "friends": null
            },
            {
                "userId": 12,
                "userName": "小红旺",
                "email": "xiaohongwang@qq.com",
                "phone": "18623456566",
                "friends": null
            }
        ]
    },
    "success": true
}
2021-03-03 17:16:40 INFO  CreateUserInfoThreadTest:80 - 创建用户信息测试结果断言
2021-03-03 17:16:45 INFO  CreateUserInfoThreadTest:76 - 创建用户信息请求body：{"userName":"小红","userId":1,"friends":[{"userName":"小红喵","userId":11,"phone":"18623456555","email":"xiaohongmiao@qq.com"},{"userName":"小红旺","userId":12,"phone":"18623456566","email":"xiaohongwang@qq.com"}],"phone":"18623456543","email":"xiaohong@qq.com"}
2021-03-03 17:16:45 INFO  UserInfoApiObject:27 - 创建用户信息ApiObject，请求主体：{
    "userId":1,
    "userName":"小红",
    "email":"xiaohong@qq.com",
    "phone":"18623456543",
    "friends":[
        {
            "userId":11,
            "userName":"小红喵",
            "email":"xiaohongmiao@qq.com",
            "phone":"18623456555"
        },
        {
            "userId":12,
            "userName":"小红旺",
            "email":"xiaohongwang@qq.com",
            "phone":"18623456566"
        }
    ]
},请求携带token：eyJ0eXAiOiJKV1QiLCJhbGciOiJIUzI1NiJ9.eyJpZCI6IjEiLCJ1c2VyTmFtZSI6InhpYW9ob25nIiwiZXhwIjoxNjE1MzY3Nzg4fQ.rkUVKEeo5r-luDL5VN3WFPxoddRirNNq83V7CUsYiXM
2021-03-03 17:16:45 INFO  CreateUserInfoThreadTest:79 - 创建用户信息接口返回信息：{
    "code": "00001",
    "message": "失败",
    "data": "用户已存在",
    "success": false
}
2021-03-03 17:16:45 INFO  CreateUserInfoThreadTest:80 - 创建用户信息测试结果断言
2021-03-03 17:16:50 INFO  CreateUserInfoThreadTest:76 - 创建用户信息请求body：{"userName":"小红","userId":1,"friends":[{"userName":"小红喵","userId":11,"phone":"18623456555","email":"xiaohongmiao@qq.com"},{"userName":"小红旺","userId":12,"phone":"18623456566","email":"xiaohongwang@qq.com"}],"phone":"18623456543","email":"xiaohong@qq.com"}
2021-03-03 17:16:50 INFO  UserInfoApiObject:27 - 创建用户信息ApiObject，请求主体：{
    "userId":1,
    "userName":"小红",
    "email":"xiaohong@qq.com",
    "phone":"18623456543",
    "friends":[
        {
            "userId":11,
            "userName":"小红喵",
            "email":"xiaohongmiao@qq.com",
            "phone":"18623456555"
        },
        {
            "userId":12,
            "userName":"小红旺",
            "email":"xiaohongwang@qq.com",
            "phone":"18623456566"
        }
    ]
},请求携带token：eyJ0eXAiOiJKV1QiLCJhbGciOiJIUzI1NiJ9.eyJpZCI6IjEiLCJ1c2VyTmFtZSI6InhpYW9ob25nIiwiZXhwIjoxNjE1MzY3Nzg4fQ.rkUVKEeo5r-luDL5VN3WFPxoddRirNNq83V7CUsYiXM
2021-03-03 17:16:50 INFO  CreateUserInfoThreadTest:79 - 创建用户信息接口返回信息：{
    "code": "00001",
    "message": "失败",
    "data": "用户已存在",
    "success": false
}
2021-03-03 17:16:50 INFO  CreateUserInfoThreadTest:80 - 创建用户信息测试结果断言
2021-03-03 17:16:50 INFO  UserLoginApiObject:27 - 用户登录ApiObject，接口请求主体：{
    "username":"xiaohong",
    "password":"123123"
}
2021-03-03 17:16:50 INFO  UserInfoApiObjectTest:37 - 获取接口token：eyJ0eXAiOiJKV1QiLCJhbGciOiJIUzI1NiJ9.eyJpZCI6IjEiLCJ1c2VyTmFtZSI6InhpYW9ob25nIiwiZXhwIjoxNjE1MzY3ODEwfQ.q5ed7sgawqjMUXGN4fMyPuxVkZHRTXiZ-MUXeFBMRRo
2021-03-03 17:16:55 INFO  UserInfoApiObject:48 - 查询所有用户信息ApiObject，请求携带token：eyJ0eXAiOiJKV1QiLCJhbGciOiJIUzI1NiJ9.eyJpZCI6IjEiLCJ1c2VyTmFtZSI6InhpYW9ob25nIiwiZXhwIjoxNjE1MzY3ODEwfQ.q5ed7sgawqjMUXGN4fMyPuxVkZHRTXiZ-MUXeFBMRRo
2021-03-03 17:16:55 INFO  UserInfoApiObject:113 - 通过userId删除用户信息ApiObject，请求UserId：1，请求携带token：eyJ0eXAiOiJKV1QiLCJhbGciOiJIUzI1NiJ9.eyJpZCI6IjEiLCJ1c2VyTmFtZSI6InhpYW9ob25nIiwiZXhwIjoxNjE1MzY3ODEwfQ.q5ed7sgawqjMUXGN4fMyPuxVkZHRTXiZ-MUXeFBMRRo
2021-03-03 17:16:56 INFO  MustacheUtils:43 - 读取模板文件:mustache/userInfo.mustache，替换的内容:{"userName":"徐岩","userId":95,"phoneNumber":"15886016530","email":"13398933466@qq.com"}
2021-03-03 17:16:56 INFO  UserInfoApiObject:27 - 创建用户信息ApiObject，请求主体：{
"userId":95,
"userName":"徐岩",
"email":"13398933466@qq.com",
"phone":"15886016530",
"friends":[
{
"userId":11,
"userName":"小红喵",
"email":"xiaohongmiao@qq.com",
"phone":"18623456555"
},
{
"userId":12,
"userName":"小红旺",
"email":"xiaohongwang@qq.com",
"phone":"18623456566"
}
]
},请求携带token：eyJ0eXAiOiJKV1QiLCJhbGciOiJIUzI1NiJ9.eyJpZCI6IjEiLCJ1c2VyTmFtZSI6InhpYW9ob25nIiwiZXhwIjoxNjE1MzY3ODEwfQ.q5ed7sgawqjMUXGN4fMyPuxVkZHRTXiZ-MUXeFBMRRo
2021-03-03 17:16:56 INFO  UserInfoApiObject:48 - 查询所有用户信息ApiObject，请求携带token：eyJ0eXAiOiJKV1QiLCJhbGciOiJIUzI1NiJ9.eyJpZCI6IjEiLCJ1c2VyTmFtZSI6InhpYW9ob25nIiwiZXhwIjoxNjE1MzY3ODEwfQ.q5ed7sgawqjMUXGN4fMyPuxVkZHRTXiZ-MUXeFBMRRo
2021-03-03 17:16:56 INFO  UserInfoApiObjectTest:155 - 获取到的UserId：95
2021-03-03 17:16:56 INFO  UserInfoApiObjectTest:156 - 通过UserId删除用户信息
2021-03-03 17:16:56 INFO  UserInfoApiObject:113 - 通过userId删除用户信息ApiObject，请求UserId：95，请求携带token：eyJ0eXAiOiJKV1QiLCJhbGciOiJIUzI1NiJ9.eyJpZCI6IjEiLCJ1c2VyTmFtZSI6InhpYW9ob25nIiwiZXhwIjoxNjE1MzY3ODEwfQ.q5ed7sgawqjMUXGN4fMyPuxVkZHRTXiZ-MUXeFBMRRo
2021-03-03 17:16:56 INFO  UserInfoApiObjectTest:159 - 通过UserId删除用户信息：{
    "code": "00000",
    "message": "成功",
    "data": {
        "userId": 95,
        "userName": "徐岩",
        "email": "13398933466@qq.com",
        "phone": "15886016530",
        "friends": [
            {
                "userId": 11,
                "userName": "小红喵",
                "email": "xiaohongmiao@qq.com",
                "phone": "18623456555",
                "friends": null
            },
            {
                "userId": 12,
                "userName": "小红旺",
                "email": "xiaohongwang@qq.com",
                "phone": "18623456566",
                "friends": null
            }
        ]
    },
    "success": true
}
2021-03-03 17:16:56 INFO  UserInfoApiObject:48 - 查询所有用户信息ApiObject，请求携带token：eyJ0eXAiOiJKV1QiLCJhbGciOiJIUzI1NiJ9.eyJpZCI6IjEiLCJ1c2VyTmFtZSI6InhpYW9ob25nIiwiZXhwIjoxNjE1MzY3ODEwfQ.q5ed7sgawqjMUXGN4fMyPuxVkZHRTXiZ-MUXeFBMRRo
2021-03-03 17:17:01 INFO  UserInfoApiObject:48 - 查询所有用户信息ApiObject，请求携带token：eyJ0eXAiOiJKV1QiLCJhbGciOiJIUzI1NiJ9.eyJpZCI6IjEiLCJ1c2VyTmFtZSI6InhpYW9ob25nIiwiZXhwIjoxNjE1MzY3ODEwfQ.q5ed7sgawqjMUXGN4fMyPuxVkZHRTXiZ-MUXeFBMRRo
2021-03-03 17:17:02 INFO  MustacheUtils:43 - 读取模板文件:mustache/userInfo.mustache，替换的内容:{"userName":"马坤","userId":38,"phoneNumber":"18739513656","email":"13675233941@qq.com"}
2021-03-03 17:17:02 INFO  UserInfoApiObject:27 - 创建用户信息ApiObject，请求主体：{
"userId":38,
"userName":"马坤",
"email":"13675233941@qq.com",
"phone":"18739513656",
"friends":[
{
"userId":11,
"userName":"小红喵",
"email":"xiaohongmiao@qq.com",
"phone":"18623456555"
},
{
"userId":12,
"userName":"小红旺",
"email":"xiaohongwang@qq.com",
"phone":"18623456566"
}
]
},请求携带token：eyJ0eXAiOiJKV1QiLCJhbGciOiJIUzI1NiJ9.eyJpZCI6IjEiLCJ1c2VyTmFtZSI6InhpYW9ob25nIiwiZXhwIjoxNjE1MzY3ODEwfQ.q5ed7sgawqjMUXGN4fMyPuxVkZHRTXiZ-MUXeFBMRRo
2021-03-03 17:17:02 INFO  UserInfoApiObject:48 - 查询所有用户信息ApiObject，请求携带token：eyJ0eXAiOiJKV1QiLCJhbGciOiJIUzI1NiJ9.eyJpZCI6IjEiLCJ1c2VyTmFtZSI6InhpYW9ob25nIiwiZXhwIjoxNjE1MzY3ODEwfQ.q5ed7sgawqjMUXGN4fMyPuxVkZHRTXiZ-MUXeFBMRRo
2021-03-03 17:17:02 INFO  UserInfoApiObjectTest:125 - 获取到的UserId：38
2021-03-03 17:17:02 INFO  UserInfoApiObjectTest:132 - 更新用户信息请求body：{"userName":"小红红","userId":38,"phone":"18623456543","email":"xiaohong红@qq.com"}
2021-03-03 17:17:02 INFO  UserInfoApiObjectTest:133 - 通过UserId更新用户信息
2021-03-03 17:17:02 INFO  UserInfoApiObject:91 - 通过userId更新用户信息ApiObject，请求UserId：38，请求更新用户信息主体：{
    "userId":38,
    "userName":"小红红",
    "email":"xiaohong红@qq.com",
    "phone":"18623456543"
}，请求携带token：eyJ0eXAiOiJKV1QiLCJhbGciOiJIUzI1NiJ9.eyJpZCI6IjEiLCJ1c2VyTmFtZSI6InhpYW9ob25nIiwiZXhwIjoxNjE1MzY3ODEwfQ.q5ed7sgawqjMUXGN4fMyPuxVkZHRTXiZ-MUXeFBMRRo
2021-03-03 17:17:02 INFO  UserInfoApiObjectTest:136 - 通过UserId更新用户信息接口返回信息：{
    "code": "00000",
    "message": "成功",
    "data": {
        "userId": 38,
        "userName": "小红红",
        "email": "xiaohong红@qq.com",
        "phone": "18623456543",
        "friends": null
    },
    "success": true
}
2021-03-03 17:17:02 INFO  UserInfoApiObject:48 - 查询所有用户信息ApiObject，请求携带token：eyJ0eXAiOiJKV1QiLCJhbGciOiJIUzI1NiJ9.eyJpZCI6IjEiLCJ1c2VyTmFtZSI6InhpYW9ob25nIiwiZXhwIjoxNjE1MzY3ODEwfQ.q5ed7sgawqjMUXGN4fMyPuxVkZHRTXiZ-MUXeFBMRRo
2021-03-03 17:17:02 INFO  UserInfoApiObject:113 - 通过userId删除用户信息ApiObject，请求UserId：38，请求携带token：eyJ0eXAiOiJKV1QiLCJhbGciOiJIUzI1NiJ9.eyJpZCI6IjEiLCJ1c2VyTmFtZSI6InhpYW9ob25nIiwiZXhwIjoxNjE1MzY3ODEwfQ.q5ed7sgawqjMUXGN4fMyPuxVkZHRTXiZ-MUXeFBMRRo
2021-03-03 17:17:07 INFO  UserInfoApiObject:48 - 查询所有用户信息ApiObject，请求携带token：eyJ0eXAiOiJKV1QiLCJhbGciOiJIUzI1NiJ9.eyJpZCI6IjEiLCJ1c2VyTmFtZSI6InhpYW9ob25nIiwiZXhwIjoxNjE1MzY3ODEwfQ.q5ed7sgawqjMUXGN4fMyPuxVkZHRTXiZ-MUXeFBMRRo
2021-03-03 17:17:08 INFO  MustacheUtils:43 - 读取模板文件:mustache/userInfo.mustache，替换的内容:{"userName":"胡刚","userId":82,"phoneNumber":"13787013528","email":"13497370019@qq.com"}
2021-03-03 17:17:08 INFO  UserInfoApiObjectTest:58 - 创建用户信息请求body：{"userName":"胡刚","userId":82,"friends":[{"userName":"小红喵","userId":11,"phone":"18623456555","email":"xiaohongmiao@qq.com"},{"userName":"小红旺","userId":12,"phone":"18623456566","email":"xiaohongwang@qq.com"}],"phone":"13787013528","email":"13497370019@qq.com"}
2021-03-03 17:17:08 INFO  MustacheUtils:43 - 读取模板文件:mustache/userInfo.mustache，替换的内容:{"userName":"胡桂兰","userId":28,"phoneNumber":"13504803451","email":"15693177606@qq.com"}
2021-03-03 17:17:08 INFO  UserInfoApiObject:27 - 创建用户信息ApiObject，请求主体：{
"userId":28,
"userName":"胡桂兰",
"email":"15693177606@qq.com",
"phone":"13504803451",
"friends":[
{
"userId":11,
"userName":"小红喵",
"email":"xiaohongmiao@qq.com",
"phone":"18623456555"
},
{
"userId":12,
"userName":"小红旺",
"email":"xiaohongwang@qq.com",
"phone":"18623456566"
}
]
},请求携带token：eyJ0eXAiOiJKV1QiLCJhbGciOiJIUzI1NiJ9.eyJpZCI6IjEiLCJ1c2VyTmFtZSI6InhpYW9ob25nIiwiZXhwIjoxNjE1MzY3ODEwfQ.q5ed7sgawqjMUXGN4fMyPuxVkZHRTXiZ-MUXeFBMRRo
2021-03-03 17:17:08 INFO  UserInfoApiObjectTest:60 - 创建用户信息接口返回信息：{
    "code": "00000",
    "message": "成功",
    "data": {
        "userId": 28,
        "userName": "胡桂兰",
        "email": "15693177606@qq.com",
        "phone": "13504803451",
        "friends": [
            {
                "userId": 11,
                "userName": "小红喵",
                "email": "xiaohongmiao@qq.com",
                "phone": "18623456555",
                "friends": null
            },
            {
                "userId": 12,
                "userName": "小红旺",
                "email": "xiaohongwang@qq.com",
                "phone": "18623456566",
                "friends": null
            }
        ]
    },
    "success": true
}
2021-03-03 17:17:08 INFO  UserInfoApiObjectTest:61 - 创建用户信息测试结果断言
2021-03-03 17:17:08 INFO  UserInfoApiObject:48 - 查询所有用户信息ApiObject，请求携带token：eyJ0eXAiOiJKV1QiLCJhbGciOiJIUzI1NiJ9.eyJpZCI6IjEiLCJ1c2VyTmFtZSI6InhpYW9ob25nIiwiZXhwIjoxNjE1MzY3ODEwfQ.q5ed7sgawqjMUXGN4fMyPuxVkZHRTXiZ-MUXeFBMRRo
2021-03-03 17:17:08 INFO  UserInfoApiObject:113 - 通过userId删除用户信息ApiObject，请求UserId：28，请求携带token：eyJ0eXAiOiJKV1QiLCJhbGciOiJIUzI1NiJ9.eyJpZCI6IjEiLCJ1c2VyTmFtZSI6InhpYW9ob25nIiwiZXhwIjoxNjE1MzY3ODEwfQ.q5ed7sgawqjMUXGN4fMyPuxVkZHRTXiZ-MUXeFBMRRo
2021-03-03 17:17:13 INFO  UserInfoApiObject:48 - 查询所有用户信息ApiObject，请求携带token：eyJ0eXAiOiJKV1QiLCJhbGciOiJIUzI1NiJ9.eyJpZCI6IjEiLCJ1c2VyTmFtZSI6InhpYW9ob25nIiwiZXhwIjoxNjE1MzY3ODEwfQ.q5ed7sgawqjMUXGN4fMyPuxVkZHRTXiZ-MUXeFBMRRo
2021-03-03 17:17:14 INFO  MustacheUtils:43 - 读取模板文件:mustache/userInfo.mustache，替换的内容:{"userName":"李博","userId":54,"phoneNumber":"13533637032","email":"18565845338@qq.com"}
2021-03-03 17:17:14 INFO  UserInfoApiObject:27 - 创建用户信息ApiObject，请求主体：{
"userId":54,
"userName":"李博",
"email":"18565845338@qq.com",
"phone":"13533637032",
"friends":[
{
"userId":11,
"userName":"小红喵",
"email":"xiaohongmiao@qq.com",
"phone":"18623456555"
},
{
"userId":12,
"userName":"小红旺",
"email":"xiaohongwang@qq.com",
"phone":"18623456566"
}
]
},请求携带token：eyJ0eXAiOiJKV1QiLCJhbGciOiJIUzI1NiJ9.eyJpZCI6IjEiLCJ1c2VyTmFtZSI6InhpYW9ob25nIiwiZXhwIjoxNjE1MzY3ODEwfQ.q5ed7sgawqjMUXGN4fMyPuxVkZHRTXiZ-MUXeFBMRRo
2021-03-03 17:17:14 INFO  UserInfoApiObjectTest:81 - 查询所有用户信息
2021-03-03 17:17:14 INFO  UserInfoApiObject:48 - 查询所有用户信息ApiObject，请求携带token：eyJ0eXAiOiJKV1QiLCJhbGciOiJIUzI1NiJ9.eyJpZCI6IjEiLCJ1c2VyTmFtZSI6InhpYW9ob25nIiwiZXhwIjoxNjE1MzY3ODEwfQ.q5ed7sgawqjMUXGN4fMyPuxVkZHRTXiZ-MUXeFBMRRo
2021-03-03 17:17:14 INFO  UserInfoApiObjectTest:84 - 查询所有用户信息接口返回信息：{
    "code": "00000",
    "message": "成功",
    "data": [
        {
            "userId": 54,
            "userName": "李博",
            "email": "18565845338@qq.com",
            "phone": "13533637032",
            "friends": [
                {
                    "userId": 11,
                    "userName": "小红喵",
                    "email": "xiaohongmiao@qq.com",
                    "phone": "18623456555",
                    "friends": null
                },
                {
                    "userId": 12,
                    "userName": "小红旺",
                    "email": "xiaohongwang@qq.com",
                    "phone": "18623456566",
                    "friends": null
                }
            ]
        }
    ],
    "success": true
}
2021-03-03 17:17:14 INFO  UserInfoApiObject:48 - 查询所有用户信息ApiObject，请求携带token：eyJ0eXAiOiJKV1QiLCJhbGciOiJIUzI1NiJ9.eyJpZCI6IjEiLCJ1c2VyTmFtZSI6InhpYW9ob25nIiwiZXhwIjoxNjE1MzY3ODEwfQ.q5ed7sgawqjMUXGN4fMyPuxVkZHRTXiZ-MUXeFBMRRo
2021-03-03 17:17:14 INFO  UserInfoApiObject:113 - 通过userId删除用户信息ApiObject，请求UserId：54，请求携带token：eyJ0eXAiOiJKV1QiLCJhbGciOiJIUzI1NiJ9.eyJpZCI6IjEiLCJ1c2VyTmFtZSI6InhpYW9ob25nIiwiZXhwIjoxNjE1MzY3ODEwfQ.q5ed7sgawqjMUXGN4fMyPuxVkZHRTXiZ-MUXeFBMRRo
2021-03-03 17:17:19 INFO  UserInfoApiObject:48 - 查询所有用户信息ApiObject，请求携带token：eyJ0eXAiOiJKV1QiLCJhbGciOiJIUzI1NiJ9.eyJpZCI6IjEiLCJ1c2VyTmFtZSI6InhpYW9ob25nIiwiZXhwIjoxNjE1MzY3ODEwfQ.q5ed7sgawqjMUXGN4fMyPuxVkZHRTXiZ-MUXeFBMRRo
2021-03-03 17:17:20 INFO  MustacheUtils:43 - 读取模板文件:mustache/userInfo.mustache，替换的内容:{"userName":"杨波","userId":40,"phoneNumber":"13324134200","email":"15147072064@qq.com"}
2021-03-03 17:17:20 INFO  UserInfoApiObject:27 - 创建用户信息ApiObject，请求主体：{
"userId":40,
"userName":"杨波",
"email":"15147072064@qq.com",
"phone":"13324134200",
"friends":[
{
"userId":11,
"userName":"小红喵",
"email":"xiaohongmiao@qq.com",
"phone":"18623456555"
},
{
"userId":12,
"userName":"小红旺",
"email":"xiaohongwang@qq.com",
"phone":"18623456566"
}
]
},请求携带token：eyJ0eXAiOiJKV1QiLCJhbGciOiJIUzI1NiJ9.eyJpZCI6IjEiLCJ1c2VyTmFtZSI6InhpYW9ob25nIiwiZXhwIjoxNjE1MzY3ODEwfQ.q5ed7sgawqjMUXGN4fMyPuxVkZHRTXiZ-MUXeFBMRRo
2021-03-03 17:17:20 INFO  UserInfoApiObject:48 - 查询所有用户信息ApiObject，请求携带token：eyJ0eXAiOiJKV1QiLCJhbGciOiJIUzI1NiJ9.eyJpZCI6IjEiLCJ1c2VyTmFtZSI6InhpYW9ob25nIiwiZXhwIjoxNjE1MzY3ODEwfQ.q5ed7sgawqjMUXGN4fMyPuxVkZHRTXiZ-MUXeFBMRRo
2021-03-03 17:17:20 INFO  UserInfoApiObjectTest:101 - 通过UserId查询用户信息
2021-03-03 17:17:20 INFO  UserInfoApiObjectTest:104 - 获取到的UserId：40
2021-03-03 17:17:20 INFO  UserInfoApiObject:69 - 通过userId查询用户信息ApiObject，请求UserId：40，请求携带token：eyJ0eXAiOiJKV1QiLCJhbGciOiJIUzI1NiJ9.eyJpZCI6IjEiLCJ1c2VyTmFtZSI6InhpYW9ob25nIiwiZXhwIjoxNjE1MzY3ODEwfQ.q5ed7sgawqjMUXGN4fMyPuxVkZHRTXiZ-MUXeFBMRRo
2021-03-03 17:17:20 INFO  UserInfoApiObjectTest:106 - 通过UserId查询用户信息接口返回信息：{
    "code": "00000",
    "message": "成功",
    "data": {
        "userId": 40,
        "userName": "杨波",
        "email": "15147072064@qq.com",
        "phone": "13324134200",
        "friends": [
            {
                "userId": 11,
                "userName": "小红喵",
                "email": "xiaohongmiao@qq.com",
                "phone": "18623456555",
                "friends": null
            },
            {
                "userId": 12,
                "userName": "小红旺",
                "email": "xiaohongwang@qq.com",
                "phone": "18623456566",
                "friends": null
            }
        ]
    },
    "success": true
}
2021-03-03 17:17:20 INFO  UserInfoApiObject:48 - 查询所有用户信息ApiObject，请求携带token：eyJ0eXAiOiJKV1QiLCJhbGciOiJIUzI1NiJ9.eyJpZCI6IjEiLCJ1c2VyTmFtZSI6InhpYW9ob25nIiwiZXhwIjoxNjE1MzY3ODEwfQ.q5ed7sgawqjMUXGN4fMyPuxVkZHRTXiZ-MUXeFBMRRo
2021-03-03 17:17:20 INFO  UserInfoApiObject:113 - 通过userId删除用户信息ApiObject，请求UserId：40，请求携带token：eyJ0eXAiOiJKV1QiLCJhbGciOiJIUzI1NiJ9.eyJpZCI6IjEiLCJ1c2VyTmFtZSI6InhpYW9ob25nIiwiZXhwIjoxNjE1MzY3ODEwfQ.q5ed7sgawqjMUXGN4fMyPuxVkZHRTXiZ-MUXeFBMRRo
2021-03-03 17:17:25 INFO  JsonPathUtils:54 - 读取JSON文件:/json/book.json，替换的内容:{"$.store.book[*].author":"测试作者"}
2021-03-03 17:17:30 INFO  JsonPathUtils:54 - 读取JSON文件:/json/book.json，替换的内容:{"$.store.*":"all change"}
2021-03-03 17:17:35 INFO  JsonPathUtils:54 - 读取JSON文件:/json/book.json，替换的内容:{"$..book[0,1]":"first two change"}
2021-03-03 17:17:40 INFO  MustacheUtils:43 - 读取模板文件:mustache/book.mustache，替换的内容:{"author":"mustacheAuthor","price":56.8}
2021-03-03 17:18:03 INFO  UserLoginApiObject:27 - 用户登录ApiObject，接口请求主体：{
    "username":"xiaohong",
    "password":"123123"
}
2021-03-03 17:18:05 INFO  CreateUserInfoThreadTest:58 - 获取接口token：eyJ0eXAiOiJKV1QiLCJhbGciOiJIUzI1NiJ9.eyJpZCI6IjEiLCJ1c2VyTmFtZSI6InhpYW9ob25nIiwiZXhwIjoxNjE1MzY3ODg0fQ.lTrBZJDlIeuFJ-TdL6hKFxIIeMGgr2UqUm-3AR6YdfM
2021-03-03 17:18:15 INFO  CreateUserInfoThreadTest:76 - 创建用户信息请求body：{"userName":"小红","userId":1,"friends":[{"userName":"小红喵","userId":11,"phone":"18623456555","email":"xiaohongmiao@qq.com"},{"userName":"小红旺","userId":12,"phone":"18623456566","email":"xiaohongwang@qq.com"}],"phone":"18623456543","email":"xiaohong@qq.com"}
2021-03-03 17:18:15 INFO  UserInfoApiObject:27 - 创建用户信息ApiObject，请求主体：{
    "userId":1,
    "userName":"小红",
    "email":"xiaohong@qq.com",
    "phone":"18623456543",
    "friends":[
        {
            "userId":11,
            "userName":"小红喵",
            "email":"xiaohongmiao@qq.com",
            "phone":"18623456555"
        },
        {
            "userId":12,
            "userName":"小红旺",
            "email":"xiaohongwang@qq.com",
            "phone":"18623456566"
        }
    ]
},请求携带token：eyJ0eXAiOiJKV1QiLCJhbGciOiJIUzI1NiJ9.eyJpZCI6IjEiLCJ1c2VyTmFtZSI6InhpYW9ob25nIiwiZXhwIjoxNjE1MzY3ODg0fQ.lTrBZJDlIeuFJ-TdL6hKFxIIeMGgr2UqUm-3AR6YdfM
2021-03-03 17:18:15 INFO  CreateUserInfoThreadTest:79 - 创建用户信息接口返回信息：{
    "code": "00000",
    "message": "成功",
    "data": {
        "userId": 1,
        "userName": "小红",
        "email": "xiaohong@qq.com",
        "phone": "18623456543",
        "friends": [
            {
                "userId": 11,
                "userName": "小红喵",
                "email": "xiaohongmiao@qq.com",
                "phone": "18623456555",
                "friends": null
            },
            {
                "userId": 12,
                "userName": "小红旺",
                "email": "xiaohongwang@qq.com",
                "phone": "18623456566",
                "friends": null
            }
        ]
    },
    "success": true
}
2021-03-03 17:18:15 INFO  CreateUserInfoThreadTest:80 - 创建用户信息测试结果断言
2021-03-03 17:18:20 INFO  CreateUserInfoThreadTest:76 - 创建用户信息请求body：{"userName":"小红","userId":1,"friends":[{"userName":"小红喵","userId":11,"phone":"18623456555","email":"xiaohongmiao@qq.com"},{"userName":"小红旺","userId":12,"phone":"18623456566","email":"xiaohongwang@qq.com"}],"phone":"18623456543","email":"xiaohong@qq.com"}
2021-03-03 17:18:20 INFO  UserInfoApiObject:27 - 创建用户信息ApiObject，请求主体：{
    "userId":1,
    "userName":"小红",
    "email":"xiaohong@qq.com",
    "phone":"18623456543",
    "friends":[
        {
            "userId":11,
            "userName":"小红喵",
            "email":"xiaohongmiao@qq.com",
            "phone":"18623456555"
        },
        {
            "userId":12,
            "userName":"小红旺",
            "email":"xiaohongwang@qq.com",
            "phone":"18623456566"
        }
    ]
},请求携带token：eyJ0eXAiOiJKV1QiLCJhbGciOiJIUzI1NiJ9.eyJpZCI6IjEiLCJ1c2VyTmFtZSI6InhpYW9ob25nIiwiZXhwIjoxNjE1MzY3ODg0fQ.lTrBZJDlIeuFJ-TdL6hKFxIIeMGgr2UqUm-3AR6YdfM
2021-03-03 17:18:20 INFO  CreateUserInfoThreadTest:79 - 创建用户信息接口返回信息：{
    "code": "00001",
    "message": "失败",
    "data": "用户已存在",
    "success": false
}
2021-03-03 17:18:20 INFO  CreateUserInfoThreadTest:80 - 创建用户信息测试结果断言
2021-03-03 17:18:25 INFO  CreateUserInfoThreadTest:76 - 创建用户信息请求body：{"userName":"小红","userId":1,"friends":[{"userName":"小红喵","userId":11,"phone":"18623456555","email":"xiaohongmiao@qq.com"},{"userName":"小红旺","userId":12,"phone":"18623456566","email":"xiaohongwang@qq.com"}],"phone":"18623456543","email":"xiaohong@qq.com"}
2021-03-03 17:18:25 INFO  UserInfoApiObject:27 - 创建用户信息ApiObject，请求主体：{
    "userId":1,
    "userName":"小红",
    "email":"xiaohong@qq.com",
    "phone":"18623456543",
    "friends":[
        {
            "userId":11,
            "userName":"小红喵",
            "email":"xiaohongmiao@qq.com",
            "phone":"18623456555"
        },
        {
            "userId":12,
            "userName":"小红旺",
            "email":"xiaohongwang@qq.com",
            "phone":"18623456566"
        }
    ]
},请求携带token：eyJ0eXAiOiJKV1QiLCJhbGciOiJIUzI1NiJ9.eyJpZCI6IjEiLCJ1c2VyTmFtZSI6InhpYW9ob25nIiwiZXhwIjoxNjE1MzY3ODg0fQ.lTrBZJDlIeuFJ-TdL6hKFxIIeMGgr2UqUm-3AR6YdfM
2021-03-03 17:18:25 INFO  CreateUserInfoThreadTest:79 - 创建用户信息接口返回信息：{
    "code": "00001",
    "message": "失败",
    "data": "用户已存在",
    "success": false
}
2021-03-03 17:18:25 INFO  CreateUserInfoThreadTest:80 - 创建用户信息测试结果断言
2021-03-03 17:18:26 INFO  UserLoginApiObject:27 - 用户登录ApiObject，接口请求主体：{
    "username":"xiaohong",
    "password":"123123"
}
2021-03-03 17:18:26 INFO  UserInfoApiObjectTest:37 - 获取接口token：eyJ0eXAiOiJKV1QiLCJhbGciOiJIUzI1NiJ9.eyJpZCI6IjEiLCJ1c2VyTmFtZSI6InhpYW9ob25nIiwiZXhwIjoxNjE1MzY3OTA2fQ.2Pxz4xjMZEbD0Sbi_5naKoOkl22sdHhfc6AisI2eK7c
2021-03-03 17:18:31 INFO  UserInfoApiObject:48 - 查询所有用户信息ApiObject，请求携带token：eyJ0eXAiOiJKV1QiLCJhbGciOiJIUzI1NiJ9.eyJpZCI6IjEiLCJ1c2VyTmFtZSI6InhpYW9ob25nIiwiZXhwIjoxNjE1MzY3OTA2fQ.2Pxz4xjMZEbD0Sbi_5naKoOkl22sdHhfc6AisI2eK7c
2021-03-03 17:18:31 INFO  UserInfoApiObject:113 - 通过userId删除用户信息ApiObject，请求UserId：1，请求携带token：eyJ0eXAiOiJKV1QiLCJhbGciOiJIUzI1NiJ9.eyJpZCI6IjEiLCJ1c2VyTmFtZSI6InhpYW9ob25nIiwiZXhwIjoxNjE1MzY3OTA2fQ.2Pxz4xjMZEbD0Sbi_5naKoOkl22sdHhfc6AisI2eK7c
2021-03-03 17:18:31 INFO  MustacheUtils:43 - 读取模板文件:mustache/userInfo.mustache，替换的内容:{"userName":"周阳","userId":37,"phoneNumber":"13945355725","email":"13584354253@qq.com"}
2021-03-03 17:18:31 INFO  UserInfoApiObject:27 - 创建用户信息ApiObject，请求主体：{
"userId":37,
"userName":"周阳",
"email":"13584354253@qq.com",
"phone":"13945355725",
"friends":[
{
"userId":11,
"userName":"小红喵",
"email":"xiaohongmiao@qq.com",
"phone":"18623456555"
},
{
"userId":12,
"userName":"小红旺",
"email":"xiaohongwang@qq.com",
"phone":"18623456566"
}
]
},请求携带token：eyJ0eXAiOiJKV1QiLCJhbGciOiJIUzI1NiJ9.eyJpZCI6IjEiLCJ1c2VyTmFtZSI6InhpYW9ob25nIiwiZXhwIjoxNjE1MzY3OTA2fQ.2Pxz4xjMZEbD0Sbi_5naKoOkl22sdHhfc6AisI2eK7c
2021-03-03 17:18:31 INFO  UserInfoApiObject:48 - 查询所有用户信息ApiObject，请求携带token：eyJ0eXAiOiJKV1QiLCJhbGciOiJIUzI1NiJ9.eyJpZCI6IjEiLCJ1c2VyTmFtZSI6InhpYW9ob25nIiwiZXhwIjoxNjE1MzY3OTA2fQ.2Pxz4xjMZEbD0Sbi_5naKoOkl22sdHhfc6AisI2eK7c
2021-03-03 17:18:31 INFO  UserInfoApiObjectTest:155 - 获取到的UserId：37
2021-03-03 17:18:31 INFO  UserInfoApiObjectTest:156 - 通过UserId删除用户信息
2021-03-03 17:18:31 INFO  UserInfoApiObject:113 - 通过userId删除用户信息ApiObject，请求UserId：37，请求携带token：eyJ0eXAiOiJKV1QiLCJhbGciOiJIUzI1NiJ9.eyJpZCI6IjEiLCJ1c2VyTmFtZSI6InhpYW9ob25nIiwiZXhwIjoxNjE1MzY3OTA2fQ.2Pxz4xjMZEbD0Sbi_5naKoOkl22sdHhfc6AisI2eK7c
2021-03-03 17:18:31 INFO  UserInfoApiObjectTest:159 - 通过UserId删除用户信息：{
    "code": "00000",
    "message": "成功",
    "data": {
        "userId": 37,
        "userName": "周阳",
        "email": "13584354253@qq.com",
        "phone": "13945355725",
        "friends": [
            {
                "userId": 11,
                "userName": "小红喵",
                "email": "xiaohongmiao@qq.com",
                "phone": "18623456555",
                "friends": null
            },
            {
                "userId": 12,
                "userName": "小红旺",
                "email": "xiaohongwang@qq.com",
                "phone": "18623456566",
                "friends": null
            }
        ]
    },
    "success": true
}
2021-03-03 17:18:32 INFO  UserInfoApiObject:48 - 查询所有用户信息ApiObject，请求携带token：eyJ0eXAiOiJKV1QiLCJhbGciOiJIUzI1NiJ9.eyJpZCI6IjEiLCJ1c2VyTmFtZSI6InhpYW9ob25nIiwiZXhwIjoxNjE1MzY3OTA2fQ.2Pxz4xjMZEbD0Sbi_5naKoOkl22sdHhfc6AisI2eK7c
2021-03-03 17:18:37 INFO  UserInfoApiObject:48 - 查询所有用户信息ApiObject，请求携带token：eyJ0eXAiOiJKV1QiLCJhbGciOiJIUzI1NiJ9.eyJpZCI6IjEiLCJ1c2VyTmFtZSI6InhpYW9ob25nIiwiZXhwIjoxNjE1MzY3OTA2fQ.2Pxz4xjMZEbD0Sbi_5naKoOkl22sdHhfc6AisI2eK7c
2021-03-03 17:18:37 INFO  MustacheUtils:43 - 读取模板文件:mustache/userInfo.mustache，替换的内容:{"userName":"仇健","userId":51,"phoneNumber":"13531989972","email":"18082410530@qq.com"}
2021-03-03 17:18:37 INFO  UserInfoApiObject:27 - 创建用户信息ApiObject，请求主体：{
"userId":51,
"userName":"仇健",
"email":"18082410530@qq.com",
"phone":"13531989972",
"friends":[
{
"userId":11,
"userName":"小红喵",
"email":"xiaohongmiao@qq.com",
"phone":"18623456555"
},
{
"userId":12,
"userName":"小红旺",
"email":"xiaohongwang@qq.com",
"phone":"18623456566"
}
]
},请求携带token：eyJ0eXAiOiJKV1QiLCJhbGciOiJIUzI1NiJ9.eyJpZCI6IjEiLCJ1c2VyTmFtZSI6InhpYW9ob25nIiwiZXhwIjoxNjE1MzY3OTA2fQ.2Pxz4xjMZEbD0Sbi_5naKoOkl22sdHhfc6AisI2eK7c
2021-03-03 17:18:37 INFO  UserInfoApiObject:48 - 查询所有用户信息ApiObject，请求携带token：eyJ0eXAiOiJKV1QiLCJhbGciOiJIUzI1NiJ9.eyJpZCI6IjEiLCJ1c2VyTmFtZSI6InhpYW9ob25nIiwiZXhwIjoxNjE1MzY3OTA2fQ.2Pxz4xjMZEbD0Sbi_5naKoOkl22sdHhfc6AisI2eK7c
2021-03-03 17:18:37 INFO  UserInfoApiObjectTest:125 - 获取到的UserId：51
2021-03-03 17:18:37 INFO  UserInfoApiObjectTest:132 - 更新用户信息请求body：{"userName":"小红红","userId":51,"phone":"18623456543","email":"xiaohong红@qq.com"}
2021-03-03 17:18:37 INFO  UserInfoApiObjectTest:133 - 通过UserId更新用户信息
2021-03-03 17:18:37 INFO  UserInfoApiObject:91 - 通过userId更新用户信息ApiObject，请求UserId：51，请求更新用户信息主体：{
    "userId":51,
    "userName":"小红红",
    "email":"xiaohong红@qq.com",
    "phone":"18623456543"
}，请求携带token：eyJ0eXAiOiJKV1QiLCJhbGciOiJIUzI1NiJ9.eyJpZCI6IjEiLCJ1c2VyTmFtZSI6InhpYW9ob25nIiwiZXhwIjoxNjE1MzY3OTA2fQ.2Pxz4xjMZEbD0Sbi_5naKoOkl22sdHhfc6AisI2eK7c
2021-03-03 17:18:37 INFO  UserInfoApiObjectTest:136 - 通过UserId更新用户信息接口返回信息：{
    "code": "00000",
    "message": "成功",
    "data": {
        "userId": 51,
        "userName": "小红红",
        "email": "xiaohong红@qq.com",
        "phone": "18623456543",
        "friends": null
    },
    "success": true
}
2021-03-03 17:18:37 INFO  UserInfoApiObject:48 - 查询所有用户信息ApiObject，请求携带token：eyJ0eXAiOiJKV1QiLCJhbGciOiJIUzI1NiJ9.eyJpZCI6IjEiLCJ1c2VyTmFtZSI6InhpYW9ob25nIiwiZXhwIjoxNjE1MzY3OTA2fQ.2Pxz4xjMZEbD0Sbi_5naKoOkl22sdHhfc6AisI2eK7c
2021-03-03 17:18:37 INFO  UserInfoApiObject:113 - 通过userId删除用户信息ApiObject，请求UserId：51，请求携带token：eyJ0eXAiOiJKV1QiLCJhbGciOiJIUzI1NiJ9.eyJpZCI6IjEiLCJ1c2VyTmFtZSI6InhpYW9ob25nIiwiZXhwIjoxNjE1MzY3OTA2fQ.2Pxz4xjMZEbD0Sbi_5naKoOkl22sdHhfc6AisI2eK7c
2021-03-03 17:18:42 INFO  UserInfoApiObject:48 - 查询所有用户信息ApiObject，请求携带token：eyJ0eXAiOiJKV1QiLCJhbGciOiJIUzI1NiJ9.eyJpZCI6IjEiLCJ1c2VyTmFtZSI6InhpYW9ob25nIiwiZXhwIjoxNjE1MzY3OTA2fQ.2Pxz4xjMZEbD0Sbi_5naKoOkl22sdHhfc6AisI2eK7c
2021-03-03 17:18:43 INFO  MustacheUtils:43 - 读取模板文件:mustache/userInfo.mustache，替换的内容:{"userName":"杨杨","userId":14,"phoneNumber":"18783807638","email":"18995019627@qq.com"}
2021-03-03 17:18:43 INFO  UserInfoApiObjectTest:58 - 创建用户信息请求body：{"userName":"杨杨","userId":14,"friends":[{"userName":"小红喵","userId":11,"phone":"18623456555","email":"xiaohongmiao@qq.com"},{"userName":"小红旺","userId":12,"phone":"18623456566","email":"xiaohongwang@qq.com"}],"phone":"18783807638","email":"18995019627@qq.com"}
2021-03-03 17:18:43 INFO  MustacheUtils:43 - 读取模板文件:mustache/userInfo.mustache，替换的内容:{"userName":"张磊","userId":62,"phoneNumber":"14716163428","email":"15504755232@qq.com"}
2021-03-03 17:18:43 INFO  UserInfoApiObject:27 - 创建用户信息ApiObject，请求主体：{
"userId":62,
"userName":"张磊",
"email":"15504755232@qq.com",
"phone":"14716163428",
"friends":[
{
"userId":11,
"userName":"小红喵",
"email":"xiaohongmiao@qq.com",
"phone":"18623456555"
},
{
"userId":12,
"userName":"小红旺",
"email":"xiaohongwang@qq.com",
"phone":"18623456566"
}
]
},请求携带token：eyJ0eXAiOiJKV1QiLCJhbGciOiJIUzI1NiJ9.eyJpZCI6IjEiLCJ1c2VyTmFtZSI6InhpYW9ob25nIiwiZXhwIjoxNjE1MzY3OTA2fQ.2Pxz4xjMZEbD0Sbi_5naKoOkl22sdHhfc6AisI2eK7c
2021-03-03 17:18:44 INFO  UserInfoApiObjectTest:60 - 创建用户信息接口返回信息：{
    "code": "00000",
    "message": "成功",
    "data": {
        "userId": 62,
        "userName": "张磊",
        "email": "15504755232@qq.com",
        "phone": "14716163428",
        "friends": [
            {
                "userId": 11,
                "userName": "小红喵",
                "email": "xiaohongmiao@qq.com",
                "phone": "18623456555",
                "friends": null
            },
            {
                "userId": 12,
                "userName": "小红旺",
                "email": "xiaohongwang@qq.com",
                "phone": "18623456566",
                "friends": null
            }
        ]
    },
    "success": true
}
2021-03-03 17:18:44 INFO  UserInfoApiObjectTest:61 - 创建用户信息测试结果断言
2021-03-03 17:18:44 INFO  UserInfoApiObject:48 - 查询所有用户信息ApiObject，请求携带token：eyJ0eXAiOiJKV1QiLCJhbGciOiJIUzI1NiJ9.eyJpZCI6IjEiLCJ1c2VyTmFtZSI6InhpYW9ob25nIiwiZXhwIjoxNjE1MzY3OTA2fQ.2Pxz4xjMZEbD0Sbi_5naKoOkl22sdHhfc6AisI2eK7c
2021-03-03 17:18:44 INFO  UserInfoApiObject:113 - 通过userId删除用户信息ApiObject，请求UserId：62，请求携带token：eyJ0eXAiOiJKV1QiLCJhbGciOiJIUzI1NiJ9.eyJpZCI6IjEiLCJ1c2VyTmFtZSI6InhpYW9ob25nIiwiZXhwIjoxNjE1MzY3OTA2fQ.2Pxz4xjMZEbD0Sbi_5naKoOkl22sdHhfc6AisI2eK7c
2021-03-03 17:18:49 INFO  UserInfoApiObject:48 - 查询所有用户信息ApiObject，请求携带token：eyJ0eXAiOiJKV1QiLCJhbGciOiJIUzI1NiJ9.eyJpZCI6IjEiLCJ1c2VyTmFtZSI6InhpYW9ob25nIiwiZXhwIjoxNjE1MzY3OTA2fQ.2Pxz4xjMZEbD0Sbi_5naKoOkl22sdHhfc6AisI2eK7c
2021-03-03 17:18:49 INFO  MustacheUtils:43 - 读取模板文件:mustache/userInfo.mustache，替换的内容:{"userName":"史秀云","userId":40,"phoneNumber":"15340599688","email":"14558175661@qq.com"}
2021-03-03 17:18:49 INFO  UserInfoApiObject:27 - 创建用户信息ApiObject，请求主体：{
"userId":40,
"userName":"史秀云",
"email":"14558175661@qq.com",
"phone":"15340599688",
"friends":[
{
"userId":11,
"userName":"小红喵",
"email":"xiaohongmiao@qq.com",
"phone":"18623456555"
},
{
"userId":12,
"userName":"小红旺",
"email":"xiaohongwang@qq.com",
"phone":"18623456566"
}
]
},请求携带token：eyJ0eXAiOiJKV1QiLCJhbGciOiJIUzI1NiJ9.eyJpZCI6IjEiLCJ1c2VyTmFtZSI6InhpYW9ob25nIiwiZXhwIjoxNjE1MzY3OTA2fQ.2Pxz4xjMZEbD0Sbi_5naKoOkl22sdHhfc6AisI2eK7c
2021-03-03 17:18:49 INFO  UserInfoApiObjectTest:81 - 查询所有用户信息
2021-03-03 17:18:49 INFO  UserInfoApiObject:48 - 查询所有用户信息ApiObject，请求携带token：eyJ0eXAiOiJKV1QiLCJhbGciOiJIUzI1NiJ9.eyJpZCI6IjEiLCJ1c2VyTmFtZSI6InhpYW9ob25nIiwiZXhwIjoxNjE1MzY3OTA2fQ.2Pxz4xjMZEbD0Sbi_5naKoOkl22sdHhfc6AisI2eK7c
2021-03-03 17:18:49 INFO  UserInfoApiObjectTest:84 - 查询所有用户信息接口返回信息：{
    "code": "00000",
    "message": "成功",
    "data": [
        {
            "userId": 40,
            "userName": "史秀云",
            "email": "14558175661@qq.com",
            "phone": "15340599688",
            "friends": [
                {
                    "userId": 11,
                    "userName": "小红喵",
                    "email": "xiaohongmiao@qq.com",
                    "phone": "18623456555",
                    "friends": null
                },
                {
                    "userId": 12,
                    "userName": "小红旺",
                    "email": "xiaohongwang@qq.com",
                    "phone": "18623456566",
                    "friends": null
                }
            ]
        }
    ],
    "success": true
}
2021-03-03 17:18:49 INFO  UserInfoApiObject:48 - 查询所有用户信息ApiObject，请求携带token：eyJ0eXAiOiJKV1QiLCJhbGciOiJIUzI1NiJ9.eyJpZCI6IjEiLCJ1c2VyTmFtZSI6InhpYW9ob25nIiwiZXhwIjoxNjE1MzY3OTA2fQ.2Pxz4xjMZEbD0Sbi_5naKoOkl22sdHhfc6AisI2eK7c
2021-03-03 17:18:49 INFO  UserInfoApiObject:113 - 通过userId删除用户信息ApiObject，请求UserId：40，请求携带token：eyJ0eXAiOiJKV1QiLCJhbGciOiJIUzI1NiJ9.eyJpZCI6IjEiLCJ1c2VyTmFtZSI6InhpYW9ob25nIiwiZXhwIjoxNjE1MzY3OTA2fQ.2Pxz4xjMZEbD0Sbi_5naKoOkl22sdHhfc6AisI2eK7c
2021-03-03 17:18:54 INFO  UserInfoApiObject:48 - 查询所有用户信息ApiObject，请求携带token：eyJ0eXAiOiJKV1QiLCJhbGciOiJIUzI1NiJ9.eyJpZCI6IjEiLCJ1c2VyTmFtZSI6InhpYW9ob25nIiwiZXhwIjoxNjE1MzY3OTA2fQ.2Pxz4xjMZEbD0Sbi_5naKoOkl22sdHhfc6AisI2eK7c
2021-03-03 17:18:55 INFO  MustacheUtils:43 - 读取模板文件:mustache/userInfo.mustache，替换的内容:{"userName":"罗健","userId":53,"phoneNumber":"18019818060","email":"13669562781@qq.com"}
2021-03-03 17:18:55 INFO  UserInfoApiObject:27 - 创建用户信息ApiObject，请求主体：{
"userId":53,
"userName":"罗健",
"email":"13669562781@qq.com",
"phone":"18019818060",
"friends":[
{
"userId":11,
"userName":"小红喵",
"email":"xiaohongmiao@qq.com",
"phone":"18623456555"
},
{
"userId":12,
"userName":"小红旺",
"email":"xiaohongwang@qq.com",
"phone":"18623456566"
}
]
},请求携带token：eyJ0eXAiOiJKV1QiLCJhbGciOiJIUzI1NiJ9.eyJpZCI6IjEiLCJ1c2VyTmFtZSI6InhpYW9ob25nIiwiZXhwIjoxNjE1MzY3OTA2fQ.2Pxz4xjMZEbD0Sbi_5naKoOkl22sdHhfc6AisI2eK7c
2021-03-03 17:18:55 INFO  UserInfoApiObject:48 - 查询所有用户信息ApiObject，请求携带token：eyJ0eXAiOiJKV1QiLCJhbGciOiJIUzI1NiJ9.eyJpZCI6IjEiLCJ1c2VyTmFtZSI6InhpYW9ob25nIiwiZXhwIjoxNjE1MzY3OTA2fQ.2Pxz4xjMZEbD0Sbi_5naKoOkl22sdHhfc6AisI2eK7c
2021-03-03 17:18:55 INFO  UserInfoApiObjectTest:101 - 通过UserId查询用户信息
2021-03-03 17:18:55 INFO  UserInfoApiObjectTest:104 - 获取到的UserId：53
2021-03-03 17:18:55 INFO  UserInfoApiObject:69 - 通过userId查询用户信息ApiObject，请求UserId：53，请求携带token：eyJ0eXAiOiJKV1QiLCJhbGciOiJIUzI1NiJ9.eyJpZCI6IjEiLCJ1c2VyTmFtZSI6InhpYW9ob25nIiwiZXhwIjoxNjE1MzY3OTA2fQ.2Pxz4xjMZEbD0Sbi_5naKoOkl22sdHhfc6AisI2eK7c
2021-03-03 17:18:55 INFO  UserInfoApiObjectTest:106 - 通过UserId查询用户信息接口返回信息：{
    "code": "00000",
    "message": "成功",
    "data": {
        "userId": 53,
        "userName": "罗健",
        "email": "13669562781@qq.com",
        "phone": "18019818060",
        "friends": [
            {
                "userId": 11,
                "userName": "小红喵",
                "email": "xiaohongmiao@qq.com",
                "phone": "18623456555",
                "friends": null
            },
            {
                "userId": 12,
                "userName": "小红旺",
                "email": "xiaohongwang@qq.com",
                "phone": "18623456566",
                "friends": null
            }
        ]
    },
    "success": true
}
2021-03-03 17:18:55 INFO  UserInfoApiObject:48 - 查询所有用户信息ApiObject，请求携带token：eyJ0eXAiOiJKV1QiLCJhbGciOiJIUzI1NiJ9.eyJpZCI6IjEiLCJ1c2VyTmFtZSI6InhpYW9ob25nIiwiZXhwIjoxNjE1MzY3OTA2fQ.2Pxz4xjMZEbD0Sbi_5naKoOkl22sdHhfc6AisI2eK7c
2021-03-03 17:18:55 INFO  UserInfoApiObject:113 - 通过userId删除用户信息ApiObject，请求UserId：53，请求携带token：eyJ0eXAiOiJKV1QiLCJhbGciOiJIUzI1NiJ9.eyJpZCI6IjEiLCJ1c2VyTmFtZSI6InhpYW9ob25nIiwiZXhwIjoxNjE1MzY3OTA2fQ.2Pxz4xjMZEbD0Sbi_5naKoOkl22sdHhfc6AisI2eK7c
2021-03-03 17:19:00 INFO  JsonPathUtils:54 - 读取JSON文件:/json/book.json，替换的内容:{"$.store.book[*].author":"测试作者"}
2021-03-03 17:19:05 INFO  JsonPathUtils:54 - 读取JSON文件:/json/book.json，替换的内容:{"$.store.*":"all change"}
2021-03-03 17:19:10 INFO  JsonPathUtils:54 - 读取JSON文件:/json/book.json，替换的内容:{"$..book[0,1]":"first two change"}
2021-03-03 17:19:15 INFO  MustacheUtils:43 - 读取模板文件:mustache/book.mustache，替换的内容:{"author":"mustacheAuthor","price":56.8}
2021-03-03 17:20:19 INFO  UserLoginApiObject:27 - 用户登录ApiObject，接口请求主体：{
    "username":"xiaohong",
    "password":"123123"
}
2021-03-03 17:20:30 INFO  UserLoginApiObject:27 - 用户登录ApiObject，接口请求主体：{
    "username":"xiaohong",
    "password":"123123"
}
2021-03-03 17:20:40 INFO  JsonPathUtils:54 - 读取JSON文件:/json/book.json，替换的内容:{"$.store.book[*].author":"测试作者"}
2021-03-03 17:20:45 INFO  JsonPathUtils:54 - 读取JSON文件:/json/book.json，替换的内容:{"$.store.*":"all change"}
2021-03-03 17:20:50 INFO  JsonPathUtils:54 - 读取JSON文件:/json/book.json，替换的内容:{"$..book[0,1]":"first two change"}
2021-03-03 17:20:55 INFO  MustacheUtils:43 - 读取模板文件:mustache/book.mustache，替换的内容:{"author":"mustacheAuthor","price":56.8}
2021-03-03 17:25:23 INFO  UserLoginApiObject:27 - 用户登录ApiObject，接口请求主体：{
    "username":"xiaohong",
    "password":"123123"
}
2021-03-03 17:25:26 INFO  CreateUserInfoThreadTest:58 - 获取接口token：eyJ0eXAiOiJKV1QiLCJhbGciOiJIUzI1NiJ9.eyJpZCI6IjEiLCJ1c2VyTmFtZSI6InhpYW9ob25nIiwiZXhwIjoxNjE1MzY4MzI1fQ.auzm2yK0B2kFezH2mtinJwTkR-8oI_Szig1ptPdO3vE
2021-03-03 17:25:36 INFO  CreateUserInfoThreadTest:76 - 创建用户信息请求body：{"userName":"小红","userId":1,"friends":[{"userName":"小红喵","userId":11,"phone":"18623456555","email":"xiaohongmiao@qq.com"},{"userName":"小红旺","userId":12,"phone":"18623456566","email":"xiaohongwang@qq.com"}],"phone":"18623456543","email":"xiaohong@qq.com"}
2021-03-03 17:25:36 INFO  UserInfoApiObject:27 - 创建用户信息ApiObject，请求主体：{
    "userId":1,
    "userName":"小红",
    "email":"xiaohong@qq.com",
    "phone":"18623456543",
    "friends":[
        {
            "userId":11,
            "userName":"小红喵",
            "email":"xiaohongmiao@qq.com",
            "phone":"18623456555"
        },
        {
            "userId":12,
            "userName":"小红旺",
            "email":"xiaohongwang@qq.com",
            "phone":"18623456566"
        }
    ]
},请求携带token：eyJ0eXAiOiJKV1QiLCJhbGciOiJIUzI1NiJ9.eyJpZCI6IjEiLCJ1c2VyTmFtZSI6InhpYW9ob25nIiwiZXhwIjoxNjE1MzY4MzI1fQ.auzm2yK0B2kFezH2mtinJwTkR-8oI_Szig1ptPdO3vE
2021-03-03 17:25:36 INFO  CreateUserInfoThreadTest:79 - 创建用户信息接口返回信息：{
    "code": "00000",
    "message": "成功",
    "data": {
        "userId": 1,
        "userName": "小红",
        "email": "xiaohong@qq.com",
        "phone": "18623456543",
        "friends": [
            {
                "userId": 11,
                "userName": "小红喵",
                "email": "xiaohongmiao@qq.com",
                "phone": "18623456555",
                "friends": null
            },
            {
                "userId": 12,
                "userName": "小红旺",
                "email": "xiaohongwang@qq.com",
                "phone": "18623456566",
                "friends": null
            }
        ]
    },
    "success": true
}
2021-03-03 17:25:36 INFO  CreateUserInfoThreadTest:80 - 创建用户信息测试结果断言
2021-03-03 17:25:41 INFO  CreateUserInfoThreadTest:76 - 创建用户信息请求body：{"userName":"小红","userId":1,"friends":[{"userName":"小红喵","userId":11,"phone":"18623456555","email":"xiaohongmiao@qq.com"},{"userName":"小红旺","userId":12,"phone":"18623456566","email":"xiaohongwang@qq.com"}],"phone":"18623456543","email":"xiaohong@qq.com"}
2021-03-03 17:25:41 INFO  UserInfoApiObject:27 - 创建用户信息ApiObject，请求主体：{
    "userId":1,
    "userName":"小红",
    "email":"xiaohong@qq.com",
    "phone":"18623456543",
    "friends":[
        {
            "userId":11,
            "userName":"小红喵",
            "email":"xiaohongmiao@qq.com",
            "phone":"18623456555"
        },
        {
            "userId":12,
            "userName":"小红旺",
            "email":"xiaohongwang@qq.com",
            "phone":"18623456566"
        }
    ]
},请求携带token：eyJ0eXAiOiJKV1QiLCJhbGciOiJIUzI1NiJ9.eyJpZCI6IjEiLCJ1c2VyTmFtZSI6InhpYW9ob25nIiwiZXhwIjoxNjE1MzY4MzI1fQ.auzm2yK0B2kFezH2mtinJwTkR-8oI_Szig1ptPdO3vE
2021-03-03 17:25:41 INFO  CreateUserInfoThreadTest:79 - 创建用户信息接口返回信息：{
    "code": "00001",
    "message": "失败",
    "data": "用户已存在",
    "success": false
}
2021-03-03 17:25:41 INFO  CreateUserInfoThreadTest:80 - 创建用户信息测试结果断言
2021-03-03 17:25:47 INFO  CreateUserInfoThreadTest:76 - 创建用户信息请求body：{"userName":"小红","userId":1,"friends":[{"userName":"小红喵","userId":11,"phone":"18623456555","email":"xiaohongmiao@qq.com"},{"userName":"小红旺","userId":12,"phone":"18623456566","email":"xiaohongwang@qq.com"}],"phone":"18623456543","email":"xiaohong@qq.com"}
2021-03-03 17:25:47 INFO  UserInfoApiObject:27 - 创建用户信息ApiObject，请求主体：{
    "userId":1,
    "userName":"小红",
    "email":"xiaohong@qq.com",
    "phone":"18623456543",
    "friends":[
        {
            "userId":11,
            "userName":"小红喵",
            "email":"xiaohongmiao@qq.com",
            "phone":"18623456555"
        },
        {
            "userId":12,
            "userName":"小红旺",
            "email":"xiaohongwang@qq.com",
            "phone":"18623456566"
        }
    ]
},请求携带token：eyJ0eXAiOiJKV1QiLCJhbGciOiJIUzI1NiJ9.eyJpZCI6IjEiLCJ1c2VyTmFtZSI6InhpYW9ob25nIiwiZXhwIjoxNjE1MzY4MzI1fQ.auzm2yK0B2kFezH2mtinJwTkR-8oI_Szig1ptPdO3vE
2021-03-03 17:25:47 INFO  CreateUserInfoThreadTest:79 - 创建用户信息接口返回信息：{
    "code": "00001",
    "message": "失败",
    "data": "用户已存在",
    "success": false
}
2021-03-03 17:25:47 INFO  CreateUserInfoThreadTest:80 - 创建用户信息测试结果断言
2021-03-03 17:25:47 INFO  UserLoginApiObject:27 - 用户登录ApiObject，接口请求主体：{
    "username":"xiaohong",
    "password":"123123"
}
2021-03-03 17:25:47 INFO  UserInfoApiObjectTest:37 - 获取接口token：eyJ0eXAiOiJKV1QiLCJhbGciOiJIUzI1NiJ9.eyJpZCI6IjEiLCJ1c2VyTmFtZSI6InhpYW9ob25nIiwiZXhwIjoxNjE1MzY4MzQ3fQ.XjbxcxVfZeXmfP_yAjHNln6TNBontmE29VWvbsGvSPo
2021-03-03 17:25:52 INFO  UserInfoApiObject:48 - 查询所有用户信息ApiObject，请求携带token：eyJ0eXAiOiJKV1QiLCJhbGciOiJIUzI1NiJ9.eyJpZCI6IjEiLCJ1c2VyTmFtZSI6InhpYW9ob25nIiwiZXhwIjoxNjE1MzY4MzQ3fQ.XjbxcxVfZeXmfP_yAjHNln6TNBontmE29VWvbsGvSPo
2021-03-03 17:25:52 INFO  UserInfoApiObject:113 - 通过userId删除用户信息ApiObject，请求UserId：1，请求携带token：eyJ0eXAiOiJKV1QiLCJhbGciOiJIUzI1NiJ9.eyJpZCI6IjEiLCJ1c2VyTmFtZSI6InhpYW9ob25nIiwiZXhwIjoxNjE1MzY4MzQ3fQ.XjbxcxVfZeXmfP_yAjHNln6TNBontmE29VWvbsGvSPo
2021-03-03 17:25:52 INFO  MustacheUtils:43 - 读取模板文件:mustache/userInfo.mustache，替换的内容:{"userName":"谢秀华","userId":31,"phoneNumber":"15261946248","email":"13721327633@qq.com"}
2021-03-03 17:25:52 INFO  UserInfoApiObject:27 - 创建用户信息ApiObject，请求主体：{
"userId":31,
"userName":"谢秀华",
"email":"13721327633@qq.com",
"phone":"15261946248",
"friends":[
{
"userId":11,
"userName":"小红喵",
"email":"xiaohongmiao@qq.com",
"phone":"18623456555"
},
{
"userId":12,
"userName":"小红旺",
"email":"xiaohongwang@qq.com",
"phone":"18623456566"
}
]
},请求携带token：eyJ0eXAiOiJKV1QiLCJhbGciOiJIUzI1NiJ9.eyJpZCI6IjEiLCJ1c2VyTmFtZSI6InhpYW9ob25nIiwiZXhwIjoxNjE1MzY4MzQ3fQ.XjbxcxVfZeXmfP_yAjHNln6TNBontmE29VWvbsGvSPo
2021-03-03 17:25:52 INFO  UserInfoApiObject:48 - 查询所有用户信息ApiObject，请求携带token：eyJ0eXAiOiJKV1QiLCJhbGciOiJIUzI1NiJ9.eyJpZCI6IjEiLCJ1c2VyTmFtZSI6InhpYW9ob25nIiwiZXhwIjoxNjE1MzY4MzQ3fQ.XjbxcxVfZeXmfP_yAjHNln6TNBontmE29VWvbsGvSPo
2021-03-03 17:25:53 INFO  UserInfoApiObjectTest:155 - 获取到的UserId：31
2021-03-03 17:25:53 INFO  UserInfoApiObjectTest:156 - 通过UserId删除用户信息
2021-03-03 17:25:53 INFO  UserInfoApiObject:113 - 通过userId删除用户信息ApiObject，请求UserId：31，请求携带token：eyJ0eXAiOiJKV1QiLCJhbGciOiJIUzI1NiJ9.eyJpZCI6IjEiLCJ1c2VyTmFtZSI6InhpYW9ob25nIiwiZXhwIjoxNjE1MzY4MzQ3fQ.XjbxcxVfZeXmfP_yAjHNln6TNBontmE29VWvbsGvSPo
2021-03-03 17:25:53 INFO  UserInfoApiObjectTest:159 - 通过UserId删除用户信息：{
    "code": "00000",
    "message": "成功",
    "data": {
        "userId": 31,
        "userName": "谢秀华",
        "email": "13721327633@qq.com",
        "phone": "15261946248",
        "friends": [
            {
                "userId": 11,
                "userName": "小红喵",
                "email": "xiaohongmiao@qq.com",
                "phone": "18623456555",
                "friends": null
            },
            {
                "userId": 12,
                "userName": "小红旺",
                "email": "xiaohongwang@qq.com",
                "phone": "18623456566",
                "friends": null
            }
        ]
    },
    "success": true
}
2021-03-03 17:25:53 INFO  UserInfoApiObject:48 - 查询所有用户信息ApiObject，请求携带token：eyJ0eXAiOiJKV1QiLCJhbGciOiJIUzI1NiJ9.eyJpZCI6IjEiLCJ1c2VyTmFtZSI6InhpYW9ob25nIiwiZXhwIjoxNjE1MzY4MzQ3fQ.XjbxcxVfZeXmfP_yAjHNln6TNBontmE29VWvbsGvSPo
2021-03-03 17:25:58 INFO  UserInfoApiObject:48 - 查询所有用户信息ApiObject，请求携带token：eyJ0eXAiOiJKV1QiLCJhbGciOiJIUzI1NiJ9.eyJpZCI6IjEiLCJ1c2VyTmFtZSI6InhpYW9ob25nIiwiZXhwIjoxNjE1MzY4MzQ3fQ.XjbxcxVfZeXmfP_yAjHNln6TNBontmE29VWvbsGvSPo
2021-03-03 17:25:58 INFO  MustacheUtils:43 - 读取模板文件:mustache/userInfo.mustache，替换的内容:{"userName":"文玉华","userId":25,"phoneNumber":"15547058643","email":"15554884870@qq.com"}
2021-03-03 17:25:58 INFO  UserInfoApiObject:27 - 创建用户信息ApiObject，请求主体：{
"userId":25,
"userName":"文玉华",
"email":"15554884870@qq.com",
"phone":"15547058643",
"friends":[
{
"userId":11,
"userName":"小红喵",
"email":"xiaohongmiao@qq.com",
"phone":"18623456555"
},
{
"userId":12,
"userName":"小红旺",
"email":"xiaohongwang@qq.com",
"phone":"18623456566"
}
]
},请求携带token：eyJ0eXAiOiJKV1QiLCJhbGciOiJIUzI1NiJ9.eyJpZCI6IjEiLCJ1c2VyTmFtZSI6InhpYW9ob25nIiwiZXhwIjoxNjE1MzY4MzQ3fQ.XjbxcxVfZeXmfP_yAjHNln6TNBontmE29VWvbsGvSPo
2021-03-03 17:25:58 INFO  UserInfoApiObject:48 - 查询所有用户信息ApiObject，请求携带token：eyJ0eXAiOiJKV1QiLCJhbGciOiJIUzI1NiJ9.eyJpZCI6IjEiLCJ1c2VyTmFtZSI6InhpYW9ob25nIiwiZXhwIjoxNjE1MzY4MzQ3fQ.XjbxcxVfZeXmfP_yAjHNln6TNBontmE29VWvbsGvSPo
2021-03-03 17:25:58 INFO  UserInfoApiObjectTest:125 - 获取到的UserId：25
2021-03-03 17:25:58 INFO  UserInfoApiObjectTest:132 - 更新用户信息请求body：{"userName":"小红红","userId":25,"phone":"18623456543","email":"xiaohong红@qq.com"}
2021-03-03 17:25:58 INFO  UserInfoApiObjectTest:133 - 通过UserId更新用户信息
2021-03-03 17:25:58 INFO  UserInfoApiObject:91 - 通过userId更新用户信息ApiObject，请求UserId：25，请求更新用户信息主体：{
    "userId":25,
    "userName":"小红红",
    "email":"xiaohong红@qq.com",
    "phone":"18623456543"
}，请求携带token：eyJ0eXAiOiJKV1QiLCJhbGciOiJIUzI1NiJ9.eyJpZCI6IjEiLCJ1c2VyTmFtZSI6InhpYW9ob25nIiwiZXhwIjoxNjE1MzY4MzQ3fQ.XjbxcxVfZeXmfP_yAjHNln6TNBontmE29VWvbsGvSPo
2021-03-03 17:25:58 INFO  UserInfoApiObjectTest:136 - 通过UserId更新用户信息接口返回信息：{
    "code": "00000",
    "message": "成功",
    "data": {
        "userId": 25,
        "userName": "小红红",
        "email": "xiaohong红@qq.com",
        "phone": "18623456543",
        "friends": null
    },
    "success": true
}
2021-03-03 17:25:58 INFO  UserInfoApiObject:48 - 查询所有用户信息ApiObject，请求携带token：eyJ0eXAiOiJKV1QiLCJhbGciOiJIUzI1NiJ9.eyJpZCI6IjEiLCJ1c2VyTmFtZSI6InhpYW9ob25nIiwiZXhwIjoxNjE1MzY4MzQ3fQ.XjbxcxVfZeXmfP_yAjHNln6TNBontmE29VWvbsGvSPo
2021-03-03 17:25:58 INFO  UserInfoApiObject:113 - 通过userId删除用户信息ApiObject，请求UserId：25，请求携带token：eyJ0eXAiOiJKV1QiLCJhbGciOiJIUzI1NiJ9.eyJpZCI6IjEiLCJ1c2VyTmFtZSI6InhpYW9ob25nIiwiZXhwIjoxNjE1MzY4MzQ3fQ.XjbxcxVfZeXmfP_yAjHNln6TNBontmE29VWvbsGvSPo
2021-03-03 17:26:03 INFO  UserInfoApiObject:48 - 查询所有用户信息ApiObject，请求携带token：eyJ0eXAiOiJKV1QiLCJhbGciOiJIUzI1NiJ9.eyJpZCI6IjEiLCJ1c2VyTmFtZSI6InhpYW9ob25nIiwiZXhwIjoxNjE1MzY4MzQ3fQ.XjbxcxVfZeXmfP_yAjHNln6TNBontmE29VWvbsGvSPo
2021-03-03 17:26:04 INFO  MustacheUtils:43 - 读取模板文件:mustache/userInfo.mustache，替换的内容:{"userName":"王淑珍","userId":11,"phoneNumber":"15277790080","email":"15340346295@qq.com"}
2021-03-03 17:26:04 INFO  UserInfoApiObjectTest:58 - 创建用户信息请求body：{"userName":"王淑珍","userId":11,"friends":[{"userName":"小红喵","userId":11,"phone":"18623456555","email":"xiaohongmiao@qq.com"},{"userName":"小红旺","userId":12,"phone":"18623456566","email":"xiaohongwang@qq.com"}],"phone":"15277790080","email":"15340346295@qq.com"}
2021-03-03 17:26:05 INFO  MustacheUtils:43 - 读取模板文件:mustache/userInfo.mustache，替换的内容:{"userName":"朱勇","userId":47,"phoneNumber":"13957922173","email":"13516482065@qq.com"}
2021-03-03 17:26:05 INFO  UserInfoApiObject:27 - 创建用户信息ApiObject，请求主体：{
"userId":47,
"userName":"朱勇",
"email":"13516482065@qq.com",
"phone":"13957922173",
"friends":[
{
"userId":11,
"userName":"小红喵",
"email":"xiaohongmiao@qq.com",
"phone":"18623456555"
},
{
"userId":12,
"userName":"小红旺",
"email":"xiaohongwang@qq.com",
"phone":"18623456566"
}
]
},请求携带token：eyJ0eXAiOiJKV1QiLCJhbGciOiJIUzI1NiJ9.eyJpZCI6IjEiLCJ1c2VyTmFtZSI6InhpYW9ob25nIiwiZXhwIjoxNjE1MzY4MzQ3fQ.XjbxcxVfZeXmfP_yAjHNln6TNBontmE29VWvbsGvSPo
2021-03-03 17:26:05 INFO  UserInfoApiObjectTest:60 - 创建用户信息接口返回信息：{
    "code": "00000",
    "message": "成功",
    "data": {
        "userId": 47,
        "userName": "朱勇",
        "email": "13516482065@qq.com",
        "phone": "13957922173",
        "friends": [
            {
                "userId": 11,
                "userName": "小红喵",
                "email": "xiaohongmiao@qq.com",
                "phone": "18623456555",
                "friends": null
            },
            {
                "userId": 12,
                "userName": "小红旺",
                "email": "xiaohongwang@qq.com",
                "phone": "18623456566",
                "friends": null
            }
        ]
    },
    "success": true
}
2021-03-03 17:26:05 INFO  UserInfoApiObjectTest:61 - 创建用户信息测试结果断言
2021-03-03 17:26:05 INFO  UserInfoApiObject:48 - 查询所有用户信息ApiObject，请求携带token：eyJ0eXAiOiJKV1QiLCJhbGciOiJIUzI1NiJ9.eyJpZCI6IjEiLCJ1c2VyTmFtZSI6InhpYW9ob25nIiwiZXhwIjoxNjE1MzY4MzQ3fQ.XjbxcxVfZeXmfP_yAjHNln6TNBontmE29VWvbsGvSPo
2021-03-03 17:26:05 INFO  UserInfoApiObject:113 - 通过userId删除用户信息ApiObject，请求UserId：47，请求携带token：eyJ0eXAiOiJKV1QiLCJhbGciOiJIUzI1NiJ9.eyJpZCI6IjEiLCJ1c2VyTmFtZSI6InhpYW9ob25nIiwiZXhwIjoxNjE1MzY4MzQ3fQ.XjbxcxVfZeXmfP_yAjHNln6TNBontmE29VWvbsGvSPo
2021-03-03 17:26:10 INFO  UserInfoApiObject:48 - 查询所有用户信息ApiObject，请求携带token：eyJ0eXAiOiJKV1QiLCJhbGciOiJIUzI1NiJ9.eyJpZCI6IjEiLCJ1c2VyTmFtZSI6InhpYW9ob25nIiwiZXhwIjoxNjE1MzY4MzQ3fQ.XjbxcxVfZeXmfP_yAjHNln6TNBontmE29VWvbsGvSPo
2021-03-03 17:26:10 INFO  MustacheUtils:43 - 读取模板文件:mustache/userInfo.mustache，替换的内容:{"userName":"胡霞","userId":66,"phoneNumber":"15112508256","email":"13965205776@qq.com"}
2021-03-03 17:26:10 INFO  UserInfoApiObject:27 - 创建用户信息ApiObject，请求主体：{
"userId":66,
"userName":"胡霞",
"email":"13965205776@qq.com",
"phone":"15112508256",
"friends":[
{
"userId":11,
"userName":"小红喵",
"email":"xiaohongmiao@qq.com",
"phone":"18623456555"
},
{
"userId":12,
"userName":"小红旺",
"email":"xiaohongwang@qq.com",
"phone":"18623456566"
}
]
},请求携带token：eyJ0eXAiOiJKV1QiLCJhbGciOiJIUzI1NiJ9.eyJpZCI6IjEiLCJ1c2VyTmFtZSI6InhpYW9ob25nIiwiZXhwIjoxNjE1MzY4MzQ3fQ.XjbxcxVfZeXmfP_yAjHNln6TNBontmE29VWvbsGvSPo
2021-03-03 17:26:10 INFO  UserInfoApiObjectTest:81 - 查询所有用户信息
2021-03-03 17:26:10 INFO  UserInfoApiObject:48 - 查询所有用户信息ApiObject，请求携带token：eyJ0eXAiOiJKV1QiLCJhbGciOiJIUzI1NiJ9.eyJpZCI6IjEiLCJ1c2VyTmFtZSI6InhpYW9ob25nIiwiZXhwIjoxNjE1MzY4MzQ3fQ.XjbxcxVfZeXmfP_yAjHNln6TNBontmE29VWvbsGvSPo
2021-03-03 17:26:10 INFO  UserInfoApiObjectTest:84 - 查询所有用户信息接口返回信息：{
    "code": "00000",
    "message": "成功",
    "data": [
        {
            "userId": 66,
            "userName": "胡霞",
            "email": "13965205776@qq.com",
            "phone": "15112508256",
            "friends": [
                {
                    "userId": 11,
                    "userName": "小红喵",
                    "email": "xiaohongmiao@qq.com",
                    "phone": "18623456555",
                    "friends": null
                },
                {
                    "userId": 12,
                    "userName": "小红旺",
                    "email": "xiaohongwang@qq.com",
                    "phone": "18623456566",
                    "friends": null
                }
            ]
        }
    ],
    "success": true
}
2021-03-03 17:26:10 INFO  UserInfoApiObject:48 - 查询所有用户信息ApiObject，请求携带token：eyJ0eXAiOiJKV1QiLCJhbGciOiJIUzI1NiJ9.eyJpZCI6IjEiLCJ1c2VyTmFtZSI6InhpYW9ob25nIiwiZXhwIjoxNjE1MzY4MzQ3fQ.XjbxcxVfZeXmfP_yAjHNln6TNBontmE29VWvbsGvSPo
2021-03-03 17:26:10 INFO  UserInfoApiObject:113 - 通过userId删除用户信息ApiObject，请求UserId：66，请求携带token：eyJ0eXAiOiJKV1QiLCJhbGciOiJIUzI1NiJ9.eyJpZCI6IjEiLCJ1c2VyTmFtZSI6InhpYW9ob25nIiwiZXhwIjoxNjE1MzY4MzQ3fQ.XjbxcxVfZeXmfP_yAjHNln6TNBontmE29VWvbsGvSPo
2021-03-03 17:26:15 INFO  UserInfoApiObject:48 - 查询所有用户信息ApiObject，请求携带token：eyJ0eXAiOiJKV1QiLCJhbGciOiJIUzI1NiJ9.eyJpZCI6IjEiLCJ1c2VyTmFtZSI6InhpYW9ob25nIiwiZXhwIjoxNjE1MzY4MzQ3fQ.XjbxcxVfZeXmfP_yAjHNln6TNBontmE29VWvbsGvSPo
2021-03-03 17:26:16 INFO  MustacheUtils:43 - 读取模板文件:mustache/userInfo.mustache，替换的内容:{"userName":"叶玉梅","userId":97,"phoneNumber":"15839936238","email":"14759556199@qq.com"}
2021-03-03 17:26:16 INFO  UserInfoApiObject:27 - 创建用户信息ApiObject，请求主体：{
"userId":97,
"userName":"叶玉梅",
"email":"14759556199@qq.com",
"phone":"15839936238",
"friends":[
{
"userId":11,
"userName":"小红喵",
"email":"xiaohongmiao@qq.com",
"phone":"18623456555"
},
{
"userId":12,
"userName":"小红旺",
"email":"xiaohongwang@qq.com",
"phone":"18623456566"
}
]
},请求携带token：eyJ0eXAiOiJKV1QiLCJhbGciOiJIUzI1NiJ9.eyJpZCI6IjEiLCJ1c2VyTmFtZSI6InhpYW9ob25nIiwiZXhwIjoxNjE1MzY4MzQ3fQ.XjbxcxVfZeXmfP_yAjHNln6TNBontmE29VWvbsGvSPo
2021-03-03 17:26:16 INFO  UserInfoApiObject:48 - 查询所有用户信息ApiObject，请求携带token：eyJ0eXAiOiJKV1QiLCJhbGciOiJIUzI1NiJ9.eyJpZCI6IjEiLCJ1c2VyTmFtZSI6InhpYW9ob25nIiwiZXhwIjoxNjE1MzY4MzQ3fQ.XjbxcxVfZeXmfP_yAjHNln6TNBontmE29VWvbsGvSPo
2021-03-03 17:26:16 INFO  UserInfoApiObjectTest:101 - 通过UserId查询用户信息
2021-03-03 17:26:16 INFO  UserInfoApiObjectTest:104 - 获取到的UserId：97
2021-03-03 17:26:16 INFO  UserInfoApiObject:69 - 通过userId查询用户信息ApiObject，请求UserId：97，请求携带token：eyJ0eXAiOiJKV1QiLCJhbGciOiJIUzI1NiJ9.eyJpZCI6IjEiLCJ1c2VyTmFtZSI6InhpYW9ob25nIiwiZXhwIjoxNjE1MzY4MzQ3fQ.XjbxcxVfZeXmfP_yAjHNln6TNBontmE29VWvbsGvSPo
2021-03-03 17:26:16 INFO  UserInfoApiObjectTest:106 - 通过UserId查询用户信息接口返回信息：{
    "code": "00000",
    "message": "成功",
    "data": {
        "userId": 97,
        "userName": "叶玉梅",
        "email": "14759556199@qq.com",
        "phone": "15839936238",
        "friends": [
            {
                "userId": 11,
                "userName": "小红喵",
                "email": "xiaohongmiao@qq.com",
                "phone": "18623456555",
                "friends": null
            },
            {
                "userId": 12,
                "userName": "小红旺",
                "email": "xiaohongwang@qq.com",
                "phone": "18623456566",
                "friends": null
            }
        ]
    },
    "success": true
}
2021-03-03 17:26:16 INFO  UserInfoApiObject:48 - 查询所有用户信息ApiObject，请求携带token：eyJ0eXAiOiJKV1QiLCJhbGciOiJIUzI1NiJ9.eyJpZCI6IjEiLCJ1c2VyTmFtZSI6InhpYW9ob25nIiwiZXhwIjoxNjE1MzY4MzQ3fQ.XjbxcxVfZeXmfP_yAjHNln6TNBontmE29VWvbsGvSPo
2021-03-03 17:26:16 INFO  UserInfoApiObject:113 - 通过userId删除用户信息ApiObject，请求UserId：97，请求携带token：eyJ0eXAiOiJKV1QiLCJhbGciOiJIUzI1NiJ9.eyJpZCI6IjEiLCJ1c2VyTmFtZSI6InhpYW9ob25nIiwiZXhwIjoxNjE1MzY4MzQ3fQ.XjbxcxVfZeXmfP_yAjHNln6TNBontmE29VWvbsGvSPo
2021-03-03 17:26:21 INFO  JsonPathUtils:54 - 读取JSON文件:/json/book.json，替换的内容:{"$.store.book[*].author":"测试作者"}
2021-03-03 17:26:26 INFO  JsonPathUtils:54 - 读取JSON文件:/json/book.json，替换的内容:{"$.store.*":"all change"}
2021-03-03 17:26:31 INFO  JsonPathUtils:54 - 读取JSON文件:/json/book.json，替换的内容:{"$..book[0,1]":"first two change"}
2021-03-03 17:26:36 INFO  MustacheUtils:43 - 读取模板文件:mustache/book.mustache，替换的内容:{"author":"mustacheAuthor","price":56.8}
2021-03-03 17:37:35 INFO  UserLoginApiObject:27 - 用户登录ApiObject，接口请求主体：{
    "username":"xiaohong",
    "password":"123123"
}
2021-03-03 17:37:39 INFO  CreateUserInfoThreadTest:58 - 获取接口token：eyJ0eXAiOiJKV1QiLCJhbGciOiJIUzI1NiJ9.eyJpZCI6IjEiLCJ1c2VyTmFtZSI6InhpYW9ob25nIiwiZXhwIjoxNjE1MzY5MDU3fQ.5Pv7TQEgkPtS0c5zz8m4i7aaMGr1CsPqTQ8sdMO38QM
2021-03-03 17:37:49 INFO  CreateUserInfoThreadTest:76 - 创建用户信息请求body：{"userName":"小红","userId":1,"friends":[{"userName":"小红喵","userId":11,"phone":"18623456555","email":"xiaohongmiao@qq.com"},{"userName":"小红旺","userId":12,"phone":"18623456566","email":"xiaohongwang@qq.com"}],"phone":"18623456543","email":"xiaohong@qq.com"}
2021-03-03 17:37:49 INFO  UserInfoApiObject:27 - 创建用户信息ApiObject，请求主体：{
    "userId":1,
    "userName":"小红",
    "email":"xiaohong@qq.com",
    "phone":"18623456543",
    "friends":[
        {
            "userId":11,
            "userName":"小红喵",
            "email":"xiaohongmiao@qq.com",
            "phone":"18623456555"
        },
        {
            "userId":12,
            "userName":"小红旺",
            "email":"xiaohongwang@qq.com",
            "phone":"18623456566"
        }
    ]
},请求携带token：eyJ0eXAiOiJKV1QiLCJhbGciOiJIUzI1NiJ9.eyJpZCI6IjEiLCJ1c2VyTmFtZSI6InhpYW9ob25nIiwiZXhwIjoxNjE1MzY5MDU3fQ.5Pv7TQEgkPtS0c5zz8m4i7aaMGr1CsPqTQ8sdMO38QM
2021-03-03 17:37:49 INFO  CreateUserInfoThreadTest:79 - 创建用户信息接口返回信息：{
    "code": "00000",
    "message": "成功",
    "data": {
        "userId": 1,
        "userName": "小红",
        "email": "xiaohong@qq.com",
        "phone": "18623456543",
        "friends": [
            {
                "userId": 11,
                "userName": "小红喵",
                "email": "xiaohongmiao@qq.com",
                "phone": "18623456555",
                "friends": null
            },
            {
                "userId": 12,
                "userName": "小红旺",
                "email": "xiaohongwang@qq.com",
                "phone": "18623456566",
                "friends": null
            }
        ]
    },
    "success": true
}
2021-03-03 17:37:49 INFO  CreateUserInfoThreadTest:80 - 创建用户信息测试结果断言
2021-03-03 17:37:54 INFO  CreateUserInfoThreadTest:76 - 创建用户信息请求body：{"userName":"小红","userId":1,"friends":[{"userName":"小红喵","userId":11,"phone":"18623456555","email":"xiaohongmiao@qq.com"},{"userName":"小红旺","userId":12,"phone":"18623456566","email":"xiaohongwang@qq.com"}],"phone":"18623456543","email":"xiaohong@qq.com"}
2021-03-03 17:37:54 INFO  UserInfoApiObject:27 - 创建用户信息ApiObject，请求主体：{
    "userId":1,
    "userName":"小红",
    "email":"xiaohong@qq.com",
    "phone":"18623456543",
    "friends":[
        {
            "userId":11,
            "userName":"小红喵",
            "email":"xiaohongmiao@qq.com",
            "phone":"18623456555"
        },
        {
            "userId":12,
            "userName":"小红旺",
            "email":"xiaohongwang@qq.com",
            "phone":"18623456566"
        }
    ]
},请求携带token：eyJ0eXAiOiJKV1QiLCJhbGciOiJIUzI1NiJ9.eyJpZCI6IjEiLCJ1c2VyTmFtZSI6InhpYW9ob25nIiwiZXhwIjoxNjE1MzY5MDU3fQ.5Pv7TQEgkPtS0c5zz8m4i7aaMGr1CsPqTQ8sdMO38QM
2021-03-03 17:37:55 INFO  CreateUserInfoThreadTest:79 - 创建用户信息接口返回信息：{
    "code": "00001",
    "message": "失败",
    "data": "用户已存在",
    "success": false
}
2021-03-03 17:37:55 INFO  CreateUserInfoThreadTest:80 - 创建用户信息测试结果断言
2021-03-03 17:38:00 INFO  CreateUserInfoThreadTest:76 - 创建用户信息请求body：{"userName":"小红","userId":1,"friends":[{"userName":"小红喵","userId":11,"phone":"18623456555","email":"xiaohongmiao@qq.com"},{"userName":"小红旺","userId":12,"phone":"18623456566","email":"xiaohongwang@qq.com"}],"phone":"18623456543","email":"xiaohong@qq.com"}
2021-03-03 17:38:00 INFO  UserInfoApiObject:27 - 创建用户信息ApiObject，请求主体：{
    "userId":1,
    "userName":"小红",
    "email":"xiaohong@qq.com",
    "phone":"18623456543",
    "friends":[
        {
            "userId":11,
            "userName":"小红喵",
            "email":"xiaohongmiao@qq.com",
            "phone":"18623456555"
        },
        {
            "userId":12,
            "userName":"小红旺",
            "email":"xiaohongwang@qq.com",
            "phone":"18623456566"
        }
    ]
},请求携带token：eyJ0eXAiOiJKV1QiLCJhbGciOiJIUzI1NiJ9.eyJpZCI6IjEiLCJ1c2VyTmFtZSI6InhpYW9ob25nIiwiZXhwIjoxNjE1MzY5MDU3fQ.5Pv7TQEgkPtS0c5zz8m4i7aaMGr1CsPqTQ8sdMO38QM
2021-03-03 17:38:00 INFO  CreateUserInfoThreadTest:79 - 创建用户信息接口返回信息：{
    "code": "00001",
    "message": "失败",
    "data": "用户已存在",
    "success": false
}
2021-03-03 17:38:00 INFO  CreateUserInfoThreadTest:80 - 创建用户信息测试结果断言
2021-03-03 17:38:00 INFO  UserLoginApiObject:27 - 用户登录ApiObject，接口请求主体：{
    "username":"xiaohong",
    "password":"123123"
}
2021-03-03 17:38:00 INFO  UserInfoApiObjectTest:37 - 获取接口token：eyJ0eXAiOiJKV1QiLCJhbGciOiJIUzI1NiJ9.eyJpZCI6IjEiLCJ1c2VyTmFtZSI6InhpYW9ob25nIiwiZXhwIjoxNjE1MzY5MDgwfQ.ekwBYMcEGzcO2dHHEI-NxLZ60ofXgds77eGzfIdO2zw
2021-03-03 17:38:05 INFO  UserInfoApiObject:48 - 查询所有用户信息ApiObject，请求携带token：eyJ0eXAiOiJKV1QiLCJhbGciOiJIUzI1NiJ9.eyJpZCI6IjEiLCJ1c2VyTmFtZSI6InhpYW9ob25nIiwiZXhwIjoxNjE1MzY5MDgwfQ.ekwBYMcEGzcO2dHHEI-NxLZ60ofXgds77eGzfIdO2zw
2021-03-03 17:38:05 INFO  UserInfoApiObject:113 - 通过userId删除用户信息ApiObject，请求UserId：1，请求携带token：eyJ0eXAiOiJKV1QiLCJhbGciOiJIUzI1NiJ9.eyJpZCI6IjEiLCJ1c2VyTmFtZSI6InhpYW9ob25nIiwiZXhwIjoxNjE1MzY5MDgwfQ.ekwBYMcEGzcO2dHHEI-NxLZ60ofXgds77eGzfIdO2zw
2021-03-03 17:38:06 INFO  MustacheUtils:43 - 读取模板文件:mustache/userInfo.mustache，替换的内容:{"userName":"李桂香","userId":79,"phoneNumber":"15517641526","email":"18222421775@qq.com"}
2021-03-03 17:38:06 INFO  UserInfoApiObject:27 - 创建用户信息ApiObject，请求主体：{
"userId":79,
"userName":"李桂香",
"email":"18222421775@qq.com",
"phone":"15517641526",
"friends":[
{
"userId":11,
"userName":"小红喵",
"email":"xiaohongmiao@qq.com",
"phone":"18623456555"
},
{
"userId":12,
"userName":"小红旺",
"email":"xiaohongwang@qq.com",
"phone":"18623456566"
}
]
},请求携带token：eyJ0eXAiOiJKV1QiLCJhbGciOiJIUzI1NiJ9.eyJpZCI6IjEiLCJ1c2VyTmFtZSI6InhpYW9ob25nIiwiZXhwIjoxNjE1MzY5MDgwfQ.ekwBYMcEGzcO2dHHEI-NxLZ60ofXgds77eGzfIdO2zw
2021-03-03 17:38:06 INFO  UserInfoApiObject:48 - 查询所有用户信息ApiObject，请求携带token：eyJ0eXAiOiJKV1QiLCJhbGciOiJIUzI1NiJ9.eyJpZCI6IjEiLCJ1c2VyTmFtZSI6InhpYW9ob25nIiwiZXhwIjoxNjE1MzY5MDgwfQ.ekwBYMcEGzcO2dHHEI-NxLZ60ofXgds77eGzfIdO2zw
2021-03-03 17:38:06 INFO  UserInfoApiObjectTest:155 - 获取到的UserId：79
2021-03-03 17:38:06 INFO  UserInfoApiObjectTest:156 - 通过UserId删除用户信息
2021-03-03 17:38:06 INFO  UserInfoApiObject:113 - 通过userId删除用户信息ApiObject，请求UserId：79，请求携带token：eyJ0eXAiOiJKV1QiLCJhbGciOiJIUzI1NiJ9.eyJpZCI6IjEiLCJ1c2VyTmFtZSI6InhpYW9ob25nIiwiZXhwIjoxNjE1MzY5MDgwfQ.ekwBYMcEGzcO2dHHEI-NxLZ60ofXgds77eGzfIdO2zw
2021-03-03 17:38:06 INFO  UserInfoApiObjectTest:159 - 通过UserId删除用户信息：{
    "code": "00000",
    "message": "成功",
    "data": {
        "userId": 79,
        "userName": "李桂香",
        "email": "18222421775@qq.com",
        "phone": "15517641526",
        "friends": [
            {
                "userId": 11,
                "userName": "小红喵",
                "email": "xiaohongmiao@qq.com",
                "phone": "18623456555",
                "friends": null
            },
            {
                "userId": 12,
                "userName": "小红旺",
                "email": "xiaohongwang@qq.com",
                "phone": "18623456566",
                "friends": null
            }
        ]
    },
    "success": true
}
2021-03-03 17:38:06 INFO  UserInfoApiObject:48 - 查询所有用户信息ApiObject，请求携带token：eyJ0eXAiOiJKV1QiLCJhbGciOiJIUzI1NiJ9.eyJpZCI6IjEiLCJ1c2VyTmFtZSI6InhpYW9ob25nIiwiZXhwIjoxNjE1MzY5MDgwfQ.ekwBYMcEGzcO2dHHEI-NxLZ60ofXgds77eGzfIdO2zw
2021-03-03 17:38:11 INFO  UserInfoApiObject:48 - 查询所有用户信息ApiObject，请求携带token：eyJ0eXAiOiJKV1QiLCJhbGciOiJIUzI1NiJ9.eyJpZCI6IjEiLCJ1c2VyTmFtZSI6InhpYW9ob25nIiwiZXhwIjoxNjE1MzY5MDgwfQ.ekwBYMcEGzcO2dHHEI-NxLZ60ofXgds77eGzfIdO2zw
2021-03-03 17:38:12 INFO  MustacheUtils:43 - 读取模板文件:mustache/userInfo.mustache，替换的内容:{"userName":"萧梅","userId":99,"phoneNumber":"18505010765","email":"13689340264@qq.com"}
2021-03-03 17:38:12 INFO  UserInfoApiObject:27 - 创建用户信息ApiObject，请求主体：{
"userId":99,
"userName":"萧梅",
"email":"13689340264@qq.com",
"phone":"18505010765",
"friends":[
{
"userId":11,
"userName":"小红喵",
"email":"xiaohongmiao@qq.com",
"phone":"18623456555"
},
{
"userId":12,
"userName":"小红旺",
"email":"xiaohongwang@qq.com",
"phone":"18623456566"
}
]
},请求携带token：eyJ0eXAiOiJKV1QiLCJhbGciOiJIUzI1NiJ9.eyJpZCI6IjEiLCJ1c2VyTmFtZSI6InhpYW9ob25nIiwiZXhwIjoxNjE1MzY5MDgwfQ.ekwBYMcEGzcO2dHHEI-NxLZ60ofXgds77eGzfIdO2zw
2021-03-03 17:38:12 INFO  UserInfoApiObject:48 - 查询所有用户信息ApiObject，请求携带token：eyJ0eXAiOiJKV1QiLCJhbGciOiJIUzI1NiJ9.eyJpZCI6IjEiLCJ1c2VyTmFtZSI6InhpYW9ob25nIiwiZXhwIjoxNjE1MzY5MDgwfQ.ekwBYMcEGzcO2dHHEI-NxLZ60ofXgds77eGzfIdO2zw
2021-03-03 17:38:12 INFO  UserInfoApiObjectTest:125 - 获取到的UserId：99
2021-03-03 17:38:12 INFO  UserInfoApiObjectTest:132 - 更新用户信息请求body：{"userName":"小红红","userId":99,"phone":"18623456543","email":"xiaohong红@qq.com"}
2021-03-03 17:38:12 INFO  UserInfoApiObjectTest:133 - 通过UserId更新用户信息
2021-03-03 17:38:12 INFO  UserInfoApiObject:91 - 通过userId更新用户信息ApiObject，请求UserId：99，请求更新用户信息主体：{
    "userId":99,
    "userName":"小红红",
    "email":"xiaohong红@qq.com",
    "phone":"18623456543"
}，请求携带token：eyJ0eXAiOiJKV1QiLCJhbGciOiJIUzI1NiJ9.eyJpZCI6IjEiLCJ1c2VyTmFtZSI6InhpYW9ob25nIiwiZXhwIjoxNjE1MzY5MDgwfQ.ekwBYMcEGzcO2dHHEI-NxLZ60ofXgds77eGzfIdO2zw
2021-03-03 17:38:12 INFO  UserInfoApiObjectTest:136 - 通过UserId更新用户信息接口返回信息：{
    "code": "00000",
    "message": "成功",
    "data": {
        "userId": 99,
        "userName": "小红红",
        "email": "xiaohong红@qq.com",
        "phone": "18623456543",
        "friends": null
    },
    "success": true
}
2021-03-03 17:38:12 INFO  UserInfoApiObject:48 - 查询所有用户信息ApiObject，请求携带token：eyJ0eXAiOiJKV1QiLCJhbGciOiJIUzI1NiJ9.eyJpZCI6IjEiLCJ1c2VyTmFtZSI6InhpYW9ob25nIiwiZXhwIjoxNjE1MzY5MDgwfQ.ekwBYMcEGzcO2dHHEI-NxLZ60ofXgds77eGzfIdO2zw
2021-03-03 17:38:12 INFO  UserInfoApiObject:113 - 通过userId删除用户信息ApiObject，请求UserId：99，请求携带token：eyJ0eXAiOiJKV1QiLCJhbGciOiJIUzI1NiJ9.eyJpZCI6IjEiLCJ1c2VyTmFtZSI6InhpYW9ob25nIiwiZXhwIjoxNjE1MzY5MDgwfQ.ekwBYMcEGzcO2dHHEI-NxLZ60ofXgds77eGzfIdO2zw
2021-03-03 17:38:17 INFO  UserInfoApiObject:48 - 查询所有用户信息ApiObject，请求携带token：eyJ0eXAiOiJKV1QiLCJhbGciOiJIUzI1NiJ9.eyJpZCI6IjEiLCJ1c2VyTmFtZSI6InhpYW9ob25nIiwiZXhwIjoxNjE1MzY5MDgwfQ.ekwBYMcEGzcO2dHHEI-NxLZ60ofXgds77eGzfIdO2zw
2021-03-03 17:38:18 INFO  MustacheUtils:43 - 读取模板文件:mustache/userInfo.mustache，替换的内容:{"userName":"韦欢","userId":92,"phoneNumber":"18297817933","email":"15769127915@qq.com"}
2021-03-03 17:38:18 INFO  UserInfoApiObjectTest:58 - 创建用户信息请求body：{"userName":"韦欢","userId":92,"friends":[{"userName":"小红喵","userId":11,"phone":"18623456555","email":"xiaohongmiao@qq.com"},{"userName":"小红旺","userId":12,"phone":"18623456566","email":"xiaohongwang@qq.com"}],"phone":"18297817933","email":"15769127915@qq.com"}
2021-03-03 17:38:19 INFO  MustacheUtils:43 - 读取模板文件:mustache/userInfo.mustache，替换的内容:{"userName":"范慧","userId":20,"phoneNumber":"14711528982","email":"15602951696@qq.com"}
2021-03-03 17:38:19 INFO  UserInfoApiObject:27 - 创建用户信息ApiObject，请求主体：{
"userId":20,
"userName":"范慧",
"email":"15602951696@qq.com",
"phone":"14711528982",
"friends":[
{
"userId":11,
"userName":"小红喵",
"email":"xiaohongmiao@qq.com",
"phone":"18623456555"
},
{
"userId":12,
"userName":"小红旺",
"email":"xiaohongwang@qq.com",
"phone":"18623456566"
}
]
},请求携带token：eyJ0eXAiOiJKV1QiLCJhbGciOiJIUzI1NiJ9.eyJpZCI6IjEiLCJ1c2VyTmFtZSI6InhpYW9ob25nIiwiZXhwIjoxNjE1MzY5MDgwfQ.ekwBYMcEGzcO2dHHEI-NxLZ60ofXgds77eGzfIdO2zw
2021-03-03 17:38:19 INFO  UserInfoApiObjectTest:60 - 创建用户信息接口返回信息：{
    "code": "00000",
    "message": "成功",
    "data": {
        "userId": 20,
        "userName": "范慧",
        "email": "15602951696@qq.com",
        "phone": "14711528982",
        "friends": [
            {
                "userId": 11,
                "userName": "小红喵",
                "email": "xiaohongmiao@qq.com",
                "phone": "18623456555",
                "friends": null
            },
            {
                "userId": 12,
                "userName": "小红旺",
                "email": "xiaohongwang@qq.com",
                "phone": "18623456566",
                "friends": null
            }
        ]
    },
    "success": true
}
2021-03-03 17:38:19 INFO  UserInfoApiObjectTest:61 - 创建用户信息测试结果断言
2021-03-03 17:38:19 INFO  UserInfoApiObject:48 - 查询所有用户信息ApiObject，请求携带token：eyJ0eXAiOiJKV1QiLCJhbGciOiJIUzI1NiJ9.eyJpZCI6IjEiLCJ1c2VyTmFtZSI6InhpYW9ob25nIiwiZXhwIjoxNjE1MzY5MDgwfQ.ekwBYMcEGzcO2dHHEI-NxLZ60ofXgds77eGzfIdO2zw
2021-03-03 17:38:19 INFO  UserInfoApiObject:113 - 通过userId删除用户信息ApiObject，请求UserId：20，请求携带token：eyJ0eXAiOiJKV1QiLCJhbGciOiJIUzI1NiJ9.eyJpZCI6IjEiLCJ1c2VyTmFtZSI6InhpYW9ob25nIiwiZXhwIjoxNjE1MzY5MDgwfQ.ekwBYMcEGzcO2dHHEI-NxLZ60ofXgds77eGzfIdO2zw
2021-03-03 17:38:24 INFO  UserInfoApiObject:48 - 查询所有用户信息ApiObject，请求携带token：eyJ0eXAiOiJKV1QiLCJhbGciOiJIUzI1NiJ9.eyJpZCI6IjEiLCJ1c2VyTmFtZSI6InhpYW9ob25nIiwiZXhwIjoxNjE1MzY5MDgwfQ.ekwBYMcEGzcO2dHHEI-NxLZ60ofXgds77eGzfIdO2zw
2021-03-03 17:38:25 INFO  MustacheUtils:43 - 读取模板文件:mustache/userInfo.mustache，替换的内容:{"userName":"曾桂英","userId":83,"phoneNumber":"13474456829","email":"15787234069@qq.com"}
2021-03-03 17:38:25 INFO  UserInfoApiObject:27 - 创建用户信息ApiObject，请求主体：{
"userId":83,
"userName":"曾桂英",
"email":"15787234069@qq.com",
"phone":"13474456829",
"friends":[
{
"userId":11,
"userName":"小红喵",
"email":"xiaohongmiao@qq.com",
"phone":"18623456555"
},
{
"userId":12,
"userName":"小红旺",
"email":"xiaohongwang@qq.com",
"phone":"18623456566"
}
]
},请求携带token：eyJ0eXAiOiJKV1QiLCJhbGciOiJIUzI1NiJ9.eyJpZCI6IjEiLCJ1c2VyTmFtZSI6InhpYW9ob25nIiwiZXhwIjoxNjE1MzY5MDgwfQ.ekwBYMcEGzcO2dHHEI-NxLZ60ofXgds77eGzfIdO2zw
2021-03-03 17:38:25 INFO  UserInfoApiObjectTest:81 - 查询所有用户信息
2021-03-03 17:38:25 INFO  UserInfoApiObject:48 - 查询所有用户信息ApiObject，请求携带token：eyJ0eXAiOiJKV1QiLCJhbGciOiJIUzI1NiJ9.eyJpZCI6IjEiLCJ1c2VyTmFtZSI6InhpYW9ob25nIiwiZXhwIjoxNjE1MzY5MDgwfQ.ekwBYMcEGzcO2dHHEI-NxLZ60ofXgds77eGzfIdO2zw
2021-03-03 17:38:25 INFO  UserInfoApiObjectTest:84 - 查询所有用户信息接口返回信息：{
    "code": "00000",
    "message": "成功",
    "data": [
        {
            "userId": 83,
            "userName": "曾桂英",
            "email": "15787234069@qq.com",
            "phone": "13474456829",
            "friends": [
                {
                    "userId": 11,
                    "userName": "小红喵",
                    "email": "xiaohongmiao@qq.com",
                    "phone": "18623456555",
                    "friends": null
                },
                {
                    "userId": 12,
                    "userName": "小红旺",
                    "email": "xiaohongwang@qq.com",
                    "phone": "18623456566",
                    "friends": null
                }
            ]
        }
    ],
    "success": true
}
2021-03-03 17:38:25 INFO  UserInfoApiObject:48 - 查询所有用户信息ApiObject，请求携带token：eyJ0eXAiOiJKV1QiLCJhbGciOiJIUzI1NiJ9.eyJpZCI6IjEiLCJ1c2VyTmFtZSI6InhpYW9ob25nIiwiZXhwIjoxNjE1MzY5MDgwfQ.ekwBYMcEGzcO2dHHEI-NxLZ60ofXgds77eGzfIdO2zw
2021-03-03 17:38:25 INFO  UserInfoApiObject:113 - 通过userId删除用户信息ApiObject，请求UserId：83，请求携带token：eyJ0eXAiOiJKV1QiLCJhbGciOiJIUzI1NiJ9.eyJpZCI6IjEiLCJ1c2VyTmFtZSI6InhpYW9ob25nIiwiZXhwIjoxNjE1MzY5MDgwfQ.ekwBYMcEGzcO2dHHEI-NxLZ60ofXgds77eGzfIdO2zw
2021-03-03 17:38:30 INFO  UserInfoApiObject:48 - 查询所有用户信息ApiObject，请求携带token：eyJ0eXAiOiJKV1QiLCJhbGciOiJIUzI1NiJ9.eyJpZCI6IjEiLCJ1c2VyTmFtZSI6InhpYW9ob25nIiwiZXhwIjoxNjE1MzY5MDgwfQ.ekwBYMcEGzcO2dHHEI-NxLZ60ofXgds77eGzfIdO2zw
2021-03-03 17:38:30 INFO  MustacheUtils:43 - 读取模板文件:mustache/userInfo.mustache，替换的内容:{"userName":"吉利","userId":31,"phoneNumber":"15549996901","email":"15775723522@qq.com"}
2021-03-03 17:38:30 INFO  UserInfoApiObject:27 - 创建用户信息ApiObject，请求主体：{
"userId":31,
"userName":"吉利",
"email":"15775723522@qq.com",
"phone":"15549996901",
"friends":[
{
"userId":11,
"userName":"小红喵",
"email":"xiaohongmiao@qq.com",
"phone":"18623456555"
},
{
"userId":12,
"userName":"小红旺",
"email":"xiaohongwang@qq.com",
"phone":"18623456566"
}
]
},请求携带token：eyJ0eXAiOiJKV1QiLCJhbGciOiJIUzI1NiJ9.eyJpZCI6IjEiLCJ1c2VyTmFtZSI6InhpYW9ob25nIiwiZXhwIjoxNjE1MzY5MDgwfQ.ekwBYMcEGzcO2dHHEI-NxLZ60ofXgds77eGzfIdO2zw
2021-03-03 17:38:31 INFO  UserInfoApiObject:48 - 查询所有用户信息ApiObject，请求携带token：eyJ0eXAiOiJKV1QiLCJhbGciOiJIUzI1NiJ9.eyJpZCI6IjEiLCJ1c2VyTmFtZSI6InhpYW9ob25nIiwiZXhwIjoxNjE1MzY5MDgwfQ.ekwBYMcEGzcO2dHHEI-NxLZ60ofXgds77eGzfIdO2zw
2021-03-03 17:38:31 INFO  UserInfoApiObjectTest:101 - 通过UserId查询用户信息
2021-03-03 17:38:31 INFO  UserInfoApiObjectTest:104 - 获取到的UserId：31
2021-03-03 17:38:31 INFO  UserInfoApiObject:69 - 通过userId查询用户信息ApiObject，请求UserId：31，请求携带token：eyJ0eXAiOiJKV1QiLCJhbGciOiJIUzI1NiJ9.eyJpZCI6IjEiLCJ1c2VyTmFtZSI6InhpYW9ob25nIiwiZXhwIjoxNjE1MzY5MDgwfQ.ekwBYMcEGzcO2dHHEI-NxLZ60ofXgds77eGzfIdO2zw
2021-03-03 17:38:31 INFO  UserInfoApiObjectTest:106 - 通过UserId查询用户信息接口返回信息：{
    "code": "00000",
    "message": "成功",
    "data": {
        "userId": 31,
        "userName": "吉利",
        "email": "15775723522@qq.com",
        "phone": "15549996901",
        "friends": [
            {
                "userId": 11,
                "userName": "小红喵",
                "email": "xiaohongmiao@qq.com",
                "phone": "18623456555",
                "friends": null
            },
            {
                "userId": 12,
                "userName": "小红旺",
                "email": "xiaohongwang@qq.com",
                "phone": "18623456566",
                "friends": null
            }
        ]
    },
    "success": true
}
2021-03-03 17:38:31 INFO  UserInfoApiObject:48 - 查询所有用户信息ApiObject，请求携带token：eyJ0eXAiOiJKV1QiLCJhbGciOiJIUzI1NiJ9.eyJpZCI6IjEiLCJ1c2VyTmFtZSI6InhpYW9ob25nIiwiZXhwIjoxNjE1MzY5MDgwfQ.ekwBYMcEGzcO2dHHEI-NxLZ60ofXgds77eGzfIdO2zw
2021-03-03 17:38:31 INFO  UserInfoApiObject:113 - 通过userId删除用户信息ApiObject，请求UserId：31，请求携带token：eyJ0eXAiOiJKV1QiLCJhbGciOiJIUzI1NiJ9.eyJpZCI6IjEiLCJ1c2VyTmFtZSI6InhpYW9ob25nIiwiZXhwIjoxNjE1MzY5MDgwfQ.ekwBYMcEGzcO2dHHEI-NxLZ60ofXgds77eGzfIdO2zw
2021-03-03 17:38:36 INFO  JsonPathUtils:54 - 读取JSON文件:/json/book.json，替换的内容:{"$.store.book[*].author":"测试作者"}
2021-03-03 17:38:41 INFO  JsonPathUtils:54 - 读取JSON文件:/json/book.json，替换的内容:{"$.store.*":"all change"}
2021-03-03 17:38:46 INFO  JsonPathUtils:54 - 读取JSON文件:/json/book.json，替换的内容:{"$..book[0,1]":"first two change"}
2021-03-03 17:38:51 INFO  MustacheUtils:43 - 读取模板文件:mustache/book.mustache，替换的内容:{"author":"mustacheAuthor","price":56.8}
2021-03-03 17:45:08 INFO  UserLoginApiObject:27 - 用户登录ApiObject，接口请求主体：{
    "username":"xiaohong",
    "password":"123123"
}
2021-03-03 17:45:12 INFO  CreateUserInfoThreadTest:58 - 获取接口token：eyJ0eXAiOiJKV1QiLCJhbGciOiJIUzI1NiJ9.eyJpZCI6IjEiLCJ1c2VyTmFtZSI6InhpYW9ob25nIiwiZXhwIjoxNjE1MzY5NTExfQ.U_uqo4uy0pNr8hcSxdJx0UOsOieyqE-a-gStrkY5Yds
2021-03-03 17:45:22 INFO  CreateUserInfoThreadTest:76 - 创建用户信息请求body：{"userName":"小红","userId":1,"friends":[{"userName":"小红喵","userId":11,"phone":"18623456555","email":"xiaohongmiao@qq.com"},{"userName":"小红旺","userId":12,"phone":"18623456566","email":"xiaohongwang@qq.com"}],"phone":"18623456543","email":"xiaohong@qq.com"}
2021-03-03 17:45:22 INFO  UserInfoApiObject:27 - 创建用户信息ApiObject，请求主体：{
    "userId":1,
    "userName":"小红",
    "email":"xiaohong@qq.com",
    "phone":"18623456543",
    "friends":[
        {
            "userId":11,
            "userName":"小红喵",
            "email":"xiaohongmiao@qq.com",
            "phone":"18623456555"
        },
        {
            "userId":12,
            "userName":"小红旺",
            "email":"xiaohongwang@qq.com",
            "phone":"18623456566"
        }
    ]
},请求携带token：eyJ0eXAiOiJKV1QiLCJhbGciOiJIUzI1NiJ9.eyJpZCI6IjEiLCJ1c2VyTmFtZSI6InhpYW9ob25nIiwiZXhwIjoxNjE1MzY5NTExfQ.U_uqo4uy0pNr8hcSxdJx0UOsOieyqE-a-gStrkY5Yds
2021-03-03 17:45:23 INFO  CreateUserInfoThreadTest:79 - 创建用户信息接口返回信息：{
    "code": "00000",
    "message": "成功",
    "data": {
        "userId": 1,
        "userName": "小红",
        "email": "xiaohong@qq.com",
        "phone": "18623456543",
        "friends": [
            {
                "userId": 11,
                "userName": "小红喵",
                "email": "xiaohongmiao@qq.com",
                "phone": "18623456555",
                "friends": null
            },
            {
                "userId": 12,
                "userName": "小红旺",
                "email": "xiaohongwang@qq.com",
                "phone": "18623456566",
                "friends": null
            }
        ]
    },
    "success": true
}
2021-03-03 17:45:23 INFO  CreateUserInfoThreadTest:80 - 创建用户信息测试结果断言
2021-03-03 17:45:28 INFO  CreateUserInfoThreadTest:76 - 创建用户信息请求body：{"userName":"小红","userId":1,"friends":[{"userName":"小红喵","userId":11,"phone":"18623456555","email":"xiaohongmiao@qq.com"},{"userName":"小红旺","userId":12,"phone":"18623456566","email":"xiaohongwang@qq.com"}],"phone":"18623456543","email":"xiaohong@qq.com"}
2021-03-03 17:45:28 INFO  UserInfoApiObject:27 - 创建用户信息ApiObject，请求主体：{
    "userId":1,
    "userName":"小红",
    "email":"xiaohong@qq.com",
    "phone":"18623456543",
    "friends":[
        {
            "userId":11,
            "userName":"小红喵",
            "email":"xiaohongmiao@qq.com",
            "phone":"18623456555"
        },
        {
            "userId":12,
            "userName":"小红旺",
            "email":"xiaohongwang@qq.com",
            "phone":"18623456566"
        }
    ]
},请求携带token：eyJ0eXAiOiJKV1QiLCJhbGciOiJIUzI1NiJ9.eyJpZCI6IjEiLCJ1c2VyTmFtZSI6InhpYW9ob25nIiwiZXhwIjoxNjE1MzY5NTExfQ.U_uqo4uy0pNr8hcSxdJx0UOsOieyqE-a-gStrkY5Yds
2021-03-03 17:45:28 INFO  CreateUserInfoThreadTest:79 - 创建用户信息接口返回信息：{
    "code": "00001",
    "message": "失败",
    "data": "用户已存在",
    "success": false
}
2021-03-03 17:45:28 INFO  CreateUserInfoThreadTest:80 - 创建用户信息测试结果断言
2021-03-03 17:45:33 INFO  CreateUserInfoThreadTest:76 - 创建用户信息请求body：{"userName":"小红","userId":1,"friends":[{"userName":"小红喵","userId":11,"phone":"18623456555","email":"xiaohongmiao@qq.com"},{"userName":"小红旺","userId":12,"phone":"18623456566","email":"xiaohongwang@qq.com"}],"phone":"18623456543","email":"xiaohong@qq.com"}
2021-03-03 17:45:33 INFO  UserInfoApiObject:27 - 创建用户信息ApiObject，请求主体：{
    "userId":1,
    "userName":"小红",
    "email":"xiaohong@qq.com",
    "phone":"18623456543",
    "friends":[
        {
            "userId":11,
            "userName":"小红喵",
            "email":"xiaohongmiao@qq.com",
            "phone":"18623456555"
        },
        {
            "userId":12,
            "userName":"小红旺",
            "email":"xiaohongwang@qq.com",
            "phone":"18623456566"
        }
    ]
},请求携带token：eyJ0eXAiOiJKV1QiLCJhbGciOiJIUzI1NiJ9.eyJpZCI6IjEiLCJ1c2VyTmFtZSI6InhpYW9ob25nIiwiZXhwIjoxNjE1MzY5NTExfQ.U_uqo4uy0pNr8hcSxdJx0UOsOieyqE-a-gStrkY5Yds
2021-03-03 17:45:33 INFO  CreateUserInfoThreadTest:79 - 创建用户信息接口返回信息：{
    "code": "00001",
    "message": "失败",
    "data": "用户已存在",
    "success": false
}
2021-03-03 17:45:33 INFO  CreateUserInfoThreadTest:80 - 创建用户信息测试结果断言
2021-03-03 17:45:33 INFO  UserLoginApiObject:27 - 用户登录ApiObject，接口请求主体：{
    "username":"xiaohong",
    "password":"123123"
}
2021-03-03 17:45:33 INFO  UserInfoApiObjectTest:37 - 获取接口token：eyJ0eXAiOiJKV1QiLCJhbGciOiJIUzI1NiJ9.eyJpZCI6IjEiLCJ1c2VyTmFtZSI6InhpYW9ob25nIiwiZXhwIjoxNjE1MzY5NTMzfQ.PLy9yYQMOOAHTo8Dh48UXzg4xxyTO1nVzEy5iaHbAOc
2021-03-03 17:45:38 INFO  UserInfoApiObject:48 - 查询所有用户信息ApiObject，请求携带token：eyJ0eXAiOiJKV1QiLCJhbGciOiJIUzI1NiJ9.eyJpZCI6IjEiLCJ1c2VyTmFtZSI6InhpYW9ob25nIiwiZXhwIjoxNjE1MzY5NTMzfQ.PLy9yYQMOOAHTo8Dh48UXzg4xxyTO1nVzEy5iaHbAOc
2021-03-03 17:45:38 INFO  UserInfoApiObject:113 - 通过userId删除用户信息ApiObject，请求UserId：1，请求携带token：eyJ0eXAiOiJKV1QiLCJhbGciOiJIUzI1NiJ9.eyJpZCI6IjEiLCJ1c2VyTmFtZSI6InhpYW9ob25nIiwiZXhwIjoxNjE1MzY5NTMzfQ.PLy9yYQMOOAHTo8Dh48UXzg4xxyTO1nVzEy5iaHbAOc
2021-03-03 17:45:39 INFO  MustacheUtils:43 - 读取模板文件:mustache/userInfo.mustache，替换的内容:{"userName":"王婷婷","userId":12,"phoneNumber":"13665473576","email":"15270675033@qq.com"}
2021-03-03 17:45:39 INFO  UserInfoApiObject:27 - 创建用户信息ApiObject，请求主体：{
"userId":12,
"userName":"王婷婷",
"email":"15270675033@qq.com",
"phone":"13665473576",
"friends":[
{
"userId":11,
"userName":"小红喵",
"email":"xiaohongmiao@qq.com",
"phone":"18623456555"
},
{
"userId":12,
"userName":"小红旺",
"email":"xiaohongwang@qq.com",
"phone":"18623456566"
}
]
},请求携带token：eyJ0eXAiOiJKV1QiLCJhbGciOiJIUzI1NiJ9.eyJpZCI6IjEiLCJ1c2VyTmFtZSI6InhpYW9ob25nIiwiZXhwIjoxNjE1MzY5NTMzfQ.PLy9yYQMOOAHTo8Dh48UXzg4xxyTO1nVzEy5iaHbAOc
2021-03-03 17:45:39 INFO  UserInfoApiObject:48 - 查询所有用户信息ApiObject，请求携带token：eyJ0eXAiOiJKV1QiLCJhbGciOiJIUzI1NiJ9.eyJpZCI6IjEiLCJ1c2VyTmFtZSI6InhpYW9ob25nIiwiZXhwIjoxNjE1MzY5NTMzfQ.PLy9yYQMOOAHTo8Dh48UXzg4xxyTO1nVzEy5iaHbAOc
2021-03-03 17:45:39 INFO  UserInfoApiObjectTest:155 - 获取到的UserId：12
2021-03-03 17:45:39 INFO  UserInfoApiObjectTest:156 - 通过UserId删除用户信息
2021-03-03 17:45:39 INFO  UserInfoApiObject:113 - 通过userId删除用户信息ApiObject，请求UserId：12，请求携带token：eyJ0eXAiOiJKV1QiLCJhbGciOiJIUzI1NiJ9.eyJpZCI6IjEiLCJ1c2VyTmFtZSI6InhpYW9ob25nIiwiZXhwIjoxNjE1MzY5NTMzfQ.PLy9yYQMOOAHTo8Dh48UXzg4xxyTO1nVzEy5iaHbAOc
2021-03-03 17:45:39 INFO  UserInfoApiObjectTest:159 - 通过UserId删除用户信息：{
    "code": "00000",
    "message": "成功",
    "data": {
        "userId": 12,
        "userName": "王婷婷",
        "email": "15270675033@qq.com",
        "phone": "13665473576",
        "friends": [
            {
                "userId": 11,
                "userName": "小红喵",
                "email": "xiaohongmiao@qq.com",
                "phone": "18623456555",
                "friends": null
            },
            {
                "userId": 12,
                "userName": "小红旺",
                "email": "xiaohongwang@qq.com",
                "phone": "18623456566",
                "friends": null
            }
        ]
    },
    "success": true
}
2021-03-03 17:45:39 INFO  UserInfoApiObject:48 - 查询所有用户信息ApiObject，请求携带token：eyJ0eXAiOiJKV1QiLCJhbGciOiJIUzI1NiJ9.eyJpZCI6IjEiLCJ1c2VyTmFtZSI6InhpYW9ob25nIiwiZXhwIjoxNjE1MzY5NTMzfQ.PLy9yYQMOOAHTo8Dh48UXzg4xxyTO1nVzEy5iaHbAOc
2021-03-03 17:45:44 INFO  UserInfoApiObject:48 - 查询所有用户信息ApiObject，请求携带token：eyJ0eXAiOiJKV1QiLCJhbGciOiJIUzI1NiJ9.eyJpZCI6IjEiLCJ1c2VyTmFtZSI6InhpYW9ob25nIiwiZXhwIjoxNjE1MzY5NTMzfQ.PLy9yYQMOOAHTo8Dh48UXzg4xxyTO1nVzEy5iaHbAOc
2021-03-03 17:45:45 INFO  MustacheUtils:43 - 读取模板文件:mustache/userInfo.mustache，替换的内容:{"userName":"王建华","userId":69,"phoneNumber":"15331172988","email":"13556668906@qq.com"}
2021-03-03 17:45:45 INFO  UserInfoApiObject:27 - 创建用户信息ApiObject，请求主体：{
"userId":69,
"userName":"王建华",
"email":"13556668906@qq.com",
"phone":"15331172988",
"friends":[
{
"userId":11,
"userName":"小红喵",
"email":"xiaohongmiao@qq.com",
"phone":"18623456555"
},
{
"userId":12,
"userName":"小红旺",
"email":"xiaohongwang@qq.com",
"phone":"18623456566"
}
]
},请求携带token：eyJ0eXAiOiJKV1QiLCJhbGciOiJIUzI1NiJ9.eyJpZCI6IjEiLCJ1c2VyTmFtZSI6InhpYW9ob25nIiwiZXhwIjoxNjE1MzY5NTMzfQ.PLy9yYQMOOAHTo8Dh48UXzg4xxyTO1nVzEy5iaHbAOc
2021-03-03 17:45:45 INFO  UserInfoApiObject:48 - 查询所有用户信息ApiObject，请求携带token：eyJ0eXAiOiJKV1QiLCJhbGciOiJIUzI1NiJ9.eyJpZCI6IjEiLCJ1c2VyTmFtZSI6InhpYW9ob25nIiwiZXhwIjoxNjE1MzY5NTMzfQ.PLy9yYQMOOAHTo8Dh48UXzg4xxyTO1nVzEy5iaHbAOc
2021-03-03 17:45:45 INFO  UserInfoApiObjectTest:125 - 获取到的UserId：69
2021-03-03 17:45:45 INFO  UserInfoApiObjectTest:132 - 更新用户信息请求body：{"userName":"小红红","userId":69,"phone":"18623456543","email":"xiaohong红@qq.com"}
2021-03-03 17:45:45 INFO  UserInfoApiObjectTest:133 - 通过UserId更新用户信息
2021-03-03 17:45:45 INFO  UserInfoApiObject:91 - 通过userId更新用户信息ApiObject，请求UserId：69，请求更新用户信息主体：{
    "userId":69,
    "userName":"小红红",
    "email":"xiaohong红@qq.com",
    "phone":"18623456543"
}，请求携带token：eyJ0eXAiOiJKV1QiLCJhbGciOiJIUzI1NiJ9.eyJpZCI6IjEiLCJ1c2VyTmFtZSI6InhpYW9ob25nIiwiZXhwIjoxNjE1MzY5NTMzfQ.PLy9yYQMOOAHTo8Dh48UXzg4xxyTO1nVzEy5iaHbAOc
2021-03-03 17:45:45 INFO  UserInfoApiObjectTest:136 - 通过UserId更新用户信息接口返回信息：{
    "code": "00000",
    "message": "成功",
    "data": {
        "userId": 69,
        "userName": "小红红",
        "email": "xiaohong红@qq.com",
        "phone": "18623456543",
        "friends": null
    },
    "success": true
}
2021-03-03 17:45:45 INFO  UserInfoApiObject:48 - 查询所有用户信息ApiObject，请求携带token：eyJ0eXAiOiJKV1QiLCJhbGciOiJIUzI1NiJ9.eyJpZCI6IjEiLCJ1c2VyTmFtZSI6InhpYW9ob25nIiwiZXhwIjoxNjE1MzY5NTMzfQ.PLy9yYQMOOAHTo8Dh48UXzg4xxyTO1nVzEy5iaHbAOc
2021-03-03 17:45:45 INFO  UserInfoApiObject:113 - 通过userId删除用户信息ApiObject，请求UserId：69，请求携带token：eyJ0eXAiOiJKV1QiLCJhbGciOiJIUzI1NiJ9.eyJpZCI6IjEiLCJ1c2VyTmFtZSI6InhpYW9ob25nIiwiZXhwIjoxNjE1MzY5NTMzfQ.PLy9yYQMOOAHTo8Dh48UXzg4xxyTO1nVzEy5iaHbAOc
2021-03-03 17:45:50 INFO  UserInfoApiObject:48 - 查询所有用户信息ApiObject，请求携带token：eyJ0eXAiOiJKV1QiLCJhbGciOiJIUzI1NiJ9.eyJpZCI6IjEiLCJ1c2VyTmFtZSI6InhpYW9ob25nIiwiZXhwIjoxNjE1MzY5NTMzfQ.PLy9yYQMOOAHTo8Dh48UXzg4xxyTO1nVzEy5iaHbAOc
2021-03-03 17:45:51 INFO  MustacheUtils:43 - 读取模板文件:mustache/userInfo.mustache，替换的内容:{"userName":"李红霞","userId":94,"phoneNumber":"13056656335","email":"18220847675@qq.com"}
2021-03-03 17:45:51 INFO  UserInfoApiObjectTest:58 - 创建用户信息请求body：{"userName":"李红霞","userId":94,"friends":[{"userName":"小红喵","userId":11,"phone":"18623456555","email":"xiaohongmiao@qq.com"},{"userName":"小红旺","userId":12,"phone":"18623456566","email":"xiaohongwang@qq.com"}],"phone":"13056656335","email":"18220847675@qq.com"}
2021-03-03 17:45:51 INFO  MustacheUtils:43 - 读取模板文件:mustache/userInfo.mustache，替换的内容:{"userName":"朱伟","userId":79,"phoneNumber":"18807133451","email":"18670664578@qq.com"}
2021-03-03 17:45:51 INFO  UserInfoApiObject:27 - 创建用户信息ApiObject，请求主体：{
"userId":79,
"userName":"朱伟",
"email":"18670664578@qq.com",
"phone":"18807133451",
"friends":[
{
"userId":11,
"userName":"小红喵",
"email":"xiaohongmiao@qq.com",
"phone":"18623456555"
},
{
"userId":12,
"userName":"小红旺",
"email":"xiaohongwang@qq.com",
"phone":"18623456566"
}
]
},请求携带token：eyJ0eXAiOiJKV1QiLCJhbGciOiJIUzI1NiJ9.eyJpZCI6IjEiLCJ1c2VyTmFtZSI6InhpYW9ob25nIiwiZXhwIjoxNjE1MzY5NTMzfQ.PLy9yYQMOOAHTo8Dh48UXzg4xxyTO1nVzEy5iaHbAOc
2021-03-03 17:45:52 INFO  UserInfoApiObjectTest:60 - 创建用户信息接口返回信息：{
    "code": "00000",
    "message": "成功",
    "data": {
        "userId": 79,
        "userName": "朱伟",
        "email": "18670664578@qq.com",
        "phone": "18807133451",
        "friends": [
            {
                "userId": 11,
                "userName": "小红喵",
                "email": "xiaohongmiao@qq.com",
                "phone": "18623456555",
                "friends": null
            },
            {
                "userId": 12,
                "userName": "小红旺",
                "email": "xiaohongwang@qq.com",
                "phone": "18623456566",
                "friends": null
            }
        ]
    },
    "success": true
}
2021-03-03 17:45:52 INFO  UserInfoApiObjectTest:61 - 创建用户信息测试结果断言
2021-03-03 17:45:52 INFO  UserInfoApiObject:48 - 查询所有用户信息ApiObject，请求携带token：eyJ0eXAiOiJKV1QiLCJhbGciOiJIUzI1NiJ9.eyJpZCI6IjEiLCJ1c2VyTmFtZSI6InhpYW9ob25nIiwiZXhwIjoxNjE1MzY5NTMzfQ.PLy9yYQMOOAHTo8Dh48UXzg4xxyTO1nVzEy5iaHbAOc
2021-03-03 17:45:52 INFO  UserInfoApiObject:113 - 通过userId删除用户信息ApiObject，请求UserId：79，请求携带token：eyJ0eXAiOiJKV1QiLCJhbGciOiJIUzI1NiJ9.eyJpZCI6IjEiLCJ1c2VyTmFtZSI6InhpYW9ob25nIiwiZXhwIjoxNjE1MzY5NTMzfQ.PLy9yYQMOOAHTo8Dh48UXzg4xxyTO1nVzEy5iaHbAOc
2021-03-03 17:45:57 INFO  UserInfoApiObject:48 - 查询所有用户信息ApiObject，请求携带token：eyJ0eXAiOiJKV1QiLCJhbGciOiJIUzI1NiJ9.eyJpZCI6IjEiLCJ1c2VyTmFtZSI6InhpYW9ob25nIiwiZXhwIjoxNjE1MzY5NTMzfQ.PLy9yYQMOOAHTo8Dh48UXzg4xxyTO1nVzEy5iaHbAOc
2021-03-03 17:45:57 INFO  MustacheUtils:43 - 读取模板文件:mustache/userInfo.mustache，替换的内容:{"userName":"周波","userId":76,"phoneNumber":"13882323841","email":"13657227865@qq.com"}
2021-03-03 17:45:57 INFO  UserInfoApiObject:27 - 创建用户信息ApiObject，请求主体：{
"userId":76,
"userName":"周波",
"email":"13657227865@qq.com",
"phone":"13882323841",
"friends":[
{
"userId":11,
"userName":"小红喵",
"email":"xiaohongmiao@qq.com",
"phone":"18623456555"
},
{
"userId":12,
"userName":"小红旺",
"email":"xiaohongwang@qq.com",
"phone":"18623456566"
}
]
},请求携带token：eyJ0eXAiOiJKV1QiLCJhbGciOiJIUzI1NiJ9.eyJpZCI6IjEiLCJ1c2VyTmFtZSI6InhpYW9ob25nIiwiZXhwIjoxNjE1MzY5NTMzfQ.PLy9yYQMOOAHTo8Dh48UXzg4xxyTO1nVzEy5iaHbAOc
2021-03-03 17:45:57 INFO  UserInfoApiObjectTest:81 - 查询所有用户信息
2021-03-03 17:45:57 INFO  UserInfoApiObject:48 - 查询所有用户信息ApiObject，请求携带token：eyJ0eXAiOiJKV1QiLCJhbGciOiJIUzI1NiJ9.eyJpZCI6IjEiLCJ1c2VyTmFtZSI6InhpYW9ob25nIiwiZXhwIjoxNjE1MzY5NTMzfQ.PLy9yYQMOOAHTo8Dh48UXzg4xxyTO1nVzEy5iaHbAOc
2021-03-03 17:45:57 INFO  UserInfoApiObjectTest:84 - 查询所有用户信息接口返回信息：{
    "code": "00000",
    "message": "成功",
    "data": [
        {
            "userId": 76,
            "userName": "周波",
            "email": "13657227865@qq.com",
            "phone": "13882323841",
            "friends": [
                {
                    "userId": 11,
                    "userName": "小红喵",
                    "email": "xiaohongmiao@qq.com",
                    "phone": "18623456555",
                    "friends": null
                },
                {
                    "userId": 12,
                    "userName": "小红旺",
                    "email": "xiaohongwang@qq.com",
                    "phone": "18623456566",
                    "friends": null
                }
            ]
        }
    ],
    "success": true
}
2021-03-03 17:45:57 INFO  UserInfoApiObject:48 - 查询所有用户信息ApiObject，请求携带token：eyJ0eXAiOiJKV1QiLCJhbGciOiJIUzI1NiJ9.eyJpZCI6IjEiLCJ1c2VyTmFtZSI6InhpYW9ob25nIiwiZXhwIjoxNjE1MzY5NTMzfQ.PLy9yYQMOOAHTo8Dh48UXzg4xxyTO1nVzEy5iaHbAOc
2021-03-03 17:45:57 INFO  UserInfoApiObject:113 - 通过userId删除用户信息ApiObject，请求UserId：76，请求携带token：eyJ0eXAiOiJKV1QiLCJhbGciOiJIUzI1NiJ9.eyJpZCI6IjEiLCJ1c2VyTmFtZSI6InhpYW9ob25nIiwiZXhwIjoxNjE1MzY5NTMzfQ.PLy9yYQMOOAHTo8Dh48UXzg4xxyTO1nVzEy5iaHbAOc
2021-03-03 17:46:02 INFO  UserInfoApiObject:48 - 查询所有用户信息ApiObject，请求携带token：eyJ0eXAiOiJKV1QiLCJhbGciOiJIUzI1NiJ9.eyJpZCI6IjEiLCJ1c2VyTmFtZSI6InhpYW9ob25nIiwiZXhwIjoxNjE1MzY5NTMzfQ.PLy9yYQMOOAHTo8Dh48UXzg4xxyTO1nVzEy5iaHbAOc
2021-03-03 17:46:03 INFO  MustacheUtils:43 - 读取模板文件:mustache/userInfo.mustache，替换的内容:{"userName":"朱萍","userId":90,"phoneNumber":"15929670726","email":"13461579242@qq.com"}
2021-03-03 17:46:03 INFO  UserInfoApiObject:27 - 创建用户信息ApiObject，请求主体：{
"userId":90,
"userName":"朱萍",
"email":"13461579242@qq.com",
"phone":"15929670726",
"friends":[
{
"userId":11,
"userName":"小红喵",
"email":"xiaohongmiao@qq.com",
"phone":"18623456555"
},
{
"userId":12,
"userName":"小红旺",
"email":"xiaohongwang@qq.com",
"phone":"18623456566"
}
]
},请求携带token：eyJ0eXAiOiJKV1QiLCJhbGciOiJIUzI1NiJ9.eyJpZCI6IjEiLCJ1c2VyTmFtZSI6InhpYW9ob25nIiwiZXhwIjoxNjE1MzY5NTMzfQ.PLy9yYQMOOAHTo8Dh48UXzg4xxyTO1nVzEy5iaHbAOc
2021-03-03 17:46:03 INFO  UserInfoApiObject:48 - 查询所有用户信息ApiObject，请求携带token：eyJ0eXAiOiJKV1QiLCJhbGciOiJIUzI1NiJ9.eyJpZCI6IjEiLCJ1c2VyTmFtZSI6InhpYW9ob25nIiwiZXhwIjoxNjE1MzY5NTMzfQ.PLy9yYQMOOAHTo8Dh48UXzg4xxyTO1nVzEy5iaHbAOc
2021-03-03 17:46:03 INFO  UserInfoApiObjectTest:101 - 通过UserId查询用户信息
2021-03-03 17:46:03 INFO  UserInfoApiObjectTest:104 - 获取到的UserId：90
2021-03-03 17:46:03 INFO  UserInfoApiObject:69 - 通过userId查询用户信息ApiObject，请求UserId：90，请求携带token：eyJ0eXAiOiJKV1QiLCJhbGciOiJIUzI1NiJ9.eyJpZCI6IjEiLCJ1c2VyTmFtZSI6InhpYW9ob25nIiwiZXhwIjoxNjE1MzY5NTMzfQ.PLy9yYQMOOAHTo8Dh48UXzg4xxyTO1nVzEy5iaHbAOc
2021-03-03 17:46:03 INFO  UserInfoApiObjectTest:106 - 通过UserId查询用户信息接口返回信息：{
    "code": "00000",
    "message": "成功",
    "data": {
        "userId": 90,
        "userName": "朱萍",
        "email": "13461579242@qq.com",
        "phone": "15929670726",
        "friends": [
            {
                "userId": 11,
                "userName": "小红喵",
                "email": "xiaohongmiao@qq.com",
                "phone": "18623456555",
                "friends": null
            },
            {
                "userId": 12,
                "userName": "小红旺",
                "email": "xiaohongwang@qq.com",
                "phone": "18623456566",
                "friends": null
            }
        ]
    },
    "success": true
}
2021-03-03 17:46:03 INFO  UserInfoApiObject:48 - 查询所有用户信息ApiObject，请求携带token：eyJ0eXAiOiJKV1QiLCJhbGciOiJIUzI1NiJ9.eyJpZCI6IjEiLCJ1c2VyTmFtZSI6InhpYW9ob25nIiwiZXhwIjoxNjE1MzY5NTMzfQ.PLy9yYQMOOAHTo8Dh48UXzg4xxyTO1nVzEy5iaHbAOc
2021-03-03 17:46:03 INFO  UserInfoApiObject:113 - 通过userId删除用户信息ApiObject，请求UserId：90，请求携带token：eyJ0eXAiOiJKV1QiLCJhbGciOiJIUzI1NiJ9.eyJpZCI6IjEiLCJ1c2VyTmFtZSI6InhpYW9ob25nIiwiZXhwIjoxNjE1MzY5NTMzfQ.PLy9yYQMOOAHTo8Dh48UXzg4xxyTO1nVzEy5iaHbAOc
2021-03-03 17:46:08 INFO  JsonPathUtils:54 - 读取JSON文件:/json/book.json，替换的内容:{"$.store.book[*].author":"测试作者"}
2021-03-03 17:46:14 INFO  JsonPathUtils:54 - 读取JSON文件:/json/book.json，替换的内容:{"$.store.*":"all change"}
2021-03-03 17:46:19 INFO  JsonPathUtils:54 - 读取JSON文件:/json/book.json，替换的内容:{"$..book[0,1]":"first two change"}
2021-03-03 17:46:24 INFO  MustacheUtils:43 - 读取模板文件:mustache/book.mustache，替换的内容:{"author":"mustacheAuthor","price":56.8}
2021-03-03 18:41:21 INFO  UserLoginApiObject:27 - 用户登录ApiObject，接口请求主体：{
    "username":"xiaohong",
    "password":"123123"
}
2021-03-03 18:41:23 INFO  UserInfoApiObjectTest:37 - 获取接口token：eyJ0eXAiOiJKV1QiLCJhbGciOiJIUzI1NiJ9.eyJpZCI6IjEiLCJ1c2VyTmFtZSI6InhpYW9ob25nIiwiZXhwIjoxNjE1MzcyODgyfQ.cppgBSHCup93xsWJ9cJw7e59fe85B7PAqQ8aTHiJPUQ
2021-03-03 18:41:33 INFO  UserInfoApiObject:48 - 查询所有用户信息ApiObject，请求携带token：eyJ0eXAiOiJKV1QiLCJhbGciOiJIUzI1NiJ9.eyJpZCI6IjEiLCJ1c2VyTmFtZSI6InhpYW9ob25nIiwiZXhwIjoxNjE1MzcyODgyfQ.cppgBSHCup93xsWJ9cJw7e59fe85B7PAqQ8aTHiJPUQ
2021-03-03 18:41:33 INFO  UserInfoApiObject:113 - 通过userId删除用户信息ApiObject，请求UserId：1，请求携带token：eyJ0eXAiOiJKV1QiLCJhbGciOiJIUzI1NiJ9.eyJpZCI6IjEiLCJ1c2VyTmFtZSI6InhpYW9ob25nIiwiZXhwIjoxNjE1MzcyODgyfQ.cppgBSHCup93xsWJ9cJw7e59fe85B7PAqQ8aTHiJPUQ
2021-03-03 18:41:34 INFO  MustacheUtils:43 - 读取模板文件:mustache/userInfo.mustache，替换的内容:{"userName":"陈淑华","userId":95,"phoneNumber":"13308039723","email":"18076077889@qq.com"}
2021-03-03 18:41:34 INFO  UserInfoApiObject:27 - 创建用户信息ApiObject，请求主体：{
"userId":95,
"userName":"陈淑华",
"email":"18076077889@qq.com",
"phone":"13308039723",
"friends":[
{
"userId":11,
"userName":"小红喵",
"email":"xiaohongmiao@qq.com",
"phone":"18623456555"
},
{
"userId":12,
"userName":"小红旺",
"email":"xiaohongwang@qq.com",
"phone":"18623456566"
}
]
},请求携带token：eyJ0eXAiOiJKV1QiLCJhbGciOiJIUzI1NiJ9.eyJpZCI6IjEiLCJ1c2VyTmFtZSI6InhpYW9ob25nIiwiZXhwIjoxNjE1MzcyODgyfQ.cppgBSHCup93xsWJ9cJw7e59fe85B7PAqQ8aTHiJPUQ
2021-03-03 18:41:35 INFO  UserInfoApiObject:48 - 查询所有用户信息ApiObject，请求携带token：eyJ0eXAiOiJKV1QiLCJhbGciOiJIUzI1NiJ9.eyJpZCI6IjEiLCJ1c2VyTmFtZSI6InhpYW9ob25nIiwiZXhwIjoxNjE1MzcyODgyfQ.cppgBSHCup93xsWJ9cJw7e59fe85B7PAqQ8aTHiJPUQ
2021-03-03 18:41:35 INFO  UserInfoApiObjectTest:155 - 获取到的UserId：95
2021-03-03 18:41:35 INFO  UserInfoApiObjectTest:156 - 通过UserId删除用户信息
2021-03-03 18:41:35 INFO  UserInfoApiObject:113 - 通过userId删除用户信息ApiObject，请求UserId：95，请求携带token：eyJ0eXAiOiJKV1QiLCJhbGciOiJIUzI1NiJ9.eyJpZCI6IjEiLCJ1c2VyTmFtZSI6InhpYW9ob25nIiwiZXhwIjoxNjE1MzcyODgyfQ.cppgBSHCup93xsWJ9cJw7e59fe85B7PAqQ8aTHiJPUQ
2021-03-03 18:41:35 INFO  UserInfoApiObjectTest:159 - 通过UserId删除用户信息：{
    "code": "00000",
    "message": "成功",
    "data": {
        "userId": 95,
        "userName": "陈淑华",
        "email": "18076077889@qq.com",
        "phone": "13308039723",
        "friends": [
            {
                "userId": 11,
                "userName": "小红喵",
                "email": "xiaohongmiao@qq.com",
                "phone": "18623456555",
                "friends": null
            },
            {
                "userId": 12,
                "userName": "小红旺",
                "email": "xiaohongwang@qq.com",
                "phone": "18623456566",
                "friends": null
            }
        ]
    },
    "success": true
}
2021-03-03 18:41:35 INFO  UserInfoApiObject:48 - 查询所有用户信息ApiObject，请求携带token：eyJ0eXAiOiJKV1QiLCJhbGciOiJIUzI1NiJ9.eyJpZCI6IjEiLCJ1c2VyTmFtZSI6InhpYW9ob25nIiwiZXhwIjoxNjE1MzcyODgyfQ.cppgBSHCup93xsWJ9cJw7e59fe85B7PAqQ8aTHiJPUQ
2021-03-03 18:41:40 INFO  UserInfoApiObject:48 - 查询所有用户信息ApiObject，请求携带token：eyJ0eXAiOiJKV1QiLCJhbGciOiJIUzI1NiJ9.eyJpZCI6IjEiLCJ1c2VyTmFtZSI6InhpYW9ob25nIiwiZXhwIjoxNjE1MzcyODgyfQ.cppgBSHCup93xsWJ9cJw7e59fe85B7PAqQ8aTHiJPUQ
2021-03-03 18:41:41 INFO  MustacheUtils:43 - 读取模板文件:mustache/userInfo.mustache，替换的内容:{"userName":"郭明","userId":84,"phoneNumber":"14718243365","email":"14710860109@qq.com"}
2021-03-03 18:41:41 INFO  UserInfoApiObject:27 - 创建用户信息ApiObject，请求主体：{
"userId":84,
"userName":"郭明",
"email":"14710860109@qq.com",
"phone":"14718243365",
"friends":[
{
"userId":11,
"userName":"小红喵",
"email":"xiaohongmiao@qq.com",
"phone":"18623456555"
},
{
"userId":12,
"userName":"小红旺",
"email":"xiaohongwang@qq.com",
"phone":"18623456566"
}
]
},请求携带token：eyJ0eXAiOiJKV1QiLCJhbGciOiJIUzI1NiJ9.eyJpZCI6IjEiLCJ1c2VyTmFtZSI6InhpYW9ob25nIiwiZXhwIjoxNjE1MzcyODgyfQ.cppgBSHCup93xsWJ9cJw7e59fe85B7PAqQ8aTHiJPUQ
2021-03-03 18:41:41 INFO  UserInfoApiObject:48 - 查询所有用户信息ApiObject，请求携带token：eyJ0eXAiOiJKV1QiLCJhbGciOiJIUzI1NiJ9.eyJpZCI6IjEiLCJ1c2VyTmFtZSI6InhpYW9ob25nIiwiZXhwIjoxNjE1MzcyODgyfQ.cppgBSHCup93xsWJ9cJw7e59fe85B7PAqQ8aTHiJPUQ
2021-03-03 18:41:41 INFO  UserInfoApiObjectTest:125 - 获取到的UserId：84
2021-03-03 18:41:41 INFO  UserInfoApiObjectTest:132 - 更新用户信息请求body：{"userName":"小红红","userId":84,"phone":"18623456543","email":"xiaohong红@qq.com"}
2021-03-03 18:41:41 INFO  UserInfoApiObjectTest:133 - 通过UserId更新用户信息
2021-03-03 18:41:41 INFO  UserInfoApiObject:91 - 通过userId更新用户信息ApiObject，请求UserId：84，请求更新用户信息主体：{
    "userId":84,
    "userName":"小红红",
    "email":"xiaohong红@qq.com",
    "phone":"18623456543"
}，请求携带token：eyJ0eXAiOiJKV1QiLCJhbGciOiJIUzI1NiJ9.eyJpZCI6IjEiLCJ1c2VyTmFtZSI6InhpYW9ob25nIiwiZXhwIjoxNjE1MzcyODgyfQ.cppgBSHCup93xsWJ9cJw7e59fe85B7PAqQ8aTHiJPUQ
2021-03-03 18:41:41 INFO  UserInfoApiObjectTest:136 - 通过UserId更新用户信息接口返回信息：{
    "code": "00000",
    "message": "成功",
    "data": {
        "userId": 84,
        "userName": "小红红",
        "email": "xiaohong红@qq.com",
        "phone": "18623456543",
        "friends": null
    },
    "success": true
}
2021-03-03 18:41:41 INFO  UserInfoApiObject:48 - 查询所有用户信息ApiObject，请求携带token：eyJ0eXAiOiJKV1QiLCJhbGciOiJIUzI1NiJ9.eyJpZCI6IjEiLCJ1c2VyTmFtZSI6InhpYW9ob25nIiwiZXhwIjoxNjE1MzcyODgyfQ.cppgBSHCup93xsWJ9cJw7e59fe85B7PAqQ8aTHiJPUQ
2021-03-03 18:41:41 INFO  UserInfoApiObject:113 - 通过userId删除用户信息ApiObject，请求UserId：84，请求携带token：eyJ0eXAiOiJKV1QiLCJhbGciOiJIUzI1NiJ9.eyJpZCI6IjEiLCJ1c2VyTmFtZSI6InhpYW9ob25nIiwiZXhwIjoxNjE1MzcyODgyfQ.cppgBSHCup93xsWJ9cJw7e59fe85B7PAqQ8aTHiJPUQ
2021-03-03 18:41:46 INFO  UserInfoApiObject:48 - 查询所有用户信息ApiObject，请求携带token：eyJ0eXAiOiJKV1QiLCJhbGciOiJIUzI1NiJ9.eyJpZCI6IjEiLCJ1c2VyTmFtZSI6InhpYW9ob25nIiwiZXhwIjoxNjE1MzcyODgyfQ.cppgBSHCup93xsWJ9cJw7e59fe85B7PAqQ8aTHiJPUQ
2021-03-03 18:41:47 INFO  MustacheUtils:43 - 读取模板文件:mustache/userInfo.mustache，替换的内容:{"userName":"史华","userId":66,"phoneNumber":"15300741410","email":"14748475258@qq.com"}
2021-03-03 18:41:47 INFO  UserInfoApiObjectTest:58 - 创建用户信息请求body：{"userName":"史华","userId":66,"friends":[{"userName":"小红喵","userId":11,"phone":"18623456555","email":"xiaohongmiao@qq.com"},{"userName":"小红旺","userId":12,"phone":"18623456566","email":"xiaohongwang@qq.com"}],"phone":"15300741410","email":"14748475258@qq.com"}
2021-03-03 18:41:47 INFO  MustacheUtils:43 - 读取模板文件:mustache/userInfo.mustache，替换的内容:{"userName":"徐凤英","userId":62,"phoneNumber":"13056315990","email":"13581744825@qq.com"}
2021-03-03 18:41:47 INFO  UserInfoApiObject:27 - 创建用户信息ApiObject，请求主体：{
"userId":62,
"userName":"徐凤英",
"email":"13581744825@qq.com",
"phone":"13056315990",
"friends":[
{
"userId":11,
"userName":"小红喵",
"email":"xiaohongmiao@qq.com",
"phone":"18623456555"
},
{
"userId":12,
"userName":"小红旺",
"email":"xiaohongwang@qq.com",
"phone":"18623456566"
}
]
},请求携带token：eyJ0eXAiOiJKV1QiLCJhbGciOiJIUzI1NiJ9.eyJpZCI6IjEiLCJ1c2VyTmFtZSI6InhpYW9ob25nIiwiZXhwIjoxNjE1MzcyODgyfQ.cppgBSHCup93xsWJ9cJw7e59fe85B7PAqQ8aTHiJPUQ
2021-03-03 18:41:47 INFO  UserInfoApiObjectTest:60 - 创建用户信息接口返回信息：{
    "code": "00000",
    "message": "成功",
    "data": {
        "userId": 62,
        "userName": "徐凤英",
        "email": "13581744825@qq.com",
        "phone": "13056315990",
        "friends": [
            {
                "userId": 11,
                "userName": "小红喵",
                "email": "xiaohongmiao@qq.com",
                "phone": "18623456555",
                "friends": null
            },
            {
                "userId": 12,
                "userName": "小红旺",
                "email": "xiaohongwang@qq.com",
                "phone": "18623456566",
                "friends": null
            }
        ]
    },
    "success": true
}
2021-03-03 18:41:47 INFO  UserInfoApiObjectTest:61 - 创建用户信息测试结果断言
2021-03-03 18:41:47 INFO  UserInfoApiObject:48 - 查询所有用户信息ApiObject，请求携带token：eyJ0eXAiOiJKV1QiLCJhbGciOiJIUzI1NiJ9.eyJpZCI6IjEiLCJ1c2VyTmFtZSI6InhpYW9ob25nIiwiZXhwIjoxNjE1MzcyODgyfQ.cppgBSHCup93xsWJ9cJw7e59fe85B7PAqQ8aTHiJPUQ
2021-03-03 18:41:48 INFO  UserInfoApiObject:113 - 通过userId删除用户信息ApiObject，请求UserId：62，请求携带token：eyJ0eXAiOiJKV1QiLCJhbGciOiJIUzI1NiJ9.eyJpZCI6IjEiLCJ1c2VyTmFtZSI6InhpYW9ob25nIiwiZXhwIjoxNjE1MzcyODgyfQ.cppgBSHCup93xsWJ9cJw7e59fe85B7PAqQ8aTHiJPUQ
2021-03-03 18:41:53 INFO  UserInfoApiObject:48 - 查询所有用户信息ApiObject，请求携带token：eyJ0eXAiOiJKV1QiLCJhbGciOiJIUzI1NiJ9.eyJpZCI6IjEiLCJ1c2VyTmFtZSI6InhpYW9ob25nIiwiZXhwIjoxNjE1MzcyODgyfQ.cppgBSHCup93xsWJ9cJw7e59fe85B7PAqQ8aTHiJPUQ
2021-03-03 18:41:53 INFO  MustacheUtils:43 - 读取模板文件:mustache/userInfo.mustache，替换的内容:{"userName":"张兰英","userId":74,"phoneNumber":"18259086241","email":"15094213349@qq.com"}
2021-03-03 18:41:53 INFO  UserInfoApiObject:27 - 创建用户信息ApiObject，请求主体：{
"userId":74,
"userName":"张兰英",
"email":"15094213349@qq.com",
"phone":"18259086241",
"friends":[
{
"userId":11,
"userName":"小红喵",
"email":"xiaohongmiao@qq.com",
"phone":"18623456555"
},
{
"userId":12,
"userName":"小红旺",
"email":"xiaohongwang@qq.com",
"phone":"18623456566"
}
]
},请求携带token：eyJ0eXAiOiJKV1QiLCJhbGciOiJIUzI1NiJ9.eyJpZCI6IjEiLCJ1c2VyTmFtZSI6InhpYW9ob25nIiwiZXhwIjoxNjE1MzcyODgyfQ.cppgBSHCup93xsWJ9cJw7e59fe85B7PAqQ8aTHiJPUQ
2021-03-03 18:41:53 INFO  UserInfoApiObjectTest:81 - 查询所有用户信息
2021-03-03 18:41:53 INFO  UserInfoApiObject:48 - 查询所有用户信息ApiObject，请求携带token：eyJ0eXAiOiJKV1QiLCJhbGciOiJIUzI1NiJ9.eyJpZCI6IjEiLCJ1c2VyTmFtZSI6InhpYW9ob25nIiwiZXhwIjoxNjE1MzcyODgyfQ.cppgBSHCup93xsWJ9cJw7e59fe85B7PAqQ8aTHiJPUQ
2021-03-03 18:41:53 INFO  UserInfoApiObjectTest:84 - 查询所有用户信息接口返回信息：{
    "code": "00000",
    "message": "成功",
    "data": [
        {
            "userId": 74,
            "userName": "张兰英",
            "email": "15094213349@qq.com",
            "phone": "18259086241",
            "friends": [
                {
                    "userId": 11,
                    "userName": "小红喵",
                    "email": "xiaohongmiao@qq.com",
                    "phone": "18623456555",
                    "friends": null
                },
                {
                    "userId": 12,
                    "userName": "小红旺",
                    "email": "xiaohongwang@qq.com",
                    "phone": "18623456566",
                    "friends": null
                }
            ]
        }
    ],
    "success": true
}
2021-03-03 18:41:53 INFO  UserInfoApiObject:48 - 查询所有用户信息ApiObject，请求携带token：eyJ0eXAiOiJKV1QiLCJhbGciOiJIUzI1NiJ9.eyJpZCI6IjEiLCJ1c2VyTmFtZSI6InhpYW9ob25nIiwiZXhwIjoxNjE1MzcyODgyfQ.cppgBSHCup93xsWJ9cJw7e59fe85B7PAqQ8aTHiJPUQ
2021-03-03 18:41:54 INFO  UserInfoApiObject:113 - 通过userId删除用户信息ApiObject，请求UserId：74，请求携带token：eyJ0eXAiOiJKV1QiLCJhbGciOiJIUzI1NiJ9.eyJpZCI6IjEiLCJ1c2VyTmFtZSI6InhpYW9ob25nIiwiZXhwIjoxNjE1MzcyODgyfQ.cppgBSHCup93xsWJ9cJw7e59fe85B7PAqQ8aTHiJPUQ
2021-03-03 18:41:59 INFO  UserInfoApiObject:48 - 查询所有用户信息ApiObject，请求携带token：eyJ0eXAiOiJKV1QiLCJhbGciOiJIUzI1NiJ9.eyJpZCI6IjEiLCJ1c2VyTmFtZSI6InhpYW9ob25nIiwiZXhwIjoxNjE1MzcyODgyfQ.cppgBSHCup93xsWJ9cJw7e59fe85B7PAqQ8aTHiJPUQ
2021-03-03 18:41:59 INFO  MustacheUtils:43 - 读取模板文件:mustache/userInfo.mustache，替换的内容:{"userName":"朱俊","userId":19,"phoneNumber":"15731018562","email":"18803366143@qq.com"}
2021-03-03 18:41:59 INFO  UserInfoApiObject:27 - 创建用户信息ApiObject，请求主体：{
"userId":19,
"userName":"朱俊",
"email":"18803366143@qq.com",
"phone":"15731018562",
"friends":[
{
"userId":11,
"userName":"小红喵",
"email":"xiaohongmiao@qq.com",
"phone":"18623456555"
},
{
"userId":12,
"userName":"小红旺",
"email":"xiaohongwang@qq.com",
"phone":"18623456566"
}
]
},请求携带token：eyJ0eXAiOiJKV1QiLCJhbGciOiJIUzI1NiJ9.eyJpZCI6IjEiLCJ1c2VyTmFtZSI6InhpYW9ob25nIiwiZXhwIjoxNjE1MzcyODgyfQ.cppgBSHCup93xsWJ9cJw7e59fe85B7PAqQ8aTHiJPUQ
2021-03-03 18:41:59 INFO  UserInfoApiObject:48 - 查询所有用户信息ApiObject，请求携带token：eyJ0eXAiOiJKV1QiLCJhbGciOiJIUzI1NiJ9.eyJpZCI6IjEiLCJ1c2VyTmFtZSI6InhpYW9ob25nIiwiZXhwIjoxNjE1MzcyODgyfQ.cppgBSHCup93xsWJ9cJw7e59fe85B7PAqQ8aTHiJPUQ
2021-03-03 18:41:59 INFO  UserInfoApiObjectTest:101 - 通过UserId查询用户信息
2021-03-03 18:41:59 INFO  UserInfoApiObjectTest:104 - 获取到的UserId：19
2021-03-03 18:41:59 INFO  UserInfoApiObject:69 - 通过userId查询用户信息ApiObject，请求UserId：19，请求携带token：eyJ0eXAiOiJKV1QiLCJhbGciOiJIUzI1NiJ9.eyJpZCI6IjEiLCJ1c2VyTmFtZSI6InhpYW9ob25nIiwiZXhwIjoxNjE1MzcyODgyfQ.cppgBSHCup93xsWJ9cJw7e59fe85B7PAqQ8aTHiJPUQ
2021-03-03 18:41:59 INFO  UserInfoApiObjectTest:106 - 通过UserId查询用户信息接口返回信息：{
    "code": "00000",
    "message": "成功",
    "data": {
        "userId": 19,
        "userName": "朱俊",
        "email": "18803366143@qq.com",
        "phone": "15731018562",
        "friends": [
            {
                "userId": 11,
                "userName": "小红喵",
                "email": "xiaohongmiao@qq.com",
                "phone": "18623456555",
                "friends": null
            },
            {
                "userId": 12,
                "userName": "小红旺",
                "email": "xiaohongwang@qq.com",
                "phone": "18623456566",
                "friends": null
            }
        ]
    },
    "success": true
}
2021-03-03 18:41:59 INFO  UserInfoApiObject:48 - 查询所有用户信息ApiObject，请求携带token：eyJ0eXAiOiJKV1QiLCJhbGciOiJIUzI1NiJ9.eyJpZCI6IjEiLCJ1c2VyTmFtZSI6InhpYW9ob25nIiwiZXhwIjoxNjE1MzcyODgyfQ.cppgBSHCup93xsWJ9cJw7e59fe85B7PAqQ8aTHiJPUQ
2021-03-03 18:41:59 INFO  UserInfoApiObject:113 - 通过userId删除用户信息ApiObject，请求UserId：19，请求携带token：eyJ0eXAiOiJKV1QiLCJhbGciOiJIUzI1NiJ9.eyJpZCI6IjEiLCJ1c2VyTmFtZSI6InhpYW9ob25nIiwiZXhwIjoxNjE1MzcyODgyfQ.cppgBSHCup93xsWJ9cJw7e59fe85B7PAqQ8aTHiJPUQ
2021-03-03 18:42:05 INFO  JsonPathUtils:54 - 读取JSON文件:/json/book.json，替换的内容:{"$.store.book[*].author":"测试作者"}
2021-03-03 18:42:10 INFO  JsonPathUtils:54 - 读取JSON文件:/json/book.json，替换的内容:{"$.store.*":"all change"}
2021-03-03 18:42:15 INFO  JsonPathUtils:54 - 读取JSON文件:/json/book.json，替换的内容:{"$..book[0,1]":"first two change"}
2021-03-03 18:42:20 INFO  MustacheUtils:43 - 读取模板文件:mustache/book.mustache，替换的内容:{"author":"mustacheAuthor","price":56.8}
2021-03-10 16:10:23 INFO  JsonPathUtils:54 - 读取JSON文件:/json/book.json，替换的内容:{"$.store.book[*].author":"测试作者"}
2021-03-10 16:10:23 INFO  JsonPathUtils:54 - 读取JSON文件:/json/book.json，替换的内容:{"$.store.*":"all change"}
2021-03-10 16:10:23 INFO  JsonPathUtils:54 - 读取JSON文件:/json/book.json，替换的内容:{"$..book[0,1]":"first two change"}
2021-03-10 16:10:23 INFO  MustacheUtils:43 - 读取模板文件:mustache/book.mustache，替换的内容:{"author":"mustacheAuthor","price":56.8}
2021-03-10 16:10:24 INFO  UserLoginApiObject:27 - 用户登录ApiObject，接口请求主体：{
    "username":"xiaohong",
    "password":"123123"
}
2021-03-10 16:10:26 INFO  UserInfoApiObjectTest:42 - 获取接口token：eyJ0eXAiOiJKV1QiLCJhbGciOiJIUzI1NiJ9.eyJpZCI6IjEiLCJ1c2VyTmFtZSI6InhpYW9ob25nIiwiZXhwIjoxNjE1OTY4NjI2fQ.MUJ8SAfW-K4vRystMsH9kA8lHWQvwJJx5Cg2IX3bZZM
2021-03-10 16:10:26 INFO  UserInfoApiObject:48 - 查询所有用户信息ApiObject，请求携带token：eyJ0eXAiOiJKV1QiLCJhbGciOiJIUzI1NiJ9.eyJpZCI6IjEiLCJ1c2VyTmFtZSI6InhpYW9ob25nIiwiZXhwIjoxNjE1OTY4NjI2fQ.MUJ8SAfW-K4vRystMsH9kA8lHWQvwJJx5Cg2IX3bZZM
2021-03-10 16:10:28 INFO  MustacheUtils:43 - 读取模板文件:mustache/userInfo.mustache，替换的内容:{"userName":"沈倩","userId":56,"phoneNumber":"13289142593","email":"18537389231@qq.com"}
2021-03-10 16:10:28 INFO  UserInfoApiObject:27 - 创建用户信息ApiObject，请求主体：{
"userId":56,
"userName":"沈倩",
"email":"18537389231@qq.com",
"phone":"13289142593",
"friends":[
{
"userId":11,
"userName":"小红喵",
"email":"xiaohongmiao@qq.com",
"phone":"18623456555"
},
{
"userId":12,
"userName":"小红旺",
"email":"xiaohongwang@qq.com",
"phone":"18623456566"
}
]
},请求携带token：eyJ0eXAiOiJKV1QiLCJhbGciOiJIUzI1NiJ9.eyJpZCI6IjEiLCJ1c2VyTmFtZSI6InhpYW9ob25nIiwiZXhwIjoxNjE1OTY4NjI2fQ.MUJ8SAfW-K4vRystMsH9kA8lHWQvwJJx5Cg2IX3bZZM
2021-03-10 16:10:28 INFO  UserInfoApiObject:48 - 查询所有用户信息ApiObject，请求携带token：eyJ0eXAiOiJKV1QiLCJhbGciOiJIUzI1NiJ9.eyJpZCI6IjEiLCJ1c2VyTmFtZSI6InhpYW9ob25nIiwiZXhwIjoxNjE1OTY4NjI2fQ.MUJ8SAfW-K4vRystMsH9kA8lHWQvwJJx5Cg2IX3bZZM
2021-03-10 16:10:28 INFO  UserInfoApiObjectTest:160 - 获取到的UserId：56
2021-03-10 16:10:28 INFO  UserInfoApiObjectTest:161 - 通过UserId删除用户信息
2021-03-10 16:10:28 INFO  UserInfoApiObject:113 - 通过userId删除用户信息ApiObject，请求UserId：56，请求携带token：eyJ0eXAiOiJKV1QiLCJhbGciOiJIUzI1NiJ9.eyJpZCI6IjEiLCJ1c2VyTmFtZSI6InhpYW9ob25nIiwiZXhwIjoxNjE1OTY4NjI2fQ.MUJ8SAfW-K4vRystMsH9kA8lHWQvwJJx5Cg2IX3bZZM
2021-03-10 16:10:28 INFO  UserInfoApiObjectTest:164 - 通过UserId删除用户信息：{
    "code": "00000",
    "message": "成功",
    "data": {
        "userId": 56,
        "userName": "沈倩",
        "email": "18537389231@qq.com",
        "phone": "13289142593",
        "friends": [
            {
                "userId": 11,
                "userName": "小红喵",
                "email": "xiaohongmiao@qq.com",
                "phone": "18623456555",
                "friends": null
            },
            {
                "userId": 12,
                "userName": "小红旺",
                "email": "xiaohongwang@qq.com",
                "phone": "18623456566",
                "friends": null
            }
        ]
    },
    "success": true
}
2021-03-10 16:10:28 INFO  UserInfoApiObject:48 - 查询所有用户信息ApiObject，请求携带token：eyJ0eXAiOiJKV1QiLCJhbGciOiJIUzI1NiJ9.eyJpZCI6IjEiLCJ1c2VyTmFtZSI6InhpYW9ob25nIiwiZXhwIjoxNjE1OTY4NjI2fQ.MUJ8SAfW-K4vRystMsH9kA8lHWQvwJJx5Cg2IX3bZZM
2021-03-10 16:10:28 INFO  UserInfoApiObject:48 - 查询所有用户信息ApiObject，请求携带token：eyJ0eXAiOiJKV1QiLCJhbGciOiJIUzI1NiJ9.eyJpZCI6IjEiLCJ1c2VyTmFtZSI6InhpYW9ob25nIiwiZXhwIjoxNjE1OTY4NjI2fQ.MUJ8SAfW-K4vRystMsH9kA8lHWQvwJJx5Cg2IX3bZZM
2021-03-10 16:10:28 INFO  MustacheUtils:43 - 读取模板文件:mustache/userInfo.mustache，替换的内容:{"userName":"王瑞","userId":97,"phoneNumber":"13802136427","email":"13783108916@qq.com"}
2021-03-10 16:10:28 INFO  UserInfoApiObject:27 - 创建用户信息ApiObject，请求主体：{
"userId":97,
"userName":"王瑞",
"email":"13783108916@qq.com",
"phone":"13802136427",
"friends":[
{
"userId":11,
"userName":"小红喵",
"email":"xiaohongmiao@qq.com",
"phone":"18623456555"
},
{
"userId":12,
"userName":"小红旺",
"email":"xiaohongwang@qq.com",
"phone":"18623456566"
}
]
},请求携带token：eyJ0eXAiOiJKV1QiLCJhbGciOiJIUzI1NiJ9.eyJpZCI6IjEiLCJ1c2VyTmFtZSI6InhpYW9ob25nIiwiZXhwIjoxNjE1OTY4NjI2fQ.MUJ8SAfW-K4vRystMsH9kA8lHWQvwJJx5Cg2IX3bZZM
2021-03-10 16:10:28 INFO  UserInfoApiObject:48 - 查询所有用户信息ApiObject，请求携带token：eyJ0eXAiOiJKV1QiLCJhbGciOiJIUzI1NiJ9.eyJpZCI6IjEiLCJ1c2VyTmFtZSI6InhpYW9ob25nIiwiZXhwIjoxNjE1OTY4NjI2fQ.MUJ8SAfW-K4vRystMsH9kA8lHWQvwJJx5Cg2IX3bZZM
2021-03-10 16:10:29 INFO  UserInfoApiObjectTest:130 - 获取到的UserId：97
2021-03-10 16:10:29 INFO  UserInfoApiObjectTest:137 - 更新用户信息请求body：{"userName":"小红红","userId":97,"phone":"18623456543","email":"xiaohong红@qq.com"}
2021-03-10 16:10:29 INFO  UserInfoApiObjectTest:138 - 通过UserId更新用户信息
2021-03-10 16:10:29 INFO  UserInfoApiObject:91 - 通过userId更新用户信息ApiObject，请求UserId：97，请求更新用户信息主体：{
    "userId":97,
    "userName":"小红红",
    "email":"xiaohong红@qq.com",
    "phone":"18623456543"
}，请求携带token：eyJ0eXAiOiJKV1QiLCJhbGciOiJIUzI1NiJ9.eyJpZCI6IjEiLCJ1c2VyTmFtZSI6InhpYW9ob25nIiwiZXhwIjoxNjE1OTY4NjI2fQ.MUJ8SAfW-K4vRystMsH9kA8lHWQvwJJx5Cg2IX3bZZM
2021-03-10 16:10:29 INFO  UserInfoApiObjectTest:141 - 通过UserId更新用户信息接口返回信息：{
    "code": "00000",
    "message": "成功",
    "data": {
        "userId": 97,
        "userName": "小红红",
        "email": "xiaohong红@qq.com",
        "phone": "18623456543",
        "friends": null
    },
    "success": true
}
2021-03-10 16:10:29 INFO  UserInfoApiObject:48 - 查询所有用户信息ApiObject，请求携带token：eyJ0eXAiOiJKV1QiLCJhbGciOiJIUzI1NiJ9.eyJpZCI6IjEiLCJ1c2VyTmFtZSI6InhpYW9ob25nIiwiZXhwIjoxNjE1OTY4NjI2fQ.MUJ8SAfW-K4vRystMsH9kA8lHWQvwJJx5Cg2IX3bZZM
2021-03-10 16:10:29 INFO  UserInfoApiObject:113 - 通过userId删除用户信息ApiObject，请求UserId：97，请求携带token：eyJ0eXAiOiJKV1QiLCJhbGciOiJIUzI1NiJ9.eyJpZCI6IjEiLCJ1c2VyTmFtZSI6InhpYW9ob25nIiwiZXhwIjoxNjE1OTY4NjI2fQ.MUJ8SAfW-K4vRystMsH9kA8lHWQvwJJx5Cg2IX3bZZM
2021-03-10 16:10:29 INFO  UserInfoApiObject:48 - 查询所有用户信息ApiObject，请求携带token：eyJ0eXAiOiJKV1QiLCJhbGciOiJIUzI1NiJ9.eyJpZCI6IjEiLCJ1c2VyTmFtZSI6InhpYW9ob25nIiwiZXhwIjoxNjE1OTY4NjI2fQ.MUJ8SAfW-K4vRystMsH9kA8lHWQvwJJx5Cg2IX3bZZM
2021-03-10 16:10:29 INFO  MustacheUtils:43 - 读取模板文件:mustache/userInfo.mustache，替换的内容:{"userName":"杨凯","userId":39,"phoneNumber":"18675435244","email":"15261002426@qq.com"}
2021-03-10 16:10:29 INFO  UserInfoApiObjectTest:63 - 创建用户信息请求body：{"userName":"杨凯","userId":39,"friends":[{"userName":"小红喵","userId":11,"phone":"18623456555","email":"xiaohongmiao@qq.com"},{"userName":"小红旺","userId":12,"phone":"18623456566","email":"xiaohongwang@qq.com"}],"phone":"18675435244","email":"15261002426@qq.com"}
2021-03-10 16:10:30 INFO  MustacheUtils:43 - 读取模板文件:mustache/userInfo.mustache，替换的内容:{"userName":"张凤兰","userId":60,"phoneNumber":"13418383061","email":"18920243496@qq.com"}
2021-03-10 16:10:30 INFO  UserInfoApiObject:27 - 创建用户信息ApiObject，请求主体：{
"userId":60,
"userName":"张凤兰",
"email":"18920243496@qq.com",
"phone":"13418383061",
"friends":[
{
"userId":11,
"userName":"小红喵",
"email":"xiaohongmiao@qq.com",
"phone":"18623456555"
},
{
"userId":12,
"userName":"小红旺",
"email":"xiaohongwang@qq.com",
"phone":"18623456566"
}
]
},请求携带token：eyJ0eXAiOiJKV1QiLCJhbGciOiJIUzI1NiJ9.eyJpZCI6IjEiLCJ1c2VyTmFtZSI6InhpYW9ob25nIiwiZXhwIjoxNjE1OTY4NjI2fQ.MUJ8SAfW-K4vRystMsH9kA8lHWQvwJJx5Cg2IX3bZZM
2021-03-10 16:10:30 INFO  UserInfoApiObjectTest:65 - 创建用户信息接口返回信息：{
    "code": "00000",
    "message": "成功",
    "data": {
        "userId": 60,
        "userName": "张凤兰",
        "email": "18920243496@qq.com",
        "phone": "13418383061",
        "friends": [
            {
                "userId": 11,
                "userName": "小红喵",
                "email": "xiaohongmiao@qq.com",
                "phone": "18623456555",
                "friends": null
            },
            {
                "userId": 12,
                "userName": "小红旺",
                "email": "xiaohongwang@qq.com",
                "phone": "18623456566",
                "friends": null
            }
        ]
    },
    "success": true
}
2021-03-10 16:10:30 INFO  UserInfoApiObjectTest:66 - 创建用户信息测试结果断言
2021-03-10 16:10:30 INFO  UserInfoApiObject:48 - 查询所有用户信息ApiObject，请求携带token：eyJ0eXAiOiJKV1QiLCJhbGciOiJIUzI1NiJ9.eyJpZCI6IjEiLCJ1c2VyTmFtZSI6InhpYW9ob25nIiwiZXhwIjoxNjE1OTY4NjI2fQ.MUJ8SAfW-K4vRystMsH9kA8lHWQvwJJx5Cg2IX3bZZM
2021-03-10 16:10:30 INFO  UserInfoApiObject:113 - 通过userId删除用户信息ApiObject，请求UserId：60，请求携带token：eyJ0eXAiOiJKV1QiLCJhbGciOiJIUzI1NiJ9.eyJpZCI6IjEiLCJ1c2VyTmFtZSI6InhpYW9ob25nIiwiZXhwIjoxNjE1OTY4NjI2fQ.MUJ8SAfW-K4vRystMsH9kA8lHWQvwJJx5Cg2IX3bZZM
2021-03-10 16:10:30 INFO  UserInfoApiObject:48 - 查询所有用户信息ApiObject，请求携带token：eyJ0eXAiOiJKV1QiLCJhbGciOiJIUzI1NiJ9.eyJpZCI6IjEiLCJ1c2VyTmFtZSI6InhpYW9ob25nIiwiZXhwIjoxNjE1OTY4NjI2fQ.MUJ8SAfW-K4vRystMsH9kA8lHWQvwJJx5Cg2IX3bZZM
2021-03-10 16:10:30 INFO  MustacheUtils:43 - 读取模板文件:mustache/userInfo.mustache，替换的内容:{"userName":"黎丽娟","userId":33,"phoneNumber":"13161727991","email":"13294144939@qq.com"}
2021-03-10 16:10:30 INFO  UserInfoApiObject:27 - 创建用户信息ApiObject，请求主体：{
"userId":33,
"userName":"黎丽娟",
"email":"13294144939@qq.com",
"phone":"13161727991",
"friends":[
{
"userId":11,
"userName":"小红喵",
"email":"xiaohongmiao@qq.com",
"phone":"18623456555"
},
{
"userId":12,
"userName":"小红旺",
"email":"xiaohongwang@qq.com",
"phone":"18623456566"
}
]
},请求携带token：eyJ0eXAiOiJKV1QiLCJhbGciOiJIUzI1NiJ9.eyJpZCI6IjEiLCJ1c2VyTmFtZSI6InhpYW9ob25nIiwiZXhwIjoxNjE1OTY4NjI2fQ.MUJ8SAfW-K4vRystMsH9kA8lHWQvwJJx5Cg2IX3bZZM
2021-03-10 16:10:30 INFO  UserInfoApiObjectTest:86 - 查询所有用户信息
2021-03-10 16:10:30 INFO  UserInfoApiObject:48 - 查询所有用户信息ApiObject，请求携带token：eyJ0eXAiOiJKV1QiLCJhbGciOiJIUzI1NiJ9.eyJpZCI6IjEiLCJ1c2VyTmFtZSI6InhpYW9ob25nIiwiZXhwIjoxNjE1OTY4NjI2fQ.MUJ8SAfW-K4vRystMsH9kA8lHWQvwJJx5Cg2IX3bZZM
2021-03-10 16:10:30 INFO  UserInfoApiObjectTest:89 - 查询所有用户信息接口返回信息：{
    "code": "00000",
    "message": "成功",
    "data": [
        {
            "userId": 33,
            "userName": "黎丽娟",
            "email": "13294144939@qq.com",
            "phone": "13161727991",
            "friends": [
                {
                    "userId": 11,
                    "userName": "小红喵",
                    "email": "xiaohongmiao@qq.com",
                    "phone": "18623456555",
                    "friends": null
                },
                {
                    "userId": 12,
                    "userName": "小红旺",
                    "email": "xiaohongwang@qq.com",
                    "phone": "18623456566",
                    "friends": null
                }
            ]
        }
    ],
    "success": true
}
2021-03-10 16:10:30 INFO  UserInfoApiObject:48 - 查询所有用户信息ApiObject，请求携带token：eyJ0eXAiOiJKV1QiLCJhbGciOiJIUzI1NiJ9.eyJpZCI6IjEiLCJ1c2VyTmFtZSI6InhpYW9ob25nIiwiZXhwIjoxNjE1OTY4NjI2fQ.MUJ8SAfW-K4vRystMsH9kA8lHWQvwJJx5Cg2IX3bZZM
2021-03-10 16:10:31 INFO  UserInfoApiObject:113 - 通过userId删除用户信息ApiObject，请求UserId：33，请求携带token：eyJ0eXAiOiJKV1QiLCJhbGciOiJIUzI1NiJ9.eyJpZCI6IjEiLCJ1c2VyTmFtZSI6InhpYW9ob25nIiwiZXhwIjoxNjE1OTY4NjI2fQ.MUJ8SAfW-K4vRystMsH9kA8lHWQvwJJx5Cg2IX3bZZM
2021-03-10 16:10:31 INFO  UserInfoApiObject:48 - 查询所有用户信息ApiObject，请求携带token：eyJ0eXAiOiJKV1QiLCJhbGciOiJIUzI1NiJ9.eyJpZCI6IjEiLCJ1c2VyTmFtZSI6InhpYW9ob25nIiwiZXhwIjoxNjE1OTY4NjI2fQ.MUJ8SAfW-K4vRystMsH9kA8lHWQvwJJx5Cg2IX3bZZM
2021-03-10 16:10:31 INFO  MustacheUtils:43 - 读取模板文件:mustache/userInfo.mustache，替换的内容:{"userName":"唐桂荣","userId":14,"phoneNumber":"18071587791","email":"15629761322@qq.com"}
2021-03-10 16:10:31 INFO  UserInfoApiObject:27 - 创建用户信息ApiObject，请求主体：{
"userId":14,
"userName":"唐桂荣",
"email":"15629761322@qq.com",
"phone":"18071587791",
"friends":[
{
"userId":11,
"userName":"小红喵",
"email":"xiaohongmiao@qq.com",
"phone":"18623456555"
},
{
"userId":12,
"userName":"小红旺",
"email":"xiaohongwang@qq.com",
"phone":"18623456566"
}
]
},请求携带token：eyJ0eXAiOiJKV1QiLCJhbGciOiJIUzI1NiJ9.eyJpZCI6IjEiLCJ1c2VyTmFtZSI6InhpYW9ob25nIiwiZXhwIjoxNjE1OTY4NjI2fQ.MUJ8SAfW-K4vRystMsH9kA8lHWQvwJJx5Cg2IX3bZZM
2021-03-10 16:10:31 INFO  UserInfoApiObject:48 - 查询所有用户信息ApiObject，请求携带token：eyJ0eXAiOiJKV1QiLCJhbGciOiJIUzI1NiJ9.eyJpZCI6IjEiLCJ1c2VyTmFtZSI6InhpYW9ob25nIiwiZXhwIjoxNjE1OTY4NjI2fQ.MUJ8SAfW-K4vRystMsH9kA8lHWQvwJJx5Cg2IX3bZZM
2021-03-10 16:10:31 INFO  UserInfoApiObjectTest:106 - 通过UserId查询用户信息
2021-03-10 16:10:31 INFO  UserInfoApiObjectTest:109 - 获取到的UserId：14
2021-03-10 16:10:31 INFO  UserInfoApiObject:69 - 通过userId查询用户信息ApiObject，请求UserId：14，请求携带token：eyJ0eXAiOiJKV1QiLCJhbGciOiJIUzI1NiJ9.eyJpZCI6IjEiLCJ1c2VyTmFtZSI6InhpYW9ob25nIiwiZXhwIjoxNjE1OTY4NjI2fQ.MUJ8SAfW-K4vRystMsH9kA8lHWQvwJJx5Cg2IX3bZZM
2021-03-10 16:10:31 INFO  UserInfoApiObjectTest:111 - 通过UserId查询用户信息接口返回信息：{
    "code": "00000",
    "message": "成功",
    "data": {
        "userId": 14,
        "userName": "唐桂荣",
        "email": "15629761322@qq.com",
        "phone": "18071587791",
        "friends": [
            {
                "userId": 11,
                "userName": "小红喵",
                "email": "xiaohongmiao@qq.com",
                "phone": "18623456555",
                "friends": null
            },
            {
                "userId": 12,
                "userName": "小红旺",
                "email": "xiaohongwang@qq.com",
                "phone": "18623456566",
                "friends": null
            }
        ]
    },
    "success": true
}
2021-03-10 16:10:31 INFO  UserInfoApiObject:48 - 查询所有用户信息ApiObject，请求携带token：eyJ0eXAiOiJKV1QiLCJhbGciOiJIUzI1NiJ9.eyJpZCI6IjEiLCJ1c2VyTmFtZSI6InhpYW9ob25nIiwiZXhwIjoxNjE1OTY4NjI2fQ.MUJ8SAfW-K4vRystMsH9kA8lHWQvwJJx5Cg2IX3bZZM
2021-03-10 16:10:31 INFO  UserInfoApiObject:113 - 通过userId删除用户信息ApiObject，请求UserId：14，请求携带token：eyJ0eXAiOiJKV1QiLCJhbGciOiJIUzI1NiJ9.eyJpZCI6IjEiLCJ1c2VyTmFtZSI6InhpYW9ob25nIiwiZXhwIjoxNjE1OTY4NjI2fQ.MUJ8SAfW-K4vRystMsH9kA8lHWQvwJJx5Cg2IX3bZZM
2021-03-10 16:12:42 INFO  JsonPathUtils:54 - 读取JSON文件:/json/book.json，替换的内容:{"$.store.book[*].author":"测试作者"}
2021-03-10 16:12:42 INFO  JsonPathUtils:54 - 读取JSON文件:/json/book.json，替换的内容:{"$.store.*":"all change"}
2021-03-10 16:12:42 INFO  JsonPathUtils:54 - 读取JSON文件:/json/book.json，替换的内容:{"$..book[0,1]":"first two change"}
2021-03-10 16:12:42 INFO  MustacheUtils:43 - 读取模板文件:mustache/book.mustache，替换的内容:{"author":"mustacheAuthor","price":56.8}
2021-03-10 16:12:43 INFO  UserLoginApiObject:27 - 用户登录ApiObject，接口请求主体：{
    "username":"xiaohong",
    "password":"123123"
}
2021-03-10 16:12:45 INFO  UserInfoApiObjectTest:42 - 获取接口token：eyJ0eXAiOiJKV1QiLCJhbGciOiJIUzI1NiJ9.eyJpZCI6IjEiLCJ1c2VyTmFtZSI6InhpYW9ob25nIiwiZXhwIjoxNjE1OTY4NzY0fQ.R-492ZRLF4C4mU4vBJOrviKk4mswvFxBuOj9EpmTAXQ
2021-03-10 16:12:45 INFO  UserInfoApiObject:48 - 查询所有用户信息ApiObject，请求携带token：eyJ0eXAiOiJKV1QiLCJhbGciOiJIUzI1NiJ9.eyJpZCI6IjEiLCJ1c2VyTmFtZSI6InhpYW9ob25nIiwiZXhwIjoxNjE1OTY4NzY0fQ.R-492ZRLF4C4mU4vBJOrviKk4mswvFxBuOj9EpmTAXQ
2021-03-10 16:12:46 INFO  MustacheUtils:43 - 读取模板文件:mustache/userInfo.mustache，替换的内容:{"userName":"邱颖","userId":82,"phoneNumber":"14556291732","email":"18699564474@qq.com"}
2021-03-10 16:12:46 INFO  UserInfoApiObject:27 - 创建用户信息ApiObject，请求主体：{
"userId":82,
"userName":"邱颖",
"email":"18699564474@qq.com",
"phone":"14556291732",
"friends":[
{
"userId":11,
"userName":"小红喵",
"email":"xiaohongmiao@qq.com",
"phone":"18623456555"
},
{
"userId":12,
"userName":"小红旺",
"email":"xiaohongwang@qq.com",
"phone":"18623456566"
}
]
},请求携带token：eyJ0eXAiOiJKV1QiLCJhbGciOiJIUzI1NiJ9.eyJpZCI6IjEiLCJ1c2VyTmFtZSI6InhpYW9ob25nIiwiZXhwIjoxNjE1OTY4NzY0fQ.R-492ZRLF4C4mU4vBJOrviKk4mswvFxBuOj9EpmTAXQ
2021-03-10 16:12:46 INFO  UserInfoApiObject:48 - 查询所有用户信息ApiObject，请求携带token：eyJ0eXAiOiJKV1QiLCJhbGciOiJIUzI1NiJ9.eyJpZCI6IjEiLCJ1c2VyTmFtZSI6InhpYW9ob25nIiwiZXhwIjoxNjE1OTY4NzY0fQ.R-492ZRLF4C4mU4vBJOrviKk4mswvFxBuOj9EpmTAXQ
2021-03-10 16:12:46 INFO  UserInfoApiObjectTest:160 - 获取到的UserId：82
2021-03-10 16:12:46 INFO  UserInfoApiObjectTest:161 - 通过UserId删除用户信息
2021-03-10 16:12:46 INFO  UserInfoApiObject:113 - 通过userId删除用户信息ApiObject，请求UserId：82，请求携带token：eyJ0eXAiOiJKV1QiLCJhbGciOiJIUzI1NiJ9.eyJpZCI6IjEiLCJ1c2VyTmFtZSI6InhpYW9ob25nIiwiZXhwIjoxNjE1OTY4NzY0fQ.R-492ZRLF4C4mU4vBJOrviKk4mswvFxBuOj9EpmTAXQ
2021-03-10 16:12:46 INFO  UserInfoApiObjectTest:164 - 通过UserId删除用户信息：{
    "code": "00000",
    "message": "成功",
    "data": {
        "userId": 82,
        "userName": "邱颖",
        "email": "18699564474@qq.com",
        "phone": "14556291732",
        "friends": [
            {
                "userId": 11,
                "userName": "小红喵",
                "email": "xiaohongmiao@qq.com",
                "phone": "18623456555",
                "friends": null
            },
            {
                "userId": 12,
                "userName": "小红旺",
                "email": "xiaohongwang@qq.com",
                "phone": "18623456566",
                "friends": null
            }
        ]
    },
    "success": true
}
2021-03-10 16:12:46 INFO  UserInfoApiObject:48 - 查询所有用户信息ApiObject，请求携带token：eyJ0eXAiOiJKV1QiLCJhbGciOiJIUzI1NiJ9.eyJpZCI6IjEiLCJ1c2VyTmFtZSI6InhpYW9ob25nIiwiZXhwIjoxNjE1OTY4NzY0fQ.R-492ZRLF4C4mU4vBJOrviKk4mswvFxBuOj9EpmTAXQ
2021-03-10 16:12:46 INFO  UserInfoApiObject:48 - 查询所有用户信息ApiObject，请求携带token：eyJ0eXAiOiJKV1QiLCJhbGciOiJIUzI1NiJ9.eyJpZCI6IjEiLCJ1c2VyTmFtZSI6InhpYW9ob25nIiwiZXhwIjoxNjE1OTY4NzY0fQ.R-492ZRLF4C4mU4vBJOrviKk4mswvFxBuOj9EpmTAXQ
2021-03-10 16:12:46 INFO  MustacheUtils:43 - 读取模板文件:mustache/userInfo.mustache，替换的内容:{"userName":"季志强","userId":22,"phoneNumber":"15644288996","email":"13649695558@qq.com"}
2021-03-10 16:12:46 INFO  UserInfoApiObject:27 - 创建用户信息ApiObject，请求主体：{
"userId":22,
"userName":"季志强",
"email":"13649695558@qq.com",
"phone":"15644288996",
"friends":[
{
"userId":11,
"userName":"小红喵",
"email":"xiaohongmiao@qq.com",
"phone":"18623456555"
},
{
"userId":12,
"userName":"小红旺",
"email":"xiaohongwang@qq.com",
"phone":"18623456566"
}
]
},请求携带token：eyJ0eXAiOiJKV1QiLCJhbGciOiJIUzI1NiJ9.eyJpZCI6IjEiLCJ1c2VyTmFtZSI6InhpYW9ob25nIiwiZXhwIjoxNjE1OTY4NzY0fQ.R-492ZRLF4C4mU4vBJOrviKk4mswvFxBuOj9EpmTAXQ
2021-03-10 16:12:47 INFO  UserInfoApiObject:48 - 查询所有用户信息ApiObject，请求携带token：eyJ0eXAiOiJKV1QiLCJhbGciOiJIUzI1NiJ9.eyJpZCI6IjEiLCJ1c2VyTmFtZSI6InhpYW9ob25nIiwiZXhwIjoxNjE1OTY4NzY0fQ.R-492ZRLF4C4mU4vBJOrviKk4mswvFxBuOj9EpmTAXQ
2021-03-10 16:12:47 INFO  UserInfoApiObjectTest:130 - 获取到的UserId：22
2021-03-10 16:12:47 INFO  UserInfoApiObjectTest:137 - 更新用户信息请求body：{"userName":"小红红","userId":22,"phone":"18623456543","email":"xiaohong红@qq.com"}
2021-03-10 16:12:47 INFO  UserInfoApiObjectTest:138 - 通过UserId更新用户信息
2021-03-10 16:12:47 INFO  UserInfoApiObject:91 - 通过userId更新用户信息ApiObject，请求UserId：22，请求更新用户信息主体：{
    "userId":22,
    "userName":"小红红",
    "email":"xiaohong红@qq.com",
    "phone":"18623456543"
}，请求携带token：eyJ0eXAiOiJKV1QiLCJhbGciOiJIUzI1NiJ9.eyJpZCI6IjEiLCJ1c2VyTmFtZSI6InhpYW9ob25nIiwiZXhwIjoxNjE1OTY4NzY0fQ.R-492ZRLF4C4mU4vBJOrviKk4mswvFxBuOj9EpmTAXQ
2021-03-10 16:12:47 INFO  UserInfoApiObjectTest:141 - 通过UserId更新用户信息接口返回信息：{
    "code": "00000",
    "message": "成功",
    "data": {
        "userId": 22,
        "userName": "小红红",
        "email": "xiaohong红@qq.com",
        "phone": "18623456543",
        "friends": null
    },
    "success": true
}
2021-03-10 16:12:47 INFO  UserInfoApiObject:48 - 查询所有用户信息ApiObject，请求携带token：eyJ0eXAiOiJKV1QiLCJhbGciOiJIUzI1NiJ9.eyJpZCI6IjEiLCJ1c2VyTmFtZSI6InhpYW9ob25nIiwiZXhwIjoxNjE1OTY4NzY0fQ.R-492ZRLF4C4mU4vBJOrviKk4mswvFxBuOj9EpmTAXQ
2021-03-10 16:12:47 INFO  UserInfoApiObject:113 - 通过userId删除用户信息ApiObject，请求UserId：22，请求携带token：eyJ0eXAiOiJKV1QiLCJhbGciOiJIUzI1NiJ9.eyJpZCI6IjEiLCJ1c2VyTmFtZSI6InhpYW9ob25nIiwiZXhwIjoxNjE1OTY4NzY0fQ.R-492ZRLF4C4mU4vBJOrviKk4mswvFxBuOj9EpmTAXQ
2021-03-10 16:12:47 INFO  UserInfoApiObject:48 - 查询所有用户信息ApiObject，请求携带token：eyJ0eXAiOiJKV1QiLCJhbGciOiJIUzI1NiJ9.eyJpZCI6IjEiLCJ1c2VyTmFtZSI6InhpYW9ob25nIiwiZXhwIjoxNjE1OTY4NzY0fQ.R-492ZRLF4C4mU4vBJOrviKk4mswvFxBuOj9EpmTAXQ
2021-03-10 16:12:47 INFO  MustacheUtils:43 - 读取模板文件:mustache/userInfo.mustache，替换的内容:{"userName":"常娜","userId":26,"phoneNumber":"18586475991","email":"18524691147@qq.com"}
2021-03-10 16:12:47 INFO  UserInfoApiObjectTest:63 - 创建用户信息请求body：{"userName":"常娜","userId":26,"friends":[{"userName":"小红喵","userId":11,"phone":"18623456555","email":"xiaohongmiao@qq.com"},{"userName":"小红旺","userId":12,"phone":"18623456566","email":"xiaohongwang@qq.com"}],"phone":"18586475991","email":"18524691147@qq.com"}
2021-03-10 16:12:48 INFO  MustacheUtils:43 - 读取模板文件:mustache/userInfo.mustache，替换的内容:{"userName":"唐彬","userId":82,"phoneNumber":"13191559224","email":"18908662955@qq.com"}
2021-03-10 16:12:48 INFO  UserInfoApiObject:27 - 创建用户信息ApiObject，请求主体：{
"userId":82,
"userName":"唐彬",
"email":"18908662955@qq.com",
"phone":"13191559224",
"friends":[
{
"userId":11,
"userName":"小红喵",
"email":"xiaohongmiao@qq.com",
"phone":"18623456555"
},
{
"userId":12,
"userName":"小红旺",
"email":"xiaohongwang@qq.com",
"phone":"18623456566"
}
]
},请求携带token：eyJ0eXAiOiJKV1QiLCJhbGciOiJIUzI1NiJ9.eyJpZCI6IjEiLCJ1c2VyTmFtZSI6InhpYW9ob25nIiwiZXhwIjoxNjE1OTY4NzY0fQ.R-492ZRLF4C4mU4vBJOrviKk4mswvFxBuOj9EpmTAXQ
2021-03-10 16:12:48 INFO  UserInfoApiObjectTest:65 - 创建用户信息接口返回信息：{
    "code": "00000",
    "message": "成功",
    "data": {
        "userId": 82,
        "userName": "唐彬",
        "email": "18908662955@qq.com",
        "phone": "13191559224",
        "friends": [
            {
                "userId": 11,
                "userName": "小红喵",
                "email": "xiaohongmiao@qq.com",
                "phone": "18623456555",
                "friends": null
            },
            {
                "userId": 12,
                "userName": "小红旺",
                "email": "xiaohongwang@qq.com",
                "phone": "18623456566",
                "friends": null
            }
        ]
    },
    "success": true
}
2021-03-10 16:12:48 INFO  UserInfoApiObjectTest:66 - 创建用户信息测试结果断言
2021-03-10 16:12:48 INFO  UserInfoApiObject:48 - 查询所有用户信息ApiObject，请求携带token：eyJ0eXAiOiJKV1QiLCJhbGciOiJIUzI1NiJ9.eyJpZCI6IjEiLCJ1c2VyTmFtZSI6InhpYW9ob25nIiwiZXhwIjoxNjE1OTY4NzY0fQ.R-492ZRLF4C4mU4vBJOrviKk4mswvFxBuOj9EpmTAXQ
2021-03-10 16:12:48 INFO  UserInfoApiObject:113 - 通过userId删除用户信息ApiObject，请求UserId：82，请求携带token：eyJ0eXAiOiJKV1QiLCJhbGciOiJIUzI1NiJ9.eyJpZCI6IjEiLCJ1c2VyTmFtZSI6InhpYW9ob25nIiwiZXhwIjoxNjE1OTY4NzY0fQ.R-492ZRLF4C4mU4vBJOrviKk4mswvFxBuOj9EpmTAXQ
2021-03-10 16:12:48 INFO  UserInfoApiObject:48 - 查询所有用户信息ApiObject，请求携带token：eyJ0eXAiOiJKV1QiLCJhbGciOiJIUzI1NiJ9.eyJpZCI6IjEiLCJ1c2VyTmFtZSI6InhpYW9ob25nIiwiZXhwIjoxNjE1OTY4NzY0fQ.R-492ZRLF4C4mU4vBJOrviKk4mswvFxBuOj9EpmTAXQ
2021-03-10 16:12:48 INFO  MustacheUtils:43 - 读取模板文件:mustache/userInfo.mustache，替换的内容:{"userName":"纪帅","userId":83,"phoneNumber":"13573687675","email":"13114506240@qq.com"}
2021-03-10 16:12:48 INFO  UserInfoApiObject:27 - 创建用户信息ApiObject，请求主体：{
"userId":83,
"userName":"纪帅",
"email":"13114506240@qq.com",
"phone":"13573687675",
"friends":[
{
"userId":11,
"userName":"小红喵",
"email":"xiaohongmiao@qq.com",
"phone":"18623456555"
},
{
"userId":12,
"userName":"小红旺",
"email":"xiaohongwang@qq.com",
"phone":"18623456566"
}
]
},请求携带token：eyJ0eXAiOiJKV1QiLCJhbGciOiJIUzI1NiJ9.eyJpZCI6IjEiLCJ1c2VyTmFtZSI6InhpYW9ob25nIiwiZXhwIjoxNjE1OTY4NzY0fQ.R-492ZRLF4C4mU4vBJOrviKk4mswvFxBuOj9EpmTAXQ
2021-03-10 16:12:48 INFO  UserInfoApiObjectTest:86 - 查询所有用户信息
2021-03-10 16:12:48 INFO  UserInfoApiObject:48 - 查询所有用户信息ApiObject，请求携带token：eyJ0eXAiOiJKV1QiLCJhbGciOiJIUzI1NiJ9.eyJpZCI6IjEiLCJ1c2VyTmFtZSI6InhpYW9ob25nIiwiZXhwIjoxNjE1OTY4NzY0fQ.R-492ZRLF4C4mU4vBJOrviKk4mswvFxBuOj9EpmTAXQ
2021-03-10 16:12:48 INFO  UserInfoApiObjectTest:89 - 查询所有用户信息接口返回信息：{
    "code": "00000",
    "message": "成功",
    "data": [
        {
            "userId": 83,
            "userName": "纪帅",
            "email": "13114506240@qq.com",
            "phone": "13573687675",
            "friends": [
                {
                    "userId": 11,
                    "userName": "小红喵",
                    "email": "xiaohongmiao@qq.com",
                    "phone": "18623456555",
                    "friends": null
                },
                {
                    "userId": 12,
                    "userName": "小红旺",
                    "email": "xiaohongwang@qq.com",
                    "phone": "18623456566",
                    "friends": null
                }
            ]
        }
    ],
    "success": true
}
2021-03-10 16:12:49 INFO  UserInfoApiObject:48 - 查询所有用户信息ApiObject，请求携带token：eyJ0eXAiOiJKV1QiLCJhbGciOiJIUzI1NiJ9.eyJpZCI6IjEiLCJ1c2VyTmFtZSI6InhpYW9ob25nIiwiZXhwIjoxNjE1OTY4NzY0fQ.R-492ZRLF4C4mU4vBJOrviKk4mswvFxBuOj9EpmTAXQ
2021-03-10 16:12:49 INFO  UserInfoApiObject:113 - 通过userId删除用户信息ApiObject，请求UserId：83，请求携带token：eyJ0eXAiOiJKV1QiLCJhbGciOiJIUzI1NiJ9.eyJpZCI6IjEiLCJ1c2VyTmFtZSI6InhpYW9ob25nIiwiZXhwIjoxNjE1OTY4NzY0fQ.R-492ZRLF4C4mU4vBJOrviKk4mswvFxBuOj9EpmTAXQ
2021-03-10 16:12:49 INFO  UserInfoApiObject:48 - 查询所有用户信息ApiObject，请求携带token：eyJ0eXAiOiJKV1QiLCJhbGciOiJIUzI1NiJ9.eyJpZCI6IjEiLCJ1c2VyTmFtZSI6InhpYW9ob25nIiwiZXhwIjoxNjE1OTY4NzY0fQ.R-492ZRLF4C4mU4vBJOrviKk4mswvFxBuOj9EpmTAXQ
2021-03-10 16:12:49 INFO  MustacheUtils:43 - 读取模板文件:mustache/userInfo.mustache，替换的内容:{"userName":"陈淑兰","userId":12,"phoneNumber":"15747754075","email":"14576368976@qq.com"}
2021-03-10 16:12:49 INFO  UserInfoApiObject:27 - 创建用户信息ApiObject，请求主体：{
"userId":12,
"userName":"陈淑兰",
"email":"14576368976@qq.com",
"phone":"15747754075",
"friends":[
{
"userId":11,
"userName":"小红喵",
"email":"xiaohongmiao@qq.com",
"phone":"18623456555"
},
{
"userId":12,
"userName":"小红旺",
"email":"xiaohongwang@qq.com",
"phone":"18623456566"
}
]
},请求携带token：eyJ0eXAiOiJKV1QiLCJhbGciOiJIUzI1NiJ9.eyJpZCI6IjEiLCJ1c2VyTmFtZSI6InhpYW9ob25nIiwiZXhwIjoxNjE1OTY4NzY0fQ.R-492ZRLF4C4mU4vBJOrviKk4mswvFxBuOj9EpmTAXQ
2021-03-10 16:12:49 INFO  UserInfoApiObject:48 - 查询所有用户信息ApiObject，请求携带token：eyJ0eXAiOiJKV1QiLCJhbGciOiJIUzI1NiJ9.eyJpZCI6IjEiLCJ1c2VyTmFtZSI6InhpYW9ob25nIiwiZXhwIjoxNjE1OTY4NzY0fQ.R-492ZRLF4C4mU4vBJOrviKk4mswvFxBuOj9EpmTAXQ
2021-03-10 16:12:49 INFO  UserInfoApiObjectTest:106 - 通过UserId查询用户信息
2021-03-10 16:12:49 INFO  UserInfoApiObjectTest:109 - 获取到的UserId：12
2021-03-10 16:12:49 INFO  UserInfoApiObject:69 - 通过userId查询用户信息ApiObject，请求UserId：12，请求携带token：eyJ0eXAiOiJKV1QiLCJhbGciOiJIUzI1NiJ9.eyJpZCI6IjEiLCJ1c2VyTmFtZSI6InhpYW9ob25nIiwiZXhwIjoxNjE1OTY4NzY0fQ.R-492ZRLF4C4mU4vBJOrviKk4mswvFxBuOj9EpmTAXQ
2021-03-10 16:12:49 INFO  UserInfoApiObjectTest:111 - 通过UserId查询用户信息接口返回信息：{
    "code": "00000",
    "message": "成功",
    "data": {
        "userId": 12,
        "userName": "陈淑兰",
        "email": "14576368976@qq.com",
        "phone": "15747754075",
        "friends": [
            {
                "userId": 11,
                "userName": "小红喵",
                "email": "xiaohongmiao@qq.com",
                "phone": "18623456555",
                "friends": null
            },
            {
                "userId": 12,
                "userName": "小红旺",
                "email": "xiaohongwang@qq.com",
                "phone": "18623456566",
                "friends": null
            }
        ]
    },
    "success": true
}
2021-03-10 16:12:49 INFO  UserInfoApiObject:48 - 查询所有用户信息ApiObject，请求携带token：eyJ0eXAiOiJKV1QiLCJhbGciOiJIUzI1NiJ9.eyJpZCI6IjEiLCJ1c2VyTmFtZSI6InhpYW9ob25nIiwiZXhwIjoxNjE1OTY4NzY0fQ.R-492ZRLF4C4mU4vBJOrviKk4mswvFxBuOj9EpmTAXQ
2021-03-10 16:12:49 INFO  UserInfoApiObject:113 - 通过userId删除用户信息ApiObject，请求UserId：12，请求携带token：eyJ0eXAiOiJKV1QiLCJhbGciOiJIUzI1NiJ9.eyJpZCI6IjEiLCJ1c2VyTmFtZSI6InhpYW9ob25nIiwiZXhwIjoxNjE1OTY4NzY0fQ.R-492ZRLF4C4mU4vBJOrviKk4mswvFxBuOj9EpmTAXQ
